[2026-05-17T04:43:54.297+0000] {processor.py:161} INFO - Started process (PID=99) to work on /home/airflow/.local/lib/python3.12/site-packages/airflow/example_dags/example_branch_python_dop_operator_3.py
[2026-05-17T04:43:54.299+0000] {processor.py:830} INFO - Processing file /home/airflow/.local/lib/python3.12/site-packages/airflow/example_dags/example_branch_python_dop_operator_3.py for tasks to queue
[2026-05-17T04:43:54.304+0000] {logging_mixin.py:188} INFO - [2026-05-17T04:43:54.303+0000] {dagbag.py:545} INFO - Filling up the DagBag from /home/airflow/.local/lib/python3.12/site-packages/airflow/example_dags/example_branch_python_dop_operator_3.py
[2026-05-17T04:43:54.322+0000] {processor.py:840} INFO - DAG(s) 'example_branch_dop_operator_v3' retrieved from /home/airflow/.local/lib/python3.12/site-packages/airflow/example_dags/example_branch_python_dop_operator_3.py
[2026-05-17T04:43:54.341+0000] {logging_mixin.py:188} INFO - [2026-05-17T04:43:54.341+0000] {dag.py:3096} INFO - Sync 1 DAGs
[2026-05-17T04:43:54.387+0000] {logging_mixin.py:188} INFO - [2026-05-17T04:43:54.387+0000] {dag.py:3954} INFO - Setting next_dagrun for example_branch_dop_operator_v3 to 2026-05-17 04:42:00+00:00, run_after=2026-05-17 04:43:00+00:00
[2026-05-17T04:43:54.429+0000] {processor.py:183} INFO - Processing /home/airflow/.local/lib/python3.12/site-packages/airflow/example_dags/example_branch_python_dop_operator_3.py took 0.148 seconds
[2026-05-17T04:44:24.516+0000] {processor.py:161} INFO - Started process (PID=158) to work on /home/airflow/.local/lib/python3.12/site-packages/airflow/example_dags/example_branch_python_dop_operator_3.py
[2026-05-17T04:44:24.517+0000] {processor.py:830} INFO - Processing file /home/airflow/.local/lib/python3.12/site-packages/airflow/example_dags/example_branch_python_dop_operator_3.py for tasks to queue
[2026-05-17T04:44:24.518+0000] {logging_mixin.py:188} INFO - [2026-05-17T04:44:24.518+0000] {dagbag.py:545} INFO - Filling up the DagBag from /home/airflow/.local/lib/python3.12/site-packages/airflow/example_dags/example_branch_python_dop_operator_3.py
[2026-05-17T04:44:24.524+0000] {processor.py:840} INFO - DAG(s) 'example_branch_dop_operator_v3' retrieved from /home/airflow/.local/lib/python3.12/site-packages/airflow/example_dags/example_branch_python_dop_operator_3.py
[2026-05-17T04:44:24.598+0000] {logging_mixin.py:188} INFO - [2026-05-17T04:44:24.597+0000] {dag.py:3096} INFO - Sync 1 DAGs
[2026-05-17T04:44:24.613+0000] {logging_mixin.py:188} INFO - [2026-05-17T04:44:24.613+0000] {dag.py:3954} INFO - Setting next_dagrun for example_branch_dop_operator_v3 to 2026-05-17 04:43:00+00:00, run_after=2026-05-17 04:44:00+00:00
[2026-05-17T04:44:24.629+0000] {processor.py:183} INFO - Processing /home/airflow/.local/lib/python3.12/site-packages/airflow/example_dags/example_branch_python_dop_operator_3.py took 0.118 seconds
[2026-05-17T04:44:55.532+0000] {processor.py:161} INFO - Started process (PID=217) to work on /home/airflow/.local/lib/python3.12/site-packages/airflow/example_dags/example_branch_python_dop_operator_3.py
[2026-05-17T04:44:55.534+0000] {processor.py:830} INFO - Processing file /home/airflow/.local/lib/python3.12/site-packages/airflow/example_dags/example_branch_python_dop_operator_3.py for tasks to queue
[2026-05-17T04:44:55.537+0000] {logging_mixin.py:188} INFO - [2026-05-17T04:44:55.536+0000] {dagbag.py:545} INFO - Filling up the DagBag from /home/airflow/.local/lib/python3.12/site-packages/airflow/example_dags/example_branch_python_dop_operator_3.py
[2026-05-17T04:44:55.544+0000] {processor.py:840} INFO - DAG(s) 'example_branch_dop_operator_v3' retrieved from /home/airflow/.local/lib/python3.12/site-packages/airflow/example_dags/example_branch_python_dop_operator_3.py
[2026-05-17T04:44:55.563+0000] {logging_mixin.py:188} INFO - [2026-05-17T04:44:55.562+0000] {dag.py:3096} INFO - Sync 1 DAGs
[2026-05-17T04:44:55.590+0000] {logging_mixin.py:188} INFO - [2026-05-17T04:44:55.589+0000] {dag.py:3954} INFO - Setting next_dagrun for example_branch_dop_operator_v3 to 2026-05-17 04:43:00+00:00, run_after=2026-05-17 04:44:00+00:00
[2026-05-17T04:44:55.619+0000] {processor.py:183} INFO - Processing /home/airflow/.local/lib/python3.12/site-packages/airflow/example_dags/example_branch_python_dop_operator_3.py took 0.095 seconds
[2026-05-17T04:45:25.720+0000] {processor.py:161} INFO - Started process (PID=276) to work on /home/airflow/.local/lib/python3.12/site-packages/airflow/example_dags/example_branch_python_dop_operator_3.py
[2026-05-17T04:45:25.721+0000] {processor.py:830} INFO - Processing file /home/airflow/.local/lib/python3.12/site-packages/airflow/example_dags/example_branch_python_dop_operator_3.py for tasks to queue
[2026-05-17T04:45:25.722+0000] {logging_mixin.py:188} INFO - [2026-05-17T04:45:25.722+0000] {dagbag.py:545} INFO - Filling up the DagBag from /home/airflow/.local/lib/python3.12/site-packages/airflow/example_dags/example_branch_python_dop_operator_3.py
[2026-05-17T04:45:25.729+0000] {processor.py:840} INFO - DAG(s) 'example_branch_dop_operator_v3' retrieved from /home/airflow/.local/lib/python3.12/site-packages/airflow/example_dags/example_branch_python_dop_operator_3.py
[2026-05-17T04:45:25.741+0000] {logging_mixin.py:188} INFO - [2026-05-17T04:45:25.741+0000] {dag.py:3096} INFO - Sync 1 DAGs
[2026-05-17T04:45:25.756+0000] {logging_mixin.py:188} INFO - [2026-05-17T04:45:25.756+0000] {dag.py:3954} INFO - Setting next_dagrun for example_branch_dop_operator_v3 to 2026-05-17 04:44:00+00:00, run_after=2026-05-17 04:45:00+00:00
[2026-05-17T04:45:25.767+0000] {processor.py:183} INFO - Processing /home/airflow/.local/lib/python3.12/site-packages/airflow/example_dags/example_branch_python_dop_operator_3.py took 0.051 seconds
[2026-05-17T04:45:56.372+0000] {processor.py:161} INFO - Started process (PID=335) to work on /home/airflow/.local/lib/python3.12/site-packages/airflow/example_dags/example_branch_python_dop_operator_3.py
[2026-05-17T04:45:56.373+0000] {processor.py:830} INFO - Processing file /home/airflow/.local/lib/python3.12/site-packages/airflow/example_dags/example_branch_python_dop_operator_3.py for tasks to queue
[2026-05-17T04:45:56.374+0000] {logging_mixin.py:188} INFO - [2026-05-17T04:45:56.374+0000] {dagbag.py:545} INFO - Filling up the DagBag from /home/airflow/.local/lib/python3.12/site-packages/airflow/example_dags/example_branch_python_dop_operator_3.py
[2026-05-17T04:45:56.380+0000] {processor.py:840} INFO - DAG(s) 'example_branch_dop_operator_v3' retrieved from /home/airflow/.local/lib/python3.12/site-packages/airflow/example_dags/example_branch_python_dop_operator_3.py
[2026-05-17T04:45:56.392+0000] {logging_mixin.py:188} INFO - [2026-05-17T04:45:56.392+0000] {dag.py:3096} INFO - Sync 1 DAGs
[2026-05-17T04:45:56.407+0000] {logging_mixin.py:188} INFO - [2026-05-17T04:45:56.406+0000] {dag.py:3954} INFO - Setting next_dagrun for example_branch_dop_operator_v3 to 2026-05-17 04:44:00+00:00, run_after=2026-05-17 04:45:00+00:00
[2026-05-17T04:45:56.417+0000] {processor.py:183} INFO - Processing /home/airflow/.local/lib/python3.12/site-packages/airflow/example_dags/example_branch_python_dop_operator_3.py took 0.049 seconds
[2026-05-17T04:46:26.774+0000] {processor.py:161} INFO - Started process (PID=394) to work on /home/airflow/.local/lib/python3.12/site-packages/airflow/example_dags/example_branch_python_dop_operator_3.py
[2026-05-17T04:46:26.774+0000] {processor.py:830} INFO - Processing file /home/airflow/.local/lib/python3.12/site-packages/airflow/example_dags/example_branch_python_dop_operator_3.py for tasks to queue
[2026-05-17T04:46:26.776+0000] {logging_mixin.py:188} INFO - [2026-05-17T04:46:26.776+0000] {dagbag.py:545} INFO - Filling up the DagBag from /home/airflow/.local/lib/python3.12/site-packages/airflow/example_dags/example_branch_python_dop_operator_3.py
[2026-05-17T04:46:26.782+0000] {processor.py:840} INFO - DAG(s) 'example_branch_dop_operator_v3' retrieved from /home/airflow/.local/lib/python3.12/site-packages/airflow/example_dags/example_branch_python_dop_operator_3.py
[2026-05-17T04:46:26.795+0000] {logging_mixin.py:188} INFO - [2026-05-17T04:46:26.795+0000] {dag.py:3096} INFO - Sync 1 DAGs
[2026-05-17T04:46:26.811+0000] {logging_mixin.py:188} INFO - [2026-05-17T04:46:26.810+0000] {dag.py:3954} INFO - Setting next_dagrun for example_branch_dop_operator_v3 to 2026-05-17 04:45:00+00:00, run_after=2026-05-17 04:46:00+00:00
[2026-05-17T04:46:26.824+0000] {processor.py:183} INFO - Processing /home/airflow/.local/lib/python3.12/site-packages/airflow/example_dags/example_branch_python_dop_operator_3.py took 0.054 seconds
[2026-05-17T04:46:57.337+0000] {processor.py:161} INFO - Started process (PID=453) to work on /home/airflow/.local/lib/python3.12/site-packages/airflow/example_dags/example_branch_python_dop_operator_3.py
[2026-05-17T04:46:57.338+0000] {processor.py:830} INFO - Processing file /home/airflow/.local/lib/python3.12/site-packages/airflow/example_dags/example_branch_python_dop_operator_3.py for tasks to queue
[2026-05-17T04:46:57.340+0000] {logging_mixin.py:188} INFO - [2026-05-17T04:46:57.339+0000] {dagbag.py:545} INFO - Filling up the DagBag from /home/airflow/.local/lib/python3.12/site-packages/airflow/example_dags/example_branch_python_dop_operator_3.py
[2026-05-17T04:46:57.345+0000] {processor.py:840} INFO - DAG(s) 'example_branch_dop_operator_v3' retrieved from /home/airflow/.local/lib/python3.12/site-packages/airflow/example_dags/example_branch_python_dop_operator_3.py
[2026-05-17T04:46:57.358+0000] {logging_mixin.py:188} INFO - [2026-05-17T04:46:57.358+0000] {dag.py:3096} INFO - Sync 1 DAGs
[2026-05-17T04:46:57.373+0000] {logging_mixin.py:188} INFO - [2026-05-17T04:46:57.372+0000] {dag.py:3954} INFO - Setting next_dagrun for example_branch_dop_operator_v3 to 2026-05-17 04:45:00+00:00, run_after=2026-05-17 04:46:00+00:00
[2026-05-17T04:46:57.385+0000] {processor.py:183} INFO - Processing /home/airflow/.local/lib/python3.12/site-packages/airflow/example_dags/example_branch_python_dop_operator_3.py took 0.051 seconds
[2026-05-17T04:47:27.776+0000] {processor.py:161} INFO - Started process (PID=512) to work on /home/airflow/.local/lib/python3.12/site-packages/airflow/example_dags/example_branch_python_dop_operator_3.py
[2026-05-17T04:47:27.777+0000] {processor.py:830} INFO - Processing file /home/airflow/.local/lib/python3.12/site-packages/airflow/example_dags/example_branch_python_dop_operator_3.py for tasks to queue
[2026-05-17T04:47:27.778+0000] {logging_mixin.py:188} INFO - [2026-05-17T04:47:27.778+0000] {dagbag.py:545} INFO - Filling up the DagBag from /home/airflow/.local/lib/python3.12/site-packages/airflow/example_dags/example_branch_python_dop_operator_3.py
[2026-05-17T04:47:27.784+0000] {processor.py:840} INFO - DAG(s) 'example_branch_dop_operator_v3' retrieved from /home/airflow/.local/lib/python3.12/site-packages/airflow/example_dags/example_branch_python_dop_operator_3.py
[2026-05-17T04:47:27.799+0000] {logging_mixin.py:188} INFO - [2026-05-17T04:47:27.798+0000] {dag.py:3096} INFO - Sync 1 DAGs
[2026-05-17T04:47:27.816+0000] {logging_mixin.py:188} INFO - [2026-05-17T04:47:27.816+0000] {dag.py:3954} INFO - Setting next_dagrun for example_branch_dop_operator_v3 to 2026-05-17 04:46:00+00:00, run_after=2026-05-17 04:47:00+00:00
[2026-05-17T04:47:27.827+0000] {processor.py:183} INFO - Processing /home/airflow/.local/lib/python3.12/site-packages/airflow/example_dags/example_branch_python_dop_operator_3.py took 0.056 seconds
[2026-05-17T04:47:58.178+0000] {processor.py:161} INFO - Started process (PID=571) to work on /home/airflow/.local/lib/python3.12/site-packages/airflow/example_dags/example_branch_python_dop_operator_3.py
[2026-05-17T04:47:58.180+0000] {processor.py:830} INFO - Processing file /home/airflow/.local/lib/python3.12/site-packages/airflow/example_dags/example_branch_python_dop_operator_3.py for tasks to queue
[2026-05-17T04:47:58.182+0000] {logging_mixin.py:188} INFO - [2026-05-17T04:47:58.181+0000] {dagbag.py:545} INFO - Filling up the DagBag from /home/airflow/.local/lib/python3.12/site-packages/airflow/example_dags/example_branch_python_dop_operator_3.py
[2026-05-17T04:47:58.190+0000] {processor.py:840} INFO - DAG(s) 'example_branch_dop_operator_v3' retrieved from /home/airflow/.local/lib/python3.12/site-packages/airflow/example_dags/example_branch_python_dop_operator_3.py
[2026-05-17T04:47:58.208+0000] {logging_mixin.py:188} INFO - [2026-05-17T04:47:58.208+0000] {dag.py:3096} INFO - Sync 1 DAGs
[2026-05-17T04:47:58.230+0000] {logging_mixin.py:188} INFO - [2026-05-17T04:47:58.229+0000] {dag.py:3954} INFO - Setting next_dagrun for example_branch_dop_operator_v3 to 2026-05-17 04:46:00+00:00, run_after=2026-05-17 04:47:00+00:00
[2026-05-17T04:47:58.245+0000] {processor.py:183} INFO - Processing /home/airflow/.local/lib/python3.12/site-packages/airflow/example_dags/example_branch_python_dop_operator_3.py took 0.073 seconds
[2026-05-17T04:48:28.713+0000] {processor.py:161} INFO - Started process (PID=630) to work on /home/airflow/.local/lib/python3.12/site-packages/airflow/example_dags/example_branch_python_dop_operator_3.py
[2026-05-17T04:48:28.714+0000] {processor.py:830} INFO - Processing file /home/airflow/.local/lib/python3.12/site-packages/airflow/example_dags/example_branch_python_dop_operator_3.py for tasks to queue
[2026-05-17T04:48:28.715+0000] {logging_mixin.py:188} INFO - [2026-05-17T04:48:28.715+0000] {dagbag.py:545} INFO - Filling up the DagBag from /home/airflow/.local/lib/python3.12/site-packages/airflow/example_dags/example_branch_python_dop_operator_3.py
[2026-05-17T04:48:28.721+0000] {processor.py:840} INFO - DAG(s) 'example_branch_dop_operator_v3' retrieved from /home/airflow/.local/lib/python3.12/site-packages/airflow/example_dags/example_branch_python_dop_operator_3.py
[2026-05-17T04:48:28.736+0000] {logging_mixin.py:188} INFO - [2026-05-17T04:48:28.736+0000] {dag.py:3096} INFO - Sync 1 DAGs
[2026-05-17T04:48:28.752+0000] {logging_mixin.py:188} INFO - [2026-05-17T04:48:28.752+0000] {dag.py:3954} INFO - Setting next_dagrun for example_branch_dop_operator_v3 to 2026-05-17 04:47:00+00:00, run_after=2026-05-17 04:48:00+00:00
[2026-05-17T04:48:28.763+0000] {processor.py:183} INFO - Processing /home/airflow/.local/lib/python3.12/site-packages/airflow/example_dags/example_branch_python_dop_operator_3.py took 0.054 seconds
[2026-05-17T04:48:59.330+0000] {processor.py:161} INFO - Started process (PID=689) to work on /home/airflow/.local/lib/python3.12/site-packages/airflow/example_dags/example_branch_python_dop_operator_3.py
[2026-05-17T04:48:59.332+0000] {processor.py:830} INFO - Processing file /home/airflow/.local/lib/python3.12/site-packages/airflow/example_dags/example_branch_python_dop_operator_3.py for tasks to queue
[2026-05-17T04:48:59.336+0000] {logging_mixin.py:188} INFO - [2026-05-17T04:48:59.336+0000] {dagbag.py:545} INFO - Filling up the DagBag from /home/airflow/.local/lib/python3.12/site-packages/airflow/example_dags/example_branch_python_dop_operator_3.py
[2026-05-17T04:48:59.346+0000] {processor.py:840} INFO - DAG(s) 'example_branch_dop_operator_v3' retrieved from /home/airflow/.local/lib/python3.12/site-packages/airflow/example_dags/example_branch_python_dop_operator_3.py
[2026-05-17T04:48:59.366+0000] {logging_mixin.py:188} INFO - [2026-05-17T04:48:59.366+0000] {dag.py:3096} INFO - Sync 1 DAGs
[2026-05-17T04:48:59.388+0000] {logging_mixin.py:188} INFO - [2026-05-17T04:48:59.388+0000] {dag.py:3954} INFO - Setting next_dagrun for example_branch_dop_operator_v3 to 2026-05-17 04:47:00+00:00, run_after=2026-05-17 04:48:00+00:00
[2026-05-17T04:48:59.410+0000] {processor.py:183} INFO - Processing /home/airflow/.local/lib/python3.12/site-packages/airflow/example_dags/example_branch_python_dop_operator_3.py took 0.087 seconds
[2026-05-17T04:49:29.951+0000] {processor.py:161} INFO - Started process (PID=748) to work on /home/airflow/.local/lib/python3.12/site-packages/airflow/example_dags/example_branch_python_dop_operator_3.py
[2026-05-17T04:49:29.952+0000] {processor.py:830} INFO - Processing file /home/airflow/.local/lib/python3.12/site-packages/airflow/example_dags/example_branch_python_dop_operator_3.py for tasks to queue
[2026-05-17T04:49:29.953+0000] {logging_mixin.py:188} INFO - [2026-05-17T04:49:29.953+0000] {dagbag.py:545} INFO - Filling up the DagBag from /home/airflow/.local/lib/python3.12/site-packages/airflow/example_dags/example_branch_python_dop_operator_3.py
[2026-05-17T04:49:29.959+0000] {processor.py:840} INFO - DAG(s) 'example_branch_dop_operator_v3' retrieved from /home/airflow/.local/lib/python3.12/site-packages/airflow/example_dags/example_branch_python_dop_operator_3.py
[2026-05-17T04:49:29.973+0000] {logging_mixin.py:188} INFO - [2026-05-17T04:49:29.973+0000] {dag.py:3096} INFO - Sync 1 DAGs
[2026-05-17T04:49:29.990+0000] {logging_mixin.py:188} INFO - [2026-05-17T04:49:29.989+0000] {dag.py:3954} INFO - Setting next_dagrun for example_branch_dop_operator_v3 to 2026-05-17 04:48:00+00:00, run_after=2026-05-17 04:49:00+00:00
[2026-05-17T04:49:30.001+0000] {processor.py:183} INFO - Processing /home/airflow/.local/lib/python3.12/site-packages/airflow/example_dags/example_branch_python_dop_operator_3.py took 0.054 seconds
[2026-05-17T04:50:00.529+0000] {processor.py:161} INFO - Started process (PID=807) to work on /home/airflow/.local/lib/python3.12/site-packages/airflow/example_dags/example_branch_python_dop_operator_3.py
[2026-05-17T04:50:00.530+0000] {processor.py:830} INFO - Processing file /home/airflow/.local/lib/python3.12/site-packages/airflow/example_dags/example_branch_python_dop_operator_3.py for tasks to queue
[2026-05-17T04:50:00.531+0000] {logging_mixin.py:188} INFO - [2026-05-17T04:50:00.531+0000] {dagbag.py:545} INFO - Filling up the DagBag from /home/airflow/.local/lib/python3.12/site-packages/airflow/example_dags/example_branch_python_dop_operator_3.py
[2026-05-17T04:50:00.537+0000] {processor.py:840} INFO - DAG(s) 'example_branch_dop_operator_v3' retrieved from /home/airflow/.local/lib/python3.12/site-packages/airflow/example_dags/example_branch_python_dop_operator_3.py
[2026-05-17T04:50:00.551+0000] {logging_mixin.py:188} INFO - [2026-05-17T04:50:00.551+0000] {dag.py:3096} INFO - Sync 1 DAGs
[2026-05-17T04:50:00.568+0000] {logging_mixin.py:188} INFO - [2026-05-17T04:50:00.568+0000] {dag.py:3954} INFO - Setting next_dagrun for example_branch_dop_operator_v3 to 2026-05-17 04:49:00+00:00, run_after=2026-05-17 04:50:00+00:00
[2026-05-17T04:50:00.579+0000] {processor.py:183} INFO - Processing /home/airflow/.local/lib/python3.12/site-packages/airflow/example_dags/example_branch_python_dop_operator_3.py took 0.055 seconds
[2026-05-17T04:50:31.163+0000] {processor.py:161} INFO - Started process (PID=866) to work on /home/airflow/.local/lib/python3.12/site-packages/airflow/example_dags/example_branch_python_dop_operator_3.py
[2026-05-17T04:50:31.164+0000] {processor.py:830} INFO - Processing file /home/airflow/.local/lib/python3.12/site-packages/airflow/example_dags/example_branch_python_dop_operator_3.py for tasks to queue
[2026-05-17T04:50:31.166+0000] {logging_mixin.py:188} INFO - [2026-05-17T04:50:31.166+0000] {dagbag.py:545} INFO - Filling up the DagBag from /home/airflow/.local/lib/python3.12/site-packages/airflow/example_dags/example_branch_python_dop_operator_3.py
[2026-05-17T04:50:31.173+0000] {processor.py:840} INFO - DAG(s) 'example_branch_dop_operator_v3' retrieved from /home/airflow/.local/lib/python3.12/site-packages/airflow/example_dags/example_branch_python_dop_operator_3.py
[2026-05-17T04:50:31.189+0000] {logging_mixin.py:188} INFO - [2026-05-17T04:50:31.188+0000] {dag.py:3096} INFO - Sync 1 DAGs
[2026-05-17T04:50:31.208+0000] {logging_mixin.py:188} INFO - [2026-05-17T04:50:31.208+0000] {dag.py:3954} INFO - Setting next_dagrun for example_branch_dop_operator_v3 to 2026-05-17 04:49:00+00:00, run_after=2026-05-17 04:50:00+00:00
[2026-05-17T04:50:31.223+0000] {processor.py:183} INFO - Processing /home/airflow/.local/lib/python3.12/site-packages/airflow/example_dags/example_branch_python_dop_operator_3.py took 0.064 seconds
[2026-05-17T04:51:02.022+0000] {processor.py:161} INFO - Started process (PID=925) to work on /home/airflow/.local/lib/python3.12/site-packages/airflow/example_dags/example_branch_python_dop_operator_3.py
[2026-05-17T04:51:02.024+0000] {processor.py:830} INFO - Processing file /home/airflow/.local/lib/python3.12/site-packages/airflow/example_dags/example_branch_python_dop_operator_3.py for tasks to queue
[2026-05-17T04:51:02.026+0000] {logging_mixin.py:188} INFO - [2026-05-17T04:51:02.025+0000] {dagbag.py:545} INFO - Filling up the DagBag from /home/airflow/.local/lib/python3.12/site-packages/airflow/example_dags/example_branch_python_dop_operator_3.py
[2026-05-17T04:51:02.035+0000] {processor.py:840} INFO - DAG(s) 'example_branch_dop_operator_v3' retrieved from /home/airflow/.local/lib/python3.12/site-packages/airflow/example_dags/example_branch_python_dop_operator_3.py
[2026-05-17T04:51:02.057+0000] {logging_mixin.py:188} INFO - [2026-05-17T04:51:02.056+0000] {dag.py:3096} INFO - Sync 1 DAGs
[2026-05-17T04:51:02.080+0000] {logging_mixin.py:188} INFO - [2026-05-17T04:51:02.079+0000] {dag.py:3954} INFO - Setting next_dagrun for example_branch_dop_operator_v3 to 2026-05-17 04:50:00+00:00, run_after=2026-05-17 04:51:00+00:00
[2026-05-17T04:51:02.096+0000] {processor.py:183} INFO - Processing /home/airflow/.local/lib/python3.12/site-packages/airflow/example_dags/example_branch_python_dop_operator_3.py took 0.080 seconds
[2026-05-17T04:52:12.338+0000] {processor.py:161} INFO - Started process (PID=93) to work on /home/airflow/.local/lib/python3.12/site-packages/airflow/example_dags/example_branch_python_dop_operator_3.py
[2026-05-17T04:52:12.339+0000] {processor.py:830} INFO - Processing file /home/airflow/.local/lib/python3.12/site-packages/airflow/example_dags/example_branch_python_dop_operator_3.py for tasks to queue
[2026-05-17T04:52:12.341+0000] {logging_mixin.py:188} INFO - [2026-05-17T04:52:12.341+0000] {dagbag.py:545} INFO - Filling up the DagBag from /home/airflow/.local/lib/python3.12/site-packages/airflow/example_dags/example_branch_python_dop_operator_3.py
[2026-05-17T04:52:12.353+0000] {processor.py:840} INFO - DAG(s) 'example_branch_dop_operator_v3' retrieved from /home/airflow/.local/lib/python3.12/site-packages/airflow/example_dags/example_branch_python_dop_operator_3.py
[2026-05-17T04:52:12.369+0000] {logging_mixin.py:188} INFO - [2026-05-17T04:52:12.368+0000] {dag.py:3096} INFO - Sync 1 DAGs
[2026-05-17T04:52:12.404+0000] {logging_mixin.py:188} INFO - [2026-05-17T04:52:12.404+0000] {dag.py:3954} INFO - Setting next_dagrun for example_branch_dop_operator_v3 to 2026-05-17 04:51:00+00:00, run_after=2026-05-17 04:52:00+00:00
[2026-05-17T04:52:12.435+0000] {processor.py:183} INFO - Processing /home/airflow/.local/lib/python3.12/site-packages/airflow/example_dags/example_branch_python_dop_operator_3.py took 0.105 seconds
[2026-05-17T04:52:42.962+0000] {processor.py:161} INFO - Started process (PID=158) to work on /home/airflow/.local/lib/python3.12/site-packages/airflow/example_dags/example_branch_python_dop_operator_3.py
[2026-05-17T04:52:42.962+0000] {processor.py:830} INFO - Processing file /home/airflow/.local/lib/python3.12/site-packages/airflow/example_dags/example_branch_python_dop_operator_3.py for tasks to queue
[2026-05-17T04:52:42.964+0000] {logging_mixin.py:188} INFO - [2026-05-17T04:52:42.964+0000] {dagbag.py:545} INFO - Filling up the DagBag from /home/airflow/.local/lib/python3.12/site-packages/airflow/example_dags/example_branch_python_dop_operator_3.py
[2026-05-17T04:52:42.970+0000] {processor.py:840} INFO - DAG(s) 'example_branch_dop_operator_v3' retrieved from /home/airflow/.local/lib/python3.12/site-packages/airflow/example_dags/example_branch_python_dop_operator_3.py
[2026-05-17T04:52:43.031+0000] {logging_mixin.py:188} INFO - [2026-05-17T04:52:43.031+0000] {dag.py:3096} INFO - Sync 1 DAGs
[2026-05-17T04:52:43.044+0000] {logging_mixin.py:188} INFO - [2026-05-17T04:52:43.044+0000] {dag.py:3954} INFO - Setting next_dagrun for example_branch_dop_operator_v3 to 2026-05-17 04:51:00+00:00, run_after=2026-05-17 04:52:00+00:00
[2026-05-17T04:52:43.076+0000] {processor.py:183} INFO - Processing /home/airflow/.local/lib/python3.12/site-packages/airflow/example_dags/example_branch_python_dop_operator_3.py took 0.118 seconds
[2026-05-17T04:53:13.452+0000] {processor.py:161} INFO - Started process (PID=217) to work on /home/airflow/.local/lib/python3.12/site-packages/airflow/example_dags/example_branch_python_dop_operator_3.py
[2026-05-17T04:53:13.453+0000] {processor.py:830} INFO - Processing file /home/airflow/.local/lib/python3.12/site-packages/airflow/example_dags/example_branch_python_dop_operator_3.py for tasks to queue
[2026-05-17T04:53:13.455+0000] {logging_mixin.py:188} INFO - [2026-05-17T04:53:13.455+0000] {dagbag.py:545} INFO - Filling up the DagBag from /home/airflow/.local/lib/python3.12/site-packages/airflow/example_dags/example_branch_python_dop_operator_3.py
[2026-05-17T04:53:13.461+0000] {processor.py:840} INFO - DAG(s) 'example_branch_dop_operator_v3' retrieved from /home/airflow/.local/lib/python3.12/site-packages/airflow/example_dags/example_branch_python_dop_operator_3.py
[2026-05-17T04:53:13.476+0000] {logging_mixin.py:188} INFO - [2026-05-17T04:53:13.476+0000] {dag.py:3096} INFO - Sync 1 DAGs
[2026-05-17T04:53:13.494+0000] {logging_mixin.py:188} INFO - [2026-05-17T04:53:13.494+0000] {dag.py:3954} INFO - Setting next_dagrun for example_branch_dop_operator_v3 to 2026-05-17 04:52:00+00:00, run_after=2026-05-17 04:53:00+00:00
[2026-05-17T04:53:13.521+0000] {processor.py:183} INFO - Processing /home/airflow/.local/lib/python3.12/site-packages/airflow/example_dags/example_branch_python_dop_operator_3.py took 0.073 seconds
[2026-05-17T04:53:43.701+0000] {processor.py:161} INFO - Started process (PID=276) to work on /home/airflow/.local/lib/python3.12/site-packages/airflow/example_dags/example_branch_python_dop_operator_3.py
[2026-05-17T04:53:43.702+0000] {processor.py:830} INFO - Processing file /home/airflow/.local/lib/python3.12/site-packages/airflow/example_dags/example_branch_python_dop_operator_3.py for tasks to queue
[2026-05-17T04:53:43.703+0000] {logging_mixin.py:188} INFO - [2026-05-17T04:53:43.703+0000] {dagbag.py:545} INFO - Filling up the DagBag from /home/airflow/.local/lib/python3.12/site-packages/airflow/example_dags/example_branch_python_dop_operator_3.py
[2026-05-17T04:53:43.711+0000] {processor.py:840} INFO - DAG(s) 'example_branch_dop_operator_v3' retrieved from /home/airflow/.local/lib/python3.12/site-packages/airflow/example_dags/example_branch_python_dop_operator_3.py
[2026-05-17T04:53:43.725+0000] {logging_mixin.py:188} INFO - [2026-05-17T04:53:43.725+0000] {dag.py:3096} INFO - Sync 1 DAGs
[2026-05-17T04:53:43.745+0000] {logging_mixin.py:188} INFO - [2026-05-17T04:53:43.744+0000] {dag.py:3954} INFO - Setting next_dagrun for example_branch_dop_operator_v3 to 2026-05-17 04:52:00+00:00, run_after=2026-05-17 04:53:00+00:00
[2026-05-17T04:53:43.759+0000] {processor.py:183} INFO - Processing /home/airflow/.local/lib/python3.12/site-packages/airflow/example_dags/example_branch_python_dop_operator_3.py took 0.063 seconds
[2026-05-17T04:54:14.010+0000] {processor.py:161} INFO - Started process (PID=335) to work on /home/airflow/.local/lib/python3.12/site-packages/airflow/example_dags/example_branch_python_dop_operator_3.py
[2026-05-17T04:54:14.011+0000] {processor.py:830} INFO - Processing file /home/airflow/.local/lib/python3.12/site-packages/airflow/example_dags/example_branch_python_dop_operator_3.py for tasks to queue
[2026-05-17T04:54:14.013+0000] {logging_mixin.py:188} INFO - [2026-05-17T04:54:14.012+0000] {dagbag.py:545} INFO - Filling up the DagBag from /home/airflow/.local/lib/python3.12/site-packages/airflow/example_dags/example_branch_python_dop_operator_3.py
[2026-05-17T04:54:14.019+0000] {processor.py:840} INFO - DAG(s) 'example_branch_dop_operator_v3' retrieved from /home/airflow/.local/lib/python3.12/site-packages/airflow/example_dags/example_branch_python_dop_operator_3.py
[2026-05-17T04:54:14.036+0000] {logging_mixin.py:188} INFO - [2026-05-17T04:54:14.036+0000] {dag.py:3096} INFO - Sync 1 DAGs
[2026-05-17T04:54:14.057+0000] {logging_mixin.py:188} INFO - [2026-05-17T04:54:14.057+0000] {dag.py:3954} INFO - Setting next_dagrun for example_branch_dop_operator_v3 to 2026-05-17 04:53:00+00:00, run_after=2026-05-17 04:54:00+00:00
[2026-05-17T04:54:14.072+0000] {processor.py:183} INFO - Processing /home/airflow/.local/lib/python3.12/site-packages/airflow/example_dags/example_branch_python_dop_operator_3.py took 0.067 seconds
[2026-05-17T04:54:44.310+0000] {processor.py:161} INFO - Started process (PID=394) to work on /home/airflow/.local/lib/python3.12/site-packages/airflow/example_dags/example_branch_python_dop_operator_3.py
[2026-05-17T04:54:44.311+0000] {processor.py:830} INFO - Processing file /home/airflow/.local/lib/python3.12/site-packages/airflow/example_dags/example_branch_python_dop_operator_3.py for tasks to queue
[2026-05-17T04:54:44.313+0000] {logging_mixin.py:188} INFO - [2026-05-17T04:54:44.313+0000] {dagbag.py:545} INFO - Filling up the DagBag from /home/airflow/.local/lib/python3.12/site-packages/airflow/example_dags/example_branch_python_dop_operator_3.py
[2026-05-17T04:54:44.321+0000] {processor.py:840} INFO - DAG(s) 'example_branch_dop_operator_v3' retrieved from /home/airflow/.local/lib/python3.12/site-packages/airflow/example_dags/example_branch_python_dop_operator_3.py
[2026-05-17T04:54:44.338+0000] {logging_mixin.py:188} INFO - [2026-05-17T04:54:44.338+0000] {dag.py:3096} INFO - Sync 1 DAGs
[2026-05-17T04:54:44.358+0000] {logging_mixin.py:188} INFO - [2026-05-17T04:54:44.358+0000] {dag.py:3954} INFO - Setting next_dagrun for example_branch_dop_operator_v3 to 2026-05-17 04:53:00+00:00, run_after=2026-05-17 04:54:00+00:00
[2026-05-17T04:54:44.374+0000] {processor.py:183} INFO - Processing /home/airflow/.local/lib/python3.12/site-packages/airflow/example_dags/example_branch_python_dop_operator_3.py took 0.069 seconds
[2026-05-17T04:55:14.446+0000] {processor.py:161} INFO - Started process (PID=453) to work on /home/airflow/.local/lib/python3.12/site-packages/airflow/example_dags/example_branch_python_dop_operator_3.py
[2026-05-17T04:55:14.447+0000] {processor.py:830} INFO - Processing file /home/airflow/.local/lib/python3.12/site-packages/airflow/example_dags/example_branch_python_dop_operator_3.py for tasks to queue
[2026-05-17T04:55:14.451+0000] {logging_mixin.py:188} INFO - [2026-05-17T04:55:14.451+0000] {dagbag.py:545} INFO - Filling up the DagBag from /home/airflow/.local/lib/python3.12/site-packages/airflow/example_dags/example_branch_python_dop_operator_3.py
[2026-05-17T04:55:14.459+0000] {processor.py:840} INFO - DAG(s) 'example_branch_dop_operator_v3' retrieved from /home/airflow/.local/lib/python3.12/site-packages/airflow/example_dags/example_branch_python_dop_operator_3.py
[2026-05-17T04:55:14.474+0000] {logging_mixin.py:188} INFO - [2026-05-17T04:55:14.473+0000] {dag.py:3096} INFO - Sync 1 DAGs
[2026-05-17T04:55:14.496+0000] {logging_mixin.py:188} INFO - [2026-05-17T04:55:14.496+0000] {dag.py:3954} INFO - Setting next_dagrun for example_branch_dop_operator_v3 to 2026-05-17 04:54:00+00:00, run_after=2026-05-17 04:55:00+00:00
[2026-05-17T04:55:14.515+0000] {processor.py:183} INFO - Processing /home/airflow/.local/lib/python3.12/site-packages/airflow/example_dags/example_branch_python_dop_operator_3.py took 0.074 seconds
[2026-05-17T04:55:44.988+0000] {processor.py:161} INFO - Started process (PID=512) to work on /home/airflow/.local/lib/python3.12/site-packages/airflow/example_dags/example_branch_python_dop_operator_3.py
[2026-05-17T04:55:44.989+0000] {processor.py:830} INFO - Processing file /home/airflow/.local/lib/python3.12/site-packages/airflow/example_dags/example_branch_python_dop_operator_3.py for tasks to queue
[2026-05-17T04:55:44.991+0000] {logging_mixin.py:188} INFO - [2026-05-17T04:55:44.990+0000] {dagbag.py:545} INFO - Filling up the DagBag from /home/airflow/.local/lib/python3.12/site-packages/airflow/example_dags/example_branch_python_dop_operator_3.py
[2026-05-17T04:55:44.997+0000] {processor.py:840} INFO - DAG(s) 'example_branch_dop_operator_v3' retrieved from /home/airflow/.local/lib/python3.12/site-packages/airflow/example_dags/example_branch_python_dop_operator_3.py
[2026-05-17T04:55:45.013+0000] {logging_mixin.py:188} INFO - [2026-05-17T04:55:45.013+0000] {dag.py:3096} INFO - Sync 1 DAGs
[2026-05-17T04:55:45.047+0000] {logging_mixin.py:188} INFO - [2026-05-17T04:55:45.047+0000] {dag.py:3954} INFO - Setting next_dagrun for example_branch_dop_operator_v3 to 2026-05-17 04:54:00+00:00, run_after=2026-05-17 04:55:00+00:00
[2026-05-17T04:55:45.072+0000] {processor.py:183} INFO - Processing /home/airflow/.local/lib/python3.12/site-packages/airflow/example_dags/example_branch_python_dop_operator_3.py took 0.089 seconds
[2026-05-17T04:56:17.449+0000] {processor.py:161} INFO - Started process (PID=571) to work on /home/airflow/.local/lib/python3.12/site-packages/airflow/example_dags/example_branch_python_dop_operator_3.py
[2026-05-17T04:56:17.450+0000] {processor.py:830} INFO - Processing file /home/airflow/.local/lib/python3.12/site-packages/airflow/example_dags/example_branch_python_dop_operator_3.py for tasks to queue
[2026-05-17T04:56:17.452+0000] {logging_mixin.py:188} INFO - [2026-05-17T04:56:17.451+0000] {dagbag.py:545} INFO - Filling up the DagBag from /home/airflow/.local/lib/python3.12/site-packages/airflow/example_dags/example_branch_python_dop_operator_3.py
[2026-05-17T04:56:17.461+0000] {processor.py:840} INFO - DAG(s) 'example_branch_dop_operator_v3' retrieved from /home/airflow/.local/lib/python3.12/site-packages/airflow/example_dags/example_branch_python_dop_operator_3.py
[2026-05-17T04:56:17.488+0000] {logging_mixin.py:188} INFO - [2026-05-17T04:56:17.487+0000] {dag.py:3096} INFO - Sync 1 DAGs
[2026-05-17T04:56:17.514+0000] {logging_mixin.py:188} INFO - [2026-05-17T04:56:17.514+0000] {dag.py:3954} INFO - Setting next_dagrun for example_branch_dop_operator_v3 to 2026-05-17 04:55:00+00:00, run_after=2026-05-17 04:56:00+00:00
[2026-05-17T04:56:17.562+0000] {processor.py:183} INFO - Processing /home/airflow/.local/lib/python3.12/site-packages/airflow/example_dags/example_branch_python_dop_operator_3.py took 0.120 seconds
[2026-05-17T04:56:48.240+0000] {processor.py:161} INFO - Started process (PID=630) to work on /home/airflow/.local/lib/python3.12/site-packages/airflow/example_dags/example_branch_python_dop_operator_3.py
[2026-05-17T04:56:48.241+0000] {processor.py:830} INFO - Processing file /home/airflow/.local/lib/python3.12/site-packages/airflow/example_dags/example_branch_python_dop_operator_3.py for tasks to queue
[2026-05-17T04:56:48.242+0000] {logging_mixin.py:188} INFO - [2026-05-17T04:56:48.242+0000] {dagbag.py:545} INFO - Filling up the DagBag from /home/airflow/.local/lib/python3.12/site-packages/airflow/example_dags/example_branch_python_dop_operator_3.py
[2026-05-17T04:56:48.248+0000] {processor.py:840} INFO - DAG(s) 'example_branch_dop_operator_v3' retrieved from /home/airflow/.local/lib/python3.12/site-packages/airflow/example_dags/example_branch_python_dop_operator_3.py
[2026-05-17T04:56:48.267+0000] {logging_mixin.py:188} INFO - [2026-05-17T04:56:48.267+0000] {dag.py:3096} INFO - Sync 1 DAGs
[2026-05-17T04:56:48.287+0000] {logging_mixin.py:188} INFO - [2026-05-17T04:56:48.287+0000] {dag.py:3954} INFO - Setting next_dagrun for example_branch_dop_operator_v3 to 2026-05-17 04:55:00+00:00, run_after=2026-05-17 04:56:00+00:00
[2026-05-17T04:56:48.316+0000] {processor.py:183} INFO - Processing /home/airflow/.local/lib/python3.12/site-packages/airflow/example_dags/example_branch_python_dop_operator_3.py took 0.081 seconds
[2026-05-17T04:57:18.714+0000] {processor.py:161} INFO - Started process (PID=689) to work on /home/airflow/.local/lib/python3.12/site-packages/airflow/example_dags/example_branch_python_dop_operator_3.py
[2026-05-17T04:57:18.716+0000] {processor.py:830} INFO - Processing file /home/airflow/.local/lib/python3.12/site-packages/airflow/example_dags/example_branch_python_dop_operator_3.py for tasks to queue
[2026-05-17T04:57:18.718+0000] {logging_mixin.py:188} INFO - [2026-05-17T04:57:18.718+0000] {dagbag.py:545} INFO - Filling up the DagBag from /home/airflow/.local/lib/python3.12/site-packages/airflow/example_dags/example_branch_python_dop_operator_3.py
[2026-05-17T04:57:18.725+0000] {processor.py:840} INFO - DAG(s) 'example_branch_dop_operator_v3' retrieved from /home/airflow/.local/lib/python3.12/site-packages/airflow/example_dags/example_branch_python_dop_operator_3.py
[2026-05-17T04:57:18.744+0000] {logging_mixin.py:188} INFO - [2026-05-17T04:57:18.743+0000] {dag.py:3096} INFO - Sync 1 DAGs
[2026-05-17T04:57:18.766+0000] {logging_mixin.py:188} INFO - [2026-05-17T04:57:18.766+0000] {dag.py:3954} INFO - Setting next_dagrun for example_branch_dop_operator_v3 to 2026-05-17 04:56:00+00:00, run_after=2026-05-17 04:57:00+00:00
[2026-05-17T04:57:18.785+0000] {processor.py:183} INFO - Processing /home/airflow/.local/lib/python3.12/site-packages/airflow/example_dags/example_branch_python_dop_operator_3.py took 0.075 seconds
[2026-05-17T04:57:48.877+0000] {processor.py:161} INFO - Started process (PID=748) to work on /home/airflow/.local/lib/python3.12/site-packages/airflow/example_dags/example_branch_python_dop_operator_3.py
[2026-05-17T04:57:48.878+0000] {processor.py:830} INFO - Processing file /home/airflow/.local/lib/python3.12/site-packages/airflow/example_dags/example_branch_python_dop_operator_3.py for tasks to queue
[2026-05-17T04:57:48.880+0000] {logging_mixin.py:188} INFO - [2026-05-17T04:57:48.880+0000] {dagbag.py:545} INFO - Filling up the DagBag from /home/airflow/.local/lib/python3.12/site-packages/airflow/example_dags/example_branch_python_dop_operator_3.py
[2026-05-17T04:57:48.887+0000] {processor.py:840} INFO - DAG(s) 'example_branch_dop_operator_v3' retrieved from /home/airflow/.local/lib/python3.12/site-packages/airflow/example_dags/example_branch_python_dop_operator_3.py
[2026-05-17T04:57:48.908+0000] {logging_mixin.py:188} INFO - [2026-05-17T04:57:48.908+0000] {dag.py:3096} INFO - Sync 1 DAGs
[2026-05-17T04:57:48.926+0000] {logging_mixin.py:188} INFO - [2026-05-17T04:57:48.926+0000] {dag.py:3954} INFO - Setting next_dagrun for example_branch_dop_operator_v3 to 2026-05-17 04:56:00+00:00, run_after=2026-05-17 04:57:00+00:00
[2026-05-17T04:57:48.940+0000] {processor.py:183} INFO - Processing /home/airflow/.local/lib/python3.12/site-packages/airflow/example_dags/example_branch_python_dop_operator_3.py took 0.070 seconds
[2026-05-17T04:58:20.549+0000] {processor.py:161} INFO - Started process (PID=807) to work on /home/airflow/.local/lib/python3.12/site-packages/airflow/example_dags/example_branch_python_dop_operator_3.py
[2026-05-17T04:58:20.551+0000] {processor.py:830} INFO - Processing file /home/airflow/.local/lib/python3.12/site-packages/airflow/example_dags/example_branch_python_dop_operator_3.py for tasks to queue
[2026-05-17T04:58:20.553+0000] {logging_mixin.py:188} INFO - [2026-05-17T04:58:20.553+0000] {dagbag.py:545} INFO - Filling up the DagBag from /home/airflow/.local/lib/python3.12/site-packages/airflow/example_dags/example_branch_python_dop_operator_3.py
[2026-05-17T04:58:20.560+0000] {processor.py:840} INFO - DAG(s) 'example_branch_dop_operator_v3' retrieved from /home/airflow/.local/lib/python3.12/site-packages/airflow/example_dags/example_branch_python_dop_operator_3.py
[2026-05-17T04:58:20.579+0000] {logging_mixin.py:188} INFO - [2026-05-17T04:58:20.579+0000] {dag.py:3096} INFO - Sync 1 DAGs
[2026-05-17T04:58:20.598+0000] {logging_mixin.py:188} INFO - [2026-05-17T04:58:20.598+0000] {dag.py:3954} INFO - Setting next_dagrun for example_branch_dop_operator_v3 to 2026-05-17 04:57:00+00:00, run_after=2026-05-17 04:58:00+00:00
[2026-05-17T04:58:21.170+0000] {processor.py:183} INFO - Processing /home/airflow/.local/lib/python3.12/site-packages/airflow/example_dags/example_branch_python_dop_operator_3.py took 0.626 seconds
[2026-05-17T05:00:23.801+0000] {processor.py:161} INFO - Started process (PID=87) to work on /home/airflow/.local/lib/python3.12/site-packages/airflow/example_dags/example_branch_python_dop_operator_3.py
[2026-05-17T05:00:23.802+0000] {processor.py:830} INFO - Processing file /home/airflow/.local/lib/python3.12/site-packages/airflow/example_dags/example_branch_python_dop_operator_3.py for tasks to queue
[2026-05-17T05:00:23.804+0000] {logging_mixin.py:188} INFO - [2026-05-17T05:00:23.804+0000] {dagbag.py:545} INFO - Filling up the DagBag from /home/airflow/.local/lib/python3.12/site-packages/airflow/example_dags/example_branch_python_dop_operator_3.py
[2026-05-17T05:00:23.814+0000] {processor.py:840} INFO - DAG(s) 'example_branch_dop_operator_v3' retrieved from /home/airflow/.local/lib/python3.12/site-packages/airflow/example_dags/example_branch_python_dop_operator_3.py
[2026-05-17T05:00:23.833+0000] {logging_mixin.py:188} INFO - [2026-05-17T05:00:23.833+0000] {dag.py:3096} INFO - Sync 1 DAGs
[2026-05-17T05:00:23.863+0000] {logging_mixin.py:188} INFO - [2026-05-17T05:00:23.863+0000] {dag.py:3954} INFO - Setting next_dagrun for example_branch_dop_operator_v3 to 2026-05-17 04:59:00+00:00, run_after=2026-05-17 05:00:00+00:00
[2026-05-17T05:00:23.883+0000] {processor.py:183} INFO - Processing /home/airflow/.local/lib/python3.12/site-packages/airflow/example_dags/example_branch_python_dop_operator_3.py took 0.087 seconds
