[2026-05-17T04:43:52.629+0000] {processor.py:161} INFO - Started process (PID=88) to work on /home/airflow/.local/lib/python3.12/site-packages/airflow/example_dags/example_short_circuit_decorator.py
[2026-05-17T04:43:52.634+0000] {processor.py:830} INFO - Processing file /home/airflow/.local/lib/python3.12/site-packages/airflow/example_dags/example_short_circuit_decorator.py for tasks to queue
[2026-05-17T04:43:52.645+0000] {logging_mixin.py:188} INFO - [2026-05-17T04:43:52.643+0000] {dagbag.py:545} INFO - Filling up the DagBag from /home/airflow/.local/lib/python3.12/site-packages/airflow/example_dags/example_short_circuit_decorator.py
[2026-05-17T04:43:52.693+0000] {processor.py:840} INFO - DAG(s) 'example_short_circuit_decorator' retrieved from /home/airflow/.local/lib/python3.12/site-packages/airflow/example_dags/example_short_circuit_decorator.py
[2026-05-17T04:43:52.733+0000] {logging_mixin.py:188} INFO - [2026-05-17T04:43:52.732+0000] {dag.py:3096} INFO - Sync 1 DAGs
[2026-05-17T04:43:52.834+0000] {logging_mixin.py:188} INFO - [2026-05-17T04:43:52.833+0000] {dag.py:3954} INFO - Setting next_dagrun for example_short_circuit_decorator to 2026-05-16 00:00:00+00:00, run_after=2026-05-17 00:00:00+00:00
[2026-05-17T04:43:52.935+0000] {processor.py:183} INFO - Processing /home/airflow/.local/lib/python3.12/site-packages/airflow/example_dags/example_short_circuit_decorator.py took 0.330 seconds
[2026-05-17T04:44:23.642+0000] {processor.py:161} INFO - Started process (PID=147) to work on /home/airflow/.local/lib/python3.12/site-packages/airflow/example_dags/example_short_circuit_decorator.py
[2026-05-17T04:44:23.644+0000] {processor.py:830} INFO - Processing file /home/airflow/.local/lib/python3.12/site-packages/airflow/example_dags/example_short_circuit_decorator.py for tasks to queue
[2026-05-17T04:44:23.649+0000] {logging_mixin.py:188} INFO - [2026-05-17T04:44:23.649+0000] {dagbag.py:545} INFO - Filling up the DagBag from /home/airflow/.local/lib/python3.12/site-packages/airflow/example_dags/example_short_circuit_decorator.py
[2026-05-17T04:44:23.660+0000] {processor.py:840} INFO - DAG(s) 'example_short_circuit_decorator' retrieved from /home/airflow/.local/lib/python3.12/site-packages/airflow/example_dags/example_short_circuit_decorator.py
[2026-05-17T04:44:23.743+0000] {logging_mixin.py:188} INFO - [2026-05-17T04:44:23.743+0000] {dag.py:3096} INFO - Sync 1 DAGs
[2026-05-17T04:44:23.758+0000] {logging_mixin.py:188} INFO - [2026-05-17T04:44:23.757+0000] {dag.py:3954} INFO - Setting next_dagrun for example_short_circuit_decorator to 2026-05-16 00:00:00+00:00, run_after=2026-05-17 00:00:00+00:00
[2026-05-17T04:44:23.771+0000] {processor.py:183} INFO - Processing /home/airflow/.local/lib/python3.12/site-packages/airflow/example_dags/example_short_circuit_decorator.py took 0.140 seconds
[2026-05-17T04:44:53.983+0000] {processor.py:161} INFO - Started process (PID=206) to work on /home/airflow/.local/lib/python3.12/site-packages/airflow/example_dags/example_short_circuit_decorator.py
[2026-05-17T04:44:53.984+0000] {processor.py:830} INFO - Processing file /home/airflow/.local/lib/python3.12/site-packages/airflow/example_dags/example_short_circuit_decorator.py for tasks to queue
[2026-05-17T04:44:53.985+0000] {logging_mixin.py:188} INFO - [2026-05-17T04:44:53.985+0000] {dagbag.py:545} INFO - Filling up the DagBag from /home/airflow/.local/lib/python3.12/site-packages/airflow/example_dags/example_short_circuit_decorator.py
[2026-05-17T04:44:53.992+0000] {processor.py:840} INFO - DAG(s) 'example_short_circuit_decorator' retrieved from /home/airflow/.local/lib/python3.12/site-packages/airflow/example_dags/example_short_circuit_decorator.py
[2026-05-17T04:44:54.012+0000] {logging_mixin.py:188} INFO - [2026-05-17T04:44:54.012+0000] {dag.py:3096} INFO - Sync 1 DAGs
[2026-05-17T04:44:54.028+0000] {logging_mixin.py:188} INFO - [2026-05-17T04:44:54.028+0000] {dag.py:3954} INFO - Setting next_dagrun for example_short_circuit_decorator to 2026-05-16 00:00:00+00:00, run_after=2026-05-17 00:00:00+00:00
[2026-05-17T04:44:54.040+0000] {processor.py:183} INFO - Processing /home/airflow/.local/lib/python3.12/site-packages/airflow/example_dags/example_short_circuit_decorator.py took 0.062 seconds
[2026-05-17T04:45:24.175+0000] {processor.py:161} INFO - Started process (PID=265) to work on /home/airflow/.local/lib/python3.12/site-packages/airflow/example_dags/example_short_circuit_decorator.py
[2026-05-17T04:45:24.176+0000] {processor.py:830} INFO - Processing file /home/airflow/.local/lib/python3.12/site-packages/airflow/example_dags/example_short_circuit_decorator.py for tasks to queue
[2026-05-17T04:45:24.178+0000] {logging_mixin.py:188} INFO - [2026-05-17T04:45:24.178+0000] {dagbag.py:545} INFO - Filling up the DagBag from /home/airflow/.local/lib/python3.12/site-packages/airflow/example_dags/example_short_circuit_decorator.py
[2026-05-17T04:45:24.185+0000] {processor.py:840} INFO - DAG(s) 'example_short_circuit_decorator' retrieved from /home/airflow/.local/lib/python3.12/site-packages/airflow/example_dags/example_short_circuit_decorator.py
[2026-05-17T04:45:24.202+0000] {logging_mixin.py:188} INFO - [2026-05-17T04:45:24.202+0000] {dag.py:3096} INFO - Sync 1 DAGs
[2026-05-17T04:45:24.219+0000] {logging_mixin.py:188} INFO - [2026-05-17T04:45:24.219+0000] {dag.py:3954} INFO - Setting next_dagrun for example_short_circuit_decorator to 2026-05-16 00:00:00+00:00, run_after=2026-05-17 00:00:00+00:00
[2026-05-17T04:45:24.251+0000] {processor.py:183} INFO - Processing /home/airflow/.local/lib/python3.12/site-packages/airflow/example_dags/example_short_circuit_decorator.py took 0.080 seconds
[2026-05-17T04:45:54.708+0000] {processor.py:161} INFO - Started process (PID=324) to work on /home/airflow/.local/lib/python3.12/site-packages/airflow/example_dags/example_short_circuit_decorator.py
[2026-05-17T04:45:54.709+0000] {processor.py:830} INFO - Processing file /home/airflow/.local/lib/python3.12/site-packages/airflow/example_dags/example_short_circuit_decorator.py for tasks to queue
[2026-05-17T04:45:54.711+0000] {logging_mixin.py:188} INFO - [2026-05-17T04:45:54.711+0000] {dagbag.py:545} INFO - Filling up the DagBag from /home/airflow/.local/lib/python3.12/site-packages/airflow/example_dags/example_short_circuit_decorator.py
[2026-05-17T04:45:54.719+0000] {processor.py:840} INFO - DAG(s) 'example_short_circuit_decorator' retrieved from /home/airflow/.local/lib/python3.12/site-packages/airflow/example_dags/example_short_circuit_decorator.py
[2026-05-17T04:45:54.740+0000] {logging_mixin.py:188} INFO - [2026-05-17T04:45:54.740+0000] {dag.py:3096} INFO - Sync 1 DAGs
[2026-05-17T04:45:54.759+0000] {logging_mixin.py:188} INFO - [2026-05-17T04:45:54.759+0000] {dag.py:3954} INFO - Setting next_dagrun for example_short_circuit_decorator to 2026-05-16 00:00:00+00:00, run_after=2026-05-17 00:00:00+00:00
[2026-05-17T04:45:54.773+0000] {processor.py:183} INFO - Processing /home/airflow/.local/lib/python3.12/site-packages/airflow/example_dags/example_short_circuit_decorator.py took 0.070 seconds
[2026-05-17T04:46:25.300+0000] {processor.py:161} INFO - Started process (PID=383) to work on /home/airflow/.local/lib/python3.12/site-packages/airflow/example_dags/example_short_circuit_decorator.py
[2026-05-17T04:46:25.301+0000] {processor.py:830} INFO - Processing file /home/airflow/.local/lib/python3.12/site-packages/airflow/example_dags/example_short_circuit_decorator.py for tasks to queue
[2026-05-17T04:46:25.302+0000] {logging_mixin.py:188} INFO - [2026-05-17T04:46:25.302+0000] {dagbag.py:545} INFO - Filling up the DagBag from /home/airflow/.local/lib/python3.12/site-packages/airflow/example_dags/example_short_circuit_decorator.py
[2026-05-17T04:46:25.309+0000] {processor.py:840} INFO - DAG(s) 'example_short_circuit_decorator' retrieved from /home/airflow/.local/lib/python3.12/site-packages/airflow/example_dags/example_short_circuit_decorator.py
[2026-05-17T04:46:25.326+0000] {logging_mixin.py:188} INFO - [2026-05-17T04:46:25.325+0000] {dag.py:3096} INFO - Sync 1 DAGs
[2026-05-17T04:46:25.341+0000] {logging_mixin.py:188} INFO - [2026-05-17T04:46:25.341+0000] {dag.py:3954} INFO - Setting next_dagrun for example_short_circuit_decorator to 2026-05-16 00:00:00+00:00, run_after=2026-05-17 00:00:00+00:00
[2026-05-17T04:46:25.353+0000] {processor.py:183} INFO - Processing /home/airflow/.local/lib/python3.12/site-packages/airflow/example_dags/example_short_circuit_decorator.py took 0.057 seconds
[2026-05-17T04:46:55.762+0000] {processor.py:161} INFO - Started process (PID=442) to work on /home/airflow/.local/lib/python3.12/site-packages/airflow/example_dags/example_short_circuit_decorator.py
[2026-05-17T04:46:55.762+0000] {processor.py:830} INFO - Processing file /home/airflow/.local/lib/python3.12/site-packages/airflow/example_dags/example_short_circuit_decorator.py for tasks to queue
[2026-05-17T04:46:55.764+0000] {logging_mixin.py:188} INFO - [2026-05-17T04:46:55.764+0000] {dagbag.py:545} INFO - Filling up the DagBag from /home/airflow/.local/lib/python3.12/site-packages/airflow/example_dags/example_short_circuit_decorator.py
[2026-05-17T04:46:55.770+0000] {processor.py:840} INFO - DAG(s) 'example_short_circuit_decorator' retrieved from /home/airflow/.local/lib/python3.12/site-packages/airflow/example_dags/example_short_circuit_decorator.py
[2026-05-17T04:46:55.786+0000] {logging_mixin.py:188} INFO - [2026-05-17T04:46:55.785+0000] {dag.py:3096} INFO - Sync 1 DAGs
[2026-05-17T04:46:55.803+0000] {logging_mixin.py:188} INFO - [2026-05-17T04:46:55.803+0000] {dag.py:3954} INFO - Setting next_dagrun for example_short_circuit_decorator to 2026-05-16 00:00:00+00:00, run_after=2026-05-17 00:00:00+00:00
[2026-05-17T04:46:55.824+0000] {processor.py:183} INFO - Processing /home/airflow/.local/lib/python3.12/site-packages/airflow/example_dags/example_short_circuit_decorator.py took 0.066 seconds
[2026-05-17T04:47:26.302+0000] {processor.py:161} INFO - Started process (PID=501) to work on /home/airflow/.local/lib/python3.12/site-packages/airflow/example_dags/example_short_circuit_decorator.py
[2026-05-17T04:47:26.303+0000] {processor.py:830} INFO - Processing file /home/airflow/.local/lib/python3.12/site-packages/airflow/example_dags/example_short_circuit_decorator.py for tasks to queue
[2026-05-17T04:47:26.304+0000] {logging_mixin.py:188} INFO - [2026-05-17T04:47:26.304+0000] {dagbag.py:545} INFO - Filling up the DagBag from /home/airflow/.local/lib/python3.12/site-packages/airflow/example_dags/example_short_circuit_decorator.py
[2026-05-17T04:47:26.310+0000] {processor.py:840} INFO - DAG(s) 'example_short_circuit_decorator' retrieved from /home/airflow/.local/lib/python3.12/site-packages/airflow/example_dags/example_short_circuit_decorator.py
[2026-05-17T04:47:26.325+0000] {logging_mixin.py:188} INFO - [2026-05-17T04:47:26.325+0000] {dag.py:3096} INFO - Sync 1 DAGs
[2026-05-17T04:47:26.340+0000] {logging_mixin.py:188} INFO - [2026-05-17T04:47:26.339+0000] {dag.py:3954} INFO - Setting next_dagrun for example_short_circuit_decorator to 2026-05-16 00:00:00+00:00, run_after=2026-05-17 00:00:00+00:00
[2026-05-17T04:47:26.352+0000] {processor.py:183} INFO - Processing /home/airflow/.local/lib/python3.12/site-packages/airflow/example_dags/example_short_circuit_decorator.py took 0.054 seconds
[2026-05-17T04:47:56.622+0000] {processor.py:161} INFO - Started process (PID=560) to work on /home/airflow/.local/lib/python3.12/site-packages/airflow/example_dags/example_short_circuit_decorator.py
[2026-05-17T04:47:56.623+0000] {processor.py:830} INFO - Processing file /home/airflow/.local/lib/python3.12/site-packages/airflow/example_dags/example_short_circuit_decorator.py for tasks to queue
[2026-05-17T04:47:56.625+0000] {logging_mixin.py:188} INFO - [2026-05-17T04:47:56.624+0000] {dagbag.py:545} INFO - Filling up the DagBag from /home/airflow/.local/lib/python3.12/site-packages/airflow/example_dags/example_short_circuit_decorator.py
[2026-05-17T04:47:56.631+0000] {processor.py:840} INFO - DAG(s) 'example_short_circuit_decorator' retrieved from /home/airflow/.local/lib/python3.12/site-packages/airflow/example_dags/example_short_circuit_decorator.py
[2026-05-17T04:47:56.646+0000] {logging_mixin.py:188} INFO - [2026-05-17T04:47:56.645+0000] {dag.py:3096} INFO - Sync 1 DAGs
[2026-05-17T04:47:56.661+0000] {logging_mixin.py:188} INFO - [2026-05-17T04:47:56.661+0000] {dag.py:3954} INFO - Setting next_dagrun for example_short_circuit_decorator to 2026-05-16 00:00:00+00:00, run_after=2026-05-17 00:00:00+00:00
[2026-05-17T04:47:56.673+0000] {processor.py:183} INFO - Processing /home/airflow/.local/lib/python3.12/site-packages/airflow/example_dags/example_short_circuit_decorator.py took 0.055 seconds
[2026-05-17T04:48:27.236+0000] {processor.py:161} INFO - Started process (PID=619) to work on /home/airflow/.local/lib/python3.12/site-packages/airflow/example_dags/example_short_circuit_decorator.py
[2026-05-17T04:48:27.237+0000] {processor.py:830} INFO - Processing file /home/airflow/.local/lib/python3.12/site-packages/airflow/example_dags/example_short_circuit_decorator.py for tasks to queue
[2026-05-17T04:48:27.239+0000] {logging_mixin.py:188} INFO - [2026-05-17T04:48:27.239+0000] {dagbag.py:545} INFO - Filling up the DagBag from /home/airflow/.local/lib/python3.12/site-packages/airflow/example_dags/example_short_circuit_decorator.py
[2026-05-17T04:48:27.244+0000] {processor.py:840} INFO - DAG(s) 'example_short_circuit_decorator' retrieved from /home/airflow/.local/lib/python3.12/site-packages/airflow/example_dags/example_short_circuit_decorator.py
[2026-05-17T04:48:27.259+0000] {logging_mixin.py:188} INFO - [2026-05-17T04:48:27.259+0000] {dag.py:3096} INFO - Sync 1 DAGs
[2026-05-17T04:48:27.274+0000] {logging_mixin.py:188} INFO - [2026-05-17T04:48:27.274+0000] {dag.py:3954} INFO - Setting next_dagrun for example_short_circuit_decorator to 2026-05-16 00:00:00+00:00, run_after=2026-05-17 00:00:00+00:00
[2026-05-17T04:48:27.286+0000] {processor.py:183} INFO - Processing /home/airflow/.local/lib/python3.12/site-packages/airflow/example_dags/example_short_circuit_decorator.py took 0.054 seconds
[2026-05-17T04:48:57.734+0000] {processor.py:161} INFO - Started process (PID=678) to work on /home/airflow/.local/lib/python3.12/site-packages/airflow/example_dags/example_short_circuit_decorator.py
[2026-05-17T04:48:57.735+0000] {processor.py:830} INFO - Processing file /home/airflow/.local/lib/python3.12/site-packages/airflow/example_dags/example_short_circuit_decorator.py for tasks to queue
[2026-05-17T04:48:57.737+0000] {logging_mixin.py:188} INFO - [2026-05-17T04:48:57.736+0000] {dagbag.py:545} INFO - Filling up the DagBag from /home/airflow/.local/lib/python3.12/site-packages/airflow/example_dags/example_short_circuit_decorator.py
[2026-05-17T04:48:57.742+0000] {processor.py:840} INFO - DAG(s) 'example_short_circuit_decorator' retrieved from /home/airflow/.local/lib/python3.12/site-packages/airflow/example_dags/example_short_circuit_decorator.py
[2026-05-17T04:48:57.756+0000] {logging_mixin.py:188} INFO - [2026-05-17T04:48:57.756+0000] {dag.py:3096} INFO - Sync 1 DAGs
[2026-05-17T04:48:57.770+0000] {logging_mixin.py:188} INFO - [2026-05-17T04:48:57.770+0000] {dag.py:3954} INFO - Setting next_dagrun for example_short_circuit_decorator to 2026-05-16 00:00:00+00:00, run_after=2026-05-17 00:00:00+00:00
[2026-05-17T04:48:57.782+0000] {processor.py:183} INFO - Processing /home/airflow/.local/lib/python3.12/site-packages/airflow/example_dags/example_short_circuit_decorator.py took 0.052 seconds
[2026-05-17T04:49:28.487+0000] {processor.py:161} INFO - Started process (PID=737) to work on /home/airflow/.local/lib/python3.12/site-packages/airflow/example_dags/example_short_circuit_decorator.py
[2026-05-17T04:49:28.488+0000] {processor.py:830} INFO - Processing file /home/airflow/.local/lib/python3.12/site-packages/airflow/example_dags/example_short_circuit_decorator.py for tasks to queue
[2026-05-17T04:49:28.490+0000] {logging_mixin.py:188} INFO - [2026-05-17T04:49:28.489+0000] {dagbag.py:545} INFO - Filling up the DagBag from /home/airflow/.local/lib/python3.12/site-packages/airflow/example_dags/example_short_circuit_decorator.py
[2026-05-17T04:49:28.496+0000] {processor.py:840} INFO - DAG(s) 'example_short_circuit_decorator' retrieved from /home/airflow/.local/lib/python3.12/site-packages/airflow/example_dags/example_short_circuit_decorator.py
[2026-05-17T04:49:28.512+0000] {logging_mixin.py:188} INFO - [2026-05-17T04:49:28.511+0000] {dag.py:3096} INFO - Sync 1 DAGs
[2026-05-17T04:49:28.529+0000] {logging_mixin.py:188} INFO - [2026-05-17T04:49:28.529+0000] {dag.py:3954} INFO - Setting next_dagrun for example_short_circuit_decorator to 2026-05-16 00:00:00+00:00, run_after=2026-05-17 00:00:00+00:00
[2026-05-17T04:49:28.549+0000] {processor.py:183} INFO - Processing /home/airflow/.local/lib/python3.12/site-packages/airflow/example_dags/example_short_circuit_decorator.py took 0.066 seconds
[2026-05-17T04:49:58.906+0000] {processor.py:161} INFO - Started process (PID=796) to work on /home/airflow/.local/lib/python3.12/site-packages/airflow/example_dags/example_short_circuit_decorator.py
[2026-05-17T04:49:58.907+0000] {processor.py:830} INFO - Processing file /home/airflow/.local/lib/python3.12/site-packages/airflow/example_dags/example_short_circuit_decorator.py for tasks to queue
[2026-05-17T04:49:58.909+0000] {logging_mixin.py:188} INFO - [2026-05-17T04:49:58.909+0000] {dagbag.py:545} INFO - Filling up the DagBag from /home/airflow/.local/lib/python3.12/site-packages/airflow/example_dags/example_short_circuit_decorator.py
[2026-05-17T04:49:58.915+0000] {processor.py:840} INFO - DAG(s) 'example_short_circuit_decorator' retrieved from /home/airflow/.local/lib/python3.12/site-packages/airflow/example_dags/example_short_circuit_decorator.py
[2026-05-17T04:49:58.930+0000] {logging_mixin.py:188} INFO - [2026-05-17T04:49:58.929+0000] {dag.py:3096} INFO - Sync 1 DAGs
[2026-05-17T04:49:58.943+0000] {logging_mixin.py:188} INFO - [2026-05-17T04:49:58.943+0000] {dag.py:3954} INFO - Setting next_dagrun for example_short_circuit_decorator to 2026-05-16 00:00:00+00:00, run_after=2026-05-17 00:00:00+00:00
[2026-05-17T04:49:58.953+0000] {processor.py:183} INFO - Processing /home/airflow/.local/lib/python3.12/site-packages/airflow/example_dags/example_short_circuit_decorator.py took 0.053 seconds
[2026-05-17T04:50:29.624+0000] {processor.py:161} INFO - Started process (PID=855) to work on /home/airflow/.local/lib/python3.12/site-packages/airflow/example_dags/example_short_circuit_decorator.py
[2026-05-17T04:50:29.625+0000] {processor.py:830} INFO - Processing file /home/airflow/.local/lib/python3.12/site-packages/airflow/example_dags/example_short_circuit_decorator.py for tasks to queue
[2026-05-17T04:50:29.627+0000] {logging_mixin.py:188} INFO - [2026-05-17T04:50:29.627+0000] {dagbag.py:545} INFO - Filling up the DagBag from /home/airflow/.local/lib/python3.12/site-packages/airflow/example_dags/example_short_circuit_decorator.py
[2026-05-17T04:50:29.634+0000] {processor.py:840} INFO - DAG(s) 'example_short_circuit_decorator' retrieved from /home/airflow/.local/lib/python3.12/site-packages/airflow/example_dags/example_short_circuit_decorator.py
[2026-05-17T04:50:29.652+0000] {logging_mixin.py:188} INFO - [2026-05-17T04:50:29.652+0000] {dag.py:3096} INFO - Sync 1 DAGs
[2026-05-17T04:50:29.670+0000] {logging_mixin.py:188} INFO - [2026-05-17T04:50:29.669+0000] {dag.py:3954} INFO - Setting next_dagrun for example_short_circuit_decorator to 2026-05-16 00:00:00+00:00, run_after=2026-05-17 00:00:00+00:00
[2026-05-17T04:50:29.685+0000] {processor.py:183} INFO - Processing /home/airflow/.local/lib/python3.12/site-packages/airflow/example_dags/example_short_circuit_decorator.py took 0.066 seconds
[2026-05-17T04:51:00.366+0000] {processor.py:161} INFO - Started process (PID=914) to work on /home/airflow/.local/lib/python3.12/site-packages/airflow/example_dags/example_short_circuit_decorator.py
[2026-05-17T04:51:00.367+0000] {processor.py:830} INFO - Processing file /home/airflow/.local/lib/python3.12/site-packages/airflow/example_dags/example_short_circuit_decorator.py for tasks to queue
[2026-05-17T04:51:00.368+0000] {logging_mixin.py:188} INFO - [2026-05-17T04:51:00.368+0000] {dagbag.py:545} INFO - Filling up the DagBag from /home/airflow/.local/lib/python3.12/site-packages/airflow/example_dags/example_short_circuit_decorator.py
[2026-05-17T04:51:00.374+0000] {processor.py:840} INFO - DAG(s) 'example_short_circuit_decorator' retrieved from /home/airflow/.local/lib/python3.12/site-packages/airflow/example_dags/example_short_circuit_decorator.py
[2026-05-17T04:51:00.389+0000] {logging_mixin.py:188} INFO - [2026-05-17T04:51:00.389+0000] {dag.py:3096} INFO - Sync 1 DAGs
[2026-05-17T04:51:00.402+0000] {logging_mixin.py:188} INFO - [2026-05-17T04:51:00.402+0000] {dag.py:3954} INFO - Setting next_dagrun for example_short_circuit_decorator to 2026-05-16 00:00:00+00:00, run_after=2026-05-17 00:00:00+00:00
[2026-05-17T04:51:00.413+0000] {processor.py:183} INFO - Processing /home/airflow/.local/lib/python3.12/site-packages/airflow/example_dags/example_short_circuit_decorator.py took 0.051 seconds
[2026-05-17T04:52:11.337+0000] {processor.py:161} INFO - Started process (PID=82) to work on /home/airflow/.local/lib/python3.12/site-packages/airflow/example_dags/example_short_circuit_decorator.py
[2026-05-17T04:52:11.338+0000] {processor.py:830} INFO - Processing file /home/airflow/.local/lib/python3.12/site-packages/airflow/example_dags/example_short_circuit_decorator.py for tasks to queue
[2026-05-17T04:52:11.340+0000] {logging_mixin.py:188} INFO - [2026-05-17T04:52:11.339+0000] {dagbag.py:545} INFO - Filling up the DagBag from /home/airflow/.local/lib/python3.12/site-packages/airflow/example_dags/example_short_circuit_decorator.py
[2026-05-17T04:52:11.357+0000] {processor.py:840} INFO - DAG(s) 'example_short_circuit_decorator' retrieved from /home/airflow/.local/lib/python3.12/site-packages/airflow/example_dags/example_short_circuit_decorator.py
[2026-05-17T04:52:11.372+0000] {logging_mixin.py:188} INFO - [2026-05-17T04:52:11.372+0000] {dag.py:3096} INFO - Sync 1 DAGs
[2026-05-17T04:52:11.402+0000] {logging_mixin.py:188} INFO - [2026-05-17T04:52:11.402+0000] {dag.py:3954} INFO - Setting next_dagrun for example_short_circuit_decorator to 2026-05-16 00:00:00+00:00, run_after=2026-05-17 00:00:00+00:00
[2026-05-17T04:52:11.431+0000] {processor.py:183} INFO - Processing /home/airflow/.local/lib/python3.12/site-packages/airflow/example_dags/example_short_circuit_decorator.py took 0.101 seconds
[2026-05-17T04:52:41.895+0000] {processor.py:161} INFO - Started process (PID=140) to work on /home/airflow/.local/lib/python3.12/site-packages/airflow/example_dags/example_short_circuit_decorator.py
[2026-05-17T04:52:41.896+0000] {processor.py:830} INFO - Processing file /home/airflow/.local/lib/python3.12/site-packages/airflow/example_dags/example_short_circuit_decorator.py for tasks to queue
[2026-05-17T04:52:41.897+0000] {logging_mixin.py:188} INFO - [2026-05-17T04:52:41.897+0000] {dagbag.py:545} INFO - Filling up the DagBag from /home/airflow/.local/lib/python3.12/site-packages/airflow/example_dags/example_short_circuit_decorator.py
[2026-05-17T04:52:41.903+0000] {processor.py:840} INFO - DAG(s) 'example_short_circuit_decorator' retrieved from /home/airflow/.local/lib/python3.12/site-packages/airflow/example_dags/example_short_circuit_decorator.py
[2026-05-17T04:52:41.962+0000] {logging_mixin.py:188} INFO - [2026-05-17T04:52:41.962+0000] {dag.py:3096} INFO - Sync 1 DAGs
[2026-05-17T04:52:41.975+0000] {logging_mixin.py:188} INFO - [2026-05-17T04:52:41.975+0000] {dag.py:3954} INFO - Setting next_dagrun for example_short_circuit_decorator to 2026-05-16 00:00:00+00:00, run_after=2026-05-17 00:00:00+00:00
[2026-05-17T04:52:41.997+0000] {processor.py:183} INFO - Processing /home/airflow/.local/lib/python3.12/site-packages/airflow/example_dags/example_short_circuit_decorator.py took 0.106 seconds
[2026-05-17T04:53:12.810+0000] {processor.py:161} INFO - Started process (PID=206) to work on /home/airflow/.local/lib/python3.12/site-packages/airflow/example_dags/example_short_circuit_decorator.py
[2026-05-17T04:53:12.811+0000] {processor.py:830} INFO - Processing file /home/airflow/.local/lib/python3.12/site-packages/airflow/example_dags/example_short_circuit_decorator.py for tasks to queue
[2026-05-17T04:53:12.813+0000] {logging_mixin.py:188} INFO - [2026-05-17T04:53:12.812+0000] {dagbag.py:545} INFO - Filling up the DagBag from /home/airflow/.local/lib/python3.12/site-packages/airflow/example_dags/example_short_circuit_decorator.py
[2026-05-17T04:53:12.820+0000] {processor.py:840} INFO - DAG(s) 'example_short_circuit_decorator' retrieved from /home/airflow/.local/lib/python3.12/site-packages/airflow/example_dags/example_short_circuit_decorator.py
[2026-05-17T04:53:12.840+0000] {logging_mixin.py:188} INFO - [2026-05-17T04:53:12.839+0000] {dag.py:3096} INFO - Sync 1 DAGs
[2026-05-17T04:53:12.859+0000] {logging_mixin.py:188} INFO - [2026-05-17T04:53:12.858+0000] {dag.py:3954} INFO - Setting next_dagrun for example_short_circuit_decorator to 2026-05-16 00:00:00+00:00, run_after=2026-05-17 00:00:00+00:00
[2026-05-17T04:53:12.888+0000] {processor.py:183} INFO - Processing /home/airflow/.local/lib/python3.12/site-packages/airflow/example_dags/example_short_circuit_decorator.py took 0.081 seconds
[2026-05-17T04:53:43.050+0000] {processor.py:161} INFO - Started process (PID=265) to work on /home/airflow/.local/lib/python3.12/site-packages/airflow/example_dags/example_short_circuit_decorator.py
[2026-05-17T04:53:43.051+0000] {processor.py:830} INFO - Processing file /home/airflow/.local/lib/python3.12/site-packages/airflow/example_dags/example_short_circuit_decorator.py for tasks to queue
[2026-05-17T04:53:43.053+0000] {logging_mixin.py:188} INFO - [2026-05-17T04:53:43.053+0000] {dagbag.py:545} INFO - Filling up the DagBag from /home/airflow/.local/lib/python3.12/site-packages/airflow/example_dags/example_short_circuit_decorator.py
[2026-05-17T04:53:43.060+0000] {processor.py:840} INFO - DAG(s) 'example_short_circuit_decorator' retrieved from /home/airflow/.local/lib/python3.12/site-packages/airflow/example_dags/example_short_circuit_decorator.py
[2026-05-17T04:53:43.079+0000] {logging_mixin.py:188} INFO - [2026-05-17T04:53:43.079+0000] {dag.py:3096} INFO - Sync 1 DAGs
[2026-05-17T04:53:43.099+0000] {logging_mixin.py:188} INFO - [2026-05-17T04:53:43.098+0000] {dag.py:3954} INFO - Setting next_dagrun for example_short_circuit_decorator to 2026-05-16 00:00:00+00:00, run_after=2026-05-17 00:00:00+00:00
[2026-05-17T04:53:43.117+0000] {processor.py:183} INFO - Processing /home/airflow/.local/lib/python3.12/site-packages/airflow/example_dags/example_short_circuit_decorator.py took 0.074 seconds
[2026-05-17T04:54:13.356+0000] {processor.py:161} INFO - Started process (PID=324) to work on /home/airflow/.local/lib/python3.12/site-packages/airflow/example_dags/example_short_circuit_decorator.py
[2026-05-17T04:54:13.357+0000] {processor.py:830} INFO - Processing file /home/airflow/.local/lib/python3.12/site-packages/airflow/example_dags/example_short_circuit_decorator.py for tasks to queue
[2026-05-17T04:54:13.358+0000] {logging_mixin.py:188} INFO - [2026-05-17T04:54:13.358+0000] {dagbag.py:545} INFO - Filling up the DagBag from /home/airflow/.local/lib/python3.12/site-packages/airflow/example_dags/example_short_circuit_decorator.py
[2026-05-17T04:54:13.366+0000] {processor.py:840} INFO - DAG(s) 'example_short_circuit_decorator' retrieved from /home/airflow/.local/lib/python3.12/site-packages/airflow/example_dags/example_short_circuit_decorator.py
[2026-05-17T04:54:13.384+0000] {logging_mixin.py:188} INFO - [2026-05-17T04:54:13.384+0000] {dag.py:3096} INFO - Sync 1 DAGs
[2026-05-17T04:54:13.403+0000] {logging_mixin.py:188} INFO - [2026-05-17T04:54:13.402+0000] {dag.py:3954} INFO - Setting next_dagrun for example_short_circuit_decorator to 2026-05-16 00:00:00+00:00, run_after=2026-05-17 00:00:00+00:00
[2026-05-17T04:54:13.417+0000] {processor.py:183} INFO - Processing /home/airflow/.local/lib/python3.12/site-packages/airflow/example_dags/example_short_circuit_decorator.py took 0.065 seconds
[2026-05-17T04:54:43.608+0000] {processor.py:161} INFO - Started process (PID=383) to work on /home/airflow/.local/lib/python3.12/site-packages/airflow/example_dags/example_short_circuit_decorator.py
[2026-05-17T04:54:43.609+0000] {processor.py:830} INFO - Processing file /home/airflow/.local/lib/python3.12/site-packages/airflow/example_dags/example_short_circuit_decorator.py for tasks to queue
[2026-05-17T04:54:43.611+0000] {logging_mixin.py:188} INFO - [2026-05-17T04:54:43.611+0000] {dagbag.py:545} INFO - Filling up the DagBag from /home/airflow/.local/lib/python3.12/site-packages/airflow/example_dags/example_short_circuit_decorator.py
[2026-05-17T04:54:43.618+0000] {processor.py:840} INFO - DAG(s) 'example_short_circuit_decorator' retrieved from /home/airflow/.local/lib/python3.12/site-packages/airflow/example_dags/example_short_circuit_decorator.py
[2026-05-17T04:54:43.649+0000] {logging_mixin.py:188} INFO - [2026-05-17T04:54:43.649+0000] {dag.py:3096} INFO - Sync 1 DAGs
[2026-05-17T04:54:43.670+0000] {logging_mixin.py:188} INFO - [2026-05-17T04:54:43.670+0000] {dag.py:3954} INFO - Setting next_dagrun for example_short_circuit_decorator to 2026-05-16 00:00:00+00:00, run_after=2026-05-17 00:00:00+00:00
[2026-05-17T04:54:43.695+0000] {processor.py:183} INFO - Processing /home/airflow/.local/lib/python3.12/site-packages/airflow/example_dags/example_short_circuit_decorator.py took 0.092 seconds
[2026-05-17T04:55:13.804+0000] {processor.py:161} INFO - Started process (PID=442) to work on /home/airflow/.local/lib/python3.12/site-packages/airflow/example_dags/example_short_circuit_decorator.py
[2026-05-17T04:55:13.806+0000] {processor.py:830} INFO - Processing file /home/airflow/.local/lib/python3.12/site-packages/airflow/example_dags/example_short_circuit_decorator.py for tasks to queue
[2026-05-17T04:55:13.809+0000] {logging_mixin.py:188} INFO - [2026-05-17T04:55:13.808+0000] {dagbag.py:545} INFO - Filling up the DagBag from /home/airflow/.local/lib/python3.12/site-packages/airflow/example_dags/example_short_circuit_decorator.py
[2026-05-17T04:55:13.824+0000] {processor.py:840} INFO - DAG(s) 'example_short_circuit_decorator' retrieved from /home/airflow/.local/lib/python3.12/site-packages/airflow/example_dags/example_short_circuit_decorator.py
[2026-05-17T04:55:13.855+0000] {logging_mixin.py:188} INFO - [2026-05-17T04:55:13.855+0000] {dag.py:3096} INFO - Sync 1 DAGs
[2026-05-17T04:55:13.877+0000] {logging_mixin.py:188} INFO - [2026-05-17T04:55:13.877+0000] {dag.py:3954} INFO - Setting next_dagrun for example_short_circuit_decorator to 2026-05-16 00:00:00+00:00, run_after=2026-05-17 00:00:00+00:00
[2026-05-17T04:55:13.894+0000] {processor.py:183} INFO - Processing /home/airflow/.local/lib/python3.12/site-packages/airflow/example_dags/example_short_circuit_decorator.py took 0.095 seconds
[2026-05-17T04:55:44.413+0000] {processor.py:161} INFO - Started process (PID=501) to work on /home/airflow/.local/lib/python3.12/site-packages/airflow/example_dags/example_short_circuit_decorator.py
[2026-05-17T04:55:44.414+0000] {processor.py:830} INFO - Processing file /home/airflow/.local/lib/python3.12/site-packages/airflow/example_dags/example_short_circuit_decorator.py for tasks to queue
[2026-05-17T04:55:44.417+0000] {logging_mixin.py:188} INFO - [2026-05-17T04:55:44.417+0000] {dagbag.py:545} INFO - Filling up the DagBag from /home/airflow/.local/lib/python3.12/site-packages/airflow/example_dags/example_short_circuit_decorator.py
[2026-05-17T04:55:44.428+0000] {processor.py:840} INFO - DAG(s) 'example_short_circuit_decorator' retrieved from /home/airflow/.local/lib/python3.12/site-packages/airflow/example_dags/example_short_circuit_decorator.py
[2026-05-17T04:55:44.457+0000] {logging_mixin.py:188} INFO - [2026-05-17T04:55:44.457+0000] {dag.py:3096} INFO - Sync 1 DAGs
[2026-05-17T04:55:44.482+0000] {logging_mixin.py:188} INFO - [2026-05-17T04:55:44.482+0000] {dag.py:3954} INFO - Setting next_dagrun for example_short_circuit_decorator to 2026-05-16 00:00:00+00:00, run_after=2026-05-17 00:00:00+00:00
[2026-05-17T04:55:44.507+0000] {processor.py:183} INFO - Processing /home/airflow/.local/lib/python3.12/site-packages/airflow/example_dags/example_short_circuit_decorator.py took 0.100 seconds
[2026-05-17T04:56:15.463+0000] {processor.py:161} INFO - Started process (PID=560) to work on /home/airflow/.local/lib/python3.12/site-packages/airflow/example_dags/example_short_circuit_decorator.py
[2026-05-17T04:56:15.464+0000] {processor.py:830} INFO - Processing file /home/airflow/.local/lib/python3.12/site-packages/airflow/example_dags/example_short_circuit_decorator.py for tasks to queue
[2026-05-17T04:56:15.467+0000] {logging_mixin.py:188} INFO - [2026-05-17T04:56:15.467+0000] {dagbag.py:545} INFO - Filling up the DagBag from /home/airflow/.local/lib/python3.12/site-packages/airflow/example_dags/example_short_circuit_decorator.py
[2026-05-17T04:56:15.478+0000] {processor.py:840} INFO - DAG(s) 'example_short_circuit_decorator' retrieved from /home/airflow/.local/lib/python3.12/site-packages/airflow/example_dags/example_short_circuit_decorator.py
[2026-05-17T04:56:15.519+0000] {logging_mixin.py:188} INFO - [2026-05-17T04:56:15.518+0000] {dag.py:3096} INFO - Sync 1 DAGs
[2026-05-17T04:56:15.587+0000] {logging_mixin.py:188} INFO - [2026-05-17T04:56:15.587+0000] {dag.py:3954} INFO - Setting next_dagrun for example_short_circuit_decorator to 2026-05-16 00:00:00+00:00, run_after=2026-05-17 00:00:00+00:00
[2026-05-17T04:56:15.674+0000] {processor.py:183} INFO - Processing /home/airflow/.local/lib/python3.12/site-packages/airflow/example_dags/example_short_circuit_decorator.py took 0.219 seconds
[2026-05-17T04:56:46.074+0000] {processor.py:161} INFO - Started process (PID=619) to work on /home/airflow/.local/lib/python3.12/site-packages/airflow/example_dags/example_short_circuit_decorator.py
[2026-05-17T04:56:46.075+0000] {processor.py:830} INFO - Processing file /home/airflow/.local/lib/python3.12/site-packages/airflow/example_dags/example_short_circuit_decorator.py for tasks to queue
[2026-05-17T04:56:46.081+0000] {logging_mixin.py:188} INFO - [2026-05-17T04:56:46.081+0000] {dagbag.py:545} INFO - Filling up the DagBag from /home/airflow/.local/lib/python3.12/site-packages/airflow/example_dags/example_short_circuit_decorator.py
[2026-05-17T04:56:46.090+0000] {processor.py:840} INFO - DAG(s) 'example_short_circuit_decorator' retrieved from /home/airflow/.local/lib/python3.12/site-packages/airflow/example_dags/example_short_circuit_decorator.py
[2026-05-17T04:56:46.115+0000] {logging_mixin.py:188} INFO - [2026-05-17T04:56:46.114+0000] {dag.py:3096} INFO - Sync 1 DAGs
[2026-05-17T04:56:46.140+0000] {logging_mixin.py:188} INFO - [2026-05-17T04:56:46.140+0000] {dag.py:3954} INFO - Setting next_dagrun for example_short_circuit_decorator to 2026-05-16 00:00:00+00:00, run_after=2026-05-17 00:00:00+00:00
[2026-05-17T04:56:46.159+0000] {processor.py:183} INFO - Processing /home/airflow/.local/lib/python3.12/site-packages/airflow/example_dags/example_short_circuit_decorator.py took 0.091 seconds
[2026-05-17T04:57:17.035+0000] {processor.py:161} INFO - Started process (PID=678) to work on /home/airflow/.local/lib/python3.12/site-packages/airflow/example_dags/example_short_circuit_decorator.py
[2026-05-17T04:57:17.036+0000] {processor.py:830} INFO - Processing file /home/airflow/.local/lib/python3.12/site-packages/airflow/example_dags/example_short_circuit_decorator.py for tasks to queue
[2026-05-17T04:57:17.038+0000] {logging_mixin.py:188} INFO - [2026-05-17T04:57:17.038+0000] {dagbag.py:545} INFO - Filling up the DagBag from /home/airflow/.local/lib/python3.12/site-packages/airflow/example_dags/example_short_circuit_decorator.py
[2026-05-17T04:57:17.046+0000] {processor.py:840} INFO - DAG(s) 'example_short_circuit_decorator' retrieved from /home/airflow/.local/lib/python3.12/site-packages/airflow/example_dags/example_short_circuit_decorator.py
[2026-05-17T04:57:17.078+0000] {logging_mixin.py:188} INFO - [2026-05-17T04:57:17.077+0000] {dag.py:3096} INFO - Sync 1 DAGs
[2026-05-17T04:57:17.126+0000] {logging_mixin.py:188} INFO - [2026-05-17T04:57:17.125+0000] {dag.py:3954} INFO - Setting next_dagrun for example_short_circuit_decorator to 2026-05-16 00:00:00+00:00, run_after=2026-05-17 00:00:00+00:00
[2026-05-17T04:57:17.148+0000] {processor.py:183} INFO - Processing /home/airflow/.local/lib/python3.12/site-packages/airflow/example_dags/example_short_circuit_decorator.py took 0.118 seconds
[2026-05-17T04:57:47.344+0000] {processor.py:161} INFO - Started process (PID=737) to work on /home/airflow/.local/lib/python3.12/site-packages/airflow/example_dags/example_short_circuit_decorator.py
[2026-05-17T04:57:47.345+0000] {processor.py:830} INFO - Processing file /home/airflow/.local/lib/python3.12/site-packages/airflow/example_dags/example_short_circuit_decorator.py for tasks to queue
[2026-05-17T04:57:47.346+0000] {logging_mixin.py:188} INFO - [2026-05-17T04:57:47.346+0000] {dagbag.py:545} INFO - Filling up the DagBag from /home/airflow/.local/lib/python3.12/site-packages/airflow/example_dags/example_short_circuit_decorator.py
[2026-05-17T04:57:47.357+0000] {processor.py:840} INFO - DAG(s) 'example_short_circuit_decorator' retrieved from /home/airflow/.local/lib/python3.12/site-packages/airflow/example_dags/example_short_circuit_decorator.py
[2026-05-17T04:57:47.378+0000] {logging_mixin.py:188} INFO - [2026-05-17T04:57:47.378+0000] {dag.py:3096} INFO - Sync 1 DAGs
[2026-05-17T04:57:47.395+0000] {logging_mixin.py:188} INFO - [2026-05-17T04:57:47.394+0000] {dag.py:3954} INFO - Setting next_dagrun for example_short_circuit_decorator to 2026-05-16 00:00:00+00:00, run_after=2026-05-17 00:00:00+00:00
[2026-05-17T04:57:47.437+0000] {processor.py:183} INFO - Processing /home/airflow/.local/lib/python3.12/site-packages/airflow/example_dags/example_short_circuit_decorator.py took 0.100 seconds
[2026-05-17T04:58:18.003+0000] {processor.py:161} INFO - Started process (PID=796) to work on /home/airflow/.local/lib/python3.12/site-packages/airflow/example_dags/example_short_circuit_decorator.py
[2026-05-17T04:58:18.004+0000] {processor.py:830} INFO - Processing file /home/airflow/.local/lib/python3.12/site-packages/airflow/example_dags/example_short_circuit_decorator.py for tasks to queue
[2026-05-17T04:58:18.006+0000] {logging_mixin.py:188} INFO - [2026-05-17T04:58:18.006+0000] {dagbag.py:545} INFO - Filling up the DagBag from /home/airflow/.local/lib/python3.12/site-packages/airflow/example_dags/example_short_circuit_decorator.py
[2026-05-17T04:58:18.013+0000] {processor.py:840} INFO - DAG(s) 'example_short_circuit_decorator' retrieved from /home/airflow/.local/lib/python3.12/site-packages/airflow/example_dags/example_short_circuit_decorator.py
[2026-05-17T04:58:18.031+0000] {logging_mixin.py:188} INFO - [2026-05-17T04:58:18.031+0000] {dag.py:3096} INFO - Sync 1 DAGs
[2026-05-17T04:58:18.051+0000] {logging_mixin.py:188} INFO - [2026-05-17T04:58:18.051+0000] {dag.py:3954} INFO - Setting next_dagrun for example_short_circuit_decorator to 2026-05-16 00:00:00+00:00, run_after=2026-05-17 00:00:00+00:00
[2026-05-17T04:58:18.066+0000] {processor.py:183} INFO - Processing /home/airflow/.local/lib/python3.12/site-packages/airflow/example_dags/example_short_circuit_decorator.py took 0.068 seconds
[2026-05-17T05:00:23.261+0000] {processor.py:161} INFO - Started process (PID=76) to work on /home/airflow/.local/lib/python3.12/site-packages/airflow/example_dags/example_short_circuit_decorator.py
[2026-05-17T05:00:23.262+0000] {processor.py:830} INFO - Processing file /home/airflow/.local/lib/python3.12/site-packages/airflow/example_dags/example_short_circuit_decorator.py for tasks to queue
[2026-05-17T05:00:23.265+0000] {logging_mixin.py:188} INFO - [2026-05-17T05:00:23.264+0000] {dagbag.py:545} INFO - Filling up the DagBag from /home/airflow/.local/lib/python3.12/site-packages/airflow/example_dags/example_short_circuit_decorator.py
[2026-05-17T05:00:23.275+0000] {processor.py:840} INFO - DAG(s) 'example_short_circuit_decorator' retrieved from /home/airflow/.local/lib/python3.12/site-packages/airflow/example_dags/example_short_circuit_decorator.py
[2026-05-17T05:00:23.298+0000] {logging_mixin.py:188} INFO - [2026-05-17T05:00:23.298+0000] {dag.py:3096} INFO - Sync 1 DAGs
[2026-05-17T05:00:23.319+0000] {logging_mixin.py:188} INFO - [2026-05-17T05:00:23.319+0000] {dag.py:3954} INFO - Setting next_dagrun for example_short_circuit_decorator to 2026-05-16 00:00:00+00:00, run_after=2026-05-17 00:00:00+00:00
[2026-05-17T05:00:23.334+0000] {processor.py:183} INFO - Processing /home/airflow/.local/lib/python3.12/site-packages/airflow/example_dags/example_short_circuit_decorator.py took 0.078 seconds
