[2026-05-17T04:43:53.088+0000] {processor.py:161} INFO - Started process (PID=90) to work on /home/airflow/.local/lib/python3.12/site-packages/airflow/example_dags/example_latest_only.py
[2026-05-17T04:43:53.093+0000] {processor.py:830} INFO - Processing file /home/airflow/.local/lib/python3.12/site-packages/airflow/example_dags/example_latest_only.py for tasks to queue
[2026-05-17T04:43:53.104+0000] {logging_mixin.py:188} INFO - [2026-05-17T04:43:53.099+0000] {dagbag.py:545} INFO - Filling up the DagBag from /home/airflow/.local/lib/python3.12/site-packages/airflow/example_dags/example_latest_only.py
[2026-05-17T04:43:53.156+0000] {processor.py:840} INFO - DAG(s) 'latest_only' retrieved from /home/airflow/.local/lib/python3.12/site-packages/airflow/example_dags/example_latest_only.py
[2026-05-17T04:43:53.205+0000] {logging_mixin.py:188} INFO - [2026-05-17T04:43:53.204+0000] {dag.py:3096} INFO - Sync 1 DAGs
[2026-05-17T04:43:53.277+0000] {logging_mixin.py:188} INFO - [2026-05-17T04:43:53.277+0000] {dag.py:3954} INFO - Setting next_dagrun for latest_only to 2026-05-17 00:00:00+00:00, run_after=2026-05-17 04:00:00+00:00
[2026-05-17T04:43:53.321+0000] {processor.py:183} INFO - Processing /home/airflow/.local/lib/python3.12/site-packages/airflow/example_dags/example_latest_only.py took 0.247 seconds
[2026-05-17T04:44:23.805+0000] {processor.py:161} INFO - Started process (PID=149) to work on /home/airflow/.local/lib/python3.12/site-packages/airflow/example_dags/example_latest_only.py
[2026-05-17T04:44:23.806+0000] {processor.py:830} INFO - Processing file /home/airflow/.local/lib/python3.12/site-packages/airflow/example_dags/example_latest_only.py for tasks to queue
[2026-05-17T04:44:23.807+0000] {logging_mixin.py:188} INFO - [2026-05-17T04:44:23.807+0000] {dagbag.py:545} INFO - Filling up the DagBag from /home/airflow/.local/lib/python3.12/site-packages/airflow/example_dags/example_latest_only.py
[2026-05-17T04:44:23.811+0000] {processor.py:840} INFO - DAG(s) 'latest_only' retrieved from /home/airflow/.local/lib/python3.12/site-packages/airflow/example_dags/example_latest_only.py
[2026-05-17T04:44:23.883+0000] {logging_mixin.py:188} INFO - [2026-05-17T04:44:23.883+0000] {dag.py:3096} INFO - Sync 1 DAGs
[2026-05-17T04:44:23.899+0000] {logging_mixin.py:188} INFO - [2026-05-17T04:44:23.899+0000] {dag.py:3954} INFO - Setting next_dagrun for latest_only to 2026-05-17 00:00:00+00:00, run_after=2026-05-17 04:00:00+00:00
[2026-05-17T04:44:23.918+0000] {processor.py:183} INFO - Processing /home/airflow/.local/lib/python3.12/site-packages/airflow/example_dags/example_latest_only.py took 0.118 seconds
[2026-05-17T04:44:54.065+0000] {processor.py:161} INFO - Started process (PID=208) to work on /home/airflow/.local/lib/python3.12/site-packages/airflow/example_dags/example_latest_only.py
[2026-05-17T04:44:54.066+0000] {processor.py:830} INFO - Processing file /home/airflow/.local/lib/python3.12/site-packages/airflow/example_dags/example_latest_only.py for tasks to queue
[2026-05-17T04:44:54.068+0000] {logging_mixin.py:188} INFO - [2026-05-17T04:44:54.067+0000] {dagbag.py:545} INFO - Filling up the DagBag from /home/airflow/.local/lib/python3.12/site-packages/airflow/example_dags/example_latest_only.py
[2026-05-17T04:44:54.072+0000] {processor.py:840} INFO - DAG(s) 'latest_only' retrieved from /home/airflow/.local/lib/python3.12/site-packages/airflow/example_dags/example_latest_only.py
[2026-05-17T04:44:54.088+0000] {logging_mixin.py:188} INFO - [2026-05-17T04:44:54.088+0000] {dag.py:3096} INFO - Sync 1 DAGs
[2026-05-17T04:44:54.106+0000] {logging_mixin.py:188} INFO - [2026-05-17T04:44:54.106+0000] {dag.py:3954} INFO - Setting next_dagrun for latest_only to 2026-05-17 00:00:00+00:00, run_after=2026-05-17 04:00:00+00:00
[2026-05-17T04:44:54.121+0000] {processor.py:183} INFO - Processing /home/airflow/.local/lib/python3.12/site-packages/airflow/example_dags/example_latest_only.py took 0.061 seconds
[2026-05-17T04:45:24.283+0000] {processor.py:161} INFO - Started process (PID=267) to work on /home/airflow/.local/lib/python3.12/site-packages/airflow/example_dags/example_latest_only.py
[2026-05-17T04:45:24.284+0000] {processor.py:830} INFO - Processing file /home/airflow/.local/lib/python3.12/site-packages/airflow/example_dags/example_latest_only.py for tasks to queue
[2026-05-17T04:45:24.286+0000] {logging_mixin.py:188} INFO - [2026-05-17T04:45:24.286+0000] {dagbag.py:545} INFO - Filling up the DagBag from /home/airflow/.local/lib/python3.12/site-packages/airflow/example_dags/example_latest_only.py
[2026-05-17T04:45:24.289+0000] {processor.py:840} INFO - DAG(s) 'latest_only' retrieved from /home/airflow/.local/lib/python3.12/site-packages/airflow/example_dags/example_latest_only.py
[2026-05-17T04:45:24.304+0000] {logging_mixin.py:188} INFO - [2026-05-17T04:45:24.304+0000] {dag.py:3096} INFO - Sync 1 DAGs
[2026-05-17T04:45:24.320+0000] {logging_mixin.py:188} INFO - [2026-05-17T04:45:24.320+0000] {dag.py:3954} INFO - Setting next_dagrun for latest_only to 2026-05-17 00:00:00+00:00, run_after=2026-05-17 04:00:00+00:00
[2026-05-17T04:45:24.332+0000] {processor.py:183} INFO - Processing /home/airflow/.local/lib/python3.12/site-packages/airflow/example_dags/example_latest_only.py took 0.053 seconds
[2026-05-17T04:45:54.795+0000] {processor.py:161} INFO - Started process (PID=326) to work on /home/airflow/.local/lib/python3.12/site-packages/airflow/example_dags/example_latest_only.py
[2026-05-17T04:45:54.796+0000] {processor.py:830} INFO - Processing file /home/airflow/.local/lib/python3.12/site-packages/airflow/example_dags/example_latest_only.py for tasks to queue
[2026-05-17T04:45:54.797+0000] {logging_mixin.py:188} INFO - [2026-05-17T04:45:54.797+0000] {dagbag.py:545} INFO - Filling up the DagBag from /home/airflow/.local/lib/python3.12/site-packages/airflow/example_dags/example_latest_only.py
[2026-05-17T04:45:54.801+0000] {processor.py:840} INFO - DAG(s) 'latest_only' retrieved from /home/airflow/.local/lib/python3.12/site-packages/airflow/example_dags/example_latest_only.py
[2026-05-17T04:45:54.815+0000] {logging_mixin.py:188} INFO - [2026-05-17T04:45:54.814+0000] {dag.py:3096} INFO - Sync 1 DAGs
[2026-05-17T04:45:54.829+0000] {logging_mixin.py:188} INFO - [2026-05-17T04:45:54.829+0000] {dag.py:3954} INFO - Setting next_dagrun for latest_only to 2026-05-17 00:00:00+00:00, run_after=2026-05-17 04:00:00+00:00
[2026-05-17T04:45:54.842+0000] {processor.py:183} INFO - Processing /home/airflow/.local/lib/python3.12/site-packages/airflow/example_dags/example_latest_only.py took 0.051 seconds
[2026-05-17T04:46:25.380+0000] {processor.py:161} INFO - Started process (PID=385) to work on /home/airflow/.local/lib/python3.12/site-packages/airflow/example_dags/example_latest_only.py
[2026-05-17T04:46:25.381+0000] {processor.py:830} INFO - Processing file /home/airflow/.local/lib/python3.12/site-packages/airflow/example_dags/example_latest_only.py for tasks to queue
[2026-05-17T04:46:25.382+0000] {logging_mixin.py:188} INFO - [2026-05-17T04:46:25.382+0000] {dagbag.py:545} INFO - Filling up the DagBag from /home/airflow/.local/lib/python3.12/site-packages/airflow/example_dags/example_latest_only.py
[2026-05-17T04:46:25.386+0000] {processor.py:840} INFO - DAG(s) 'latest_only' retrieved from /home/airflow/.local/lib/python3.12/site-packages/airflow/example_dags/example_latest_only.py
[2026-05-17T04:46:25.398+0000] {logging_mixin.py:188} INFO - [2026-05-17T04:46:25.398+0000] {dag.py:3096} INFO - Sync 1 DAGs
[2026-05-17T04:46:25.411+0000] {logging_mixin.py:188} INFO - [2026-05-17T04:46:25.411+0000] {dag.py:3954} INFO - Setting next_dagrun for latest_only to 2026-05-17 00:00:00+00:00, run_after=2026-05-17 04:00:00+00:00
[2026-05-17T04:46:25.422+0000] {processor.py:183} INFO - Processing /home/airflow/.local/lib/python3.12/site-packages/airflow/example_dags/example_latest_only.py took 0.047 seconds
[2026-05-17T04:46:55.851+0000] {processor.py:161} INFO - Started process (PID=444) to work on /home/airflow/.local/lib/python3.12/site-packages/airflow/example_dags/example_latest_only.py
[2026-05-17T04:46:55.852+0000] {processor.py:830} INFO - Processing file /home/airflow/.local/lib/python3.12/site-packages/airflow/example_dags/example_latest_only.py for tasks to queue
[2026-05-17T04:46:55.854+0000] {logging_mixin.py:188} INFO - [2026-05-17T04:46:55.854+0000] {dagbag.py:545} INFO - Filling up the DagBag from /home/airflow/.local/lib/python3.12/site-packages/airflow/example_dags/example_latest_only.py
[2026-05-17T04:46:55.858+0000] {processor.py:840} INFO - DAG(s) 'latest_only' retrieved from /home/airflow/.local/lib/python3.12/site-packages/airflow/example_dags/example_latest_only.py
[2026-05-17T04:46:55.877+0000] {logging_mixin.py:188} INFO - [2026-05-17T04:46:55.877+0000] {dag.py:3096} INFO - Sync 1 DAGs
[2026-05-17T04:46:55.895+0000] {logging_mixin.py:188} INFO - [2026-05-17T04:46:55.895+0000] {dag.py:3954} INFO - Setting next_dagrun for latest_only to 2026-05-17 00:00:00+00:00, run_after=2026-05-17 04:00:00+00:00
[2026-05-17T04:46:55.917+0000] {processor.py:183} INFO - Processing /home/airflow/.local/lib/python3.12/site-packages/airflow/example_dags/example_latest_only.py took 0.071 seconds
[2026-05-17T04:47:26.378+0000] {processor.py:161} INFO - Started process (PID=503) to work on /home/airflow/.local/lib/python3.12/site-packages/airflow/example_dags/example_latest_only.py
[2026-05-17T04:47:26.379+0000] {processor.py:830} INFO - Processing file /home/airflow/.local/lib/python3.12/site-packages/airflow/example_dags/example_latest_only.py for tasks to queue
[2026-05-17T04:47:26.380+0000] {logging_mixin.py:188} INFO - [2026-05-17T04:47:26.380+0000] {dagbag.py:545} INFO - Filling up the DagBag from /home/airflow/.local/lib/python3.12/site-packages/airflow/example_dags/example_latest_only.py
[2026-05-17T04:47:26.384+0000] {processor.py:840} INFO - DAG(s) 'latest_only' retrieved from /home/airflow/.local/lib/python3.12/site-packages/airflow/example_dags/example_latest_only.py
[2026-05-17T04:47:26.397+0000] {logging_mixin.py:188} INFO - [2026-05-17T04:47:26.397+0000] {dag.py:3096} INFO - Sync 1 DAGs
[2026-05-17T04:47:26.410+0000] {logging_mixin.py:188} INFO - [2026-05-17T04:47:26.410+0000] {dag.py:3954} INFO - Setting next_dagrun for latest_only to 2026-05-17 00:00:00+00:00, run_after=2026-05-17 04:00:00+00:00
[2026-05-17T04:47:26.424+0000] {processor.py:183} INFO - Processing /home/airflow/.local/lib/python3.12/site-packages/airflow/example_dags/example_latest_only.py took 0.049 seconds
[2026-05-17T04:47:56.709+0000] {processor.py:161} INFO - Started process (PID=562) to work on /home/airflow/.local/lib/python3.12/site-packages/airflow/example_dags/example_latest_only.py
[2026-05-17T04:47:56.710+0000] {processor.py:830} INFO - Processing file /home/airflow/.local/lib/python3.12/site-packages/airflow/example_dags/example_latest_only.py for tasks to queue
[2026-05-17T04:47:56.711+0000] {logging_mixin.py:188} INFO - [2026-05-17T04:47:56.711+0000] {dagbag.py:545} INFO - Filling up the DagBag from /home/airflow/.local/lib/python3.12/site-packages/airflow/example_dags/example_latest_only.py
[2026-05-17T04:47:56.715+0000] {processor.py:840} INFO - DAG(s) 'latest_only' retrieved from /home/airflow/.local/lib/python3.12/site-packages/airflow/example_dags/example_latest_only.py
[2026-05-17T04:47:56.728+0000] {logging_mixin.py:188} INFO - [2026-05-17T04:47:56.728+0000] {dag.py:3096} INFO - Sync 1 DAGs
[2026-05-17T04:47:56.741+0000] {logging_mixin.py:188} INFO - [2026-05-17T04:47:56.740+0000] {dag.py:3954} INFO - Setting next_dagrun for latest_only to 2026-05-17 00:00:00+00:00, run_after=2026-05-17 04:00:00+00:00
[2026-05-17T04:47:56.752+0000] {processor.py:183} INFO - Processing /home/airflow/.local/lib/python3.12/site-packages/airflow/example_dags/example_latest_only.py took 0.048 seconds
[2026-05-17T04:48:27.317+0000] {processor.py:161} INFO - Started process (PID=621) to work on /home/airflow/.local/lib/python3.12/site-packages/airflow/example_dags/example_latest_only.py
[2026-05-17T04:48:27.318+0000] {processor.py:830} INFO - Processing file /home/airflow/.local/lib/python3.12/site-packages/airflow/example_dags/example_latest_only.py for tasks to queue
[2026-05-17T04:48:27.319+0000] {logging_mixin.py:188} INFO - [2026-05-17T04:48:27.319+0000] {dagbag.py:545} INFO - Filling up the DagBag from /home/airflow/.local/lib/python3.12/site-packages/airflow/example_dags/example_latest_only.py
[2026-05-17T04:48:27.324+0000] {processor.py:840} INFO - DAG(s) 'latest_only' retrieved from /home/airflow/.local/lib/python3.12/site-packages/airflow/example_dags/example_latest_only.py
[2026-05-17T04:48:27.337+0000] {logging_mixin.py:188} INFO - [2026-05-17T04:48:27.337+0000] {dag.py:3096} INFO - Sync 1 DAGs
[2026-05-17T04:48:27.350+0000] {logging_mixin.py:188} INFO - [2026-05-17T04:48:27.350+0000] {dag.py:3954} INFO - Setting next_dagrun for latest_only to 2026-05-17 00:00:00+00:00, run_after=2026-05-17 04:00:00+00:00
[2026-05-17T04:48:27.365+0000] {processor.py:183} INFO - Processing /home/airflow/.local/lib/python3.12/site-packages/airflow/example_dags/example_latest_only.py took 0.052 seconds
[2026-05-17T04:48:57.810+0000] {processor.py:161} INFO - Started process (PID=680) to work on /home/airflow/.local/lib/python3.12/site-packages/airflow/example_dags/example_latest_only.py
[2026-05-17T04:48:57.811+0000] {processor.py:830} INFO - Processing file /home/airflow/.local/lib/python3.12/site-packages/airflow/example_dags/example_latest_only.py for tasks to queue
[2026-05-17T04:48:57.813+0000] {logging_mixin.py:188} INFO - [2026-05-17T04:48:57.813+0000] {dagbag.py:545} INFO - Filling up the DagBag from /home/airflow/.local/lib/python3.12/site-packages/airflow/example_dags/example_latest_only.py
[2026-05-17T04:48:57.817+0000] {processor.py:840} INFO - DAG(s) 'latest_only' retrieved from /home/airflow/.local/lib/python3.12/site-packages/airflow/example_dags/example_latest_only.py
[2026-05-17T04:48:57.831+0000] {logging_mixin.py:188} INFO - [2026-05-17T04:48:57.831+0000] {dag.py:3096} INFO - Sync 1 DAGs
[2026-05-17T04:48:57.844+0000] {logging_mixin.py:188} INFO - [2026-05-17T04:48:57.844+0000] {dag.py:3954} INFO - Setting next_dagrun for latest_only to 2026-05-17 00:00:00+00:00, run_after=2026-05-17 04:00:00+00:00
[2026-05-17T04:48:57.857+0000] {processor.py:183} INFO - Processing /home/airflow/.local/lib/python3.12/site-packages/airflow/example_dags/example_latest_only.py took 0.051 seconds
[2026-05-17T04:49:28.582+0000] {processor.py:161} INFO - Started process (PID=739) to work on /home/airflow/.local/lib/python3.12/site-packages/airflow/example_dags/example_latest_only.py
[2026-05-17T04:49:28.583+0000] {processor.py:830} INFO - Processing file /home/airflow/.local/lib/python3.12/site-packages/airflow/example_dags/example_latest_only.py for tasks to queue
[2026-05-17T04:49:28.585+0000] {logging_mixin.py:188} INFO - [2026-05-17T04:49:28.584+0000] {dagbag.py:545} INFO - Filling up the DagBag from /home/airflow/.local/lib/python3.12/site-packages/airflow/example_dags/example_latest_only.py
[2026-05-17T04:49:28.589+0000] {processor.py:840} INFO - DAG(s) 'latest_only' retrieved from /home/airflow/.local/lib/python3.12/site-packages/airflow/example_dags/example_latest_only.py
[2026-05-17T04:49:28.605+0000] {logging_mixin.py:188} INFO - [2026-05-17T04:49:28.604+0000] {dag.py:3096} INFO - Sync 1 DAGs
[2026-05-17T04:49:28.629+0000] {logging_mixin.py:188} INFO - [2026-05-17T04:49:28.629+0000] {dag.py:3954} INFO - Setting next_dagrun for latest_only to 2026-05-17 00:00:00+00:00, run_after=2026-05-17 04:00:00+00:00
[2026-05-17T04:49:28.648+0000] {processor.py:183} INFO - Processing /home/airflow/.local/lib/python3.12/site-packages/airflow/example_dags/example_latest_only.py took 0.070 seconds
[2026-05-17T04:49:58.992+0000] {processor.py:161} INFO - Started process (PID=798) to work on /home/airflow/.local/lib/python3.12/site-packages/airflow/example_dags/example_latest_only.py
[2026-05-17T04:49:58.994+0000] {processor.py:830} INFO - Processing file /home/airflow/.local/lib/python3.12/site-packages/airflow/example_dags/example_latest_only.py for tasks to queue
[2026-05-17T04:49:58.998+0000] {logging_mixin.py:188} INFO - [2026-05-17T04:49:58.997+0000] {dagbag.py:545} INFO - Filling up the DagBag from /home/airflow/.local/lib/python3.12/site-packages/airflow/example_dags/example_latest_only.py
[2026-05-17T04:49:59.009+0000] {processor.py:840} INFO - DAG(s) 'latest_only' retrieved from /home/airflow/.local/lib/python3.12/site-packages/airflow/example_dags/example_latest_only.py
[2026-05-17T04:49:59.039+0000] {logging_mixin.py:188} INFO - [2026-05-17T04:49:59.038+0000] {dag.py:3096} INFO - Sync 1 DAGs
[2026-05-17T04:49:59.070+0000] {logging_mixin.py:188} INFO - [2026-05-17T04:49:59.070+0000] {dag.py:3954} INFO - Setting next_dagrun for latest_only to 2026-05-17 00:00:00+00:00, run_after=2026-05-17 04:00:00+00:00
[2026-05-17T04:49:59.106+0000] {processor.py:183} INFO - Processing /home/airflow/.local/lib/python3.12/site-packages/airflow/example_dags/example_latest_only.py took 0.127 seconds
[2026-05-17T04:50:29.709+0000] {processor.py:161} INFO - Started process (PID=857) to work on /home/airflow/.local/lib/python3.12/site-packages/airflow/example_dags/example_latest_only.py
[2026-05-17T04:50:29.710+0000] {processor.py:830} INFO - Processing file /home/airflow/.local/lib/python3.12/site-packages/airflow/example_dags/example_latest_only.py for tasks to queue
[2026-05-17T04:50:29.712+0000] {logging_mixin.py:188} INFO - [2026-05-17T04:50:29.712+0000] {dagbag.py:545} INFO - Filling up the DagBag from /home/airflow/.local/lib/python3.12/site-packages/airflow/example_dags/example_latest_only.py
[2026-05-17T04:50:29.716+0000] {processor.py:840} INFO - DAG(s) 'latest_only' retrieved from /home/airflow/.local/lib/python3.12/site-packages/airflow/example_dags/example_latest_only.py
[2026-05-17T04:50:29.731+0000] {logging_mixin.py:188} INFO - [2026-05-17T04:50:29.731+0000] {dag.py:3096} INFO - Sync 1 DAGs
[2026-05-17T04:50:29.748+0000] {logging_mixin.py:188} INFO - [2026-05-17T04:50:29.747+0000] {dag.py:3954} INFO - Setting next_dagrun for latest_only to 2026-05-17 00:00:00+00:00, run_after=2026-05-17 04:00:00+00:00
[2026-05-17T04:50:29.764+0000] {processor.py:183} INFO - Processing /home/airflow/.local/lib/python3.12/site-packages/airflow/example_dags/example_latest_only.py took 0.059 seconds
[2026-05-17T04:51:00.431+0000] {processor.py:161} INFO - Started process (PID=916) to work on /home/airflow/.local/lib/python3.12/site-packages/airflow/example_dags/example_latest_only.py
[2026-05-17T04:51:00.432+0000] {processor.py:830} INFO - Processing file /home/airflow/.local/lib/python3.12/site-packages/airflow/example_dags/example_latest_only.py for tasks to queue
[2026-05-17T04:51:00.433+0000] {logging_mixin.py:188} INFO - [2026-05-17T04:51:00.433+0000] {dagbag.py:545} INFO - Filling up the DagBag from /home/airflow/.local/lib/python3.12/site-packages/airflow/example_dags/example_latest_only.py
[2026-05-17T04:51:00.437+0000] {processor.py:840} INFO - DAG(s) 'latest_only' retrieved from /home/airflow/.local/lib/python3.12/site-packages/airflow/example_dags/example_latest_only.py
[2026-05-17T04:51:00.450+0000] {logging_mixin.py:188} INFO - [2026-05-17T04:51:00.450+0000] {dag.py:3096} INFO - Sync 1 DAGs
[2026-05-17T04:51:00.463+0000] {logging_mixin.py:188} INFO - [2026-05-17T04:51:00.463+0000] {dag.py:3954} INFO - Setting next_dagrun for latest_only to 2026-05-17 00:00:00+00:00, run_after=2026-05-17 04:00:00+00:00
[2026-05-17T04:51:00.475+0000] {processor.py:183} INFO - Processing /home/airflow/.local/lib/python3.12/site-packages/airflow/example_dags/example_latest_only.py took 0.049 seconds
[2026-05-17T04:52:11.598+0000] {processor.py:161} INFO - Started process (PID=84) to work on /home/airflow/.local/lib/python3.12/site-packages/airflow/example_dags/example_latest_only.py
[2026-05-17T04:52:11.600+0000] {processor.py:830} INFO - Processing file /home/airflow/.local/lib/python3.12/site-packages/airflow/example_dags/example_latest_only.py for tasks to queue
[2026-05-17T04:52:11.604+0000] {logging_mixin.py:188} INFO - [2026-05-17T04:52:11.603+0000] {dagbag.py:545} INFO - Filling up the DagBag from /home/airflow/.local/lib/python3.12/site-packages/airflow/example_dags/example_latest_only.py
[2026-05-17T04:52:11.616+0000] {processor.py:840} INFO - DAG(s) 'latest_only' retrieved from /home/airflow/.local/lib/python3.12/site-packages/airflow/example_dags/example_latest_only.py
[2026-05-17T04:52:11.642+0000] {logging_mixin.py:188} INFO - [2026-05-17T04:52:11.642+0000] {dag.py:3096} INFO - Sync 1 DAGs
[2026-05-17T04:52:11.676+0000] {logging_mixin.py:188} INFO - [2026-05-17T04:52:11.676+0000] {dag.py:3954} INFO - Setting next_dagrun for latest_only to 2026-05-17 00:00:00+00:00, run_after=2026-05-17 04:00:00+00:00
[2026-05-17T04:52:11.700+0000] {processor.py:183} INFO - Processing /home/airflow/.local/lib/python3.12/site-packages/airflow/example_dags/example_latest_only.py took 0.109 seconds
[2026-05-17T04:52:42.145+0000] {processor.py:161} INFO - Started process (PID=143) to work on /home/airflow/.local/lib/python3.12/site-packages/airflow/example_dags/example_latest_only.py
[2026-05-17T04:52:42.146+0000] {processor.py:830} INFO - Processing file /home/airflow/.local/lib/python3.12/site-packages/airflow/example_dags/example_latest_only.py for tasks to queue
[2026-05-17T04:52:42.147+0000] {logging_mixin.py:188} INFO - [2026-05-17T04:52:42.147+0000] {dagbag.py:545} INFO - Filling up the DagBag from /home/airflow/.local/lib/python3.12/site-packages/airflow/example_dags/example_latest_only.py
[2026-05-17T04:52:42.150+0000] {processor.py:840} INFO - DAG(s) 'latest_only' retrieved from /home/airflow/.local/lib/python3.12/site-packages/airflow/example_dags/example_latest_only.py
[2026-05-17T04:52:42.213+0000] {logging_mixin.py:188} INFO - [2026-05-17T04:52:42.213+0000] {dag.py:3096} INFO - Sync 1 DAGs
[2026-05-17T04:52:42.226+0000] {logging_mixin.py:188} INFO - [2026-05-17T04:52:42.226+0000] {dag.py:3954} INFO - Setting next_dagrun for latest_only to 2026-05-17 00:00:00+00:00, run_after=2026-05-17 04:00:00+00:00
[2026-05-17T04:52:42.240+0000] {processor.py:183} INFO - Processing /home/airflow/.local/lib/python3.12/site-packages/airflow/example_dags/example_latest_only.py took 0.099 seconds
[2026-05-17T04:53:12.921+0000] {processor.py:161} INFO - Started process (PID=208) to work on /home/airflow/.local/lib/python3.12/site-packages/airflow/example_dags/example_latest_only.py
[2026-05-17T04:53:12.922+0000] {processor.py:830} INFO - Processing file /home/airflow/.local/lib/python3.12/site-packages/airflow/example_dags/example_latest_only.py for tasks to queue
[2026-05-17T04:53:12.923+0000] {logging_mixin.py:188} INFO - [2026-05-17T04:53:12.923+0000] {dagbag.py:545} INFO - Filling up the DagBag from /home/airflow/.local/lib/python3.12/site-packages/airflow/example_dags/example_latest_only.py
[2026-05-17T04:53:12.928+0000] {processor.py:840} INFO - DAG(s) 'latest_only' retrieved from /home/airflow/.local/lib/python3.12/site-packages/airflow/example_dags/example_latest_only.py
[2026-05-17T04:53:12.944+0000] {logging_mixin.py:188} INFO - [2026-05-17T04:53:12.944+0000] {dag.py:3096} INFO - Sync 1 DAGs
[2026-05-17T04:53:12.964+0000] {logging_mixin.py:188} INFO - [2026-05-17T04:53:12.964+0000] {dag.py:3954} INFO - Setting next_dagrun for latest_only to 2026-05-17 00:00:00+00:00, run_after=2026-05-17 04:00:00+00:00
[2026-05-17T04:53:12.983+0000] {processor.py:183} INFO - Processing /home/airflow/.local/lib/python3.12/site-packages/airflow/example_dags/example_latest_only.py took 0.066 seconds
[2026-05-17T04:53:43.154+0000] {processor.py:161} INFO - Started process (PID=267) to work on /home/airflow/.local/lib/python3.12/site-packages/airflow/example_dags/example_latest_only.py
[2026-05-17T04:53:43.155+0000] {processor.py:830} INFO - Processing file /home/airflow/.local/lib/python3.12/site-packages/airflow/example_dags/example_latest_only.py for tasks to queue
[2026-05-17T04:53:43.157+0000] {logging_mixin.py:188} INFO - [2026-05-17T04:53:43.156+0000] {dagbag.py:545} INFO - Filling up the DagBag from /home/airflow/.local/lib/python3.12/site-packages/airflow/example_dags/example_latest_only.py
[2026-05-17T04:53:43.163+0000] {processor.py:840} INFO - DAG(s) 'latest_only' retrieved from /home/airflow/.local/lib/python3.12/site-packages/airflow/example_dags/example_latest_only.py
[2026-05-17T04:53:43.192+0000] {logging_mixin.py:188} INFO - [2026-05-17T04:53:43.191+0000] {dag.py:3096} INFO - Sync 1 DAGs
[2026-05-17T04:53:43.216+0000] {logging_mixin.py:188} INFO - [2026-05-17T04:53:43.215+0000] {dag.py:3954} INFO - Setting next_dagrun for latest_only to 2026-05-17 00:00:00+00:00, run_after=2026-05-17 04:00:00+00:00
[2026-05-17T04:53:43.239+0000] {processor.py:183} INFO - Processing /home/airflow/.local/lib/python3.12/site-packages/airflow/example_dags/example_latest_only.py took 0.091 seconds
[2026-05-17T04:54:13.445+0000] {processor.py:161} INFO - Started process (PID=326) to work on /home/airflow/.local/lib/python3.12/site-packages/airflow/example_dags/example_latest_only.py
[2026-05-17T04:54:13.446+0000] {processor.py:830} INFO - Processing file /home/airflow/.local/lib/python3.12/site-packages/airflow/example_dags/example_latest_only.py for tasks to queue
[2026-05-17T04:54:13.447+0000] {logging_mixin.py:188} INFO - [2026-05-17T04:54:13.447+0000] {dagbag.py:545} INFO - Filling up the DagBag from /home/airflow/.local/lib/python3.12/site-packages/airflow/example_dags/example_latest_only.py
[2026-05-17T04:54:13.452+0000] {processor.py:840} INFO - DAG(s) 'latest_only' retrieved from /home/airflow/.local/lib/python3.12/site-packages/airflow/example_dags/example_latest_only.py
[2026-05-17T04:54:13.465+0000] {logging_mixin.py:188} INFO - [2026-05-17T04:54:13.464+0000] {dag.py:3096} INFO - Sync 1 DAGs
[2026-05-17T04:54:13.477+0000] {logging_mixin.py:188} INFO - [2026-05-17T04:54:13.477+0000] {dag.py:3954} INFO - Setting next_dagrun for latest_only to 2026-05-17 00:00:00+00:00, run_after=2026-05-17 04:00:00+00:00
[2026-05-17T04:54:13.488+0000] {processor.py:183} INFO - Processing /home/airflow/.local/lib/python3.12/site-packages/airflow/example_dags/example_latest_only.py took 0.048 seconds
[2026-05-17T04:54:43.721+0000] {processor.py:161} INFO - Started process (PID=385) to work on /home/airflow/.local/lib/python3.12/site-packages/airflow/example_dags/example_latest_only.py
[2026-05-17T04:54:43.722+0000] {processor.py:830} INFO - Processing file /home/airflow/.local/lib/python3.12/site-packages/airflow/example_dags/example_latest_only.py for tasks to queue
[2026-05-17T04:54:43.724+0000] {logging_mixin.py:188} INFO - [2026-05-17T04:54:43.724+0000] {dagbag.py:545} INFO - Filling up the DagBag from /home/airflow/.local/lib/python3.12/site-packages/airflow/example_dags/example_latest_only.py
[2026-05-17T04:54:43.729+0000] {processor.py:840} INFO - DAG(s) 'latest_only' retrieved from /home/airflow/.local/lib/python3.12/site-packages/airflow/example_dags/example_latest_only.py
[2026-05-17T04:54:43.746+0000] {logging_mixin.py:188} INFO - [2026-05-17T04:54:43.746+0000] {dag.py:3096} INFO - Sync 1 DAGs
[2026-05-17T04:54:43.768+0000] {logging_mixin.py:188} INFO - [2026-05-17T04:54:43.768+0000] {dag.py:3954} INFO - Setting next_dagrun for latest_only to 2026-05-17 00:00:00+00:00, run_after=2026-05-17 04:00:00+00:00
[2026-05-17T04:54:43.784+0000] {processor.py:183} INFO - Processing /home/airflow/.local/lib/python3.12/site-packages/airflow/example_dags/example_latest_only.py took 0.070 seconds
[2026-05-17T04:55:13.921+0000] {processor.py:161} INFO - Started process (PID=444) to work on /home/airflow/.local/lib/python3.12/site-packages/airflow/example_dags/example_latest_only.py
[2026-05-17T04:55:13.925+0000] {processor.py:830} INFO - Processing file /home/airflow/.local/lib/python3.12/site-packages/airflow/example_dags/example_latest_only.py for tasks to queue
[2026-05-17T04:55:13.928+0000] {logging_mixin.py:188} INFO - [2026-05-17T04:55:13.927+0000] {dagbag.py:545} INFO - Filling up the DagBag from /home/airflow/.local/lib/python3.12/site-packages/airflow/example_dags/example_latest_only.py
[2026-05-17T04:55:13.932+0000] {processor.py:840} INFO - DAG(s) 'latest_only' retrieved from /home/airflow/.local/lib/python3.12/site-packages/airflow/example_dags/example_latest_only.py
[2026-05-17T04:55:13.952+0000] {logging_mixin.py:188} INFO - [2026-05-17T04:55:13.952+0000] {dag.py:3096} INFO - Sync 1 DAGs
[2026-05-17T04:55:13.972+0000] {logging_mixin.py:188} INFO - [2026-05-17T04:55:13.972+0000] {dag.py:3954} INFO - Setting next_dagrun for latest_only to 2026-05-17 00:00:00+00:00, run_after=2026-05-17 04:00:00+00:00
[2026-05-17T04:55:13.990+0000] {processor.py:183} INFO - Processing /home/airflow/.local/lib/python3.12/site-packages/airflow/example_dags/example_latest_only.py took 0.075 seconds
[2026-05-17T04:55:44.539+0000] {processor.py:161} INFO - Started process (PID=503) to work on /home/airflow/.local/lib/python3.12/site-packages/airflow/example_dags/example_latest_only.py
[2026-05-17T04:55:44.540+0000] {processor.py:830} INFO - Processing file /home/airflow/.local/lib/python3.12/site-packages/airflow/example_dags/example_latest_only.py for tasks to queue
[2026-05-17T04:55:44.543+0000] {logging_mixin.py:188} INFO - [2026-05-17T04:55:44.542+0000] {dagbag.py:545} INFO - Filling up the DagBag from /home/airflow/.local/lib/python3.12/site-packages/airflow/example_dags/example_latest_only.py
[2026-05-17T04:55:44.547+0000] {processor.py:840} INFO - DAG(s) 'latest_only' retrieved from /home/airflow/.local/lib/python3.12/site-packages/airflow/example_dags/example_latest_only.py
[2026-05-17T04:55:44.566+0000] {logging_mixin.py:188} INFO - [2026-05-17T04:55:44.566+0000] {dag.py:3096} INFO - Sync 1 DAGs
[2026-05-17T04:55:44.591+0000] {logging_mixin.py:188} INFO - [2026-05-17T04:55:44.591+0000] {dag.py:3954} INFO - Setting next_dagrun for latest_only to 2026-05-17 00:00:00+00:00, run_after=2026-05-17 04:00:00+00:00
[2026-05-17T04:55:44.609+0000] {processor.py:183} INFO - Processing /home/airflow/.local/lib/python3.12/site-packages/airflow/example_dags/example_latest_only.py took 0.076 seconds
[2026-05-17T04:56:15.735+0000] {processor.py:161} INFO - Started process (PID=562) to work on /home/airflow/.local/lib/python3.12/site-packages/airflow/example_dags/example_latest_only.py
[2026-05-17T04:56:15.737+0000] {processor.py:830} INFO - Processing file /home/airflow/.local/lib/python3.12/site-packages/airflow/example_dags/example_latest_only.py for tasks to queue
[2026-05-17T04:56:15.753+0000] {logging_mixin.py:188} INFO - [2026-05-17T04:56:15.752+0000] {dagbag.py:545} INFO - Filling up the DagBag from /home/airflow/.local/lib/python3.12/site-packages/airflow/example_dags/example_latest_only.py
[2026-05-17T04:56:15.773+0000] {processor.py:840} INFO - DAG(s) 'latest_only' retrieved from /home/airflow/.local/lib/python3.12/site-packages/airflow/example_dags/example_latest_only.py
[2026-05-17T04:56:15.816+0000] {logging_mixin.py:188} INFO - [2026-05-17T04:56:15.815+0000] {dag.py:3096} INFO - Sync 1 DAGs
[2026-05-17T04:56:15.847+0000] {logging_mixin.py:188} INFO - [2026-05-17T04:56:15.847+0000] {dag.py:3954} INFO - Setting next_dagrun for latest_only to 2026-05-17 00:00:00+00:00, run_after=2026-05-17 04:00:00+00:00
[2026-05-17T04:56:15.913+0000] {processor.py:183} INFO - Processing /home/airflow/.local/lib/python3.12/site-packages/airflow/example_dags/example_latest_only.py took 0.189 seconds
[2026-05-17T04:56:46.195+0000] {processor.py:161} INFO - Started process (PID=621) to work on /home/airflow/.local/lib/python3.12/site-packages/airflow/example_dags/example_latest_only.py
[2026-05-17T04:56:46.196+0000] {processor.py:830} INFO - Processing file /home/airflow/.local/lib/python3.12/site-packages/airflow/example_dags/example_latest_only.py for tasks to queue
[2026-05-17T04:56:46.200+0000] {logging_mixin.py:188} INFO - [2026-05-17T04:56:46.199+0000] {dagbag.py:545} INFO - Filling up the DagBag from /home/airflow/.local/lib/python3.12/site-packages/airflow/example_dags/example_latest_only.py
[2026-05-17T04:56:46.207+0000] {processor.py:840} INFO - DAG(s) 'latest_only' retrieved from /home/airflow/.local/lib/python3.12/site-packages/airflow/example_dags/example_latest_only.py
[2026-05-17T04:56:46.228+0000] {logging_mixin.py:188} INFO - [2026-05-17T04:56:46.227+0000] {dag.py:3096} INFO - Sync 1 DAGs
[2026-05-17T04:56:46.246+0000] {logging_mixin.py:188} INFO - [2026-05-17T04:56:46.245+0000] {dag.py:3954} INFO - Setting next_dagrun for latest_only to 2026-05-17 00:00:00+00:00, run_after=2026-05-17 04:00:00+00:00
[2026-05-17T04:56:46.426+0000] {processor.py:183} INFO - Processing /home/airflow/.local/lib/python3.12/site-packages/airflow/example_dags/example_latest_only.py took 0.238 seconds
[2026-05-17T04:57:17.199+0000] {processor.py:161} INFO - Started process (PID=680) to work on /home/airflow/.local/lib/python3.12/site-packages/airflow/example_dags/example_latest_only.py
[2026-05-17T04:57:17.200+0000] {processor.py:830} INFO - Processing file /home/airflow/.local/lib/python3.12/site-packages/airflow/example_dags/example_latest_only.py for tasks to queue
[2026-05-17T04:57:17.203+0000] {logging_mixin.py:188} INFO - [2026-05-17T04:57:17.203+0000] {dagbag.py:545} INFO - Filling up the DagBag from /home/airflow/.local/lib/python3.12/site-packages/airflow/example_dags/example_latest_only.py
[2026-05-17T04:57:17.209+0000] {processor.py:840} INFO - DAG(s) 'latest_only' retrieved from /home/airflow/.local/lib/python3.12/site-packages/airflow/example_dags/example_latest_only.py
[2026-05-17T04:57:17.235+0000] {logging_mixin.py:188} INFO - [2026-05-17T04:57:17.235+0000] {dag.py:3096} INFO - Sync 1 DAGs
[2026-05-17T04:57:17.269+0000] {logging_mixin.py:188} INFO - [2026-05-17T04:57:17.269+0000] {dag.py:3954} INFO - Setting next_dagrun for latest_only to 2026-05-17 00:00:00+00:00, run_after=2026-05-17 04:00:00+00:00
[2026-05-17T04:57:17.291+0000] {processor.py:183} INFO - Processing /home/airflow/.local/lib/python3.12/site-packages/airflow/example_dags/example_latest_only.py took 0.098 seconds
[2026-05-17T04:57:47.467+0000] {processor.py:161} INFO - Started process (PID=739) to work on /home/airflow/.local/lib/python3.12/site-packages/airflow/example_dags/example_latest_only.py
[2026-05-17T04:57:47.468+0000] {processor.py:830} INFO - Processing file /home/airflow/.local/lib/python3.12/site-packages/airflow/example_dags/example_latest_only.py for tasks to queue
[2026-05-17T04:57:47.469+0000] {logging_mixin.py:188} INFO - [2026-05-17T04:57:47.469+0000] {dagbag.py:545} INFO - Filling up the DagBag from /home/airflow/.local/lib/python3.12/site-packages/airflow/example_dags/example_latest_only.py
[2026-05-17T04:57:47.474+0000] {processor.py:840} INFO - DAG(s) 'latest_only' retrieved from /home/airflow/.local/lib/python3.12/site-packages/airflow/example_dags/example_latest_only.py
[2026-05-17T04:57:47.490+0000] {logging_mixin.py:188} INFO - [2026-05-17T04:57:47.490+0000] {dag.py:3096} INFO - Sync 1 DAGs
[2026-05-17T04:57:47.506+0000] {logging_mixin.py:188} INFO - [2026-05-17T04:57:47.505+0000] {dag.py:3954} INFO - Setting next_dagrun for latest_only to 2026-05-17 00:00:00+00:00, run_after=2026-05-17 04:00:00+00:00
[2026-05-17T04:57:47.522+0000] {processor.py:183} INFO - Processing /home/airflow/.local/lib/python3.12/site-packages/airflow/example_dags/example_latest_only.py took 0.060 seconds
[2026-05-17T04:58:18.091+0000] {processor.py:161} INFO - Started process (PID=798) to work on /home/airflow/.local/lib/python3.12/site-packages/airflow/example_dags/example_latest_only.py
[2026-05-17T04:58:18.093+0000] {processor.py:830} INFO - Processing file /home/airflow/.local/lib/python3.12/site-packages/airflow/example_dags/example_latest_only.py for tasks to queue
[2026-05-17T04:58:18.095+0000] {logging_mixin.py:188} INFO - [2026-05-17T04:58:18.095+0000] {dagbag.py:545} INFO - Filling up the DagBag from /home/airflow/.local/lib/python3.12/site-packages/airflow/example_dags/example_latest_only.py
[2026-05-17T04:58:18.104+0000] {processor.py:840} INFO - DAG(s) 'latest_only' retrieved from /home/airflow/.local/lib/python3.12/site-packages/airflow/example_dags/example_latest_only.py
[2026-05-17T04:58:18.123+0000] {logging_mixin.py:188} INFO - [2026-05-17T04:58:18.123+0000] {dag.py:3096} INFO - Sync 1 DAGs
[2026-05-17T04:58:18.140+0000] {logging_mixin.py:188} INFO - [2026-05-17T04:58:18.139+0000] {dag.py:3954} INFO - Setting next_dagrun for latest_only to 2026-05-17 00:00:00+00:00, run_after=2026-05-17 04:00:00+00:00
[2026-05-17T04:58:18.157+0000] {processor.py:183} INFO - Processing /home/airflow/.local/lib/python3.12/site-packages/airflow/example_dags/example_latest_only.py took 0.072 seconds
[2026-05-17T05:00:23.367+0000] {processor.py:161} INFO - Started process (PID=78) to work on /home/airflow/.local/lib/python3.12/site-packages/airflow/example_dags/example_latest_only.py
[2026-05-17T05:00:23.368+0000] {processor.py:830} INFO - Processing file /home/airflow/.local/lib/python3.12/site-packages/airflow/example_dags/example_latest_only.py for tasks to queue
[2026-05-17T05:00:23.371+0000] {logging_mixin.py:188} INFO - [2026-05-17T05:00:23.371+0000] {dagbag.py:545} INFO - Filling up the DagBag from /home/airflow/.local/lib/python3.12/site-packages/airflow/example_dags/example_latest_only.py
[2026-05-17T05:00:23.376+0000] {processor.py:840} INFO - DAG(s) 'latest_only' retrieved from /home/airflow/.local/lib/python3.12/site-packages/airflow/example_dags/example_latest_only.py
[2026-05-17T05:00:23.390+0000] {logging_mixin.py:188} INFO - [2026-05-17T05:00:23.389+0000] {dag.py:3096} INFO - Sync 1 DAGs
[2026-05-17T05:00:23.404+0000] {logging_mixin.py:188} INFO - [2026-05-17T05:00:23.404+0000] {dag.py:3954} INFO - Setting next_dagrun for latest_only to 2026-05-17 00:00:00+00:00, run_after=2026-05-17 04:00:00+00:00
[2026-05-17T05:00:23.417+0000] {processor.py:183} INFO - Processing /home/airflow/.local/lib/python3.12/site-packages/airflow/example_dags/example_latest_only.py took 0.053 seconds
