[2026-05-17T04:43:49.840+0000] {processor.py:161} INFO - Started process (PID=69) to work on /home/airflow/.local/lib/python3.12/site-packages/airflow/example_dags/example_branch_labels.py
[2026-05-17T04:43:49.842+0000] {processor.py:830} INFO - Processing file /home/airflow/.local/lib/python3.12/site-packages/airflow/example_dags/example_branch_labels.py for tasks to queue
[2026-05-17T04:43:49.846+0000] {logging_mixin.py:188} INFO - [2026-05-17T04:43:49.845+0000] {dagbag.py:545} INFO - Filling up the DagBag from /home/airflow/.local/lib/python3.12/site-packages/airflow/example_dags/example_branch_labels.py
[2026-05-17T04:43:49.862+0000] {processor.py:840} INFO - DAG(s) 'example_branch_labels' retrieved from /home/airflow/.local/lib/python3.12/site-packages/airflow/example_dags/example_branch_labels.py
[2026-05-17T04:43:49.898+0000] {logging_mixin.py:188} INFO - [2026-05-17T04:43:49.897+0000] {dag.py:3096} INFO - Sync 1 DAGs
[2026-05-17T04:43:49.953+0000] {logging_mixin.py:188} INFO - [2026-05-17T04:43:49.952+0000] {dag.py:3954} INFO - Setting next_dagrun for example_branch_labels to 2026-05-16 00:00:00+00:00, run_after=2026-05-17 00:00:00+00:00
[2026-05-17T04:43:49.989+0000] {processor.py:183} INFO - Processing /home/airflow/.local/lib/python3.12/site-packages/airflow/example_dags/example_branch_labels.py took 0.157 seconds
[2026-05-17T04:44:20.434+0000] {processor.py:161} INFO - Started process (PID=128) to work on /home/airflow/.local/lib/python3.12/site-packages/airflow/example_dags/example_branch_labels.py
[2026-05-17T04:44:20.437+0000] {processor.py:830} INFO - Processing file /home/airflow/.local/lib/python3.12/site-packages/airflow/example_dags/example_branch_labels.py for tasks to queue
[2026-05-17T04:44:20.439+0000] {logging_mixin.py:188} INFO - [2026-05-17T04:44:20.439+0000] {dagbag.py:545} INFO - Filling up the DagBag from /home/airflow/.local/lib/python3.12/site-packages/airflow/example_dags/example_branch_labels.py
[2026-05-17T04:44:20.446+0000] {processor.py:840} INFO - DAG(s) 'example_branch_labels' retrieved from /home/airflow/.local/lib/python3.12/site-packages/airflow/example_dags/example_branch_labels.py
[2026-05-17T04:44:20.536+0000] {logging_mixin.py:188} INFO - [2026-05-17T04:44:20.536+0000] {dag.py:3096} INFO - Sync 1 DAGs
[2026-05-17T04:44:20.556+0000] {logging_mixin.py:188} INFO - [2026-05-17T04:44:20.555+0000] {dag.py:3954} INFO - Setting next_dagrun for example_branch_labels to 2026-05-16 00:00:00+00:00, run_after=2026-05-17 00:00:00+00:00
[2026-05-17T04:44:20.595+0000] {processor.py:183} INFO - Processing /home/airflow/.local/lib/python3.12/site-packages/airflow/example_dags/example_branch_labels.py took 0.166 seconds
[2026-05-17T04:44:51.311+0000] {processor.py:161} INFO - Started process (PID=187) to work on /home/airflow/.local/lib/python3.12/site-packages/airflow/example_dags/example_branch_labels.py
[2026-05-17T04:44:51.313+0000] {processor.py:830} INFO - Processing file /home/airflow/.local/lib/python3.12/site-packages/airflow/example_dags/example_branch_labels.py for tasks to queue
[2026-05-17T04:44:51.315+0000] {logging_mixin.py:188} INFO - [2026-05-17T04:44:51.314+0000] {dagbag.py:545} INFO - Filling up the DagBag from /home/airflow/.local/lib/python3.12/site-packages/airflow/example_dags/example_branch_labels.py
[2026-05-17T04:44:51.321+0000] {processor.py:840} INFO - DAG(s) 'example_branch_labels' retrieved from /home/airflow/.local/lib/python3.12/site-packages/airflow/example_dags/example_branch_labels.py
[2026-05-17T04:44:51.338+0000] {logging_mixin.py:188} INFO - [2026-05-17T04:44:51.338+0000] {dag.py:3096} INFO - Sync 1 DAGs
[2026-05-17T04:44:51.352+0000] {logging_mixin.py:188} INFO - [2026-05-17T04:44:51.352+0000] {dag.py:3954} INFO - Setting next_dagrun for example_branch_labels to 2026-05-16 00:00:00+00:00, run_after=2026-05-17 00:00:00+00:00
[2026-05-17T04:44:51.363+0000] {processor.py:183} INFO - Processing /home/airflow/.local/lib/python3.12/site-packages/airflow/example_dags/example_branch_labels.py took 0.057 seconds
[2026-05-17T04:45:21.511+0000] {processor.py:161} INFO - Started process (PID=246) to work on /home/airflow/.local/lib/python3.12/site-packages/airflow/example_dags/example_branch_labels.py
[2026-05-17T04:45:21.512+0000] {processor.py:830} INFO - Processing file /home/airflow/.local/lib/python3.12/site-packages/airflow/example_dags/example_branch_labels.py for tasks to queue
[2026-05-17T04:45:21.514+0000] {logging_mixin.py:188} INFO - [2026-05-17T04:45:21.513+0000] {dagbag.py:545} INFO - Filling up the DagBag from /home/airflow/.local/lib/python3.12/site-packages/airflow/example_dags/example_branch_labels.py
[2026-05-17T04:45:21.519+0000] {processor.py:840} INFO - DAG(s) 'example_branch_labels' retrieved from /home/airflow/.local/lib/python3.12/site-packages/airflow/example_dags/example_branch_labels.py
[2026-05-17T04:45:21.532+0000] {logging_mixin.py:188} INFO - [2026-05-17T04:45:21.532+0000] {dag.py:3096} INFO - Sync 1 DAGs
[2026-05-17T04:45:21.546+0000] {logging_mixin.py:188} INFO - [2026-05-17T04:45:21.546+0000] {dag.py:3954} INFO - Setting next_dagrun for example_branch_labels to 2026-05-16 00:00:00+00:00, run_after=2026-05-17 00:00:00+00:00
[2026-05-17T04:45:21.557+0000] {processor.py:183} INFO - Processing /home/airflow/.local/lib/python3.12/site-packages/airflow/example_dags/example_branch_labels.py took 0.050 seconds
[2026-05-17T04:45:52.020+0000] {processor.py:161} INFO - Started process (PID=310) to work on /home/airflow/.local/lib/python3.12/site-packages/airflow/example_dags/example_branch_labels.py
[2026-05-17T04:45:52.022+0000] {processor.py:830} INFO - Processing file /home/airflow/.local/lib/python3.12/site-packages/airflow/example_dags/example_branch_labels.py for tasks to queue
[2026-05-17T04:45:52.024+0000] {logging_mixin.py:188} INFO - [2026-05-17T04:45:52.024+0000] {dagbag.py:545} INFO - Filling up the DagBag from /home/airflow/.local/lib/python3.12/site-packages/airflow/example_dags/example_branch_labels.py
[2026-05-17T04:45:52.029+0000] {processor.py:840} INFO - DAG(s) 'example_branch_labels' retrieved from /home/airflow/.local/lib/python3.12/site-packages/airflow/example_dags/example_branch_labels.py
[2026-05-17T04:45:52.043+0000] {logging_mixin.py:188} INFO - [2026-05-17T04:45:52.043+0000] {dag.py:3096} INFO - Sync 1 DAGs
[2026-05-17T04:45:52.057+0000] {logging_mixin.py:188} INFO - [2026-05-17T04:45:52.057+0000] {dag.py:3954} INFO - Setting next_dagrun for example_branch_labels to 2026-05-16 00:00:00+00:00, run_after=2026-05-17 00:00:00+00:00
[2026-05-17T04:45:52.119+0000] {processor.py:183} INFO - Processing /home/airflow/.local/lib/python3.12/site-packages/airflow/example_dags/example_branch_labels.py took 0.103 seconds
[2026-05-17T04:46:22.814+0000] {processor.py:161} INFO - Started process (PID=370) to work on /home/airflow/.local/lib/python3.12/site-packages/airflow/example_dags/example_branch_labels.py
[2026-05-17T04:46:22.815+0000] {processor.py:830} INFO - Processing file /home/airflow/.local/lib/python3.12/site-packages/airflow/example_dags/example_branch_labels.py for tasks to queue
[2026-05-17T04:46:22.817+0000] {logging_mixin.py:188} INFO - [2026-05-17T04:46:22.816+0000] {dagbag.py:545} INFO - Filling up the DagBag from /home/airflow/.local/lib/python3.12/site-packages/airflow/example_dags/example_branch_labels.py
[2026-05-17T04:46:22.822+0000] {processor.py:840} INFO - DAG(s) 'example_branch_labels' retrieved from /home/airflow/.local/lib/python3.12/site-packages/airflow/example_dags/example_branch_labels.py
[2026-05-17T04:46:22.837+0000] {logging_mixin.py:188} INFO - [2026-05-17T04:46:22.837+0000] {dag.py:3096} INFO - Sync 1 DAGs
[2026-05-17T04:46:22.851+0000] {logging_mixin.py:188} INFO - [2026-05-17T04:46:22.851+0000] {dag.py:3954} INFO - Setting next_dagrun for example_branch_labels to 2026-05-16 00:00:00+00:00, run_after=2026-05-17 00:00:00+00:00
[2026-05-17T04:46:22.864+0000] {processor.py:183} INFO - Processing /home/airflow/.local/lib/python3.12/site-packages/airflow/example_dags/example_branch_labels.py took 0.054 seconds
[2026-05-17T04:46:53.055+0000] {processor.py:161} INFO - Started process (PID=429) to work on /home/airflow/.local/lib/python3.12/site-packages/airflow/example_dags/example_branch_labels.py
[2026-05-17T04:46:53.056+0000] {processor.py:830} INFO - Processing file /home/airflow/.local/lib/python3.12/site-packages/airflow/example_dags/example_branch_labels.py for tasks to queue
[2026-05-17T04:46:53.057+0000] {logging_mixin.py:188} INFO - [2026-05-17T04:46:53.057+0000] {dagbag.py:545} INFO - Filling up the DagBag from /home/airflow/.local/lib/python3.12/site-packages/airflow/example_dags/example_branch_labels.py
[2026-05-17T04:46:53.062+0000] {processor.py:840} INFO - DAG(s) 'example_branch_labels' retrieved from /home/airflow/.local/lib/python3.12/site-packages/airflow/example_dags/example_branch_labels.py
[2026-05-17T04:46:53.075+0000] {logging_mixin.py:188} INFO - [2026-05-17T04:46:53.075+0000] {dag.py:3096} INFO - Sync 1 DAGs
[2026-05-17T04:46:53.089+0000] {logging_mixin.py:188} INFO - [2026-05-17T04:46:53.089+0000] {dag.py:3954} INFO - Setting next_dagrun for example_branch_labels to 2026-05-16 00:00:00+00:00, run_after=2026-05-17 00:00:00+00:00
[2026-05-17T04:46:53.101+0000] {processor.py:183} INFO - Processing /home/airflow/.local/lib/python3.12/site-packages/airflow/example_dags/example_branch_labels.py took 0.050 seconds
[2026-05-17T04:47:23.654+0000] {processor.py:161} INFO - Started process (PID=488) to work on /home/airflow/.local/lib/python3.12/site-packages/airflow/example_dags/example_branch_labels.py
[2026-05-17T04:47:23.655+0000] {processor.py:830} INFO - Processing file /home/airflow/.local/lib/python3.12/site-packages/airflow/example_dags/example_branch_labels.py for tasks to queue
[2026-05-17T04:47:23.656+0000] {logging_mixin.py:188} INFO - [2026-05-17T04:47:23.656+0000] {dagbag.py:545} INFO - Filling up the DagBag from /home/airflow/.local/lib/python3.12/site-packages/airflow/example_dags/example_branch_labels.py
[2026-05-17T04:47:23.662+0000] {processor.py:840} INFO - DAG(s) 'example_branch_labels' retrieved from /home/airflow/.local/lib/python3.12/site-packages/airflow/example_dags/example_branch_labels.py
[2026-05-17T04:47:23.677+0000] {logging_mixin.py:188} INFO - [2026-05-17T04:47:23.677+0000] {dag.py:3096} INFO - Sync 1 DAGs
[2026-05-17T04:47:23.694+0000] {logging_mixin.py:188} INFO - [2026-05-17T04:47:23.694+0000] {dag.py:3954} INFO - Setting next_dagrun for example_branch_labels to 2026-05-16 00:00:00+00:00, run_after=2026-05-17 00:00:00+00:00
[2026-05-17T04:47:23.710+0000] {processor.py:183} INFO - Processing /home/airflow/.local/lib/python3.12/site-packages/airflow/example_dags/example_branch_labels.py took 0.060 seconds
[2026-05-17T04:47:54.127+0000] {processor.py:161} INFO - Started process (PID=547) to work on /home/airflow/.local/lib/python3.12/site-packages/airflow/example_dags/example_branch_labels.py
[2026-05-17T04:47:54.128+0000] {processor.py:830} INFO - Processing file /home/airflow/.local/lib/python3.12/site-packages/airflow/example_dags/example_branch_labels.py for tasks to queue
[2026-05-17T04:47:54.130+0000] {logging_mixin.py:188} INFO - [2026-05-17T04:47:54.129+0000] {dagbag.py:545} INFO - Filling up the DagBag from /home/airflow/.local/lib/python3.12/site-packages/airflow/example_dags/example_branch_labels.py
[2026-05-17T04:47:54.135+0000] {processor.py:840} INFO - DAG(s) 'example_branch_labels' retrieved from /home/airflow/.local/lib/python3.12/site-packages/airflow/example_dags/example_branch_labels.py
[2026-05-17T04:47:54.150+0000] {logging_mixin.py:188} INFO - [2026-05-17T04:47:54.150+0000] {dag.py:3096} INFO - Sync 1 DAGs
[2026-05-17T04:47:54.166+0000] {logging_mixin.py:188} INFO - [2026-05-17T04:47:54.166+0000] {dag.py:3954} INFO - Setting next_dagrun for example_branch_labels to 2026-05-16 00:00:00+00:00, run_after=2026-05-17 00:00:00+00:00
[2026-05-17T04:47:54.179+0000] {processor.py:183} INFO - Processing /home/airflow/.local/lib/python3.12/site-packages/airflow/example_dags/example_branch_labels.py took 0.055 seconds
[2026-05-17T04:48:24.619+0000] {processor.py:161} INFO - Started process (PID=606) to work on /home/airflow/.local/lib/python3.12/site-packages/airflow/example_dags/example_branch_labels.py
[2026-05-17T04:48:24.620+0000] {processor.py:830} INFO - Processing file /home/airflow/.local/lib/python3.12/site-packages/airflow/example_dags/example_branch_labels.py for tasks to queue
[2026-05-17T04:48:24.622+0000] {logging_mixin.py:188} INFO - [2026-05-17T04:48:24.621+0000] {dagbag.py:545} INFO - Filling up the DagBag from /home/airflow/.local/lib/python3.12/site-packages/airflow/example_dags/example_branch_labels.py
[2026-05-17T04:48:24.627+0000] {processor.py:840} INFO - DAG(s) 'example_branch_labels' retrieved from /home/airflow/.local/lib/python3.12/site-packages/airflow/example_dags/example_branch_labels.py
[2026-05-17T04:48:24.642+0000] {logging_mixin.py:188} INFO - [2026-05-17T04:48:24.642+0000] {dag.py:3096} INFO - Sync 1 DAGs
[2026-05-17T04:48:24.658+0000] {logging_mixin.py:188} INFO - [2026-05-17T04:48:24.658+0000] {dag.py:3954} INFO - Setting next_dagrun for example_branch_labels to 2026-05-16 00:00:00+00:00, run_after=2026-05-17 00:00:00+00:00
[2026-05-17T04:48:24.671+0000] {processor.py:183} INFO - Processing /home/airflow/.local/lib/python3.12/site-packages/airflow/example_dags/example_branch_labels.py took 0.055 seconds
[2026-05-17T04:48:55.154+0000] {processor.py:161} INFO - Started process (PID=665) to work on /home/airflow/.local/lib/python3.12/site-packages/airflow/example_dags/example_branch_labels.py
[2026-05-17T04:48:55.155+0000] {processor.py:830} INFO - Processing file /home/airflow/.local/lib/python3.12/site-packages/airflow/example_dags/example_branch_labels.py for tasks to queue
[2026-05-17T04:48:55.156+0000] {logging_mixin.py:188} INFO - [2026-05-17T04:48:55.156+0000] {dagbag.py:545} INFO - Filling up the DagBag from /home/airflow/.local/lib/python3.12/site-packages/airflow/example_dags/example_branch_labels.py
[2026-05-17T04:48:55.161+0000] {processor.py:840} INFO - DAG(s) 'example_branch_labels' retrieved from /home/airflow/.local/lib/python3.12/site-packages/airflow/example_dags/example_branch_labels.py
[2026-05-17T04:48:55.176+0000] {logging_mixin.py:188} INFO - [2026-05-17T04:48:55.176+0000] {dag.py:3096} INFO - Sync 1 DAGs
[2026-05-17T04:48:55.192+0000] {logging_mixin.py:188} INFO - [2026-05-17T04:48:55.191+0000] {dag.py:3954} INFO - Setting next_dagrun for example_branch_labels to 2026-05-16 00:00:00+00:00, run_after=2026-05-17 00:00:00+00:00
[2026-05-17T04:48:55.204+0000] {processor.py:183} INFO - Processing /home/airflow/.local/lib/python3.12/site-packages/airflow/example_dags/example_branch_labels.py took 0.055 seconds
[2026-05-17T04:49:25.861+0000] {processor.py:161} INFO - Started process (PID=724) to work on /home/airflow/.local/lib/python3.12/site-packages/airflow/example_dags/example_branch_labels.py
[2026-05-17T04:49:25.862+0000] {processor.py:830} INFO - Processing file /home/airflow/.local/lib/python3.12/site-packages/airflow/example_dags/example_branch_labels.py for tasks to queue
[2026-05-17T04:49:25.863+0000] {logging_mixin.py:188} INFO - [2026-05-17T04:49:25.863+0000] {dagbag.py:545} INFO - Filling up the DagBag from /home/airflow/.local/lib/python3.12/site-packages/airflow/example_dags/example_branch_labels.py
[2026-05-17T04:49:25.868+0000] {processor.py:840} INFO - DAG(s) 'example_branch_labels' retrieved from /home/airflow/.local/lib/python3.12/site-packages/airflow/example_dags/example_branch_labels.py
[2026-05-17T04:49:25.885+0000] {logging_mixin.py:188} INFO - [2026-05-17T04:49:25.885+0000] {dag.py:3096} INFO - Sync 1 DAGs
[2026-05-17T04:49:25.900+0000] {logging_mixin.py:188} INFO - [2026-05-17T04:49:25.900+0000] {dag.py:3954} INFO - Setting next_dagrun for example_branch_labels to 2026-05-16 00:00:00+00:00, run_after=2026-05-17 00:00:00+00:00
[2026-05-17T04:49:25.912+0000] {processor.py:183} INFO - Processing /home/airflow/.local/lib/python3.12/site-packages/airflow/example_dags/example_branch_labels.py took 0.055 seconds
[2026-05-17T04:49:56.427+0000] {processor.py:161} INFO - Started process (PID=783) to work on /home/airflow/.local/lib/python3.12/site-packages/airflow/example_dags/example_branch_labels.py
[2026-05-17T04:49:56.428+0000] {processor.py:830} INFO - Processing file /home/airflow/.local/lib/python3.12/site-packages/airflow/example_dags/example_branch_labels.py for tasks to queue
[2026-05-17T04:49:56.430+0000] {logging_mixin.py:188} INFO - [2026-05-17T04:49:56.429+0000] {dagbag.py:545} INFO - Filling up the DagBag from /home/airflow/.local/lib/python3.12/site-packages/airflow/example_dags/example_branch_labels.py
[2026-05-17T04:49:56.435+0000] {processor.py:840} INFO - DAG(s) 'example_branch_labels' retrieved from /home/airflow/.local/lib/python3.12/site-packages/airflow/example_dags/example_branch_labels.py
[2026-05-17T04:49:56.449+0000] {logging_mixin.py:188} INFO - [2026-05-17T04:49:56.449+0000] {dag.py:3096} INFO - Sync 1 DAGs
[2026-05-17T04:49:56.464+0000] {logging_mixin.py:188} INFO - [2026-05-17T04:49:56.464+0000] {dag.py:3954} INFO - Setting next_dagrun for example_branch_labels to 2026-05-16 00:00:00+00:00, run_after=2026-05-17 00:00:00+00:00
[2026-05-17T04:49:56.476+0000] {processor.py:183} INFO - Processing /home/airflow/.local/lib/python3.12/site-packages/airflow/example_dags/example_branch_labels.py took 0.052 seconds
[2026-05-17T04:50:27.068+0000] {processor.py:161} INFO - Started process (PID=842) to work on /home/airflow/.local/lib/python3.12/site-packages/airflow/example_dags/example_branch_labels.py
[2026-05-17T04:50:27.069+0000] {processor.py:830} INFO - Processing file /home/airflow/.local/lib/python3.12/site-packages/airflow/example_dags/example_branch_labels.py for tasks to queue
[2026-05-17T04:50:27.071+0000] {logging_mixin.py:188} INFO - [2026-05-17T04:50:27.071+0000] {dagbag.py:545} INFO - Filling up the DagBag from /home/airflow/.local/lib/python3.12/site-packages/airflow/example_dags/example_branch_labels.py
[2026-05-17T04:50:27.077+0000] {processor.py:840} INFO - DAG(s) 'example_branch_labels' retrieved from /home/airflow/.local/lib/python3.12/site-packages/airflow/example_dags/example_branch_labels.py
[2026-05-17T04:50:27.095+0000] {logging_mixin.py:188} INFO - [2026-05-17T04:50:27.094+0000] {dag.py:3096} INFO - Sync 1 DAGs
[2026-05-17T04:50:27.112+0000] {logging_mixin.py:188} INFO - [2026-05-17T04:50:27.112+0000] {dag.py:3954} INFO - Setting next_dagrun for example_branch_labels to 2026-05-16 00:00:00+00:00, run_after=2026-05-17 00:00:00+00:00
[2026-05-17T04:50:27.129+0000] {processor.py:183} INFO - Processing /home/airflow/.local/lib/python3.12/site-packages/airflow/example_dags/example_branch_labels.py took 0.067 seconds
[2026-05-17T04:50:57.719+0000] {processor.py:161} INFO - Started process (PID=901) to work on /home/airflow/.local/lib/python3.12/site-packages/airflow/example_dags/example_branch_labels.py
[2026-05-17T04:50:57.720+0000] {processor.py:830} INFO - Processing file /home/airflow/.local/lib/python3.12/site-packages/airflow/example_dags/example_branch_labels.py for tasks to queue
[2026-05-17T04:50:57.722+0000] {logging_mixin.py:188} INFO - [2026-05-17T04:50:57.721+0000] {dagbag.py:545} INFO - Filling up the DagBag from /home/airflow/.local/lib/python3.12/site-packages/airflow/example_dags/example_branch_labels.py
[2026-05-17T04:50:57.726+0000] {processor.py:840} INFO - DAG(s) 'example_branch_labels' retrieved from /home/airflow/.local/lib/python3.12/site-packages/airflow/example_dags/example_branch_labels.py
[2026-05-17T04:50:57.743+0000] {logging_mixin.py:188} INFO - [2026-05-17T04:50:57.743+0000] {dag.py:3096} INFO - Sync 1 DAGs
[2026-05-17T04:50:57.759+0000] {logging_mixin.py:188} INFO - [2026-05-17T04:50:57.759+0000] {dag.py:3954} INFO - Setting next_dagrun for example_branch_labels to 2026-05-16 00:00:00+00:00, run_after=2026-05-17 00:00:00+00:00
[2026-05-17T04:50:57.772+0000] {processor.py:183} INFO - Processing /home/airflow/.local/lib/python3.12/site-packages/airflow/example_dags/example_branch_labels.py took 0.057 seconds
[2026-05-17T04:52:10.081+0000] {processor.py:161} INFO - Started process (PID=69) to work on /home/airflow/.local/lib/python3.12/site-packages/airflow/example_dags/example_branch_labels.py
[2026-05-17T04:52:10.082+0000] {processor.py:830} INFO - Processing file /home/airflow/.local/lib/python3.12/site-packages/airflow/example_dags/example_branch_labels.py for tasks to queue
[2026-05-17T04:52:10.084+0000] {logging_mixin.py:188} INFO - [2026-05-17T04:52:10.084+0000] {dagbag.py:545} INFO - Filling up the DagBag from /home/airflow/.local/lib/python3.12/site-packages/airflow/example_dags/example_branch_labels.py
[2026-05-17T04:52:10.093+0000] {processor.py:840} INFO - DAG(s) 'example_branch_labels' retrieved from /home/airflow/.local/lib/python3.12/site-packages/airflow/example_dags/example_branch_labels.py
[2026-05-17T04:52:10.106+0000] {logging_mixin.py:188} INFO - [2026-05-17T04:52:10.106+0000] {dag.py:3096} INFO - Sync 1 DAGs
[2026-05-17T04:52:10.129+0000] {logging_mixin.py:188} INFO - [2026-05-17T04:52:10.129+0000] {dag.py:3954} INFO - Setting next_dagrun for example_branch_labels to 2026-05-16 00:00:00+00:00, run_after=2026-05-17 00:00:00+00:00
[2026-05-17T04:52:10.154+0000] {processor.py:183} INFO - Processing /home/airflow/.local/lib/python3.12/site-packages/airflow/example_dags/example_branch_labels.py took 0.081 seconds
[2026-05-17T04:52:40.832+0000] {processor.py:161} INFO - Started process (PID=128) to work on /home/airflow/.local/lib/python3.12/site-packages/airflow/example_dags/example_branch_labels.py
[2026-05-17T04:52:40.833+0000] {processor.py:830} INFO - Processing file /home/airflow/.local/lib/python3.12/site-packages/airflow/example_dags/example_branch_labels.py for tasks to queue
[2026-05-17T04:52:40.835+0000] {logging_mixin.py:188} INFO - [2026-05-17T04:52:40.835+0000] {dagbag.py:545} INFO - Filling up the DagBag from /home/airflow/.local/lib/python3.12/site-packages/airflow/example_dags/example_branch_labels.py
[2026-05-17T04:52:40.841+0000] {processor.py:840} INFO - DAG(s) 'example_branch_labels' retrieved from /home/airflow/.local/lib/python3.12/site-packages/airflow/example_dags/example_branch_labels.py
[2026-05-17T04:52:40.907+0000] {logging_mixin.py:188} INFO - [2026-05-17T04:52:40.907+0000] {dag.py:3096} INFO - Sync 1 DAGs
[2026-05-17T04:52:40.920+0000] {logging_mixin.py:188} INFO - [2026-05-17T04:52:40.920+0000] {dag.py:3954} INFO - Setting next_dagrun for example_branch_labels to 2026-05-16 00:00:00+00:00, run_after=2026-05-17 00:00:00+00:00
[2026-05-17T04:52:40.945+0000] {processor.py:183} INFO - Processing /home/airflow/.local/lib/python3.12/site-packages/airflow/example_dags/example_branch_labels.py took 0.116 seconds
[2026-05-17T04:53:11.106+0000] {processor.py:161} INFO - Started process (PID=187) to work on /home/airflow/.local/lib/python3.12/site-packages/airflow/example_dags/example_branch_labels.py
[2026-05-17T04:53:11.107+0000] {processor.py:830} INFO - Processing file /home/airflow/.local/lib/python3.12/site-packages/airflow/example_dags/example_branch_labels.py for tasks to queue
[2026-05-17T04:53:11.108+0000] {logging_mixin.py:188} INFO - [2026-05-17T04:53:11.108+0000] {dagbag.py:545} INFO - Filling up the DagBag from /home/airflow/.local/lib/python3.12/site-packages/airflow/example_dags/example_branch_labels.py
[2026-05-17T04:53:11.114+0000] {processor.py:840} INFO - DAG(s) 'example_branch_labels' retrieved from /home/airflow/.local/lib/python3.12/site-packages/airflow/example_dags/example_branch_labels.py
[2026-05-17T04:53:11.131+0000] {logging_mixin.py:188} INFO - [2026-05-17T04:53:11.130+0000] {dag.py:3096} INFO - Sync 1 DAGs
[2026-05-17T04:53:11.150+0000] {logging_mixin.py:188} INFO - [2026-05-17T04:53:11.150+0000] {dag.py:3954} INFO - Setting next_dagrun for example_branch_labels to 2026-05-16 00:00:00+00:00, run_after=2026-05-17 00:00:00+00:00
[2026-05-17T04:53:11.175+0000] {processor.py:183} INFO - Processing /home/airflow/.local/lib/python3.12/site-packages/airflow/example_dags/example_branch_labels.py took 0.074 seconds
[2026-05-17T04:53:41.302+0000] {processor.py:161} INFO - Started process (PID=246) to work on /home/airflow/.local/lib/python3.12/site-packages/airflow/example_dags/example_branch_labels.py
[2026-05-17T04:53:41.303+0000] {processor.py:830} INFO - Processing file /home/airflow/.local/lib/python3.12/site-packages/airflow/example_dags/example_branch_labels.py for tasks to queue
[2026-05-17T04:53:41.305+0000] {logging_mixin.py:188} INFO - [2026-05-17T04:53:41.305+0000] {dagbag.py:545} INFO - Filling up the DagBag from /home/airflow/.local/lib/python3.12/site-packages/airflow/example_dags/example_branch_labels.py
[2026-05-17T04:53:41.313+0000] {processor.py:840} INFO - DAG(s) 'example_branch_labels' retrieved from /home/airflow/.local/lib/python3.12/site-packages/airflow/example_dags/example_branch_labels.py
[2026-05-17T04:53:41.334+0000] {logging_mixin.py:188} INFO - [2026-05-17T04:53:41.334+0000] {dag.py:3096} INFO - Sync 1 DAGs
[2026-05-17T04:53:41.355+0000] {logging_mixin.py:188} INFO - [2026-05-17T04:53:41.354+0000] {dag.py:3954} INFO - Setting next_dagrun for example_branch_labels to 2026-05-16 00:00:00+00:00, run_after=2026-05-17 00:00:00+00:00
[2026-05-17T04:53:41.373+0000] {processor.py:183} INFO - Processing /home/airflow/.local/lib/python3.12/site-packages/airflow/example_dags/example_branch_labels.py took 0.075 seconds
[2026-05-17T04:54:11.550+0000] {processor.py:161} INFO - Started process (PID=305) to work on /home/airflow/.local/lib/python3.12/site-packages/airflow/example_dags/example_branch_labels.py
[2026-05-17T04:54:11.551+0000] {processor.py:830} INFO - Processing file /home/airflow/.local/lib/python3.12/site-packages/airflow/example_dags/example_branch_labels.py for tasks to queue
[2026-05-17T04:54:11.553+0000] {logging_mixin.py:188} INFO - [2026-05-17T04:54:11.552+0000] {dagbag.py:545} INFO - Filling up the DagBag from /home/airflow/.local/lib/python3.12/site-packages/airflow/example_dags/example_branch_labels.py
[2026-05-17T04:54:11.560+0000] {processor.py:840} INFO - DAG(s) 'example_branch_labels' retrieved from /home/airflow/.local/lib/python3.12/site-packages/airflow/example_dags/example_branch_labels.py
[2026-05-17T04:54:11.581+0000] {logging_mixin.py:188} INFO - [2026-05-17T04:54:11.580+0000] {dag.py:3096} INFO - Sync 1 DAGs
[2026-05-17T04:54:11.599+0000] {logging_mixin.py:188} INFO - [2026-05-17T04:54:11.599+0000] {dag.py:3954} INFO - Setting next_dagrun for example_branch_labels to 2026-05-16 00:00:00+00:00, run_after=2026-05-17 00:00:00+00:00
[2026-05-17T04:54:11.618+0000] {processor.py:183} INFO - Processing /home/airflow/.local/lib/python3.12/site-packages/airflow/example_dags/example_branch_labels.py took 0.073 seconds
[2026-05-17T04:54:41.825+0000] {processor.py:161} INFO - Started process (PID=364) to work on /home/airflow/.local/lib/python3.12/site-packages/airflow/example_dags/example_branch_labels.py
[2026-05-17T04:54:41.827+0000] {processor.py:830} INFO - Processing file /home/airflow/.local/lib/python3.12/site-packages/airflow/example_dags/example_branch_labels.py for tasks to queue
[2026-05-17T04:54:41.829+0000] {logging_mixin.py:188} INFO - [2026-05-17T04:54:41.829+0000] {dagbag.py:545} INFO - Filling up the DagBag from /home/airflow/.local/lib/python3.12/site-packages/airflow/example_dags/example_branch_labels.py
[2026-05-17T04:54:41.835+0000] {processor.py:840} INFO - DAG(s) 'example_branch_labels' retrieved from /home/airflow/.local/lib/python3.12/site-packages/airflow/example_dags/example_branch_labels.py
[2026-05-17T04:54:41.853+0000] {logging_mixin.py:188} INFO - [2026-05-17T04:54:41.853+0000] {dag.py:3096} INFO - Sync 1 DAGs
[2026-05-17T04:54:41.874+0000] {logging_mixin.py:188} INFO - [2026-05-17T04:54:41.873+0000] {dag.py:3954} INFO - Setting next_dagrun for example_branch_labels to 2026-05-16 00:00:00+00:00, run_after=2026-05-17 00:00:00+00:00
[2026-05-17T04:54:41.891+0000] {processor.py:183} INFO - Processing /home/airflow/.local/lib/python3.12/site-packages/airflow/example_dags/example_branch_labels.py took 0.072 seconds
[2026-05-17T04:55:12.080+0000] {processor.py:161} INFO - Started process (PID=423) to work on /home/airflow/.local/lib/python3.12/site-packages/airflow/example_dags/example_branch_labels.py
[2026-05-17T04:55:12.081+0000] {processor.py:830} INFO - Processing file /home/airflow/.local/lib/python3.12/site-packages/airflow/example_dags/example_branch_labels.py for tasks to queue
[2026-05-17T04:55:12.083+0000] {logging_mixin.py:188} INFO - [2026-05-17T04:55:12.082+0000] {dagbag.py:545} INFO - Filling up the DagBag from /home/airflow/.local/lib/python3.12/site-packages/airflow/example_dags/example_branch_labels.py
[2026-05-17T04:55:12.088+0000] {processor.py:840} INFO - DAG(s) 'example_branch_labels' retrieved from /home/airflow/.local/lib/python3.12/site-packages/airflow/example_dags/example_branch_labels.py
[2026-05-17T04:55:12.109+0000] {logging_mixin.py:188} INFO - [2026-05-17T04:55:12.109+0000] {dag.py:3096} INFO - Sync 1 DAGs
[2026-05-17T04:55:12.132+0000] {logging_mixin.py:188} INFO - [2026-05-17T04:55:12.131+0000] {dag.py:3954} INFO - Setting next_dagrun for example_branch_labels to 2026-05-16 00:00:00+00:00, run_after=2026-05-17 00:00:00+00:00
[2026-05-17T04:55:12.150+0000] {processor.py:183} INFO - Processing /home/airflow/.local/lib/python3.12/site-packages/airflow/example_dags/example_branch_labels.py took 0.077 seconds
[2026-05-17T04:55:42.340+0000] {processor.py:161} INFO - Started process (PID=482) to work on /home/airflow/.local/lib/python3.12/site-packages/airflow/example_dags/example_branch_labels.py
[2026-05-17T04:55:42.341+0000] {processor.py:830} INFO - Processing file /home/airflow/.local/lib/python3.12/site-packages/airflow/example_dags/example_branch_labels.py for tasks to queue
[2026-05-17T04:55:42.342+0000] {logging_mixin.py:188} INFO - [2026-05-17T04:55:42.342+0000] {dagbag.py:545} INFO - Filling up the DagBag from /home/airflow/.local/lib/python3.12/site-packages/airflow/example_dags/example_branch_labels.py
[2026-05-17T04:55:42.351+0000] {processor.py:840} INFO - DAG(s) 'example_branch_labels' retrieved from /home/airflow/.local/lib/python3.12/site-packages/airflow/example_dags/example_branch_labels.py
[2026-05-17T04:55:42.374+0000] {logging_mixin.py:188} INFO - [2026-05-17T04:55:42.374+0000] {dag.py:3096} INFO - Sync 1 DAGs
[2026-05-17T04:55:42.409+0000] {logging_mixin.py:188} INFO - [2026-05-17T04:55:42.408+0000] {dag.py:3954} INFO - Setting next_dagrun for example_branch_labels to 2026-05-16 00:00:00+00:00, run_after=2026-05-17 00:00:00+00:00
[2026-05-17T04:55:42.436+0000] {processor.py:183} INFO - Processing /home/airflow/.local/lib/python3.12/site-packages/airflow/example_dags/example_branch_labels.py took 0.102 seconds
[2026-05-17T04:56:12.697+0000] {processor.py:161} INFO - Started process (PID=541) to work on /home/airflow/.local/lib/python3.12/site-packages/airflow/example_dags/example_branch_labels.py
[2026-05-17T04:56:12.699+0000] {processor.py:830} INFO - Processing file /home/airflow/.local/lib/python3.12/site-packages/airflow/example_dags/example_branch_labels.py for tasks to queue
[2026-05-17T04:56:12.707+0000] {logging_mixin.py:188} INFO - [2026-05-17T04:56:12.706+0000] {dagbag.py:545} INFO - Filling up the DagBag from /home/airflow/.local/lib/python3.12/site-packages/airflow/example_dags/example_branch_labels.py
[2026-05-17T04:56:12.723+0000] {processor.py:840} INFO - DAG(s) 'example_branch_labels' retrieved from /home/airflow/.local/lib/python3.12/site-packages/airflow/example_dags/example_branch_labels.py
[2026-05-17T04:56:12.762+0000] {logging_mixin.py:188} INFO - [2026-05-17T04:56:12.760+0000] {dag.py:3096} INFO - Sync 1 DAGs
[2026-05-17T04:56:12.803+0000] {logging_mixin.py:188} INFO - [2026-05-17T04:56:12.803+0000] {dag.py:3954} INFO - Setting next_dagrun for example_branch_labels to 2026-05-16 00:00:00+00:00, run_after=2026-05-17 00:00:00+00:00
[2026-05-17T04:56:12.842+0000] {processor.py:183} INFO - Processing /home/airflow/.local/lib/python3.12/site-packages/airflow/example_dags/example_branch_labels.py took 0.154 seconds
[2026-05-17T04:56:44.124+0000] {processor.py:161} INFO - Started process (PID=606) to work on /home/airflow/.local/lib/python3.12/site-packages/airflow/example_dags/example_branch_labels.py
[2026-05-17T04:56:44.125+0000] {processor.py:830} INFO - Processing file /home/airflow/.local/lib/python3.12/site-packages/airflow/example_dags/example_branch_labels.py for tasks to queue
[2026-05-17T04:56:44.129+0000] {logging_mixin.py:188} INFO - [2026-05-17T04:56:44.129+0000] {dagbag.py:545} INFO - Filling up the DagBag from /home/airflow/.local/lib/python3.12/site-packages/airflow/example_dags/example_branch_labels.py
[2026-05-17T04:56:44.139+0000] {processor.py:840} INFO - DAG(s) 'example_branch_labels' retrieved from /home/airflow/.local/lib/python3.12/site-packages/airflow/example_dags/example_branch_labels.py
[2026-05-17T04:56:44.165+0000] {logging_mixin.py:188} INFO - [2026-05-17T04:56:44.165+0000] {dag.py:3096} INFO - Sync 1 DAGs
[2026-05-17T04:56:44.188+0000] {logging_mixin.py:188} INFO - [2026-05-17T04:56:44.188+0000] {dag.py:3954} INFO - Setting next_dagrun for example_branch_labels to 2026-05-16 00:00:00+00:00, run_after=2026-05-17 00:00:00+00:00
[2026-05-17T04:56:44.215+0000] {processor.py:183} INFO - Processing /home/airflow/.local/lib/python3.12/site-packages/airflow/example_dags/example_branch_labels.py took 0.097 seconds
[2026-05-17T04:57:15.024+0000] {processor.py:161} INFO - Started process (PID=665) to work on /home/airflow/.local/lib/python3.12/site-packages/airflow/example_dags/example_branch_labels.py
[2026-05-17T04:57:15.026+0000] {processor.py:830} INFO - Processing file /home/airflow/.local/lib/python3.12/site-packages/airflow/example_dags/example_branch_labels.py for tasks to queue
[2026-05-17T04:57:15.029+0000] {logging_mixin.py:188} INFO - [2026-05-17T04:57:15.028+0000] {dagbag.py:545} INFO - Filling up the DagBag from /home/airflow/.local/lib/python3.12/site-packages/airflow/example_dags/example_branch_labels.py
[2026-05-17T04:57:15.041+0000] {processor.py:840} INFO - DAG(s) 'example_branch_labels' retrieved from /home/airflow/.local/lib/python3.12/site-packages/airflow/example_dags/example_branch_labels.py
[2026-05-17T04:57:15.073+0000] {logging_mixin.py:188} INFO - [2026-05-17T04:57:15.073+0000] {dag.py:3096} INFO - Sync 1 DAGs
[2026-05-17T04:57:15.105+0000] {logging_mixin.py:188} INFO - [2026-05-17T04:57:15.104+0000] {dag.py:3954} INFO - Setting next_dagrun for example_branch_labels to 2026-05-16 00:00:00+00:00, run_after=2026-05-17 00:00:00+00:00
[2026-05-17T04:57:15.123+0000] {processor.py:183} INFO - Processing /home/airflow/.local/lib/python3.12/site-packages/airflow/example_dags/example_branch_labels.py took 0.107 seconds
[2026-05-17T04:57:45.461+0000] {processor.py:161} INFO - Started process (PID=724) to work on /home/airflow/.local/lib/python3.12/site-packages/airflow/example_dags/example_branch_labels.py
[2026-05-17T04:57:45.462+0000] {processor.py:830} INFO - Processing file /home/airflow/.local/lib/python3.12/site-packages/airflow/example_dags/example_branch_labels.py for tasks to queue
[2026-05-17T04:57:45.463+0000] {logging_mixin.py:188} INFO - [2026-05-17T04:57:45.463+0000] {dagbag.py:545} INFO - Filling up the DagBag from /home/airflow/.local/lib/python3.12/site-packages/airflow/example_dags/example_branch_labels.py
[2026-05-17T04:57:45.472+0000] {processor.py:840} INFO - DAG(s) 'example_branch_labels' retrieved from /home/airflow/.local/lib/python3.12/site-packages/airflow/example_dags/example_branch_labels.py
[2026-05-17T04:57:45.510+0000] {logging_mixin.py:188} INFO - [2026-05-17T04:57:45.510+0000] {dag.py:3096} INFO - Sync 1 DAGs
[2026-05-17T04:57:45.552+0000] {logging_mixin.py:188} INFO - [2026-05-17T04:57:45.552+0000] {dag.py:3954} INFO - Setting next_dagrun for example_branch_labels to 2026-05-16 00:00:00+00:00, run_after=2026-05-17 00:00:00+00:00
[2026-05-17T04:57:45.571+0000] {processor.py:183} INFO - Processing /home/airflow/.local/lib/python3.12/site-packages/airflow/example_dags/example_branch_labels.py took 0.116 seconds
[2026-05-17T04:58:15.640+0000] {processor.py:161} INFO - Started process (PID=782) to work on /home/airflow/.local/lib/python3.12/site-packages/airflow/example_dags/example_branch_labels.py
[2026-05-17T04:58:15.643+0000] {processor.py:830} INFO - Processing file /home/airflow/.local/lib/python3.12/site-packages/airflow/example_dags/example_branch_labels.py for tasks to queue
[2026-05-17T04:58:15.650+0000] {logging_mixin.py:188} INFO - [2026-05-17T04:58:15.649+0000] {dagbag.py:545} INFO - Filling up the DagBag from /home/airflow/.local/lib/python3.12/site-packages/airflow/example_dags/example_branch_labels.py
[2026-05-17T04:58:15.662+0000] {processor.py:840} INFO - DAG(s) 'example_branch_labels' retrieved from /home/airflow/.local/lib/python3.12/site-packages/airflow/example_dags/example_branch_labels.py
[2026-05-17T04:58:15.691+0000] {logging_mixin.py:188} INFO - [2026-05-17T04:58:15.691+0000] {dag.py:3096} INFO - Sync 1 DAGs
[2026-05-17T04:58:15.714+0000] {logging_mixin.py:188} INFO - [2026-05-17T04:58:15.714+0000] {dag.py:3954} INFO - Setting next_dagrun for example_branch_labels to 2026-05-16 00:00:00+00:00, run_after=2026-05-17 00:00:00+00:00
[2026-05-17T04:58:15.734+0000] {processor.py:183} INFO - Processing /home/airflow/.local/lib/python3.12/site-packages/airflow/example_dags/example_branch_labels.py took 0.102 seconds
[2026-05-17T05:00:22.353+0000] {processor.py:161} INFO - Started process (PID=63) to work on /home/airflow/.local/lib/python3.12/site-packages/airflow/example_dags/example_branch_labels.py
[2026-05-17T05:00:22.354+0000] {processor.py:830} INFO - Processing file /home/airflow/.local/lib/python3.12/site-packages/airflow/example_dags/example_branch_labels.py for tasks to queue
[2026-05-17T05:00:22.356+0000] {logging_mixin.py:188} INFO - [2026-05-17T05:00:22.356+0000] {dagbag.py:545} INFO - Filling up the DagBag from /home/airflow/.local/lib/python3.12/site-packages/airflow/example_dags/example_branch_labels.py
[2026-05-17T05:00:22.366+0000] {processor.py:840} INFO - DAG(s) 'example_branch_labels' retrieved from /home/airflow/.local/lib/python3.12/site-packages/airflow/example_dags/example_branch_labels.py
[2026-05-17T05:00:22.391+0000] {logging_mixin.py:188} INFO - [2026-05-17T05:00:22.390+0000] {dag.py:3096} INFO - Sync 1 DAGs
[2026-05-17T05:00:22.413+0000] {logging_mixin.py:188} INFO - [2026-05-17T05:00:22.412+0000] {dag.py:3954} INFO - Setting next_dagrun for example_branch_labels to 2026-05-16 00:00:00+00:00, run_after=2026-05-17 00:00:00+00:00
[2026-05-17T05:00:22.428+0000] {processor.py:183} INFO - Processing /home/airflow/.local/lib/python3.12/site-packages/airflow/example_dags/example_branch_labels.py took 0.081 seconds
[2026-05-17T05:01:28.732+0000] {processor.py:161} INFO - Started process (PID=63) to work on /home/airflow/.local/lib/python3.12/site-packages/airflow/example_dags/example_branch_labels.py
[2026-05-17T05:01:28.733+0000] {processor.py:830} INFO - Processing file /home/airflow/.local/lib/python3.12/site-packages/airflow/example_dags/example_branch_labels.py for tasks to queue
[2026-05-17T05:01:28.735+0000] {logging_mixin.py:188} INFO - [2026-05-17T05:01:28.735+0000] {dagbag.py:545} INFO - Filling up the DagBag from /home/airflow/.local/lib/python3.12/site-packages/airflow/example_dags/example_branch_labels.py
[2026-05-17T05:01:28.745+0000] {processor.py:840} INFO - DAG(s) 'example_branch_labels' retrieved from /home/airflow/.local/lib/python3.12/site-packages/airflow/example_dags/example_branch_labels.py
[2026-05-17T05:01:28.773+0000] {logging_mixin.py:188} INFO - [2026-05-17T05:01:28.773+0000] {dag.py:3096} INFO - Sync 1 DAGs
[2026-05-17T05:01:28.797+0000] {logging_mixin.py:188} INFO - [2026-05-17T05:01:28.796+0000] {dag.py:3954} INFO - Setting next_dagrun for example_branch_labels to 2026-05-16 00:00:00+00:00, run_after=2026-05-17 00:00:00+00:00
[2026-05-17T05:01:28.816+0000] {processor.py:183} INFO - Processing /home/airflow/.local/lib/python3.12/site-packages/airflow/example_dags/example_branch_labels.py took 0.092 seconds
