[2026-05-17T04:43:54.671+0000] {processor.py:161} INFO - Started process (PID=102) to work on /home/airflow/.local/lib/python3.12/site-packages/airflow/example_dags/example_subdag_operator.py
[2026-05-17T04:43:54.675+0000] {processor.py:830} INFO - Processing file /home/airflow/.local/lib/python3.12/site-packages/airflow/example_dags/example_subdag_operator.py for tasks to queue
[2026-05-17T04:43:54.686+0000] {logging_mixin.py:188} INFO - [2026-05-17T04:43:54.685+0000] {dagbag.py:545} INFO - Filling up the DagBag from /home/airflow/.local/lib/python3.12/site-packages/airflow/example_dags/example_subdag_operator.py
[2026-05-17T04:43:54.749+0000] {processor.py:840} INFO - DAG(s) 'example_subdag_operator.section-1', 'example_subdag_operator.section-2', 'example_subdag_operator' retrieved from /home/airflow/.local/lib/python3.12/site-packages/airflow/example_dags/example_subdag_operator.py
[2026-05-17T04:43:54.760+0000] {logging_mixin.py:188} INFO - [2026-05-17T04:43:54.760+0000] {dag.py:3096} INFO - Sync 3 DAGs
[2026-05-17T04:43:54.796+0000] {logging_mixin.py:188} INFO - [2026-05-17T04:43:54.796+0000] {dag.py:3954} INFO - Setting next_dagrun for example_subdag_operator to 2022-01-01 00:00:00+00:00, run_after=2022-01-01 00:00:00+00:00
[2026-05-17T04:43:54.802+0000] {logging_mixin.py:188} INFO - [2026-05-17T04:43:54.801+0000] {dag.py:3954} INFO - Setting next_dagrun for example_subdag_operator.section-1 to None, run_after=None
[2026-05-17T04:43:54.804+0000] {logging_mixin.py:188} INFO - [2026-05-17T04:43:54.804+0000] {dag.py:3954} INFO - Setting next_dagrun for example_subdag_operator.section-2 to None, run_after=None
[2026-05-17T04:43:54.815+0000] {logging_mixin.py:188} INFO - [2026-05-17T04:43:54.815+0000] {dag.py:3096} INFO - Sync 2 DAGs
[2026-05-17T04:43:54.821+0000] {logging_mixin.py:188} INFO - [2026-05-17T04:43:54.821+0000] {dag.py:3954} INFO - Setting next_dagrun for example_subdag_operator.section-1 to None, run_after=None
[2026-05-17T04:43:54.823+0000] {logging_mixin.py:188} INFO - [2026-05-17T04:43:54.823+0000] {dag.py:3954} INFO - Setting next_dagrun for example_subdag_operator.section-2 to None, run_after=None
[2026-05-17T04:43:54.838+0000] {processor.py:183} INFO - Processing /home/airflow/.local/lib/python3.12/site-packages/airflow/example_dags/example_subdag_operator.py took 0.187 seconds
[2026-05-17T04:44:24.943+0000] {processor.py:161} INFO - Started process (PID=161) to work on /home/airflow/.local/lib/python3.12/site-packages/airflow/example_dags/example_subdag_operator.py
[2026-05-17T04:44:24.944+0000] {processor.py:830} INFO - Processing file /home/airflow/.local/lib/python3.12/site-packages/airflow/example_dags/example_subdag_operator.py for tasks to queue
[2026-05-17T04:44:24.946+0000] {logging_mixin.py:188} INFO - [2026-05-17T04:44:24.946+0000] {dagbag.py:545} INFO - Filling up the DagBag from /home/airflow/.local/lib/python3.12/site-packages/airflow/example_dags/example_subdag_operator.py
[2026-05-17T04:44:24.965+0000] {processor.py:840} INFO - DAG(s) 'example_subdag_operator.section-1', 'example_subdag_operator.section-2', 'example_subdag_operator' retrieved from /home/airflow/.local/lib/python3.12/site-packages/airflow/example_dags/example_subdag_operator.py
[2026-05-17T04:44:25.039+0000] {logging_mixin.py:188} INFO - [2026-05-17T04:44:25.039+0000] {dag.py:3096} INFO - Sync 3 DAGs
[2026-05-17T04:44:25.053+0000] {logging_mixin.py:188} INFO - [2026-05-17T04:44:25.053+0000] {dag.py:3954} INFO - Setting next_dagrun for example_subdag_operator to 2022-01-01 00:00:00+00:00, run_after=2022-01-01 00:00:00+00:00
[2026-05-17T04:44:25.056+0000] {logging_mixin.py:188} INFO - [2026-05-17T04:44:25.056+0000] {dag.py:3954} INFO - Setting next_dagrun for example_subdag_operator.section-1 to None, run_after=None
[2026-05-17T04:44:25.058+0000] {logging_mixin.py:188} INFO - [2026-05-17T04:44:25.058+0000] {dag.py:3954} INFO - Setting next_dagrun for example_subdag_operator.section-2 to None, run_after=None
[2026-05-17T04:44:25.065+0000] {logging_mixin.py:188} INFO - [2026-05-17T04:44:25.065+0000] {dag.py:3096} INFO - Sync 2 DAGs
[2026-05-17T04:44:25.069+0000] {logging_mixin.py:188} INFO - [2026-05-17T04:44:25.069+0000] {dag.py:3954} INFO - Setting next_dagrun for example_subdag_operator.section-1 to None, run_after=None
[2026-05-17T04:44:25.070+0000] {logging_mixin.py:188} INFO - [2026-05-17T04:44:25.070+0000] {dag.py:3954} INFO - Setting next_dagrun for example_subdag_operator.section-2 to None, run_after=None
[2026-05-17T04:44:25.079+0000] {processor.py:183} INFO - Processing /home/airflow/.local/lib/python3.12/site-packages/airflow/example_dags/example_subdag_operator.py took 0.141 seconds
[2026-05-17T04:44:55.658+0000] {processor.py:161} INFO - Started process (PID=220) to work on /home/airflow/.local/lib/python3.12/site-packages/airflow/example_dags/example_subdag_operator.py
[2026-05-17T04:44:55.658+0000] {processor.py:830} INFO - Processing file /home/airflow/.local/lib/python3.12/site-packages/airflow/example_dags/example_subdag_operator.py for tasks to queue
[2026-05-17T04:44:55.660+0000] {logging_mixin.py:188} INFO - [2026-05-17T04:44:55.660+0000] {dagbag.py:545} INFO - Filling up the DagBag from /home/airflow/.local/lib/python3.12/site-packages/airflow/example_dags/example_subdag_operator.py
[2026-05-17T04:44:55.686+0000] {processor.py:840} INFO - DAG(s) 'example_subdag_operator.section-1', 'example_subdag_operator.section-2', 'example_subdag_operator' retrieved from /home/airflow/.local/lib/python3.12/site-packages/airflow/example_dags/example_subdag_operator.py
[2026-05-17T04:44:55.703+0000] {logging_mixin.py:188} INFO - [2026-05-17T04:44:55.702+0000] {dag.py:3096} INFO - Sync 3 DAGs
[2026-05-17T04:44:55.723+0000] {logging_mixin.py:188} INFO - [2026-05-17T04:44:55.723+0000] {dag.py:3954} INFO - Setting next_dagrun for example_subdag_operator to 2022-01-01 00:00:00+00:00, run_after=2022-01-01 00:00:00+00:00
[2026-05-17T04:44:55.726+0000] {logging_mixin.py:188} INFO - [2026-05-17T04:44:55.726+0000] {dag.py:3954} INFO - Setting next_dagrun for example_subdag_operator.section-1 to None, run_after=None
[2026-05-17T04:44:55.727+0000] {logging_mixin.py:188} INFO - [2026-05-17T04:44:55.727+0000] {dag.py:3954} INFO - Setting next_dagrun for example_subdag_operator.section-2 to None, run_after=None
[2026-05-17T04:44:55.734+0000] {logging_mixin.py:188} INFO - [2026-05-17T04:44:55.734+0000] {dag.py:3096} INFO - Sync 2 DAGs
[2026-05-17T04:44:55.738+0000] {logging_mixin.py:188} INFO - [2026-05-17T04:44:55.738+0000] {dag.py:3954} INFO - Setting next_dagrun for example_subdag_operator.section-1 to None, run_after=None
[2026-05-17T04:44:55.739+0000] {logging_mixin.py:188} INFO - [2026-05-17T04:44:55.739+0000] {dag.py:3954} INFO - Setting next_dagrun for example_subdag_operator.section-2 to None, run_after=None
[2026-05-17T04:44:55.750+0000] {processor.py:183} INFO - Processing /home/airflow/.local/lib/python3.12/site-packages/airflow/example_dags/example_subdag_operator.py took 0.097 seconds
[2026-05-17T04:45:25.793+0000] {processor.py:161} INFO - Started process (PID=279) to work on /home/airflow/.local/lib/python3.12/site-packages/airflow/example_dags/example_subdag_operator.py
[2026-05-17T04:45:25.794+0000] {processor.py:830} INFO - Processing file /home/airflow/.local/lib/python3.12/site-packages/airflow/example_dags/example_subdag_operator.py for tasks to queue
[2026-05-17T04:45:25.795+0000] {logging_mixin.py:188} INFO - [2026-05-17T04:45:25.795+0000] {dagbag.py:545} INFO - Filling up the DagBag from /home/airflow/.local/lib/python3.12/site-packages/airflow/example_dags/example_subdag_operator.py
[2026-05-17T04:45:25.812+0000] {processor.py:840} INFO - DAG(s) 'example_subdag_operator.section-1', 'example_subdag_operator.section-2', 'example_subdag_operator' retrieved from /home/airflow/.local/lib/python3.12/site-packages/airflow/example_dags/example_subdag_operator.py
[2026-05-17T04:45:25.823+0000] {logging_mixin.py:188} INFO - [2026-05-17T04:45:25.823+0000] {dag.py:3096} INFO - Sync 3 DAGs
[2026-05-17T04:45:25.836+0000] {logging_mixin.py:188} INFO - [2026-05-17T04:45:25.836+0000] {dag.py:3954} INFO - Setting next_dagrun for example_subdag_operator to 2022-01-01 00:00:00+00:00, run_after=2022-01-01 00:00:00+00:00
[2026-05-17T04:45:25.839+0000] {logging_mixin.py:188} INFO - [2026-05-17T04:45:25.838+0000] {dag.py:3954} INFO - Setting next_dagrun for example_subdag_operator.section-1 to None, run_after=None
[2026-05-17T04:45:25.840+0000] {logging_mixin.py:188} INFO - [2026-05-17T04:45:25.839+0000] {dag.py:3954} INFO - Setting next_dagrun for example_subdag_operator.section-2 to None, run_after=None
[2026-05-17T04:45:25.844+0000] {logging_mixin.py:188} INFO - [2026-05-17T04:45:25.844+0000] {dag.py:3096} INFO - Sync 2 DAGs
[2026-05-17T04:45:25.847+0000] {logging_mixin.py:188} INFO - [2026-05-17T04:45:25.847+0000] {dag.py:3954} INFO - Setting next_dagrun for example_subdag_operator.section-1 to None, run_after=None
[2026-05-17T04:45:25.848+0000] {logging_mixin.py:188} INFO - [2026-05-17T04:45:25.848+0000] {dag.py:3954} INFO - Setting next_dagrun for example_subdag_operator.section-2 to None, run_after=None
[2026-05-17T04:45:25.854+0000] {processor.py:183} INFO - Processing /home/airflow/.local/lib/python3.12/site-packages/airflow/example_dags/example_subdag_operator.py took 0.065 seconds
[2026-05-17T04:45:56.442+0000] {processor.py:161} INFO - Started process (PID=338) to work on /home/airflow/.local/lib/python3.12/site-packages/airflow/example_dags/example_subdag_operator.py
[2026-05-17T04:45:56.443+0000] {processor.py:830} INFO - Processing file /home/airflow/.local/lib/python3.12/site-packages/airflow/example_dags/example_subdag_operator.py for tasks to queue
[2026-05-17T04:45:56.445+0000] {logging_mixin.py:188} INFO - [2026-05-17T04:45:56.445+0000] {dagbag.py:545} INFO - Filling up the DagBag from /home/airflow/.local/lib/python3.12/site-packages/airflow/example_dags/example_subdag_operator.py
[2026-05-17T04:45:56.461+0000] {processor.py:840} INFO - DAG(s) 'example_subdag_operator.section-1', 'example_subdag_operator.section-2', 'example_subdag_operator' retrieved from /home/airflow/.local/lib/python3.12/site-packages/airflow/example_dags/example_subdag_operator.py
[2026-05-17T04:45:56.471+0000] {logging_mixin.py:188} INFO - [2026-05-17T04:45:56.471+0000] {dag.py:3096} INFO - Sync 3 DAGs
[2026-05-17T04:45:56.485+0000] {logging_mixin.py:188} INFO - [2026-05-17T04:45:56.485+0000] {dag.py:3954} INFO - Setting next_dagrun for example_subdag_operator to 2022-01-01 00:00:00+00:00, run_after=2022-01-01 00:00:00+00:00
[2026-05-17T04:45:56.488+0000] {logging_mixin.py:188} INFO - [2026-05-17T04:45:56.488+0000] {dag.py:3954} INFO - Setting next_dagrun for example_subdag_operator.section-1 to None, run_after=None
[2026-05-17T04:45:56.489+0000] {logging_mixin.py:188} INFO - [2026-05-17T04:45:56.489+0000] {dag.py:3954} INFO - Setting next_dagrun for example_subdag_operator.section-2 to None, run_after=None
[2026-05-17T04:45:56.494+0000] {logging_mixin.py:188} INFO - [2026-05-17T04:45:56.494+0000] {dag.py:3096} INFO - Sync 2 DAGs
[2026-05-17T04:45:56.497+0000] {logging_mixin.py:188} INFO - [2026-05-17T04:45:56.497+0000] {dag.py:3954} INFO - Setting next_dagrun for example_subdag_operator.section-1 to None, run_after=None
[2026-05-17T04:45:56.498+0000] {logging_mixin.py:188} INFO - [2026-05-17T04:45:56.498+0000] {dag.py:3954} INFO - Setting next_dagrun for example_subdag_operator.section-2 to None, run_after=None
[2026-05-17T04:45:56.505+0000] {processor.py:183} INFO - Processing /home/airflow/.local/lib/python3.12/site-packages/airflow/example_dags/example_subdag_operator.py took 0.068 seconds
[2026-05-17T04:46:26.928+0000] {processor.py:161} INFO - Started process (PID=397) to work on /home/airflow/.local/lib/python3.12/site-packages/airflow/example_dags/example_subdag_operator.py
[2026-05-17T04:46:26.929+0000] {processor.py:830} INFO - Processing file /home/airflow/.local/lib/python3.12/site-packages/airflow/example_dags/example_subdag_operator.py for tasks to queue
[2026-05-17T04:46:26.931+0000] {logging_mixin.py:188} INFO - [2026-05-17T04:46:26.930+0000] {dagbag.py:545} INFO - Filling up the DagBag from /home/airflow/.local/lib/python3.12/site-packages/airflow/example_dags/example_subdag_operator.py
[2026-05-17T04:46:26.948+0000] {processor.py:840} INFO - DAG(s) 'example_subdag_operator.section-1', 'example_subdag_operator.section-2', 'example_subdag_operator' retrieved from /home/airflow/.local/lib/python3.12/site-packages/airflow/example_dags/example_subdag_operator.py
[2026-05-17T04:46:26.959+0000] {logging_mixin.py:188} INFO - [2026-05-17T04:46:26.958+0000] {dag.py:3096} INFO - Sync 3 DAGs
[2026-05-17T04:46:26.973+0000] {logging_mixin.py:188} INFO - [2026-05-17T04:46:26.973+0000] {dag.py:3954} INFO - Setting next_dagrun for example_subdag_operator to 2022-01-01 00:00:00+00:00, run_after=2022-01-01 00:00:00+00:00
[2026-05-17T04:46:26.976+0000] {logging_mixin.py:188} INFO - [2026-05-17T04:46:26.976+0000] {dag.py:3954} INFO - Setting next_dagrun for example_subdag_operator.section-1 to None, run_after=None
[2026-05-17T04:46:26.977+0000] {logging_mixin.py:188} INFO - [2026-05-17T04:46:26.977+0000] {dag.py:3954} INFO - Setting next_dagrun for example_subdag_operator.section-2 to None, run_after=None
[2026-05-17T04:46:26.982+0000] {logging_mixin.py:188} INFO - [2026-05-17T04:46:26.982+0000] {dag.py:3096} INFO - Sync 2 DAGs
[2026-05-17T04:46:26.986+0000] {logging_mixin.py:188} INFO - [2026-05-17T04:46:26.986+0000] {dag.py:3954} INFO - Setting next_dagrun for example_subdag_operator.section-1 to None, run_after=None
[2026-05-17T04:46:26.987+0000] {logging_mixin.py:188} INFO - [2026-05-17T04:46:26.987+0000] {dag.py:3954} INFO - Setting next_dagrun for example_subdag_operator.section-2 to None, run_after=None
[2026-05-17T04:46:26.996+0000] {processor.py:183} INFO - Processing /home/airflow/.local/lib/python3.12/site-packages/airflow/example_dags/example_subdag_operator.py took 0.072 seconds
[2026-05-17T04:46:57.486+0000] {processor.py:161} INFO - Started process (PID=456) to work on /home/airflow/.local/lib/python3.12/site-packages/airflow/example_dags/example_subdag_operator.py
[2026-05-17T04:46:57.487+0000] {processor.py:830} INFO - Processing file /home/airflow/.local/lib/python3.12/site-packages/airflow/example_dags/example_subdag_operator.py for tasks to queue
[2026-05-17T04:46:57.488+0000] {logging_mixin.py:188} INFO - [2026-05-17T04:46:57.488+0000] {dagbag.py:545} INFO - Filling up the DagBag from /home/airflow/.local/lib/python3.12/site-packages/airflow/example_dags/example_subdag_operator.py
[2026-05-17T04:46:57.506+0000] {processor.py:840} INFO - DAG(s) 'example_subdag_operator.section-1', 'example_subdag_operator.section-2', 'example_subdag_operator' retrieved from /home/airflow/.local/lib/python3.12/site-packages/airflow/example_dags/example_subdag_operator.py
[2026-05-17T04:46:57.515+0000] {logging_mixin.py:188} INFO - [2026-05-17T04:46:57.515+0000] {dag.py:3096} INFO - Sync 3 DAGs
[2026-05-17T04:46:57.530+0000] {logging_mixin.py:188} INFO - [2026-05-17T04:46:57.530+0000] {dag.py:3954} INFO - Setting next_dagrun for example_subdag_operator to 2022-01-01 00:00:00+00:00, run_after=2022-01-01 00:00:00+00:00
[2026-05-17T04:46:57.533+0000] {logging_mixin.py:188} INFO - [2026-05-17T04:46:57.533+0000] {dag.py:3954} INFO - Setting next_dagrun for example_subdag_operator.section-1 to None, run_after=None
[2026-05-17T04:46:57.534+0000] {logging_mixin.py:188} INFO - [2026-05-17T04:46:57.534+0000] {dag.py:3954} INFO - Setting next_dagrun for example_subdag_operator.section-2 to None, run_after=None
[2026-05-17T04:46:57.539+0000] {logging_mixin.py:188} INFO - [2026-05-17T04:46:57.539+0000] {dag.py:3096} INFO - Sync 2 DAGs
[2026-05-17T04:46:57.543+0000] {logging_mixin.py:188} INFO - [2026-05-17T04:46:57.542+0000] {dag.py:3954} INFO - Setting next_dagrun for example_subdag_operator.section-1 to None, run_after=None
[2026-05-17T04:46:57.543+0000] {logging_mixin.py:188} INFO - [2026-05-17T04:46:57.543+0000] {dag.py:3954} INFO - Setting next_dagrun for example_subdag_operator.section-2 to None, run_after=None
[2026-05-17T04:46:57.550+0000] {processor.py:183} INFO - Processing /home/airflow/.local/lib/python3.12/site-packages/airflow/example_dags/example_subdag_operator.py took 0.069 seconds
[2026-05-17T04:47:27.855+0000] {processor.py:161} INFO - Started process (PID=515) to work on /home/airflow/.local/lib/python3.12/site-packages/airflow/example_dags/example_subdag_operator.py
[2026-05-17T04:47:27.856+0000] {processor.py:830} INFO - Processing file /home/airflow/.local/lib/python3.12/site-packages/airflow/example_dags/example_subdag_operator.py for tasks to queue
[2026-05-17T04:47:27.858+0000] {logging_mixin.py:188} INFO - [2026-05-17T04:47:27.857+0000] {dagbag.py:545} INFO - Filling up the DagBag from /home/airflow/.local/lib/python3.12/site-packages/airflow/example_dags/example_subdag_operator.py
[2026-05-17T04:47:27.874+0000] {processor.py:840} INFO - DAG(s) 'example_subdag_operator.section-1', 'example_subdag_operator.section-2', 'example_subdag_operator' retrieved from /home/airflow/.local/lib/python3.12/site-packages/airflow/example_dags/example_subdag_operator.py
[2026-05-17T04:47:27.884+0000] {logging_mixin.py:188} INFO - [2026-05-17T04:47:27.884+0000] {dag.py:3096} INFO - Sync 3 DAGs
[2026-05-17T04:47:27.898+0000] {logging_mixin.py:188} INFO - [2026-05-17T04:47:27.898+0000] {dag.py:3954} INFO - Setting next_dagrun for example_subdag_operator to 2022-01-01 00:00:00+00:00, run_after=2022-01-01 00:00:00+00:00
[2026-05-17T04:47:27.901+0000] {logging_mixin.py:188} INFO - [2026-05-17T04:47:27.901+0000] {dag.py:3954} INFO - Setting next_dagrun for example_subdag_operator.section-1 to None, run_after=None
[2026-05-17T04:47:27.902+0000] {logging_mixin.py:188} INFO - [2026-05-17T04:47:27.902+0000] {dag.py:3954} INFO - Setting next_dagrun for example_subdag_operator.section-2 to None, run_after=None
[2026-05-17T04:47:27.909+0000] {logging_mixin.py:188} INFO - [2026-05-17T04:47:27.909+0000] {dag.py:3096} INFO - Sync 2 DAGs
[2026-05-17T04:47:27.915+0000] {logging_mixin.py:188} INFO - [2026-05-17T04:47:27.915+0000] {dag.py:3954} INFO - Setting next_dagrun for example_subdag_operator.section-1 to None, run_after=None
[2026-05-17T04:47:27.917+0000] {logging_mixin.py:188} INFO - [2026-05-17T04:47:27.917+0000] {dag.py:3954} INFO - Setting next_dagrun for example_subdag_operator.section-2 to None, run_after=None
[2026-05-17T04:47:27.931+0000] {processor.py:183} INFO - Processing /home/airflow/.local/lib/python3.12/site-packages/airflow/example_dags/example_subdag_operator.py took 0.081 seconds
[2026-05-17T04:47:58.288+0000] {processor.py:161} INFO - Started process (PID=574) to work on /home/airflow/.local/lib/python3.12/site-packages/airflow/example_dags/example_subdag_operator.py
[2026-05-17T04:47:58.289+0000] {processor.py:830} INFO - Processing file /home/airflow/.local/lib/python3.12/site-packages/airflow/example_dags/example_subdag_operator.py for tasks to queue
[2026-05-17T04:47:58.291+0000] {logging_mixin.py:188} INFO - [2026-05-17T04:47:58.290+0000] {dagbag.py:545} INFO - Filling up the DagBag from /home/airflow/.local/lib/python3.12/site-packages/airflow/example_dags/example_subdag_operator.py
[2026-05-17T04:47:58.308+0000] {processor.py:840} INFO - DAG(s) 'example_subdag_operator.section-1', 'example_subdag_operator.section-2', 'example_subdag_operator' retrieved from /home/airflow/.local/lib/python3.12/site-packages/airflow/example_dags/example_subdag_operator.py
[2026-05-17T04:47:58.318+0000] {logging_mixin.py:188} INFO - [2026-05-17T04:47:58.318+0000] {dag.py:3096} INFO - Sync 3 DAGs
[2026-05-17T04:47:58.333+0000] {logging_mixin.py:188} INFO - [2026-05-17T04:47:58.333+0000] {dag.py:3954} INFO - Setting next_dagrun for example_subdag_operator to 2022-01-01 00:00:00+00:00, run_after=2022-01-01 00:00:00+00:00
[2026-05-17T04:47:58.336+0000] {logging_mixin.py:188} INFO - [2026-05-17T04:47:58.336+0000] {dag.py:3954} INFO - Setting next_dagrun for example_subdag_operator.section-1 to None, run_after=None
[2026-05-17T04:47:58.337+0000] {logging_mixin.py:188} INFO - [2026-05-17T04:47:58.337+0000] {dag.py:3954} INFO - Setting next_dagrun for example_subdag_operator.section-2 to None, run_after=None
[2026-05-17T04:47:58.342+0000] {logging_mixin.py:188} INFO - [2026-05-17T04:47:58.342+0000] {dag.py:3096} INFO - Sync 2 DAGs
[2026-05-17T04:47:58.347+0000] {logging_mixin.py:188} INFO - [2026-05-17T04:47:58.347+0000] {dag.py:3954} INFO - Setting next_dagrun for example_subdag_operator.section-1 to None, run_after=None
[2026-05-17T04:47:58.348+0000] {logging_mixin.py:188} INFO - [2026-05-17T04:47:58.348+0000] {dag.py:3954} INFO - Setting next_dagrun for example_subdag_operator.section-2 to None, run_after=None
[2026-05-17T04:47:58.356+0000] {processor.py:183} INFO - Processing /home/airflow/.local/lib/python3.12/site-packages/airflow/example_dags/example_subdag_operator.py took 0.073 seconds
[2026-05-17T04:48:28.865+0000] {processor.py:161} INFO - Started process (PID=633) to work on /home/airflow/.local/lib/python3.12/site-packages/airflow/example_dags/example_subdag_operator.py
[2026-05-17T04:48:28.866+0000] {processor.py:830} INFO - Processing file /home/airflow/.local/lib/python3.12/site-packages/airflow/example_dags/example_subdag_operator.py for tasks to queue
[2026-05-17T04:48:28.868+0000] {logging_mixin.py:188} INFO - [2026-05-17T04:48:28.867+0000] {dagbag.py:545} INFO - Filling up the DagBag from /home/airflow/.local/lib/python3.12/site-packages/airflow/example_dags/example_subdag_operator.py
[2026-05-17T04:48:28.887+0000] {processor.py:840} INFO - DAG(s) 'example_subdag_operator.section-1', 'example_subdag_operator.section-2', 'example_subdag_operator' retrieved from /home/airflow/.local/lib/python3.12/site-packages/airflow/example_dags/example_subdag_operator.py
[2026-05-17T04:48:28.897+0000] {logging_mixin.py:188} INFO - [2026-05-17T04:48:28.897+0000] {dag.py:3096} INFO - Sync 3 DAGs
[2026-05-17T04:48:28.911+0000] {logging_mixin.py:188} INFO - [2026-05-17T04:48:28.911+0000] {dag.py:3954} INFO - Setting next_dagrun for example_subdag_operator to 2022-01-01 00:00:00+00:00, run_after=2022-01-01 00:00:00+00:00
[2026-05-17T04:48:28.913+0000] {logging_mixin.py:188} INFO - [2026-05-17T04:48:28.913+0000] {dag.py:3954} INFO - Setting next_dagrun for example_subdag_operator.section-1 to None, run_after=None
[2026-05-17T04:48:28.914+0000] {logging_mixin.py:188} INFO - [2026-05-17T04:48:28.914+0000] {dag.py:3954} INFO - Setting next_dagrun for example_subdag_operator.section-2 to None, run_after=None
[2026-05-17T04:48:28.919+0000] {logging_mixin.py:188} INFO - [2026-05-17T04:48:28.918+0000] {dag.py:3096} INFO - Sync 2 DAGs
[2026-05-17T04:48:28.921+0000] {logging_mixin.py:188} INFO - [2026-05-17T04:48:28.921+0000] {dag.py:3954} INFO - Setting next_dagrun for example_subdag_operator.section-1 to None, run_after=None
[2026-05-17T04:48:28.922+0000] {logging_mixin.py:188} INFO - [2026-05-17T04:48:28.922+0000] {dag.py:3954} INFO - Setting next_dagrun for example_subdag_operator.section-2 to None, run_after=None
[2026-05-17T04:48:28.929+0000] {processor.py:183} INFO - Processing /home/airflow/.local/lib/python3.12/site-packages/airflow/example_dags/example_subdag_operator.py took 0.069 seconds
[2026-05-17T04:48:59.542+0000] {processor.py:161} INFO - Started process (PID=692) to work on /home/airflow/.local/lib/python3.12/site-packages/airflow/example_dags/example_subdag_operator.py
[2026-05-17T04:48:59.543+0000] {processor.py:830} INFO - Processing file /home/airflow/.local/lib/python3.12/site-packages/airflow/example_dags/example_subdag_operator.py for tasks to queue
[2026-05-17T04:48:59.544+0000] {logging_mixin.py:188} INFO - [2026-05-17T04:48:59.544+0000] {dagbag.py:545} INFO - Filling up the DagBag from /home/airflow/.local/lib/python3.12/site-packages/airflow/example_dags/example_subdag_operator.py
[2026-05-17T04:48:59.562+0000] {processor.py:840} INFO - DAG(s) 'example_subdag_operator.section-1', 'example_subdag_operator.section-2', 'example_subdag_operator' retrieved from /home/airflow/.local/lib/python3.12/site-packages/airflow/example_dags/example_subdag_operator.py
[2026-05-17T04:48:59.574+0000] {logging_mixin.py:188} INFO - [2026-05-17T04:48:59.574+0000] {dag.py:3096} INFO - Sync 3 DAGs
[2026-05-17T04:48:59.591+0000] {logging_mixin.py:188} INFO - [2026-05-17T04:48:59.591+0000] {dag.py:3954} INFO - Setting next_dagrun for example_subdag_operator to 2022-01-01 00:00:00+00:00, run_after=2022-01-01 00:00:00+00:00
[2026-05-17T04:48:59.594+0000] {logging_mixin.py:188} INFO - [2026-05-17T04:48:59.594+0000] {dag.py:3954} INFO - Setting next_dagrun for example_subdag_operator.section-1 to None, run_after=None
[2026-05-17T04:48:59.595+0000] {logging_mixin.py:188} INFO - [2026-05-17T04:48:59.595+0000] {dag.py:3954} INFO - Setting next_dagrun for example_subdag_operator.section-2 to None, run_after=None
[2026-05-17T04:48:59.600+0000] {logging_mixin.py:188} INFO - [2026-05-17T04:48:59.600+0000] {dag.py:3096} INFO - Sync 2 DAGs
[2026-05-17T04:48:59.604+0000] {logging_mixin.py:188} INFO - [2026-05-17T04:48:59.604+0000] {dag.py:3954} INFO - Setting next_dagrun for example_subdag_operator.section-1 to None, run_after=None
[2026-05-17T04:48:59.605+0000] {logging_mixin.py:188} INFO - [2026-05-17T04:48:59.604+0000] {dag.py:3954} INFO - Setting next_dagrun for example_subdag_operator.section-2 to None, run_after=None
[2026-05-17T04:48:59.620+0000] {processor.py:183} INFO - Processing /home/airflow/.local/lib/python3.12/site-packages/airflow/example_dags/example_subdag_operator.py took 0.083 seconds
[2026-05-17T04:49:30.106+0000] {processor.py:161} INFO - Started process (PID=751) to work on /home/airflow/.local/lib/python3.12/site-packages/airflow/example_dags/example_subdag_operator.py
[2026-05-17T04:49:30.107+0000] {processor.py:830} INFO - Processing file /home/airflow/.local/lib/python3.12/site-packages/airflow/example_dags/example_subdag_operator.py for tasks to queue
[2026-05-17T04:49:30.109+0000] {logging_mixin.py:188} INFO - [2026-05-17T04:49:30.109+0000] {dagbag.py:545} INFO - Filling up the DagBag from /home/airflow/.local/lib/python3.12/site-packages/airflow/example_dags/example_subdag_operator.py
[2026-05-17T04:49:30.123+0000] {processor.py:840} INFO - DAG(s) 'example_subdag_operator.section-1', 'example_subdag_operator.section-2', 'example_subdag_operator' retrieved from /home/airflow/.local/lib/python3.12/site-packages/airflow/example_dags/example_subdag_operator.py
[2026-05-17T04:49:30.133+0000] {logging_mixin.py:188} INFO - [2026-05-17T04:49:30.132+0000] {dag.py:3096} INFO - Sync 3 DAGs
[2026-05-17T04:49:30.146+0000] {logging_mixin.py:188} INFO - [2026-05-17T04:49:30.146+0000] {dag.py:3954} INFO - Setting next_dagrun for example_subdag_operator to 2022-01-01 00:00:00+00:00, run_after=2022-01-01 00:00:00+00:00
[2026-05-17T04:49:30.148+0000] {logging_mixin.py:188} INFO - [2026-05-17T04:49:30.148+0000] {dag.py:3954} INFO - Setting next_dagrun for example_subdag_operator.section-1 to None, run_after=None
[2026-05-17T04:49:30.149+0000] {logging_mixin.py:188} INFO - [2026-05-17T04:49:30.149+0000] {dag.py:3954} INFO - Setting next_dagrun for example_subdag_operator.section-2 to None, run_after=None
[2026-05-17T04:49:30.154+0000] {logging_mixin.py:188} INFO - [2026-05-17T04:49:30.154+0000] {dag.py:3096} INFO - Sync 2 DAGs
[2026-05-17T04:49:30.157+0000] {logging_mixin.py:188} INFO - [2026-05-17T04:49:30.157+0000] {dag.py:3954} INFO - Setting next_dagrun for example_subdag_operator.section-1 to None, run_after=None
[2026-05-17T04:49:30.158+0000] {logging_mixin.py:188} INFO - [2026-05-17T04:49:30.158+0000] {dag.py:3954} INFO - Setting next_dagrun for example_subdag_operator.section-2 to None, run_after=None
[2026-05-17T04:49:30.171+0000] {processor.py:183} INFO - Processing /home/airflow/.local/lib/python3.12/site-packages/airflow/example_dags/example_subdag_operator.py took 0.068 seconds
[2026-05-17T04:50:00.697+0000] {processor.py:161} INFO - Started process (PID=810) to work on /home/airflow/.local/lib/python3.12/site-packages/airflow/example_dags/example_subdag_operator.py
[2026-05-17T04:50:00.697+0000] {processor.py:830} INFO - Processing file /home/airflow/.local/lib/python3.12/site-packages/airflow/example_dags/example_subdag_operator.py for tasks to queue
[2026-05-17T04:50:00.699+0000] {logging_mixin.py:188} INFO - [2026-05-17T04:50:00.698+0000] {dagbag.py:545} INFO - Filling up the DagBag from /home/airflow/.local/lib/python3.12/site-packages/airflow/example_dags/example_subdag_operator.py
[2026-05-17T04:50:00.715+0000] {processor.py:840} INFO - DAG(s) 'example_subdag_operator.section-1', 'example_subdag_operator.section-2', 'example_subdag_operator' retrieved from /home/airflow/.local/lib/python3.12/site-packages/airflow/example_dags/example_subdag_operator.py
[2026-05-17T04:50:00.725+0000] {logging_mixin.py:188} INFO - [2026-05-17T04:50:00.725+0000] {dag.py:3096} INFO - Sync 3 DAGs
[2026-05-17T04:50:00.742+0000] {logging_mixin.py:188} INFO - [2026-05-17T04:50:00.742+0000] {dag.py:3954} INFO - Setting next_dagrun for example_subdag_operator to 2022-01-01 00:00:00+00:00, run_after=2022-01-01 00:00:00+00:00
[2026-05-17T04:50:00.746+0000] {logging_mixin.py:188} INFO - [2026-05-17T04:50:00.746+0000] {dag.py:3954} INFO - Setting next_dagrun for example_subdag_operator.section-1 to None, run_after=None
[2026-05-17T04:50:00.747+0000] {logging_mixin.py:188} INFO - [2026-05-17T04:50:00.747+0000] {dag.py:3954} INFO - Setting next_dagrun for example_subdag_operator.section-2 to None, run_after=None
[2026-05-17T04:50:00.752+0000] {logging_mixin.py:188} INFO - [2026-05-17T04:50:00.752+0000] {dag.py:3096} INFO - Sync 2 DAGs
[2026-05-17T04:50:00.756+0000] {logging_mixin.py:188} INFO - [2026-05-17T04:50:00.756+0000] {dag.py:3954} INFO - Setting next_dagrun for example_subdag_operator.section-1 to None, run_after=None
[2026-05-17T04:50:00.756+0000] {logging_mixin.py:188} INFO - [2026-05-17T04:50:00.756+0000] {dag.py:3954} INFO - Setting next_dagrun for example_subdag_operator.section-2 to None, run_after=None
[2026-05-17T04:50:00.764+0000] {processor.py:183} INFO - Processing /home/airflow/.local/lib/python3.12/site-packages/airflow/example_dags/example_subdag_operator.py took 0.071 seconds
[2026-05-17T04:50:31.335+0000] {processor.py:161} INFO - Started process (PID=869) to work on /home/airflow/.local/lib/python3.12/site-packages/airflow/example_dags/example_subdag_operator.py
[2026-05-17T04:50:31.336+0000] {processor.py:830} INFO - Processing file /home/airflow/.local/lib/python3.12/site-packages/airflow/example_dags/example_subdag_operator.py for tasks to queue
[2026-05-17T04:50:31.337+0000] {logging_mixin.py:188} INFO - [2026-05-17T04:50:31.337+0000] {dagbag.py:545} INFO - Filling up the DagBag from /home/airflow/.local/lib/python3.12/site-packages/airflow/example_dags/example_subdag_operator.py
[2026-05-17T04:50:31.353+0000] {processor.py:840} INFO - DAG(s) 'example_subdag_operator.section-1', 'example_subdag_operator.section-2', 'example_subdag_operator' retrieved from /home/airflow/.local/lib/python3.12/site-packages/airflow/example_dags/example_subdag_operator.py
[2026-05-17T04:50:31.362+0000] {logging_mixin.py:188} INFO - [2026-05-17T04:50:31.362+0000] {dag.py:3096} INFO - Sync 3 DAGs
[2026-05-17T04:50:31.376+0000] {logging_mixin.py:188} INFO - [2026-05-17T04:50:31.376+0000] {dag.py:3954} INFO - Setting next_dagrun for example_subdag_operator to 2022-01-01 00:00:00+00:00, run_after=2022-01-01 00:00:00+00:00
[2026-05-17T04:50:31.380+0000] {logging_mixin.py:188} INFO - [2026-05-17T04:50:31.380+0000] {dag.py:3954} INFO - Setting next_dagrun for example_subdag_operator.section-1 to None, run_after=None
[2026-05-17T04:50:31.382+0000] {logging_mixin.py:188} INFO - [2026-05-17T04:50:31.382+0000] {dag.py:3954} INFO - Setting next_dagrun for example_subdag_operator.section-2 to None, run_after=None
[2026-05-17T04:50:31.388+0000] {logging_mixin.py:188} INFO - [2026-05-17T04:50:31.387+0000] {dag.py:3096} INFO - Sync 2 DAGs
[2026-05-17T04:50:31.392+0000] {logging_mixin.py:188} INFO - [2026-05-17T04:50:31.392+0000] {dag.py:3954} INFO - Setting next_dagrun for example_subdag_operator.section-1 to None, run_after=None
[2026-05-17T04:50:31.393+0000] {logging_mixin.py:188} INFO - [2026-05-17T04:50:31.392+0000] {dag.py:3954} INFO - Setting next_dagrun for example_subdag_operator.section-2 to None, run_after=None
[2026-05-17T04:50:31.402+0000] {processor.py:183} INFO - Processing /home/airflow/.local/lib/python3.12/site-packages/airflow/example_dags/example_subdag_operator.py took 0.071 seconds
[2026-05-17T04:52:12.728+0000] {processor.py:161} INFO - Started process (PID=102) to work on /home/airflow/.local/lib/python3.12/site-packages/airflow/example_dags/example_subdag_operator.py
[2026-05-17T04:52:12.731+0000] {processor.py:830} INFO - Processing file /home/airflow/.local/lib/python3.12/site-packages/airflow/example_dags/example_subdag_operator.py for tasks to queue
[2026-05-17T04:52:12.735+0000] {logging_mixin.py:188} INFO - [2026-05-17T04:52:12.735+0000] {dagbag.py:545} INFO - Filling up the DagBag from /home/airflow/.local/lib/python3.12/site-packages/airflow/example_dags/example_subdag_operator.py
[2026-05-17T04:52:12.789+0000] {processor.py:840} INFO - DAG(s) 'example_subdag_operator.section-1', 'example_subdag_operator.section-2', 'example_subdag_operator' retrieved from /home/airflow/.local/lib/python3.12/site-packages/airflow/example_dags/example_subdag_operator.py
[2026-05-17T04:52:12.805+0000] {logging_mixin.py:188} INFO - [2026-05-17T04:52:12.805+0000] {dag.py:3096} INFO - Sync 3 DAGs
[2026-05-17T04:52:12.851+0000] {logging_mixin.py:188} INFO - [2026-05-17T04:52:12.851+0000] {dag.py:3954} INFO - Setting next_dagrun for example_subdag_operator to 2022-01-01 00:00:00+00:00, run_after=2022-01-01 00:00:00+00:00
[2026-05-17T04:52:12.856+0000] {logging_mixin.py:188} INFO - [2026-05-17T04:52:12.855+0000] {dag.py:3954} INFO - Setting next_dagrun for example_subdag_operator.section-1 to None, run_after=None
[2026-05-17T04:52:12.857+0000] {logging_mixin.py:188} INFO - [2026-05-17T04:52:12.857+0000] {dag.py:3954} INFO - Setting next_dagrun for example_subdag_operator.section-2 to None, run_after=None
[2026-05-17T04:52:12.865+0000] {logging_mixin.py:188} INFO - [2026-05-17T04:52:12.865+0000] {dag.py:3096} INFO - Sync 2 DAGs
[2026-05-17T04:52:12.873+0000] {logging_mixin.py:188} INFO - [2026-05-17T04:52:12.873+0000] {dag.py:3954} INFO - Setting next_dagrun for example_subdag_operator.section-1 to None, run_after=None
[2026-05-17T04:52:12.874+0000] {logging_mixin.py:188} INFO - [2026-05-17T04:52:12.874+0000] {dag.py:3954} INFO - Setting next_dagrun for example_subdag_operator.section-2 to None, run_after=None
[2026-05-17T04:52:12.888+0000] {processor.py:183} INFO - Processing /home/airflow/.local/lib/python3.12/site-packages/airflow/example_dags/example_subdag_operator.py took 0.173 seconds
[2026-05-17T04:52:43.220+0000] {processor.py:161} INFO - Started process (PID=161) to work on /home/airflow/.local/lib/python3.12/site-packages/airflow/example_dags/example_subdag_operator.py
[2026-05-17T04:52:43.220+0000] {processor.py:830} INFO - Processing file /home/airflow/.local/lib/python3.12/site-packages/airflow/example_dags/example_subdag_operator.py for tasks to queue
[2026-05-17T04:52:43.222+0000] {logging_mixin.py:188} INFO - [2026-05-17T04:52:43.221+0000] {dagbag.py:545} INFO - Filling up the DagBag from /home/airflow/.local/lib/python3.12/site-packages/airflow/example_dags/example_subdag_operator.py
[2026-05-17T04:52:43.236+0000] {processor.py:840} INFO - DAG(s) 'example_subdag_operator.section-1', 'example_subdag_operator.section-2', 'example_subdag_operator' retrieved from /home/airflow/.local/lib/python3.12/site-packages/airflow/example_dags/example_subdag_operator.py
[2026-05-17T04:52:43.295+0000] {logging_mixin.py:188} INFO - [2026-05-17T04:52:43.294+0000] {dag.py:3096} INFO - Sync 3 DAGs
[2026-05-17T04:52:43.306+0000] {logging_mixin.py:188} INFO - [2026-05-17T04:52:43.305+0000] {dag.py:3954} INFO - Setting next_dagrun for example_subdag_operator to 2022-01-01 00:00:00+00:00, run_after=2022-01-01 00:00:00+00:00
[2026-05-17T04:52:43.308+0000] {logging_mixin.py:188} INFO - [2026-05-17T04:52:43.308+0000] {dag.py:3954} INFO - Setting next_dagrun for example_subdag_operator.section-1 to None, run_after=None
[2026-05-17T04:52:43.309+0000] {logging_mixin.py:188} INFO - [2026-05-17T04:52:43.309+0000] {dag.py:3954} INFO - Setting next_dagrun for example_subdag_operator.section-2 to None, run_after=None
[2026-05-17T04:52:43.314+0000] {logging_mixin.py:188} INFO - [2026-05-17T04:52:43.314+0000] {dag.py:3096} INFO - Sync 2 DAGs
[2026-05-17T04:52:43.317+0000] {logging_mixin.py:188} INFO - [2026-05-17T04:52:43.317+0000] {dag.py:3954} INFO - Setting next_dagrun for example_subdag_operator.section-1 to None, run_after=None
[2026-05-17T04:52:43.318+0000] {logging_mixin.py:188} INFO - [2026-05-17T04:52:43.317+0000] {dag.py:3954} INFO - Setting next_dagrun for example_subdag_operator.section-2 to None, run_after=None
[2026-05-17T04:52:43.328+0000] {processor.py:183} INFO - Processing /home/airflow/.local/lib/python3.12/site-packages/airflow/example_dags/example_subdag_operator.py took 0.113 seconds
[2026-05-17T04:53:13.628+0000] {processor.py:161} INFO - Started process (PID=220) to work on /home/airflow/.local/lib/python3.12/site-packages/airflow/example_dags/example_subdag_operator.py
[2026-05-17T04:53:13.629+0000] {processor.py:830} INFO - Processing file /home/airflow/.local/lib/python3.12/site-packages/airflow/example_dags/example_subdag_operator.py for tasks to queue
[2026-05-17T04:53:13.631+0000] {logging_mixin.py:188} INFO - [2026-05-17T04:53:13.631+0000] {dagbag.py:545} INFO - Filling up the DagBag from /home/airflow/.local/lib/python3.12/site-packages/airflow/example_dags/example_subdag_operator.py
[2026-05-17T04:53:13.648+0000] {processor.py:840} INFO - DAG(s) 'example_subdag_operator.section-1', 'example_subdag_operator.section-2', 'example_subdag_operator' retrieved from /home/airflow/.local/lib/python3.12/site-packages/airflow/example_dags/example_subdag_operator.py
[2026-05-17T04:53:13.657+0000] {logging_mixin.py:188} INFO - [2026-05-17T04:53:13.657+0000] {dag.py:3096} INFO - Sync 3 DAGs
[2026-05-17T04:53:13.672+0000] {logging_mixin.py:188} INFO - [2026-05-17T04:53:13.672+0000] {dag.py:3954} INFO - Setting next_dagrun for example_subdag_operator to 2022-01-01 00:00:00+00:00, run_after=2022-01-01 00:00:00+00:00
[2026-05-17T04:53:13.675+0000] {logging_mixin.py:188} INFO - [2026-05-17T04:53:13.675+0000] {dag.py:3954} INFO - Setting next_dagrun for example_subdag_operator.section-1 to None, run_after=None
[2026-05-17T04:53:13.676+0000] {logging_mixin.py:188} INFO - [2026-05-17T04:53:13.676+0000] {dag.py:3954} INFO - Setting next_dagrun for example_subdag_operator.section-2 to None, run_after=None
[2026-05-17T04:53:13.681+0000] {logging_mixin.py:188} INFO - [2026-05-17T04:53:13.681+0000] {dag.py:3096} INFO - Sync 2 DAGs
[2026-05-17T04:53:13.684+0000] {logging_mixin.py:188} INFO - [2026-05-17T04:53:13.684+0000] {dag.py:3954} INFO - Setting next_dagrun for example_subdag_operator.section-1 to None, run_after=None
[2026-05-17T04:53:13.685+0000] {logging_mixin.py:188} INFO - [2026-05-17T04:53:13.685+0000] {dag.py:3954} INFO - Setting next_dagrun for example_subdag_operator.section-2 to None, run_after=None
[2026-05-17T04:53:13.697+0000] {processor.py:183} INFO - Processing /home/airflow/.local/lib/python3.12/site-packages/airflow/example_dags/example_subdag_operator.py took 0.073 seconds
[2026-05-17T04:53:43.881+0000] {processor.py:161} INFO - Started process (PID=279) to work on /home/airflow/.local/lib/python3.12/site-packages/airflow/example_dags/example_subdag_operator.py
[2026-05-17T04:53:43.882+0000] {processor.py:830} INFO - Processing file /home/airflow/.local/lib/python3.12/site-packages/airflow/example_dags/example_subdag_operator.py for tasks to queue
[2026-05-17T04:53:43.884+0000] {logging_mixin.py:188} INFO - [2026-05-17T04:53:43.883+0000] {dagbag.py:545} INFO - Filling up the DagBag from /home/airflow/.local/lib/python3.12/site-packages/airflow/example_dags/example_subdag_operator.py
[2026-05-17T04:53:43.901+0000] {processor.py:840} INFO - DAG(s) 'example_subdag_operator.section-1', 'example_subdag_operator.section-2', 'example_subdag_operator' retrieved from /home/airflow/.local/lib/python3.12/site-packages/airflow/example_dags/example_subdag_operator.py
[2026-05-17T04:53:43.914+0000] {logging_mixin.py:188} INFO - [2026-05-17T04:53:43.914+0000] {dag.py:3096} INFO - Sync 3 DAGs
[2026-05-17T04:53:43.932+0000] {logging_mixin.py:188} INFO - [2026-05-17T04:53:43.932+0000] {dag.py:3954} INFO - Setting next_dagrun for example_subdag_operator to 2022-01-01 00:00:00+00:00, run_after=2022-01-01 00:00:00+00:00
[2026-05-17T04:53:43.935+0000] {logging_mixin.py:188} INFO - [2026-05-17T04:53:43.935+0000] {dag.py:3954} INFO - Setting next_dagrun for example_subdag_operator.section-1 to None, run_after=None
[2026-05-17T04:53:43.936+0000] {logging_mixin.py:188} INFO - [2026-05-17T04:53:43.936+0000] {dag.py:3954} INFO - Setting next_dagrun for example_subdag_operator.section-2 to None, run_after=None
[2026-05-17T04:53:43.941+0000] {logging_mixin.py:188} INFO - [2026-05-17T04:53:43.941+0000] {dag.py:3096} INFO - Sync 2 DAGs
[2026-05-17T04:53:43.945+0000] {logging_mixin.py:188} INFO - [2026-05-17T04:53:43.944+0000] {dag.py:3954} INFO - Setting next_dagrun for example_subdag_operator.section-1 to None, run_after=None
[2026-05-17T04:53:43.945+0000] {logging_mixin.py:188} INFO - [2026-05-17T04:53:43.945+0000] {dag.py:3954} INFO - Setting next_dagrun for example_subdag_operator.section-2 to None, run_after=None
[2026-05-17T04:53:43.953+0000] {processor.py:183} INFO - Processing /home/airflow/.local/lib/python3.12/site-packages/airflow/example_dags/example_subdag_operator.py took 0.076 seconds
[2026-05-17T04:54:14.189+0000] {processor.py:161} INFO - Started process (PID=338) to work on /home/airflow/.local/lib/python3.12/site-packages/airflow/example_dags/example_subdag_operator.py
[2026-05-17T04:54:14.190+0000] {processor.py:830} INFO - Processing file /home/airflow/.local/lib/python3.12/site-packages/airflow/example_dags/example_subdag_operator.py for tasks to queue
[2026-05-17T04:54:14.191+0000] {logging_mixin.py:188} INFO - [2026-05-17T04:54:14.191+0000] {dagbag.py:545} INFO - Filling up the DagBag from /home/airflow/.local/lib/python3.12/site-packages/airflow/example_dags/example_subdag_operator.py
[2026-05-17T04:54:14.212+0000] {processor.py:840} INFO - DAG(s) 'example_subdag_operator.section-1', 'example_subdag_operator.section-2', 'example_subdag_operator' retrieved from /home/airflow/.local/lib/python3.12/site-packages/airflow/example_dags/example_subdag_operator.py
[2026-05-17T04:54:14.224+0000] {logging_mixin.py:188} INFO - [2026-05-17T04:54:14.224+0000] {dag.py:3096} INFO - Sync 3 DAGs
[2026-05-17T04:54:14.241+0000] {logging_mixin.py:188} INFO - [2026-05-17T04:54:14.240+0000] {dag.py:3954} INFO - Setting next_dagrun for example_subdag_operator to 2022-01-01 00:00:00+00:00, run_after=2022-01-01 00:00:00+00:00
[2026-05-17T04:54:14.244+0000] {logging_mixin.py:188} INFO - [2026-05-17T04:54:14.244+0000] {dag.py:3954} INFO - Setting next_dagrun for example_subdag_operator.section-1 to None, run_after=None
[2026-05-17T04:54:14.245+0000] {logging_mixin.py:188} INFO - [2026-05-17T04:54:14.245+0000] {dag.py:3954} INFO - Setting next_dagrun for example_subdag_operator.section-2 to None, run_after=None
[2026-05-17T04:54:14.251+0000] {logging_mixin.py:188} INFO - [2026-05-17T04:54:14.251+0000] {dag.py:3096} INFO - Sync 2 DAGs
[2026-05-17T04:54:14.255+0000] {logging_mixin.py:188} INFO - [2026-05-17T04:54:14.255+0000] {dag.py:3954} INFO - Setting next_dagrun for example_subdag_operator.section-1 to None, run_after=None
[2026-05-17T04:54:14.256+0000] {logging_mixin.py:188} INFO - [2026-05-17T04:54:14.255+0000] {dag.py:3954} INFO - Setting next_dagrun for example_subdag_operator.section-2 to None, run_after=None
[2026-05-17T04:54:14.265+0000] {processor.py:183} INFO - Processing /home/airflow/.local/lib/python3.12/site-packages/airflow/example_dags/example_subdag_operator.py took 0.082 seconds
[2026-05-17T04:54:44.406+0000] {processor.py:161} INFO - Started process (PID=397) to work on /home/airflow/.local/lib/python3.12/site-packages/airflow/example_dags/example_subdag_operator.py
[2026-05-17T04:54:44.407+0000] {processor.py:830} INFO - Processing file /home/airflow/.local/lib/python3.12/site-packages/airflow/example_dags/example_subdag_operator.py for tasks to queue
[2026-05-17T04:54:44.409+0000] {logging_mixin.py:188} INFO - [2026-05-17T04:54:44.408+0000] {dagbag.py:545} INFO - Filling up the DagBag from /home/airflow/.local/lib/python3.12/site-packages/airflow/example_dags/example_subdag_operator.py
[2026-05-17T04:54:44.429+0000] {processor.py:840} INFO - DAG(s) 'example_subdag_operator.section-1', 'example_subdag_operator.section-2', 'example_subdag_operator' retrieved from /home/airflow/.local/lib/python3.12/site-packages/airflow/example_dags/example_subdag_operator.py
[2026-05-17T04:54:44.442+0000] {logging_mixin.py:188} INFO - [2026-05-17T04:54:44.442+0000] {dag.py:3096} INFO - Sync 3 DAGs
[2026-05-17T04:54:44.459+0000] {logging_mixin.py:188} INFO - [2026-05-17T04:54:44.458+0000] {dag.py:3954} INFO - Setting next_dagrun for example_subdag_operator to 2022-01-01 00:00:00+00:00, run_after=2022-01-01 00:00:00+00:00
[2026-05-17T04:54:44.462+0000] {logging_mixin.py:188} INFO - [2026-05-17T04:54:44.462+0000] {dag.py:3954} INFO - Setting next_dagrun for example_subdag_operator.section-1 to None, run_after=None
[2026-05-17T04:54:44.464+0000] {logging_mixin.py:188} INFO - [2026-05-17T04:54:44.464+0000] {dag.py:3954} INFO - Setting next_dagrun for example_subdag_operator.section-2 to None, run_after=None
[2026-05-17T04:54:44.470+0000] {logging_mixin.py:188} INFO - [2026-05-17T04:54:44.470+0000] {dag.py:3096} INFO - Sync 2 DAGs
[2026-05-17T04:54:44.475+0000] {logging_mixin.py:188} INFO - [2026-05-17T04:54:44.475+0000] {dag.py:3954} INFO - Setting next_dagrun for example_subdag_operator.section-1 to None, run_after=None
[2026-05-17T04:54:44.476+0000] {logging_mixin.py:188} INFO - [2026-05-17T04:54:44.475+0000] {dag.py:3954} INFO - Setting next_dagrun for example_subdag_operator.section-2 to None, run_after=None
[2026-05-17T04:54:44.486+0000] {processor.py:183} INFO - Processing /home/airflow/.local/lib/python3.12/site-packages/airflow/example_dags/example_subdag_operator.py took 0.086 seconds
[2026-05-17T04:55:14.646+0000] {processor.py:161} INFO - Started process (PID=456) to work on /home/airflow/.local/lib/python3.12/site-packages/airflow/example_dags/example_subdag_operator.py
[2026-05-17T04:55:14.647+0000] {processor.py:830} INFO - Processing file /home/airflow/.local/lib/python3.12/site-packages/airflow/example_dags/example_subdag_operator.py for tasks to queue
[2026-05-17T04:55:14.649+0000] {logging_mixin.py:188} INFO - [2026-05-17T04:55:14.649+0000] {dagbag.py:545} INFO - Filling up the DagBag from /home/airflow/.local/lib/python3.12/site-packages/airflow/example_dags/example_subdag_operator.py
[2026-05-17T04:55:14.670+0000] {processor.py:840} INFO - DAG(s) 'example_subdag_operator.section-1', 'example_subdag_operator.section-2', 'example_subdag_operator' retrieved from /home/airflow/.local/lib/python3.12/site-packages/airflow/example_dags/example_subdag_operator.py
[2026-05-17T04:55:14.681+0000] {logging_mixin.py:188} INFO - [2026-05-17T04:55:14.681+0000] {dag.py:3096} INFO - Sync 3 DAGs
[2026-05-17T04:55:14.698+0000] {logging_mixin.py:188} INFO - [2026-05-17T04:55:14.697+0000] {dag.py:3954} INFO - Setting next_dagrun for example_subdag_operator to 2022-01-01 00:00:00+00:00, run_after=2022-01-01 00:00:00+00:00
[2026-05-17T04:55:14.702+0000] {logging_mixin.py:188} INFO - [2026-05-17T04:55:14.702+0000] {dag.py:3954} INFO - Setting next_dagrun for example_subdag_operator.section-1 to None, run_after=None
[2026-05-17T04:55:14.703+0000] {logging_mixin.py:188} INFO - [2026-05-17T04:55:14.703+0000] {dag.py:3954} INFO - Setting next_dagrun for example_subdag_operator.section-2 to None, run_after=None
[2026-05-17T04:55:14.708+0000] {logging_mixin.py:188} INFO - [2026-05-17T04:55:14.708+0000] {dag.py:3096} INFO - Sync 2 DAGs
[2026-05-17T04:55:14.712+0000] {logging_mixin.py:188} INFO - [2026-05-17T04:55:14.712+0000] {dag.py:3954} INFO - Setting next_dagrun for example_subdag_operator.section-1 to None, run_after=None
[2026-05-17T04:55:14.712+0000] {logging_mixin.py:188} INFO - [2026-05-17T04:55:14.712+0000] {dag.py:3954} INFO - Setting next_dagrun for example_subdag_operator.section-2 to None, run_after=None
[2026-05-17T04:55:14.723+0000] {processor.py:183} INFO - Processing /home/airflow/.local/lib/python3.12/site-packages/airflow/example_dags/example_subdag_operator.py took 0.082 seconds
[2026-05-17T04:55:45.194+0000] {processor.py:161} INFO - Started process (PID=515) to work on /home/airflow/.local/lib/python3.12/site-packages/airflow/example_dags/example_subdag_operator.py
[2026-05-17T04:55:45.196+0000] {processor.py:830} INFO - Processing file /home/airflow/.local/lib/python3.12/site-packages/airflow/example_dags/example_subdag_operator.py for tasks to queue
[2026-05-17T04:55:45.197+0000] {logging_mixin.py:188} INFO - [2026-05-17T04:55:45.197+0000] {dagbag.py:545} INFO - Filling up the DagBag from /home/airflow/.local/lib/python3.12/site-packages/airflow/example_dags/example_subdag_operator.py
[2026-05-17T04:55:45.222+0000] {processor.py:840} INFO - DAG(s) 'example_subdag_operator.section-1', 'example_subdag_operator.section-2', 'example_subdag_operator' retrieved from /home/airflow/.local/lib/python3.12/site-packages/airflow/example_dags/example_subdag_operator.py
[2026-05-17T04:55:45.234+0000] {logging_mixin.py:188} INFO - [2026-05-17T04:55:45.234+0000] {dag.py:3096} INFO - Sync 3 DAGs
[2026-05-17T04:55:45.253+0000] {logging_mixin.py:188} INFO - [2026-05-17T04:55:45.252+0000] {dag.py:3954} INFO - Setting next_dagrun for example_subdag_operator to 2022-01-01 00:00:00+00:00, run_after=2022-01-01 00:00:00+00:00
[2026-05-17T04:55:45.261+0000] {logging_mixin.py:188} INFO - [2026-05-17T04:55:45.260+0000] {dag.py:3954} INFO - Setting next_dagrun for example_subdag_operator.section-1 to None, run_after=None
[2026-05-17T04:55:45.264+0000] {logging_mixin.py:188} INFO - [2026-05-17T04:55:45.263+0000] {dag.py:3954} INFO - Setting next_dagrun for example_subdag_operator.section-2 to None, run_after=None
[2026-05-17T04:55:45.272+0000] {logging_mixin.py:188} INFO - [2026-05-17T04:55:45.272+0000] {dag.py:3096} INFO - Sync 2 DAGs
[2026-05-17T04:55:45.279+0000] {logging_mixin.py:188} INFO - [2026-05-17T04:55:45.278+0000] {dag.py:3954} INFO - Setting next_dagrun for example_subdag_operator.section-1 to None, run_after=None
[2026-05-17T04:55:45.279+0000] {logging_mixin.py:188} INFO - [2026-05-17T04:55:45.279+0000] {dag.py:3954} INFO - Setting next_dagrun for example_subdag_operator.section-2 to None, run_after=None
[2026-05-17T04:55:45.294+0000] {processor.py:183} INFO - Processing /home/airflow/.local/lib/python3.12/site-packages/airflow/example_dags/example_subdag_operator.py took 0.105 seconds
[2026-05-17T04:56:17.748+0000] {processor.py:161} INFO - Started process (PID=574) to work on /home/airflow/.local/lib/python3.12/site-packages/airflow/example_dags/example_subdag_operator.py
[2026-05-17T04:56:17.750+0000] {processor.py:830} INFO - Processing file /home/airflow/.local/lib/python3.12/site-packages/airflow/example_dags/example_subdag_operator.py for tasks to queue
[2026-05-17T04:56:17.752+0000] {logging_mixin.py:188} INFO - [2026-05-17T04:56:17.752+0000] {dagbag.py:545} INFO - Filling up the DagBag from /home/airflow/.local/lib/python3.12/site-packages/airflow/example_dags/example_subdag_operator.py
[2026-05-17T04:56:17.788+0000] {processor.py:840} INFO - DAG(s) 'example_subdag_operator.section-1', 'example_subdag_operator.section-2', 'example_subdag_operator' retrieved from /home/airflow/.local/lib/python3.12/site-packages/airflow/example_dags/example_subdag_operator.py
[2026-05-17T04:56:17.803+0000] {logging_mixin.py:188} INFO - [2026-05-17T04:56:17.802+0000] {dag.py:3096} INFO - Sync 3 DAGs
[2026-05-17T04:56:17.833+0000] {logging_mixin.py:188} INFO - [2026-05-17T04:56:17.833+0000] {dag.py:3954} INFO - Setting next_dagrun for example_subdag_operator to 2022-01-01 00:00:00+00:00, run_after=2022-01-01 00:00:00+00:00
[2026-05-17T04:56:17.840+0000] {logging_mixin.py:188} INFO - [2026-05-17T04:56:17.840+0000] {dag.py:3954} INFO - Setting next_dagrun for example_subdag_operator.section-1 to None, run_after=None
[2026-05-17T04:56:17.843+0000] {logging_mixin.py:188} INFO - [2026-05-17T04:56:17.843+0000] {dag.py:3954} INFO - Setting next_dagrun for example_subdag_operator.section-2 to None, run_after=None
[2026-05-17T04:56:17.849+0000] {logging_mixin.py:188} INFO - [2026-05-17T04:56:17.849+0000] {dag.py:3096} INFO - Sync 2 DAGs
[2026-05-17T04:56:17.854+0000] {logging_mixin.py:188} INFO - [2026-05-17T04:56:17.854+0000] {dag.py:3954} INFO - Setting next_dagrun for example_subdag_operator.section-1 to None, run_after=None
[2026-05-17T04:56:17.855+0000] {logging_mixin.py:188} INFO - [2026-05-17T04:56:17.855+0000] {dag.py:3954} INFO - Setting next_dagrun for example_subdag_operator.section-2 to None, run_after=None
[2026-05-17T04:56:17.965+0000] {processor.py:183} INFO - Processing /home/airflow/.local/lib/python3.12/site-packages/airflow/example_dags/example_subdag_operator.py took 0.221 seconds
[2026-05-17T04:56:48.477+0000] {processor.py:161} INFO - Started process (PID=633) to work on /home/airflow/.local/lib/python3.12/site-packages/airflow/example_dags/example_subdag_operator.py
[2026-05-17T04:56:48.478+0000] {processor.py:830} INFO - Processing file /home/airflow/.local/lib/python3.12/site-packages/airflow/example_dags/example_subdag_operator.py for tasks to queue
[2026-05-17T04:56:48.480+0000] {logging_mixin.py:188} INFO - [2026-05-17T04:56:48.480+0000] {dagbag.py:545} INFO - Filling up the DagBag from /home/airflow/.local/lib/python3.12/site-packages/airflow/example_dags/example_subdag_operator.py
[2026-05-17T04:56:48.502+0000] {processor.py:840} INFO - DAG(s) 'example_subdag_operator.section-1', 'example_subdag_operator.section-2', 'example_subdag_operator' retrieved from /home/airflow/.local/lib/python3.12/site-packages/airflow/example_dags/example_subdag_operator.py
[2026-05-17T04:56:48.516+0000] {logging_mixin.py:188} INFO - [2026-05-17T04:56:48.516+0000] {dag.py:3096} INFO - Sync 3 DAGs
[2026-05-17T04:56:48.537+0000] {logging_mixin.py:188} INFO - [2026-05-17T04:56:48.537+0000] {dag.py:3954} INFO - Setting next_dagrun for example_subdag_operator to 2022-01-01 00:00:00+00:00, run_after=2022-01-01 00:00:00+00:00
[2026-05-17T04:56:48.541+0000] {logging_mixin.py:188} INFO - [2026-05-17T04:56:48.541+0000] {dag.py:3954} INFO - Setting next_dagrun for example_subdag_operator.section-1 to None, run_after=None
[2026-05-17T04:56:48.543+0000] {logging_mixin.py:188} INFO - [2026-05-17T04:56:48.543+0000] {dag.py:3954} INFO - Setting next_dagrun for example_subdag_operator.section-2 to None, run_after=None
[2026-05-17T04:56:48.550+0000] {logging_mixin.py:188} INFO - [2026-05-17T04:56:48.550+0000] {dag.py:3096} INFO - Sync 2 DAGs
[2026-05-17T04:56:48.555+0000] {logging_mixin.py:188} INFO - [2026-05-17T04:56:48.555+0000] {dag.py:3954} INFO - Setting next_dagrun for example_subdag_operator.section-1 to None, run_after=None
[2026-05-17T04:56:48.556+0000] {logging_mixin.py:188} INFO - [2026-05-17T04:56:48.555+0000] {dag.py:3954} INFO - Setting next_dagrun for example_subdag_operator.section-2 to None, run_after=None
[2026-05-17T04:56:48.579+0000] {processor.py:183} INFO - Processing /home/airflow/.local/lib/python3.12/site-packages/airflow/example_dags/example_subdag_operator.py took 0.106 seconds
[2026-05-17T04:57:18.934+0000] {processor.py:161} INFO - Started process (PID=692) to work on /home/airflow/.local/lib/python3.12/site-packages/airflow/example_dags/example_subdag_operator.py
[2026-05-17T04:57:18.935+0000] {processor.py:830} INFO - Processing file /home/airflow/.local/lib/python3.12/site-packages/airflow/example_dags/example_subdag_operator.py for tasks to queue
[2026-05-17T04:57:18.938+0000] {logging_mixin.py:188} INFO - [2026-05-17T04:57:18.938+0000] {dagbag.py:545} INFO - Filling up the DagBag from /home/airflow/.local/lib/python3.12/site-packages/airflow/example_dags/example_subdag_operator.py
[2026-05-17T04:57:18.964+0000] {processor.py:840} INFO - DAG(s) 'example_subdag_operator.section-1', 'example_subdag_operator.section-2', 'example_subdag_operator' retrieved from /home/airflow/.local/lib/python3.12/site-packages/airflow/example_dags/example_subdag_operator.py
[2026-05-17T04:57:18.976+0000] {logging_mixin.py:188} INFO - [2026-05-17T04:57:18.976+0000] {dag.py:3096} INFO - Sync 3 DAGs
[2026-05-17T04:57:18.994+0000] {logging_mixin.py:188} INFO - [2026-05-17T04:57:18.994+0000] {dag.py:3954} INFO - Setting next_dagrun for example_subdag_operator to 2022-01-01 00:00:00+00:00, run_after=2022-01-01 00:00:00+00:00
[2026-05-17T04:57:18.998+0000] {logging_mixin.py:188} INFO - [2026-05-17T04:57:18.998+0000] {dag.py:3954} INFO - Setting next_dagrun for example_subdag_operator.section-1 to None, run_after=None
[2026-05-17T04:57:19.000+0000] {logging_mixin.py:188} INFO - [2026-05-17T04:57:19.000+0000] {dag.py:3954} INFO - Setting next_dagrun for example_subdag_operator.section-2 to None, run_after=None
[2026-05-17T04:57:19.007+0000] {logging_mixin.py:188} INFO - [2026-05-17T04:57:19.007+0000] {dag.py:3096} INFO - Sync 2 DAGs
[2026-05-17T04:57:19.011+0000] {logging_mixin.py:188} INFO - [2026-05-17T04:57:19.011+0000] {dag.py:3954} INFO - Setting next_dagrun for example_subdag_operator.section-1 to None, run_after=None
[2026-05-17T04:57:19.012+0000] {logging_mixin.py:188} INFO - [2026-05-17T04:57:19.012+0000] {dag.py:3954} INFO - Setting next_dagrun for example_subdag_operator.section-2 to None, run_after=None
[2026-05-17T04:57:19.022+0000] {processor.py:183} INFO - Processing /home/airflow/.local/lib/python3.12/site-packages/airflow/example_dags/example_subdag_operator.py took 0.093 seconds
[2026-05-17T04:57:49.058+0000] {processor.py:161} INFO - Started process (PID=751) to work on /home/airflow/.local/lib/python3.12/site-packages/airflow/example_dags/example_subdag_operator.py
[2026-05-17T04:57:49.060+0000] {processor.py:830} INFO - Processing file /home/airflow/.local/lib/python3.12/site-packages/airflow/example_dags/example_subdag_operator.py for tasks to queue
[2026-05-17T04:57:49.062+0000] {logging_mixin.py:188} INFO - [2026-05-17T04:57:49.061+0000] {dagbag.py:545} INFO - Filling up the DagBag from /home/airflow/.local/lib/python3.12/site-packages/airflow/example_dags/example_subdag_operator.py
[2026-05-17T04:57:49.088+0000] {processor.py:840} INFO - DAG(s) 'example_subdag_operator.section-1', 'example_subdag_operator.section-2', 'example_subdag_operator' retrieved from /home/airflow/.local/lib/python3.12/site-packages/airflow/example_dags/example_subdag_operator.py
[2026-05-17T04:57:49.102+0000] {logging_mixin.py:188} INFO - [2026-05-17T04:57:49.102+0000] {dag.py:3096} INFO - Sync 3 DAGs
[2026-05-17T04:57:49.121+0000] {logging_mixin.py:188} INFO - [2026-05-17T04:57:49.120+0000] {dag.py:3954} INFO - Setting next_dagrun for example_subdag_operator to 2022-01-01 00:00:00+00:00, run_after=2022-01-01 00:00:00+00:00
[2026-05-17T04:57:49.124+0000] {logging_mixin.py:188} INFO - [2026-05-17T04:57:49.124+0000] {dag.py:3954} INFO - Setting next_dagrun for example_subdag_operator.section-1 to None, run_after=None
[2026-05-17T04:57:49.125+0000] {logging_mixin.py:188} INFO - [2026-05-17T04:57:49.125+0000] {dag.py:3954} INFO - Setting next_dagrun for example_subdag_operator.section-2 to None, run_after=None
[2026-05-17T04:57:49.130+0000] {logging_mixin.py:188} INFO - [2026-05-17T04:57:49.130+0000] {dag.py:3096} INFO - Sync 2 DAGs
[2026-05-17T04:57:49.134+0000] {logging_mixin.py:188} INFO - [2026-05-17T04:57:49.134+0000] {dag.py:3954} INFO - Setting next_dagrun for example_subdag_operator.section-1 to None, run_after=None
[2026-05-17T04:57:49.134+0000] {logging_mixin.py:188} INFO - [2026-05-17T04:57:49.134+0000] {dag.py:3954} INFO - Setting next_dagrun for example_subdag_operator.section-2 to None, run_after=None
[2026-05-17T04:57:49.143+0000] {processor.py:183} INFO - Processing /home/airflow/.local/lib/python3.12/site-packages/airflow/example_dags/example_subdag_operator.py took 0.090 seconds
[2026-05-17T04:58:21.201+0000] {processor.py:161} INFO - Started process (PID=810) to work on /home/airflow/.local/lib/python3.12/site-packages/airflow/example_dags/example_subdag_operator.py
[2026-05-17T04:58:21.202+0000] {processor.py:830} INFO - Processing file /home/airflow/.local/lib/python3.12/site-packages/airflow/example_dags/example_subdag_operator.py for tasks to queue
[2026-05-17T04:58:21.203+0000] {logging_mixin.py:188} INFO - [2026-05-17T04:58:21.203+0000] {dagbag.py:545} INFO - Filling up the DagBag from /home/airflow/.local/lib/python3.12/site-packages/airflow/example_dags/example_subdag_operator.py
[2026-05-17T04:58:21.224+0000] {processor.py:840} INFO - DAG(s) 'example_subdag_operator.section-1', 'example_subdag_operator.section-2', 'example_subdag_operator' retrieved from /home/airflow/.local/lib/python3.12/site-packages/airflow/example_dags/example_subdag_operator.py
[2026-05-17T04:58:21.241+0000] {logging_mixin.py:188} INFO - [2026-05-17T04:58:21.240+0000] {dag.py:3096} INFO - Sync 3 DAGs
[2026-05-17T04:58:21.259+0000] {logging_mixin.py:188} INFO - [2026-05-17T04:58:21.259+0000] {dag.py:3954} INFO - Setting next_dagrun for example_subdag_operator to 2022-01-01 00:00:00+00:00, run_after=2022-01-01 00:00:00+00:00
[2026-05-17T04:58:21.264+0000] {logging_mixin.py:188} INFO - [2026-05-17T04:58:21.263+0000] {dag.py:3954} INFO - Setting next_dagrun for example_subdag_operator.section-1 to None, run_after=None
[2026-05-17T04:58:21.265+0000] {logging_mixin.py:188} INFO - [2026-05-17T04:58:21.265+0000] {dag.py:3954} INFO - Setting next_dagrun for example_subdag_operator.section-2 to None, run_after=None
[2026-05-17T04:58:21.273+0000] {logging_mixin.py:188} INFO - [2026-05-17T04:58:21.273+0000] {dag.py:3096} INFO - Sync 2 DAGs
[2026-05-17T04:58:21.281+0000] {logging_mixin.py:188} INFO - [2026-05-17T04:58:21.281+0000] {dag.py:3954} INFO - Setting next_dagrun for example_subdag_operator.section-1 to None, run_after=None
[2026-05-17T04:58:21.282+0000] {logging_mixin.py:188} INFO - [2026-05-17T04:58:21.282+0000] {dag.py:3954} INFO - Setting next_dagrun for example_subdag_operator.section-2 to None, run_after=None
[2026-05-17T04:58:21.315+0000] {processor.py:183} INFO - Processing /home/airflow/.local/lib/python3.12/site-packages/airflow/example_dags/example_subdag_operator.py took 0.119 seconds
[2026-05-17T05:00:23.983+0000] {processor.py:161} INFO - Started process (PID=90) to work on /home/airflow/.local/lib/python3.12/site-packages/airflow/example_dags/example_subdag_operator.py
[2026-05-17T05:00:23.985+0000] {processor.py:830} INFO - Processing file /home/airflow/.local/lib/python3.12/site-packages/airflow/example_dags/example_subdag_operator.py for tasks to queue
[2026-05-17T05:00:23.986+0000] {logging_mixin.py:188} INFO - [2026-05-17T05:00:23.986+0000] {dagbag.py:545} INFO - Filling up the DagBag from /home/airflow/.local/lib/python3.12/site-packages/airflow/example_dags/example_subdag_operator.py
[2026-05-17T05:00:24.004+0000] {processor.py:840} INFO - DAG(s) 'example_subdag_operator.section-1', 'example_subdag_operator.section-2', 'example_subdag_operator' retrieved from /home/airflow/.local/lib/python3.12/site-packages/airflow/example_dags/example_subdag_operator.py
[2026-05-17T05:00:24.014+0000] {logging_mixin.py:188} INFO - [2026-05-17T05:00:24.014+0000] {dag.py:3096} INFO - Sync 3 DAGs
[2026-05-17T05:00:24.029+0000] {logging_mixin.py:188} INFO - [2026-05-17T05:00:24.029+0000] {dag.py:3954} INFO - Setting next_dagrun for example_subdag_operator to 2022-01-01 00:00:00+00:00, run_after=2022-01-01 00:00:00+00:00
[2026-05-17T05:00:24.032+0000] {logging_mixin.py:188} INFO - [2026-05-17T05:00:24.032+0000] {dag.py:3954} INFO - Setting next_dagrun for example_subdag_operator.section-1 to None, run_after=None
[2026-05-17T05:00:24.033+0000] {logging_mixin.py:188} INFO - [2026-05-17T05:00:24.033+0000] {dag.py:3954} INFO - Setting next_dagrun for example_subdag_operator.section-2 to None, run_after=None
[2026-05-17T05:00:24.038+0000] {logging_mixin.py:188} INFO - [2026-05-17T05:00:24.038+0000] {dag.py:3096} INFO - Sync 2 DAGs
[2026-05-17T05:00:24.041+0000] {logging_mixin.py:188} INFO - [2026-05-17T05:00:24.041+0000] {dag.py:3954} INFO - Setting next_dagrun for example_subdag_operator.section-1 to None, run_after=None
[2026-05-17T05:00:24.042+0000] {logging_mixin.py:188} INFO - [2026-05-17T05:00:24.042+0000] {dag.py:3954} INFO - Setting next_dagrun for example_subdag_operator.section-2 to None, run_after=None
[2026-05-17T05:00:24.048+0000] {processor.py:183} INFO - Processing /home/airflow/.local/lib/python3.12/site-packages/airflow/example_dags/example_subdag_operator.py took 0.069 seconds
