[2026-05-17T04:43:49.654+0000] {processor.py:161} INFO - Started process (PID=67) to work on /home/airflow/.local/lib/python3.12/site-packages/airflow/example_dags/example_python_decorator.py
[2026-05-17T04:43:49.657+0000] {processor.py:830} INFO - Processing file /home/airflow/.local/lib/python3.12/site-packages/airflow/example_dags/example_python_decorator.py for tasks to queue
[2026-05-17T04:43:49.665+0000] {logging_mixin.py:188} INFO - [2026-05-17T04:43:49.664+0000] {dagbag.py:545} INFO - Filling up the DagBag from /home/airflow/.local/lib/python3.12/site-packages/airflow/example_dags/example_python_decorator.py
[2026-05-17T04:43:49.713+0000] {processor.py:840} INFO - DAG(s) 'example_python_decorator' retrieved from /home/airflow/.local/lib/python3.12/site-packages/airflow/example_dags/example_python_decorator.py
[2026-05-17T04:43:49.754+0000] {logging_mixin.py:188} INFO - [2026-05-17T04:43:49.753+0000] {dag.py:3096} INFO - Sync 1 DAGs
[2026-05-17T04:43:49.778+0000] {logging_mixin.py:188} INFO - [2026-05-17T04:43:49.778+0000] {dag.py:3954} INFO - Setting next_dagrun for example_python_decorator to None, run_after=None
[2026-05-17T04:43:49.801+0000] {processor.py:183} INFO - Processing /home/airflow/.local/lib/python3.12/site-packages/airflow/example_dags/example_python_decorator.py took 0.164 seconds
[2026-05-17T04:44:20.286+0000] {processor.py:161} INFO - Started process (PID=126) to work on /home/airflow/.local/lib/python3.12/site-packages/airflow/example_dags/example_python_decorator.py
[2026-05-17T04:44:20.289+0000] {processor.py:830} INFO - Processing file /home/airflow/.local/lib/python3.12/site-packages/airflow/example_dags/example_python_decorator.py for tasks to queue
[2026-05-17T04:44:20.291+0000] {logging_mixin.py:188} INFO - [2026-05-17T04:44:20.291+0000] {dagbag.py:545} INFO - Filling up the DagBag from /home/airflow/.local/lib/python3.12/site-packages/airflow/example_dags/example_python_decorator.py
[2026-05-17T04:44:20.301+0000] {processor.py:840} INFO - DAG(s) 'example_python_decorator' retrieved from /home/airflow/.local/lib/python3.12/site-packages/airflow/example_dags/example_python_decorator.py
[2026-05-17T04:44:20.378+0000] {logging_mixin.py:188} INFO - [2026-05-17T04:44:20.378+0000] {dag.py:3096} INFO - Sync 1 DAGs
[2026-05-17T04:44:20.387+0000] {logging_mixin.py:188} INFO - [2026-05-17T04:44:20.387+0000] {dag.py:3954} INFO - Setting next_dagrun for example_python_decorator to None, run_after=None
[2026-05-17T04:44:20.408+0000] {processor.py:183} INFO - Processing /home/airflow/.local/lib/python3.12/site-packages/airflow/example_dags/example_python_decorator.py took 0.127 seconds
[2026-05-17T04:44:51.229+0000] {processor.py:161} INFO - Started process (PID=185) to work on /home/airflow/.local/lib/python3.12/site-packages/airflow/example_dags/example_python_decorator.py
[2026-05-17T04:44:51.230+0000] {processor.py:830} INFO - Processing file /home/airflow/.local/lib/python3.12/site-packages/airflow/example_dags/example_python_decorator.py for tasks to queue
[2026-05-17T04:44:51.232+0000] {logging_mixin.py:188} INFO - [2026-05-17T04:44:51.232+0000] {dagbag.py:545} INFO - Filling up the DagBag from /home/airflow/.local/lib/python3.12/site-packages/airflow/example_dags/example_python_decorator.py
[2026-05-17T04:44:51.243+0000] {processor.py:840} INFO - DAG(s) 'example_python_decorator' retrieved from /home/airflow/.local/lib/python3.12/site-packages/airflow/example_dags/example_python_decorator.py
[2026-05-17T04:44:51.259+0000] {logging_mixin.py:188} INFO - [2026-05-17T04:44:51.259+0000] {dag.py:3096} INFO - Sync 1 DAGs
[2026-05-17T04:44:51.268+0000] {logging_mixin.py:188} INFO - [2026-05-17T04:44:51.268+0000] {dag.py:3954} INFO - Setting next_dagrun for example_python_decorator to None, run_after=None
[2026-05-17T04:44:51.285+0000] {processor.py:183} INFO - Processing /home/airflow/.local/lib/python3.12/site-packages/airflow/example_dags/example_python_decorator.py took 0.060 seconds
[2026-05-17T04:45:21.439+0000] {processor.py:161} INFO - Started process (PID=244) to work on /home/airflow/.local/lib/python3.12/site-packages/airflow/example_dags/example_python_decorator.py
[2026-05-17T04:45:21.439+0000] {processor.py:830} INFO - Processing file /home/airflow/.local/lib/python3.12/site-packages/airflow/example_dags/example_python_decorator.py for tasks to queue
[2026-05-17T04:45:21.441+0000] {logging_mixin.py:188} INFO - [2026-05-17T04:45:21.441+0000] {dagbag.py:545} INFO - Filling up the DagBag from /home/airflow/.local/lib/python3.12/site-packages/airflow/example_dags/example_python_decorator.py
[2026-05-17T04:45:21.450+0000] {processor.py:840} INFO - DAG(s) 'example_python_decorator' retrieved from /home/airflow/.local/lib/python3.12/site-packages/airflow/example_dags/example_python_decorator.py
[2026-05-17T04:45:21.464+0000] {logging_mixin.py:188} INFO - [2026-05-17T04:45:21.464+0000] {dag.py:3096} INFO - Sync 1 DAGs
[2026-05-17T04:45:21.473+0000] {logging_mixin.py:188} INFO - [2026-05-17T04:45:21.473+0000] {dag.py:3954} INFO - Setting next_dagrun for example_python_decorator to None, run_after=None
[2026-05-17T04:45:21.486+0000] {processor.py:183} INFO - Processing /home/airflow/.local/lib/python3.12/site-packages/airflow/example_dags/example_python_decorator.py took 0.051 seconds
[2026-05-17T04:45:52.019+0000] {processor.py:161} INFO - Started process (PID=309) to work on /home/airflow/.local/lib/python3.12/site-packages/airflow/example_dags/example_python_decorator.py
[2026-05-17T04:45:52.022+0000] {processor.py:830} INFO - Processing file /home/airflow/.local/lib/python3.12/site-packages/airflow/example_dags/example_python_decorator.py for tasks to queue
[2026-05-17T04:45:52.024+0000] {logging_mixin.py:188} INFO - [2026-05-17T04:45:52.024+0000] {dagbag.py:545} INFO - Filling up the DagBag from /home/airflow/.local/lib/python3.12/site-packages/airflow/example_dags/example_python_decorator.py
[2026-05-17T04:45:52.033+0000] {processor.py:840} INFO - DAG(s) 'example_python_decorator' retrieved from /home/airflow/.local/lib/python3.12/site-packages/airflow/example_dags/example_python_decorator.py
[2026-05-17T04:45:52.046+0000] {logging_mixin.py:188} INFO - [2026-05-17T04:45:52.046+0000] {dag.py:3096} INFO - Sync 1 DAGs
[2026-05-17T04:45:52.054+0000] {logging_mixin.py:188} INFO - [2026-05-17T04:45:52.054+0000] {dag.py:3954} INFO - Setting next_dagrun for example_python_decorator to None, run_after=None
[2026-05-17T04:45:52.119+0000] {processor.py:183} INFO - Processing /home/airflow/.local/lib/python3.12/site-packages/airflow/example_dags/example_python_decorator.py took 0.104 seconds
[2026-05-17T04:46:22.731+0000] {processor.py:161} INFO - Started process (PID=368) to work on /home/airflow/.local/lib/python3.12/site-packages/airflow/example_dags/example_python_decorator.py
[2026-05-17T04:46:22.732+0000] {processor.py:830} INFO - Processing file /home/airflow/.local/lib/python3.12/site-packages/airflow/example_dags/example_python_decorator.py for tasks to queue
[2026-05-17T04:46:22.734+0000] {logging_mixin.py:188} INFO - [2026-05-17T04:46:22.733+0000] {dagbag.py:545} INFO - Filling up the DagBag from /home/airflow/.local/lib/python3.12/site-packages/airflow/example_dags/example_python_decorator.py
[2026-05-17T04:46:22.743+0000] {processor.py:840} INFO - DAG(s) 'example_python_decorator' retrieved from /home/airflow/.local/lib/python3.12/site-packages/airflow/example_dags/example_python_decorator.py
[2026-05-17T04:46:22.764+0000] {logging_mixin.py:188} INFO - [2026-05-17T04:46:22.764+0000] {dag.py:3096} INFO - Sync 1 DAGs
[2026-05-17T04:46:22.778+0000] {logging_mixin.py:188} INFO - [2026-05-17T04:46:22.778+0000] {dag.py:3954} INFO - Setting next_dagrun for example_python_decorator to None, run_after=None
[2026-05-17T04:46:22.791+0000] {processor.py:183} INFO - Processing /home/airflow/.local/lib/python3.12/site-packages/airflow/example_dags/example_python_decorator.py took 0.065 seconds
[2026-05-17T04:46:52.983+0000] {processor.py:161} INFO - Started process (PID=427) to work on /home/airflow/.local/lib/python3.12/site-packages/airflow/example_dags/example_python_decorator.py
[2026-05-17T04:46:52.984+0000] {processor.py:830} INFO - Processing file /home/airflow/.local/lib/python3.12/site-packages/airflow/example_dags/example_python_decorator.py for tasks to queue
[2026-05-17T04:46:52.985+0000] {logging_mixin.py:188} INFO - [2026-05-17T04:46:52.985+0000] {dagbag.py:545} INFO - Filling up the DagBag from /home/airflow/.local/lib/python3.12/site-packages/airflow/example_dags/example_python_decorator.py
[2026-05-17T04:46:52.994+0000] {processor.py:840} INFO - DAG(s) 'example_python_decorator' retrieved from /home/airflow/.local/lib/python3.12/site-packages/airflow/example_dags/example_python_decorator.py
[2026-05-17T04:46:53.009+0000] {logging_mixin.py:188} INFO - [2026-05-17T04:46:53.009+0000] {dag.py:3096} INFO - Sync 1 DAGs
[2026-05-17T04:46:53.017+0000] {logging_mixin.py:188} INFO - [2026-05-17T04:46:53.017+0000] {dag.py:3954} INFO - Setting next_dagrun for example_python_decorator to None, run_after=None
[2026-05-17T04:46:53.033+0000] {processor.py:183} INFO - Processing /home/airflow/.local/lib/python3.12/site-packages/airflow/example_dags/example_python_decorator.py took 0.054 seconds
[2026-05-17T04:47:23.570+0000] {processor.py:161} INFO - Started process (PID=486) to work on /home/airflow/.local/lib/python3.12/site-packages/airflow/example_dags/example_python_decorator.py
[2026-05-17T04:47:23.571+0000] {processor.py:830} INFO - Processing file /home/airflow/.local/lib/python3.12/site-packages/airflow/example_dags/example_python_decorator.py for tasks to queue
[2026-05-17T04:47:23.572+0000] {logging_mixin.py:188} INFO - [2026-05-17T04:47:23.572+0000] {dagbag.py:545} INFO - Filling up the DagBag from /home/airflow/.local/lib/python3.12/site-packages/airflow/example_dags/example_python_decorator.py
[2026-05-17T04:47:23.580+0000] {processor.py:840} INFO - DAG(s) 'example_python_decorator' retrieved from /home/airflow/.local/lib/python3.12/site-packages/airflow/example_dags/example_python_decorator.py
[2026-05-17T04:47:23.595+0000] {logging_mixin.py:188} INFO - [2026-05-17T04:47:23.594+0000] {dag.py:3096} INFO - Sync 1 DAGs
[2026-05-17T04:47:23.610+0000] {logging_mixin.py:188} INFO - [2026-05-17T04:47:23.609+0000] {dag.py:3954} INFO - Setting next_dagrun for example_python_decorator to None, run_after=None
[2026-05-17T04:47:23.625+0000] {processor.py:183} INFO - Processing /home/airflow/.local/lib/python3.12/site-packages/airflow/example_dags/example_python_decorator.py took 0.060 seconds
[2026-05-17T04:47:54.042+0000] {processor.py:161} INFO - Started process (PID=545) to work on /home/airflow/.local/lib/python3.12/site-packages/airflow/example_dags/example_python_decorator.py
[2026-05-17T04:47:54.043+0000] {processor.py:830} INFO - Processing file /home/airflow/.local/lib/python3.12/site-packages/airflow/example_dags/example_python_decorator.py for tasks to queue
[2026-05-17T04:47:54.044+0000] {logging_mixin.py:188} INFO - [2026-05-17T04:47:54.044+0000] {dagbag.py:545} INFO - Filling up the DagBag from /home/airflow/.local/lib/python3.12/site-packages/airflow/example_dags/example_python_decorator.py
[2026-05-17T04:47:54.054+0000] {processor.py:840} INFO - DAG(s) 'example_python_decorator' retrieved from /home/airflow/.local/lib/python3.12/site-packages/airflow/example_dags/example_python_decorator.py
[2026-05-17T04:47:54.070+0000] {logging_mixin.py:188} INFO - [2026-05-17T04:47:54.070+0000] {dag.py:3096} INFO - Sync 1 DAGs
[2026-05-17T04:47:54.080+0000] {logging_mixin.py:188} INFO - [2026-05-17T04:47:54.079+0000] {dag.py:3954} INFO - Setting next_dagrun for example_python_decorator to None, run_after=None
[2026-05-17T04:47:54.091+0000] {processor.py:183} INFO - Processing /home/airflow/.local/lib/python3.12/site-packages/airflow/example_dags/example_python_decorator.py took 0.054 seconds
[2026-05-17T04:48:24.540+0000] {processor.py:161} INFO - Started process (PID=604) to work on /home/airflow/.local/lib/python3.12/site-packages/airflow/example_dags/example_python_decorator.py
[2026-05-17T04:48:24.541+0000] {processor.py:830} INFO - Processing file /home/airflow/.local/lib/python3.12/site-packages/airflow/example_dags/example_python_decorator.py for tasks to queue
[2026-05-17T04:48:24.542+0000] {logging_mixin.py:188} INFO - [2026-05-17T04:48:24.542+0000] {dagbag.py:545} INFO - Filling up the DagBag from /home/airflow/.local/lib/python3.12/site-packages/airflow/example_dags/example_python_decorator.py
[2026-05-17T04:48:24.551+0000] {processor.py:840} INFO - DAG(s) 'example_python_decorator' retrieved from /home/airflow/.local/lib/python3.12/site-packages/airflow/example_dags/example_python_decorator.py
[2026-05-17T04:48:24.567+0000] {logging_mixin.py:188} INFO - [2026-05-17T04:48:24.567+0000] {dag.py:3096} INFO - Sync 1 DAGs
[2026-05-17T04:48:24.575+0000] {logging_mixin.py:188} INFO - [2026-05-17T04:48:24.575+0000] {dag.py:3954} INFO - Setting next_dagrun for example_python_decorator to None, run_after=None
[2026-05-17T04:48:24.592+0000] {processor.py:183} INFO - Processing /home/airflow/.local/lib/python3.12/site-packages/airflow/example_dags/example_python_decorator.py took 0.057 seconds
[2026-05-17T04:48:55.077+0000] {processor.py:161} INFO - Started process (PID=663) to work on /home/airflow/.local/lib/python3.12/site-packages/airflow/example_dags/example_python_decorator.py
[2026-05-17T04:48:55.078+0000] {processor.py:830} INFO - Processing file /home/airflow/.local/lib/python3.12/site-packages/airflow/example_dags/example_python_decorator.py for tasks to queue
[2026-05-17T04:48:55.079+0000] {logging_mixin.py:188} INFO - [2026-05-17T04:48:55.079+0000] {dagbag.py:545} INFO - Filling up the DagBag from /home/airflow/.local/lib/python3.12/site-packages/airflow/example_dags/example_python_decorator.py
[2026-05-17T04:48:55.088+0000] {processor.py:840} INFO - DAG(s) 'example_python_decorator' retrieved from /home/airflow/.local/lib/python3.12/site-packages/airflow/example_dags/example_python_decorator.py
[2026-05-17T04:48:55.104+0000] {logging_mixin.py:188} INFO - [2026-05-17T04:48:55.104+0000] {dag.py:3096} INFO - Sync 1 DAGs
[2026-05-17T04:48:55.113+0000] {logging_mixin.py:188} INFO - [2026-05-17T04:48:55.112+0000] {dag.py:3954} INFO - Setting next_dagrun for example_python_decorator to None, run_after=None
[2026-05-17T04:48:55.125+0000] {processor.py:183} INFO - Processing /home/airflow/.local/lib/python3.12/site-packages/airflow/example_dags/example_python_decorator.py took 0.052 seconds
[2026-05-17T04:49:25.775+0000] {processor.py:161} INFO - Started process (PID=722) to work on /home/airflow/.local/lib/python3.12/site-packages/airflow/example_dags/example_python_decorator.py
[2026-05-17T04:49:25.776+0000] {processor.py:830} INFO - Processing file /home/airflow/.local/lib/python3.12/site-packages/airflow/example_dags/example_python_decorator.py for tasks to queue
[2026-05-17T04:49:25.777+0000] {logging_mixin.py:188} INFO - [2026-05-17T04:49:25.777+0000] {dagbag.py:545} INFO - Filling up the DagBag from /home/airflow/.local/lib/python3.12/site-packages/airflow/example_dags/example_python_decorator.py
[2026-05-17T04:49:25.786+0000] {processor.py:840} INFO - DAG(s) 'example_python_decorator' retrieved from /home/airflow/.local/lib/python3.12/site-packages/airflow/example_dags/example_python_decorator.py
[2026-05-17T04:49:25.802+0000] {logging_mixin.py:188} INFO - [2026-05-17T04:49:25.802+0000] {dag.py:3096} INFO - Sync 1 DAGs
[2026-05-17T04:49:25.810+0000] {logging_mixin.py:188} INFO - [2026-05-17T04:49:25.810+0000] {dag.py:3954} INFO - Setting next_dagrun for example_python_decorator to None, run_after=None
[2026-05-17T04:49:25.824+0000] {processor.py:183} INFO - Processing /home/airflow/.local/lib/python3.12/site-packages/airflow/example_dags/example_python_decorator.py took 0.053 seconds
[2026-05-17T04:49:56.349+0000] {processor.py:161} INFO - Started process (PID=781) to work on /home/airflow/.local/lib/python3.12/site-packages/airflow/example_dags/example_python_decorator.py
[2026-05-17T04:49:56.350+0000] {processor.py:830} INFO - Processing file /home/airflow/.local/lib/python3.12/site-packages/airflow/example_dags/example_python_decorator.py for tasks to queue
[2026-05-17T04:49:56.352+0000] {logging_mixin.py:188} INFO - [2026-05-17T04:49:56.351+0000] {dagbag.py:545} INFO - Filling up the DagBag from /home/airflow/.local/lib/python3.12/site-packages/airflow/example_dags/example_python_decorator.py
[2026-05-17T04:49:56.361+0000] {processor.py:840} INFO - DAG(s) 'example_python_decorator' retrieved from /home/airflow/.local/lib/python3.12/site-packages/airflow/example_dags/example_python_decorator.py
[2026-05-17T04:49:56.378+0000] {logging_mixin.py:188} INFO - [2026-05-17T04:49:56.378+0000] {dag.py:3096} INFO - Sync 1 DAGs
[2026-05-17T04:49:56.388+0000] {logging_mixin.py:188} INFO - [2026-05-17T04:49:56.388+0000] {dag.py:3954} INFO - Setting next_dagrun for example_python_decorator to None, run_after=None
[2026-05-17T04:49:56.401+0000] {processor.py:183} INFO - Processing /home/airflow/.local/lib/python3.12/site-packages/airflow/example_dags/example_python_decorator.py took 0.057 seconds
[2026-05-17T04:50:26.984+0000] {processor.py:161} INFO - Started process (PID=840) to work on /home/airflow/.local/lib/python3.12/site-packages/airflow/example_dags/example_python_decorator.py
[2026-05-17T04:50:26.986+0000] {processor.py:830} INFO - Processing file /home/airflow/.local/lib/python3.12/site-packages/airflow/example_dags/example_python_decorator.py for tasks to queue
[2026-05-17T04:50:26.988+0000] {logging_mixin.py:188} INFO - [2026-05-17T04:50:26.987+0000] {dagbag.py:545} INFO - Filling up the DagBag from /home/airflow/.local/lib/python3.12/site-packages/airflow/example_dags/example_python_decorator.py
[2026-05-17T04:50:26.998+0000] {processor.py:840} INFO - DAG(s) 'example_python_decorator' retrieved from /home/airflow/.local/lib/python3.12/site-packages/airflow/example_dags/example_python_decorator.py
[2026-05-17T04:50:27.016+0000] {logging_mixin.py:188} INFO - [2026-05-17T04:50:27.016+0000] {dag.py:3096} INFO - Sync 1 DAGs
[2026-05-17T04:50:27.026+0000] {logging_mixin.py:188} INFO - [2026-05-17T04:50:27.026+0000] {dag.py:3954} INFO - Setting next_dagrun for example_python_decorator to None, run_after=None
[2026-05-17T04:50:27.040+0000] {processor.py:183} INFO - Processing /home/airflow/.local/lib/python3.12/site-packages/airflow/example_dags/example_python_decorator.py took 0.064 seconds
[2026-05-17T04:50:57.641+0000] {processor.py:161} INFO - Started process (PID=899) to work on /home/airflow/.local/lib/python3.12/site-packages/airflow/example_dags/example_python_decorator.py
[2026-05-17T04:50:57.642+0000] {processor.py:830} INFO - Processing file /home/airflow/.local/lib/python3.12/site-packages/airflow/example_dags/example_python_decorator.py for tasks to queue
[2026-05-17T04:50:57.643+0000] {logging_mixin.py:188} INFO - [2026-05-17T04:50:57.643+0000] {dagbag.py:545} INFO - Filling up the DagBag from /home/airflow/.local/lib/python3.12/site-packages/airflow/example_dags/example_python_decorator.py
[2026-05-17T04:50:57.651+0000] {processor.py:840} INFO - DAG(s) 'example_python_decorator' retrieved from /home/airflow/.local/lib/python3.12/site-packages/airflow/example_dags/example_python_decorator.py
[2026-05-17T04:50:57.667+0000] {logging_mixin.py:188} INFO - [2026-05-17T04:50:57.666+0000] {dag.py:3096} INFO - Sync 1 DAGs
[2026-05-17T04:50:57.674+0000] {logging_mixin.py:188} INFO - [2026-05-17T04:50:57.674+0000] {dag.py:3954} INFO - Setting next_dagrun for example_python_decorator to None, run_after=None
[2026-05-17T04:50:57.686+0000] {processor.py:183} INFO - Processing /home/airflow/.local/lib/python3.12/site-packages/airflow/example_dags/example_python_decorator.py took 0.049 seconds
[2026-05-17T04:52:09.957+0000] {processor.py:161} INFO - Started process (PID=67) to work on /home/airflow/.local/lib/python3.12/site-packages/airflow/example_dags/example_python_decorator.py
[2026-05-17T04:52:09.958+0000] {processor.py:830} INFO - Processing file /home/airflow/.local/lib/python3.12/site-packages/airflow/example_dags/example_python_decorator.py for tasks to queue
[2026-05-17T04:52:09.961+0000] {logging_mixin.py:188} INFO - [2026-05-17T04:52:09.960+0000] {dagbag.py:545} INFO - Filling up the DagBag from /home/airflow/.local/lib/python3.12/site-packages/airflow/example_dags/example_python_decorator.py
[2026-05-17T04:52:09.983+0000] {processor.py:840} INFO - DAG(s) 'example_python_decorator' retrieved from /home/airflow/.local/lib/python3.12/site-packages/airflow/example_dags/example_python_decorator.py
[2026-05-17T04:52:10.004+0000] {logging_mixin.py:188} INFO - [2026-05-17T04:52:10.004+0000] {dag.py:3096} INFO - Sync 1 DAGs
[2026-05-17T04:52:10.018+0000] {logging_mixin.py:188} INFO - [2026-05-17T04:52:10.018+0000] {dag.py:3954} INFO - Setting next_dagrun for example_python_decorator to None, run_after=None
[2026-05-17T04:52:10.045+0000] {processor.py:183} INFO - Processing /home/airflow/.local/lib/python3.12/site-packages/airflow/example_dags/example_python_decorator.py took 0.095 seconds
[2026-05-17T04:52:40.693+0000] {processor.py:161} INFO - Started process (PID=126) to work on /home/airflow/.local/lib/python3.12/site-packages/airflow/example_dags/example_python_decorator.py
[2026-05-17T04:52:40.695+0000] {processor.py:830} INFO - Processing file /home/airflow/.local/lib/python3.12/site-packages/airflow/example_dags/example_python_decorator.py for tasks to queue
[2026-05-17T04:52:40.696+0000] {logging_mixin.py:188} INFO - [2026-05-17T04:52:40.696+0000] {dagbag.py:545} INFO - Filling up the DagBag from /home/airflow/.local/lib/python3.12/site-packages/airflow/example_dags/example_python_decorator.py
[2026-05-17T04:52:40.707+0000] {processor.py:840} INFO - DAG(s) 'example_python_decorator' retrieved from /home/airflow/.local/lib/python3.12/site-packages/airflow/example_dags/example_python_decorator.py
[2026-05-17T04:52:40.773+0000] {logging_mixin.py:188} INFO - [2026-05-17T04:52:40.773+0000] {dag.py:3096} INFO - Sync 1 DAGs
[2026-05-17T04:52:40.780+0000] {logging_mixin.py:188} INFO - [2026-05-17T04:52:40.780+0000] {dag.py:3954} INFO - Setting next_dagrun for example_python_decorator to None, run_after=None
[2026-05-17T04:52:40.809+0000] {processor.py:183} INFO - Processing /home/airflow/.local/lib/python3.12/site-packages/airflow/example_dags/example_python_decorator.py took 0.122 seconds
[2026-05-17T04:53:10.899+0000] {processor.py:161} INFO - Started process (PID=185) to work on /home/airflow/.local/lib/python3.12/site-packages/airflow/example_dags/example_python_decorator.py
[2026-05-17T04:53:10.901+0000] {processor.py:830} INFO - Processing file /home/airflow/.local/lib/python3.12/site-packages/airflow/example_dags/example_python_decorator.py for tasks to queue
[2026-05-17T04:53:10.903+0000] {logging_mixin.py:188} INFO - [2026-05-17T04:53:10.902+0000] {dagbag.py:545} INFO - Filling up the DagBag from /home/airflow/.local/lib/python3.12/site-packages/airflow/example_dags/example_python_decorator.py
[2026-05-17T04:53:10.914+0000] {processor.py:840} INFO - DAG(s) 'example_python_decorator' retrieved from /home/airflow/.local/lib/python3.12/site-packages/airflow/example_dags/example_python_decorator.py
[2026-05-17T04:53:10.931+0000] {logging_mixin.py:188} INFO - [2026-05-17T04:53:10.931+0000] {dag.py:3096} INFO - Sync 1 DAGs
[2026-05-17T04:53:10.942+0000] {logging_mixin.py:188} INFO - [2026-05-17T04:53:10.941+0000] {dag.py:3954} INFO - Setting next_dagrun for example_python_decorator to None, run_after=None
[2026-05-17T04:53:10.969+0000] {processor.py:183} INFO - Processing /home/airflow/.local/lib/python3.12/site-packages/airflow/example_dags/example_python_decorator.py took 0.075 seconds
[2026-05-17T04:53:41.097+0000] {processor.py:161} INFO - Started process (PID=244) to work on /home/airflow/.local/lib/python3.12/site-packages/airflow/example_dags/example_python_decorator.py
[2026-05-17T04:53:41.098+0000] {processor.py:830} INFO - Processing file /home/airflow/.local/lib/python3.12/site-packages/airflow/example_dags/example_python_decorator.py for tasks to queue
[2026-05-17T04:53:41.099+0000] {logging_mixin.py:188} INFO - [2026-05-17T04:53:41.099+0000] {dagbag.py:545} INFO - Filling up the DagBag from /home/airflow/.local/lib/python3.12/site-packages/airflow/example_dags/example_python_decorator.py
[2026-05-17T04:53:41.108+0000] {processor.py:840} INFO - DAG(s) 'example_python_decorator' retrieved from /home/airflow/.local/lib/python3.12/site-packages/airflow/example_dags/example_python_decorator.py
[2026-05-17T04:53:41.124+0000] {logging_mixin.py:188} INFO - [2026-05-17T04:53:41.124+0000] {dag.py:3096} INFO - Sync 1 DAGs
[2026-05-17T04:53:41.134+0000] {logging_mixin.py:188} INFO - [2026-05-17T04:53:41.134+0000] {dag.py:3954} INFO - Setting next_dagrun for example_python_decorator to None, run_after=None
[2026-05-17T04:53:41.149+0000] {processor.py:183} INFO - Processing /home/airflow/.local/lib/python3.12/site-packages/airflow/example_dags/example_python_decorator.py took 0.056 seconds
[2026-05-17T04:54:11.452+0000] {processor.py:161} INFO - Started process (PID=303) to work on /home/airflow/.local/lib/python3.12/site-packages/airflow/example_dags/example_python_decorator.py
[2026-05-17T04:54:11.453+0000] {processor.py:830} INFO - Processing file /home/airflow/.local/lib/python3.12/site-packages/airflow/example_dags/example_python_decorator.py for tasks to queue
[2026-05-17T04:54:11.455+0000] {logging_mixin.py:188} INFO - [2026-05-17T04:54:11.454+0000] {dagbag.py:545} INFO - Filling up the DagBag from /home/airflow/.local/lib/python3.12/site-packages/airflow/example_dags/example_python_decorator.py
[2026-05-17T04:54:11.466+0000] {processor.py:840} INFO - DAG(s) 'example_python_decorator' retrieved from /home/airflow/.local/lib/python3.12/site-packages/airflow/example_dags/example_python_decorator.py
[2026-05-17T04:54:11.484+0000] {logging_mixin.py:188} INFO - [2026-05-17T04:54:11.483+0000] {dag.py:3096} INFO - Sync 1 DAGs
[2026-05-17T04:54:11.492+0000] {logging_mixin.py:188} INFO - [2026-05-17T04:54:11.492+0000] {dag.py:3954} INFO - Setting next_dagrun for example_python_decorator to None, run_after=None
[2026-05-17T04:54:11.510+0000] {processor.py:183} INFO - Processing /home/airflow/.local/lib/python3.12/site-packages/airflow/example_dags/example_python_decorator.py took 0.063 seconds
[2026-05-17T04:54:41.724+0000] {processor.py:161} INFO - Started process (PID=362) to work on /home/airflow/.local/lib/python3.12/site-packages/airflow/example_dags/example_python_decorator.py
[2026-05-17T04:54:41.725+0000] {processor.py:830} INFO - Processing file /home/airflow/.local/lib/python3.12/site-packages/airflow/example_dags/example_python_decorator.py for tasks to queue
[2026-05-17T04:54:41.727+0000] {logging_mixin.py:188} INFO - [2026-05-17T04:54:41.727+0000] {dagbag.py:545} INFO - Filling up the DagBag from /home/airflow/.local/lib/python3.12/site-packages/airflow/example_dags/example_python_decorator.py
[2026-05-17T04:54:41.738+0000] {processor.py:840} INFO - DAG(s) 'example_python_decorator' retrieved from /home/airflow/.local/lib/python3.12/site-packages/airflow/example_dags/example_python_decorator.py
[2026-05-17T04:54:41.756+0000] {logging_mixin.py:188} INFO - [2026-05-17T04:54:41.756+0000] {dag.py:3096} INFO - Sync 1 DAGs
[2026-05-17T04:54:41.768+0000] {logging_mixin.py:188} INFO - [2026-05-17T04:54:41.767+0000] {dag.py:3954} INFO - Setting next_dagrun for example_python_decorator to None, run_after=None
[2026-05-17T04:54:41.787+0000] {processor.py:183} INFO - Processing /home/airflow/.local/lib/python3.12/site-packages/airflow/example_dags/example_python_decorator.py took 0.070 seconds
[2026-05-17T04:55:11.983+0000] {processor.py:161} INFO - Started process (PID=421) to work on /home/airflow/.local/lib/python3.12/site-packages/airflow/example_dags/example_python_decorator.py
[2026-05-17T04:55:11.984+0000] {processor.py:830} INFO - Processing file /home/airflow/.local/lib/python3.12/site-packages/airflow/example_dags/example_python_decorator.py for tasks to queue
[2026-05-17T04:55:11.986+0000] {logging_mixin.py:188} INFO - [2026-05-17T04:55:11.986+0000] {dagbag.py:545} INFO - Filling up the DagBag from /home/airflow/.local/lib/python3.12/site-packages/airflow/example_dags/example_python_decorator.py
[2026-05-17T04:55:11.996+0000] {processor.py:840} INFO - DAG(s) 'example_python_decorator' retrieved from /home/airflow/.local/lib/python3.12/site-packages/airflow/example_dags/example_python_decorator.py
[2026-05-17T04:55:12.014+0000] {logging_mixin.py:188} INFO - [2026-05-17T04:55:12.014+0000] {dag.py:3096} INFO - Sync 1 DAGs
[2026-05-17T04:55:12.025+0000] {logging_mixin.py:188} INFO - [2026-05-17T04:55:12.025+0000] {dag.py:3954} INFO - Setting next_dagrun for example_python_decorator to None, run_after=None
[2026-05-17T04:55:12.040+0000] {processor.py:183} INFO - Processing /home/airflow/.local/lib/python3.12/site-packages/airflow/example_dags/example_python_decorator.py took 0.061 seconds
[2026-05-17T04:55:42.240+0000] {processor.py:161} INFO - Started process (PID=480) to work on /home/airflow/.local/lib/python3.12/site-packages/airflow/example_dags/example_python_decorator.py
[2026-05-17T04:55:42.241+0000] {processor.py:830} INFO - Processing file /home/airflow/.local/lib/python3.12/site-packages/airflow/example_dags/example_python_decorator.py for tasks to queue
[2026-05-17T04:55:42.243+0000] {logging_mixin.py:188} INFO - [2026-05-17T04:55:42.243+0000] {dagbag.py:545} INFO - Filling up the DagBag from /home/airflow/.local/lib/python3.12/site-packages/airflow/example_dags/example_python_decorator.py
[2026-05-17T04:55:42.255+0000] {processor.py:840} INFO - DAG(s) 'example_python_decorator' retrieved from /home/airflow/.local/lib/python3.12/site-packages/airflow/example_dags/example_python_decorator.py
[2026-05-17T04:55:42.274+0000] {logging_mixin.py:188} INFO - [2026-05-17T04:55:42.274+0000] {dag.py:3096} INFO - Sync 1 DAGs
[2026-05-17T04:55:42.288+0000] {logging_mixin.py:188} INFO - [2026-05-17T04:55:42.288+0000] {dag.py:3954} INFO - Setting next_dagrun for example_python_decorator to None, run_after=None
[2026-05-17T04:55:42.308+0000] {processor.py:183} INFO - Processing /home/airflow/.local/lib/python3.12/site-packages/airflow/example_dags/example_python_decorator.py took 0.073 seconds
[2026-05-17T04:56:12.544+0000] {processor.py:161} INFO - Started process (PID=539) to work on /home/airflow/.local/lib/python3.12/site-packages/airflow/example_dags/example_python_decorator.py
[2026-05-17T04:56:12.545+0000] {processor.py:830} INFO - Processing file /home/airflow/.local/lib/python3.12/site-packages/airflow/example_dags/example_python_decorator.py for tasks to queue
[2026-05-17T04:56:12.548+0000] {logging_mixin.py:188} INFO - [2026-05-17T04:56:12.548+0000] {dagbag.py:545} INFO - Filling up the DagBag from /home/airflow/.local/lib/python3.12/site-packages/airflow/example_dags/example_python_decorator.py
[2026-05-17T04:56:12.567+0000] {processor.py:840} INFO - DAG(s) 'example_python_decorator' retrieved from /home/airflow/.local/lib/python3.12/site-packages/airflow/example_dags/example_python_decorator.py
[2026-05-17T04:56:12.594+0000] {logging_mixin.py:188} INFO - [2026-05-17T04:56:12.593+0000] {dag.py:3096} INFO - Sync 1 DAGs
[2026-05-17T04:56:12.616+0000] {logging_mixin.py:188} INFO - [2026-05-17T04:56:12.616+0000] {dag.py:3954} INFO - Setting next_dagrun for example_python_decorator to None, run_after=None
[2026-05-17T04:56:12.651+0000] {processor.py:183} INFO - Processing /home/airflow/.local/lib/python3.12/site-packages/airflow/example_dags/example_python_decorator.py took 0.114 seconds
[2026-05-17T04:56:43.988+0000] {processor.py:161} INFO - Started process (PID=604) to work on /home/airflow/.local/lib/python3.12/site-packages/airflow/example_dags/example_python_decorator.py
[2026-05-17T04:56:43.990+0000] {processor.py:830} INFO - Processing file /home/airflow/.local/lib/python3.12/site-packages/airflow/example_dags/example_python_decorator.py for tasks to queue
[2026-05-17T04:56:43.994+0000] {logging_mixin.py:188} INFO - [2026-05-17T04:56:43.993+0000] {dagbag.py:545} INFO - Filling up the DagBag from /home/airflow/.local/lib/python3.12/site-packages/airflow/example_dags/example_python_decorator.py
[2026-05-17T04:56:44.019+0000] {processor.py:840} INFO - DAG(s) 'example_python_decorator' retrieved from /home/airflow/.local/lib/python3.12/site-packages/airflow/example_dags/example_python_decorator.py
[2026-05-17T04:56:44.048+0000] {logging_mixin.py:188} INFO - [2026-05-17T04:56:44.048+0000] {dag.py:3096} INFO - Sync 1 DAGs
[2026-05-17T04:56:44.064+0000] {logging_mixin.py:188} INFO - [2026-05-17T04:56:44.063+0000] {dag.py:3954} INFO - Setting next_dagrun for example_python_decorator to None, run_after=None
[2026-05-17T04:56:44.088+0000] {processor.py:183} INFO - Processing /home/airflow/.local/lib/python3.12/site-packages/airflow/example_dags/example_python_decorator.py took 0.109 seconds
[2026-05-17T04:57:14.660+0000] {processor.py:161} INFO - Started process (PID=663) to work on /home/airflow/.local/lib/python3.12/site-packages/airflow/example_dags/example_python_decorator.py
[2026-05-17T04:57:14.662+0000] {processor.py:830} INFO - Processing file /home/airflow/.local/lib/python3.12/site-packages/airflow/example_dags/example_python_decorator.py for tasks to queue
[2026-05-17T04:57:14.664+0000] {logging_mixin.py:188} INFO - [2026-05-17T04:57:14.664+0000] {dagbag.py:545} INFO - Filling up the DagBag from /home/airflow/.local/lib/python3.12/site-packages/airflow/example_dags/example_python_decorator.py
[2026-05-17T04:57:14.677+0000] {processor.py:840} INFO - DAG(s) 'example_python_decorator' retrieved from /home/airflow/.local/lib/python3.12/site-packages/airflow/example_dags/example_python_decorator.py
[2026-05-17T04:57:14.711+0000] {logging_mixin.py:188} INFO - [2026-05-17T04:57:14.710+0000] {dag.py:3096} INFO - Sync 1 DAGs
[2026-05-17T04:57:14.725+0000] {logging_mixin.py:188} INFO - [2026-05-17T04:57:14.725+0000] {dag.py:3954} INFO - Setting next_dagrun for example_python_decorator to None, run_after=None
[2026-05-17T04:57:14.753+0000] {processor.py:183} INFO - Processing /home/airflow/.local/lib/python3.12/site-packages/airflow/example_dags/example_python_decorator.py took 0.107 seconds
[2026-05-17T04:57:45.129+0000] {processor.py:161} INFO - Started process (PID=721) to work on /home/airflow/.local/lib/python3.12/site-packages/airflow/example_dags/example_python_decorator.py
[2026-05-17T04:57:45.130+0000] {processor.py:830} INFO - Processing file /home/airflow/.local/lib/python3.12/site-packages/airflow/example_dags/example_python_decorator.py for tasks to queue
[2026-05-17T04:57:45.134+0000] {logging_mixin.py:188} INFO - [2026-05-17T04:57:45.133+0000] {dagbag.py:545} INFO - Filling up the DagBag from /home/airflow/.local/lib/python3.12/site-packages/airflow/example_dags/example_python_decorator.py
[2026-05-17T04:57:45.153+0000] {processor.py:840} INFO - DAG(s) 'example_python_decorator' retrieved from /home/airflow/.local/lib/python3.12/site-packages/airflow/example_dags/example_python_decorator.py
[2026-05-17T04:57:45.200+0000] {logging_mixin.py:188} INFO - [2026-05-17T04:57:45.199+0000] {dag.py:3096} INFO - Sync 1 DAGs
[2026-05-17T04:57:45.217+0000] {logging_mixin.py:188} INFO - [2026-05-17T04:57:45.217+0000] {dag.py:3954} INFO - Setting next_dagrun for example_python_decorator to None, run_after=None
[2026-05-17T04:57:45.238+0000] {processor.py:183} INFO - Processing /home/airflow/.local/lib/python3.12/site-packages/airflow/example_dags/example_python_decorator.py took 0.114 seconds
[2026-05-17T04:58:15.375+0000] {processor.py:161} INFO - Started process (PID=780) to work on /home/airflow/.local/lib/python3.12/site-packages/airflow/example_dags/example_python_decorator.py
[2026-05-17T04:58:15.376+0000] {processor.py:830} INFO - Processing file /home/airflow/.local/lib/python3.12/site-packages/airflow/example_dags/example_python_decorator.py for tasks to queue
[2026-05-17T04:58:15.378+0000] {logging_mixin.py:188} INFO - [2026-05-17T04:58:15.378+0000] {dagbag.py:545} INFO - Filling up the DagBag from /home/airflow/.local/lib/python3.12/site-packages/airflow/example_dags/example_python_decorator.py
[2026-05-17T04:58:15.393+0000] {processor.py:840} INFO - DAG(s) 'example_python_decorator' retrieved from /home/airflow/.local/lib/python3.12/site-packages/airflow/example_dags/example_python_decorator.py
[2026-05-17T04:58:15.413+0000] {logging_mixin.py:188} INFO - [2026-05-17T04:58:15.413+0000] {dag.py:3096} INFO - Sync 1 DAGs
[2026-05-17T04:58:15.425+0000] {logging_mixin.py:188} INFO - [2026-05-17T04:58:15.425+0000] {dag.py:3954} INFO - Setting next_dagrun for example_python_decorator to None, run_after=None
[2026-05-17T04:58:15.444+0000] {processor.py:183} INFO - Processing /home/airflow/.local/lib/python3.12/site-packages/airflow/example_dags/example_python_decorator.py took 0.075 seconds
[2026-05-17T05:00:22.194+0000] {processor.py:161} INFO - Started process (PID=61) to work on /home/airflow/.local/lib/python3.12/site-packages/airflow/example_dags/example_python_decorator.py
[2026-05-17T05:00:22.196+0000] {processor.py:830} INFO - Processing file /home/airflow/.local/lib/python3.12/site-packages/airflow/example_dags/example_python_decorator.py for tasks to queue
[2026-05-17T05:00:22.198+0000] {logging_mixin.py:188} INFO - [2026-05-17T05:00:22.197+0000] {dagbag.py:545} INFO - Filling up the DagBag from /home/airflow/.local/lib/python3.12/site-packages/airflow/example_dags/example_python_decorator.py
[2026-05-17T05:00:22.210+0000] {processor.py:840} INFO - DAG(s) 'example_python_decorator' retrieved from /home/airflow/.local/lib/python3.12/site-packages/airflow/example_dags/example_python_decorator.py
[2026-05-17T05:00:22.303+0000] {logging_mixin.py:188} INFO - [2026-05-17T05:00:22.303+0000] {dag.py:3096} INFO - Sync 1 DAGs
[2026-05-17T05:00:22.312+0000] {logging_mixin.py:188} INFO - [2026-05-17T05:00:22.312+0000] {dag.py:3954} INFO - Setting next_dagrun for example_python_decorator to None, run_after=None
[2026-05-17T05:00:22.327+0000] {processor.py:183} INFO - Processing /home/airflow/.local/lib/python3.12/site-packages/airflow/example_dags/example_python_decorator.py took 0.139 seconds
[2026-05-17T05:01:28.526+0000] {processor.py:161} INFO - Started process (PID=61) to work on /home/airflow/.local/lib/python3.12/site-packages/airflow/example_dags/example_python_decorator.py
[2026-05-17T05:01:28.528+0000] {processor.py:830} INFO - Processing file /home/airflow/.local/lib/python3.12/site-packages/airflow/example_dags/example_python_decorator.py for tasks to queue
[2026-05-17T05:01:28.530+0000] {logging_mixin.py:188} INFO - [2026-05-17T05:01:28.530+0000] {dagbag.py:545} INFO - Filling up the DagBag from /home/airflow/.local/lib/python3.12/site-packages/airflow/example_dags/example_python_decorator.py
[2026-05-17T05:01:28.551+0000] {processor.py:840} INFO - DAG(s) 'example_python_decorator' retrieved from /home/airflow/.local/lib/python3.12/site-packages/airflow/example_dags/example_python_decorator.py
[2026-05-17T05:01:28.665+0000] {logging_mixin.py:188} INFO - [2026-05-17T05:01:28.665+0000] {dag.py:3096} INFO - Sync 1 DAGs
[2026-05-17T05:01:28.675+0000] {logging_mixin.py:188} INFO - [2026-05-17T05:01:28.675+0000] {dag.py:3954} INFO - Setting next_dagrun for example_python_decorator to None, run_after=None
[2026-05-17T05:01:28.697+0000] {processor.py:183} INFO - Processing /home/airflow/.local/lib/python3.12/site-packages/airflow/example_dags/example_python_decorator.py took 0.178 seconds
