[2026-05-17T04:43:48.669+0000] {processor.py:161} INFO - Started process (PID=58) to work on /home/airflow/.local/lib/python3.12/site-packages/airflow/example_dags/example_branch_operator.py
[2026-05-17T04:43:48.670+0000] {processor.py:830} INFO - Processing file /home/airflow/.local/lib/python3.12/site-packages/airflow/example_dags/example_branch_operator.py for tasks to queue
[2026-05-17T04:43:48.672+0000] {logging_mixin.py:188} INFO - [2026-05-17T04:43:48.672+0000] {dagbag.py:545} INFO - Filling up the DagBag from /home/airflow/.local/lib/python3.12/site-packages/airflow/example_dags/example_branch_operator.py
[2026-05-17T04:43:48.700+0000] {processor.py:840} INFO - DAG(s) 'example_branch_operator' retrieved from /home/airflow/.local/lib/python3.12/site-packages/airflow/example_dags/example_branch_operator.py
[2026-05-17T04:43:48.716+0000] {logging_mixin.py:188} INFO - [2026-05-17T04:43:48.716+0000] {dag.py:3096} INFO - Sync 1 DAGs
[2026-05-17T04:43:48.757+0000] {logging_mixin.py:188} INFO - [2026-05-17T04:43:48.757+0000] {dag.py:3954} INFO - Setting next_dagrun for example_branch_operator to 2026-05-16 00:00:00+00:00, run_after=2026-05-17 00:00:00+00:00
[2026-05-17T04:43:48.786+0000] {processor.py:183} INFO - Processing /home/airflow/.local/lib/python3.12/site-packages/airflow/example_dags/example_branch_operator.py took 0.123 seconds
[2026-05-17T04:44:18.944+0000] {processor.py:161} INFO - Started process (PID=116) to work on /home/airflow/.local/lib/python3.12/site-packages/airflow/example_dags/example_branch_operator.py
[2026-05-17T04:44:18.946+0000] {processor.py:830} INFO - Processing file /home/airflow/.local/lib/python3.12/site-packages/airflow/example_dags/example_branch_operator.py for tasks to queue
[2026-05-17T04:44:18.951+0000] {logging_mixin.py:188} INFO - [2026-05-17T04:44:18.950+0000] {dagbag.py:545} INFO - Filling up the DagBag from /home/airflow/.local/lib/python3.12/site-packages/airflow/example_dags/example_branch_operator.py
[2026-05-17T04:44:18.985+0000] {processor.py:840} INFO - DAG(s) 'example_branch_operator' retrieved from /home/airflow/.local/lib/python3.12/site-packages/airflow/example_dags/example_branch_operator.py
[2026-05-17T04:44:19.148+0000] {logging_mixin.py:188} INFO - [2026-05-17T04:44:19.148+0000] {dag.py:3096} INFO - Sync 1 DAGs
[2026-05-17T04:44:19.180+0000] {logging_mixin.py:188} INFO - [2026-05-17T04:44:19.179+0000] {dag.py:3954} INFO - Setting next_dagrun for example_branch_operator to 2026-05-16 00:00:00+00:00, run_after=2026-05-17 00:00:00+00:00
[2026-05-17T04:44:19.228+0000] {processor.py:183} INFO - Processing /home/airflow/.local/lib/python3.12/site-packages/airflow/example_dags/example_branch_operator.py took 0.298 seconds
[2026-05-17T04:44:49.492+0000] {processor.py:161} INFO - Started process (PID=175) to work on /home/airflow/.local/lib/python3.12/site-packages/airflow/example_dags/example_branch_operator.py
[2026-05-17T04:44:49.493+0000] {processor.py:830} INFO - Processing file /home/airflow/.local/lib/python3.12/site-packages/airflow/example_dags/example_branch_operator.py for tasks to queue
[2026-05-17T04:44:49.495+0000] {logging_mixin.py:188} INFO - [2026-05-17T04:44:49.495+0000] {dagbag.py:545} INFO - Filling up the DagBag from /home/airflow/.local/lib/python3.12/site-packages/airflow/example_dags/example_branch_operator.py
[2026-05-17T04:44:49.511+0000] {processor.py:840} INFO - DAG(s) 'example_branch_operator' retrieved from /home/airflow/.local/lib/python3.12/site-packages/airflow/example_dags/example_branch_operator.py
[2026-05-17T04:44:49.534+0000] {logging_mixin.py:188} INFO - [2026-05-17T04:44:49.534+0000] {dag.py:3096} INFO - Sync 1 DAGs
[2026-05-17T04:44:49.551+0000] {logging_mixin.py:188} INFO - [2026-05-17T04:44:49.551+0000] {dag.py:3954} INFO - Setting next_dagrun for example_branch_operator to 2026-05-16 00:00:00+00:00, run_after=2026-05-17 00:00:00+00:00
[2026-05-17T04:44:49.573+0000] {processor.py:183} INFO - Processing /home/airflow/.local/lib/python3.12/site-packages/airflow/example_dags/example_branch_operator.py took 0.085 seconds
[2026-05-17T04:45:19.792+0000] {processor.py:161} INFO - Started process (PID=234) to work on /home/airflow/.local/lib/python3.12/site-packages/airflow/example_dags/example_branch_operator.py
[2026-05-17T04:45:19.793+0000] {processor.py:830} INFO - Processing file /home/airflow/.local/lib/python3.12/site-packages/airflow/example_dags/example_branch_operator.py for tasks to queue
[2026-05-17T04:45:19.795+0000] {logging_mixin.py:188} INFO - [2026-05-17T04:45:19.794+0000] {dagbag.py:545} INFO - Filling up the DagBag from /home/airflow/.local/lib/python3.12/site-packages/airflow/example_dags/example_branch_operator.py
[2026-05-17T04:45:19.808+0000] {processor.py:840} INFO - DAG(s) 'example_branch_operator' retrieved from /home/airflow/.local/lib/python3.12/site-packages/airflow/example_dags/example_branch_operator.py
[2026-05-17T04:45:19.830+0000] {logging_mixin.py:188} INFO - [2026-05-17T04:45:19.830+0000] {dag.py:3096} INFO - Sync 1 DAGs
[2026-05-17T04:45:19.846+0000] {logging_mixin.py:188} INFO - [2026-05-17T04:45:19.846+0000] {dag.py:3954} INFO - Setting next_dagrun for example_branch_operator to 2026-05-16 00:00:00+00:00, run_after=2026-05-17 00:00:00+00:00
[2026-05-17T04:45:19.858+0000] {processor.py:183} INFO - Processing /home/airflow/.local/lib/python3.12/site-packages/airflow/example_dags/example_branch_operator.py took 0.071 seconds
[2026-05-17T04:45:50.408+0000] {processor.py:161} INFO - Started process (PID=294) to work on /home/airflow/.local/lib/python3.12/site-packages/airflow/example_dags/example_branch_operator.py
[2026-05-17T04:45:50.409+0000] {processor.py:830} INFO - Processing file /home/airflow/.local/lib/python3.12/site-packages/airflow/example_dags/example_branch_operator.py for tasks to queue
[2026-05-17T04:45:50.410+0000] {logging_mixin.py:188} INFO - [2026-05-17T04:45:50.410+0000] {dagbag.py:545} INFO - Filling up the DagBag from /home/airflow/.local/lib/python3.12/site-packages/airflow/example_dags/example_branch_operator.py
[2026-05-17T04:45:50.421+0000] {processor.py:840} INFO - DAG(s) 'example_branch_operator' retrieved from /home/airflow/.local/lib/python3.12/site-packages/airflow/example_dags/example_branch_operator.py
[2026-05-17T04:45:50.448+0000] {logging_mixin.py:188} INFO - [2026-05-17T04:45:50.447+0000] {dag.py:3096} INFO - Sync 1 DAGs
[2026-05-17T04:45:50.464+0000] {logging_mixin.py:188} INFO - [2026-05-17T04:45:50.464+0000] {dag.py:3954} INFO - Setting next_dagrun for example_branch_operator to 2026-05-16 00:00:00+00:00, run_after=2026-05-17 00:00:00+00:00
[2026-05-17T04:45:50.478+0000] {processor.py:183} INFO - Processing /home/airflow/.local/lib/python3.12/site-packages/airflow/example_dags/example_branch_operator.py took 0.074 seconds
[2026-05-17T04:46:21.120+0000] {processor.py:161} INFO - Started process (PID=353) to work on /home/airflow/.local/lib/python3.12/site-packages/airflow/example_dags/example_branch_operator.py
[2026-05-17T04:46:21.121+0000] {processor.py:830} INFO - Processing file /home/airflow/.local/lib/python3.12/site-packages/airflow/example_dags/example_branch_operator.py for tasks to queue
[2026-05-17T04:46:21.122+0000] {logging_mixin.py:188} INFO - [2026-05-17T04:46:21.122+0000] {dagbag.py:545} INFO - Filling up the DagBag from /home/airflow/.local/lib/python3.12/site-packages/airflow/example_dags/example_branch_operator.py
[2026-05-17T04:46:21.132+0000] {processor.py:840} INFO - DAG(s) 'example_branch_operator' retrieved from /home/airflow/.local/lib/python3.12/site-packages/airflow/example_dags/example_branch_operator.py
[2026-05-17T04:46:21.151+0000] {logging_mixin.py:188} INFO - [2026-05-17T04:46:21.151+0000] {dag.py:3096} INFO - Sync 1 DAGs
[2026-05-17T04:46:21.169+0000] {logging_mixin.py:188} INFO - [2026-05-17T04:46:21.169+0000] {dag.py:3954} INFO - Setting next_dagrun for example_branch_operator to 2026-05-16 00:00:00+00:00, run_after=2026-05-17 00:00:00+00:00
[2026-05-17T04:46:21.182+0000] {processor.py:183} INFO - Processing /home/airflow/.local/lib/python3.12/site-packages/airflow/example_dags/example_branch_operator.py took 0.066 seconds
[2026-05-17T04:46:51.545+0000] {processor.py:161} INFO - Started process (PID=412) to work on /home/airflow/.local/lib/python3.12/site-packages/airflow/example_dags/example_branch_operator.py
[2026-05-17T04:46:51.546+0000] {processor.py:830} INFO - Processing file /home/airflow/.local/lib/python3.12/site-packages/airflow/example_dags/example_branch_operator.py for tasks to queue
[2026-05-17T04:46:51.548+0000] {logging_mixin.py:188} INFO - [2026-05-17T04:46:51.547+0000] {dagbag.py:545} INFO - Filling up the DagBag from /home/airflow/.local/lib/python3.12/site-packages/airflow/example_dags/example_branch_operator.py
[2026-05-17T04:46:51.559+0000] {processor.py:840} INFO - DAG(s) 'example_branch_operator' retrieved from /home/airflow/.local/lib/python3.12/site-packages/airflow/example_dags/example_branch_operator.py
[2026-05-17T04:46:51.580+0000] {logging_mixin.py:188} INFO - [2026-05-17T04:46:51.579+0000] {dag.py:3096} INFO - Sync 1 DAGs
[2026-05-17T04:46:51.608+0000] {logging_mixin.py:188} INFO - [2026-05-17T04:46:51.608+0000] {dag.py:3954} INFO - Setting next_dagrun for example_branch_operator to 2026-05-16 00:00:00+00:00, run_after=2026-05-17 00:00:00+00:00
[2026-05-17T04:46:51.622+0000] {processor.py:183} INFO - Processing /home/airflow/.local/lib/python3.12/site-packages/airflow/example_dags/example_branch_operator.py took 0.082 seconds
[2026-05-17T04:47:22.072+0000] {processor.py:161} INFO - Started process (PID=477) to work on /home/airflow/.local/lib/python3.12/site-packages/airflow/example_dags/example_branch_operator.py
[2026-05-17T04:47:22.073+0000] {processor.py:830} INFO - Processing file /home/airflow/.local/lib/python3.12/site-packages/airflow/example_dags/example_branch_operator.py for tasks to queue
[2026-05-17T04:47:22.074+0000] {logging_mixin.py:188} INFO - [2026-05-17T04:47:22.074+0000] {dagbag.py:545} INFO - Filling up the DagBag from /home/airflow/.local/lib/python3.12/site-packages/airflow/example_dags/example_branch_operator.py
[2026-05-17T04:47:22.084+0000] {processor.py:840} INFO - DAG(s) 'example_branch_operator' retrieved from /home/airflow/.local/lib/python3.12/site-packages/airflow/example_dags/example_branch_operator.py
[2026-05-17T04:47:22.104+0000] {logging_mixin.py:188} INFO - [2026-05-17T04:47:22.104+0000] {dag.py:3096} INFO - Sync 1 DAGs
[2026-05-17T04:47:22.119+0000] {logging_mixin.py:188} INFO - [2026-05-17T04:47:22.119+0000] {dag.py:3954} INFO - Setting next_dagrun for example_branch_operator to 2026-05-16 00:00:00+00:00, run_after=2026-05-17 00:00:00+00:00
[2026-05-17T04:47:22.132+0000] {processor.py:183} INFO - Processing /home/airflow/.local/lib/python3.12/site-packages/airflow/example_dags/example_branch_operator.py took 0.064 seconds
[2026-05-17T04:47:52.475+0000] {processor.py:161} INFO - Started process (PID=536) to work on /home/airflow/.local/lib/python3.12/site-packages/airflow/example_dags/example_branch_operator.py
[2026-05-17T04:47:52.476+0000] {processor.py:830} INFO - Processing file /home/airflow/.local/lib/python3.12/site-packages/airflow/example_dags/example_branch_operator.py for tasks to queue
[2026-05-17T04:47:52.477+0000] {logging_mixin.py:188} INFO - [2026-05-17T04:47:52.477+0000] {dagbag.py:545} INFO - Filling up the DagBag from /home/airflow/.local/lib/python3.12/site-packages/airflow/example_dags/example_branch_operator.py
[2026-05-17T04:47:52.489+0000] {processor.py:840} INFO - DAG(s) 'example_branch_operator' retrieved from /home/airflow/.local/lib/python3.12/site-packages/airflow/example_dags/example_branch_operator.py
[2026-05-17T04:47:52.507+0000] {logging_mixin.py:188} INFO - [2026-05-17T04:47:52.507+0000] {dag.py:3096} INFO - Sync 1 DAGs
[2026-05-17T04:47:52.521+0000] {logging_mixin.py:188} INFO - [2026-05-17T04:47:52.520+0000] {dag.py:3954} INFO - Setting next_dagrun for example_branch_operator to 2026-05-16 00:00:00+00:00, run_after=2026-05-17 00:00:00+00:00
[2026-05-17T04:47:52.534+0000] {processor.py:183} INFO - Processing /home/airflow/.local/lib/python3.12/site-packages/airflow/example_dags/example_branch_operator.py took 0.063 seconds
[2026-05-17T04:48:23.089+0000] {processor.py:161} INFO - Started process (PID=595) to work on /home/airflow/.local/lib/python3.12/site-packages/airflow/example_dags/example_branch_operator.py
[2026-05-17T04:48:23.090+0000] {processor.py:830} INFO - Processing file /home/airflow/.local/lib/python3.12/site-packages/airflow/example_dags/example_branch_operator.py for tasks to queue
[2026-05-17T04:48:23.091+0000] {logging_mixin.py:188} INFO - [2026-05-17T04:48:23.091+0000] {dagbag.py:545} INFO - Filling up the DagBag from /home/airflow/.local/lib/python3.12/site-packages/airflow/example_dags/example_branch_operator.py
[2026-05-17T04:48:23.102+0000] {processor.py:840} INFO - DAG(s) 'example_branch_operator' retrieved from /home/airflow/.local/lib/python3.12/site-packages/airflow/example_dags/example_branch_operator.py
[2026-05-17T04:48:23.119+0000] {logging_mixin.py:188} INFO - [2026-05-17T04:48:23.119+0000] {dag.py:3096} INFO - Sync 1 DAGs
[2026-05-17T04:48:23.133+0000] {logging_mixin.py:188} INFO - [2026-05-17T04:48:23.133+0000] {dag.py:3954} INFO - Setting next_dagrun for example_branch_operator to 2026-05-16 00:00:00+00:00, run_after=2026-05-17 00:00:00+00:00
[2026-05-17T04:48:23.148+0000] {processor.py:183} INFO - Processing /home/airflow/.local/lib/python3.12/site-packages/airflow/example_dags/example_branch_operator.py took 0.063 seconds
[2026-05-17T04:48:53.510+0000] {processor.py:161} INFO - Started process (PID=654) to work on /home/airflow/.local/lib/python3.12/site-packages/airflow/example_dags/example_branch_operator.py
[2026-05-17T04:48:53.511+0000] {processor.py:830} INFO - Processing file /home/airflow/.local/lib/python3.12/site-packages/airflow/example_dags/example_branch_operator.py for tasks to queue
[2026-05-17T04:48:53.512+0000] {logging_mixin.py:188} INFO - [2026-05-17T04:48:53.512+0000] {dagbag.py:545} INFO - Filling up the DagBag from /home/airflow/.local/lib/python3.12/site-packages/airflow/example_dags/example_branch_operator.py
[2026-05-17T04:48:53.523+0000] {processor.py:840} INFO - DAG(s) 'example_branch_operator' retrieved from /home/airflow/.local/lib/python3.12/site-packages/airflow/example_dags/example_branch_operator.py
[2026-05-17T04:48:53.541+0000] {logging_mixin.py:188} INFO - [2026-05-17T04:48:53.541+0000] {dag.py:3096} INFO - Sync 1 DAGs
[2026-05-17T04:48:53.555+0000] {logging_mixin.py:188} INFO - [2026-05-17T04:48:53.555+0000] {dag.py:3954} INFO - Setting next_dagrun for example_branch_operator to 2026-05-16 00:00:00+00:00, run_after=2026-05-17 00:00:00+00:00
[2026-05-17T04:48:53.569+0000] {processor.py:183} INFO - Processing /home/airflow/.local/lib/python3.12/site-packages/airflow/example_dags/example_branch_operator.py took 0.063 seconds
[2026-05-17T04:49:24.176+0000] {processor.py:161} INFO - Started process (PID=713) to work on /home/airflow/.local/lib/python3.12/site-packages/airflow/example_dags/example_branch_operator.py
[2026-05-17T04:49:24.177+0000] {processor.py:830} INFO - Processing file /home/airflow/.local/lib/python3.12/site-packages/airflow/example_dags/example_branch_operator.py for tasks to queue
[2026-05-17T04:49:24.178+0000] {logging_mixin.py:188} INFO - [2026-05-17T04:49:24.178+0000] {dagbag.py:545} INFO - Filling up the DagBag from /home/airflow/.local/lib/python3.12/site-packages/airflow/example_dags/example_branch_operator.py
[2026-05-17T04:49:24.188+0000] {processor.py:840} INFO - DAG(s) 'example_branch_operator' retrieved from /home/airflow/.local/lib/python3.12/site-packages/airflow/example_dags/example_branch_operator.py
[2026-05-17T04:49:24.206+0000] {logging_mixin.py:188} INFO - [2026-05-17T04:49:24.206+0000] {dag.py:3096} INFO - Sync 1 DAGs
[2026-05-17T04:49:24.221+0000] {logging_mixin.py:188} INFO - [2026-05-17T04:49:24.221+0000] {dag.py:3954} INFO - Setting next_dagrun for example_branch_operator to 2026-05-16 00:00:00+00:00, run_after=2026-05-17 00:00:00+00:00
[2026-05-17T04:49:24.234+0000] {processor.py:183} INFO - Processing /home/airflow/.local/lib/python3.12/site-packages/airflow/example_dags/example_branch_operator.py took 0.061 seconds
[2026-05-17T04:49:54.776+0000] {processor.py:161} INFO - Started process (PID=772) to work on /home/airflow/.local/lib/python3.12/site-packages/airflow/example_dags/example_branch_operator.py
[2026-05-17T04:49:54.777+0000] {processor.py:830} INFO - Processing file /home/airflow/.local/lib/python3.12/site-packages/airflow/example_dags/example_branch_operator.py for tasks to queue
[2026-05-17T04:49:54.779+0000] {logging_mixin.py:188} INFO - [2026-05-17T04:49:54.779+0000] {dagbag.py:545} INFO - Filling up the DagBag from /home/airflow/.local/lib/python3.12/site-packages/airflow/example_dags/example_branch_operator.py
[2026-05-17T04:49:54.795+0000] {processor.py:840} INFO - DAG(s) 'example_branch_operator' retrieved from /home/airflow/.local/lib/python3.12/site-packages/airflow/example_dags/example_branch_operator.py
[2026-05-17T04:49:54.814+0000] {logging_mixin.py:188} INFO - [2026-05-17T04:49:54.814+0000] {dag.py:3096} INFO - Sync 1 DAGs
[2026-05-17T04:49:54.828+0000] {logging_mixin.py:188} INFO - [2026-05-17T04:49:54.827+0000] {dag.py:3954} INFO - Setting next_dagrun for example_branch_operator to 2026-05-16 00:00:00+00:00, run_after=2026-05-17 00:00:00+00:00
[2026-05-17T04:49:54.841+0000] {processor.py:183} INFO - Processing /home/airflow/.local/lib/python3.12/site-packages/airflow/example_dags/example_branch_operator.py took 0.069 seconds
[2026-05-17T04:50:25.307+0000] {processor.py:161} INFO - Started process (PID=831) to work on /home/airflow/.local/lib/python3.12/site-packages/airflow/example_dags/example_branch_operator.py
[2026-05-17T04:50:25.308+0000] {processor.py:830} INFO - Processing file /home/airflow/.local/lib/python3.12/site-packages/airflow/example_dags/example_branch_operator.py for tasks to queue
[2026-05-17T04:50:25.309+0000] {logging_mixin.py:188} INFO - [2026-05-17T04:50:25.309+0000] {dagbag.py:545} INFO - Filling up the DagBag from /home/airflow/.local/lib/python3.12/site-packages/airflow/example_dags/example_branch_operator.py
[2026-05-17T04:50:25.320+0000] {processor.py:840} INFO - DAG(s) 'example_branch_operator' retrieved from /home/airflow/.local/lib/python3.12/site-packages/airflow/example_dags/example_branch_operator.py
[2026-05-17T04:50:25.343+0000] {logging_mixin.py:188} INFO - [2026-05-17T04:50:25.343+0000] {dag.py:3096} INFO - Sync 1 DAGs
[2026-05-17T04:50:25.363+0000] {logging_mixin.py:188} INFO - [2026-05-17T04:50:25.362+0000] {dag.py:3954} INFO - Setting next_dagrun for example_branch_operator to 2026-05-16 00:00:00+00:00, run_after=2026-05-17 00:00:00+00:00
[2026-05-17T04:50:25.379+0000] {processor.py:183} INFO - Processing /home/airflow/.local/lib/python3.12/site-packages/airflow/example_dags/example_branch_operator.py took 0.076 seconds
[2026-05-17T04:50:55.985+0000] {processor.py:161} INFO - Started process (PID=890) to work on /home/airflow/.local/lib/python3.12/site-packages/airflow/example_dags/example_branch_operator.py
[2026-05-17T04:50:55.986+0000] {processor.py:830} INFO - Processing file /home/airflow/.local/lib/python3.12/site-packages/airflow/example_dags/example_branch_operator.py for tasks to queue
[2026-05-17T04:50:55.987+0000] {logging_mixin.py:188} INFO - [2026-05-17T04:50:55.987+0000] {dagbag.py:545} INFO - Filling up the DagBag from /home/airflow/.local/lib/python3.12/site-packages/airflow/example_dags/example_branch_operator.py
[2026-05-17T04:50:55.998+0000] {processor.py:840} INFO - DAG(s) 'example_branch_operator' retrieved from /home/airflow/.local/lib/python3.12/site-packages/airflow/example_dags/example_branch_operator.py
[2026-05-17T04:50:56.016+0000] {logging_mixin.py:188} INFO - [2026-05-17T04:50:56.016+0000] {dag.py:3096} INFO - Sync 1 DAGs
[2026-05-17T04:50:56.029+0000] {logging_mixin.py:188} INFO - [2026-05-17T04:50:56.029+0000] {dag.py:3954} INFO - Setting next_dagrun for example_branch_operator to 2026-05-16 00:00:00+00:00, run_after=2026-05-17 00:00:00+00:00
[2026-05-17T04:50:56.041+0000] {processor.py:183} INFO - Processing /home/airflow/.local/lib/python3.12/site-packages/airflow/example_dags/example_branch_operator.py took 0.060 seconds
[2026-05-17T04:52:09.112+0000] {processor.py:161} INFO - Started process (PID=58) to work on /home/airflow/.local/lib/python3.12/site-packages/airflow/example_dags/example_branch_operator.py
[2026-05-17T04:52:09.114+0000] {processor.py:830} INFO - Processing file /home/airflow/.local/lib/python3.12/site-packages/airflow/example_dags/example_branch_operator.py for tasks to queue
[2026-05-17T04:52:09.118+0000] {logging_mixin.py:188} INFO - [2026-05-17T04:52:09.117+0000] {dagbag.py:545} INFO - Filling up the DagBag from /home/airflow/.local/lib/python3.12/site-packages/airflow/example_dags/example_branch_operator.py
[2026-05-17T04:52:09.151+0000] {processor.py:840} INFO - DAG(s) 'example_branch_operator' retrieved from /home/airflow/.local/lib/python3.12/site-packages/airflow/example_dags/example_branch_operator.py
[2026-05-17T04:52:09.165+0000] {logging_mixin.py:188} INFO - [2026-05-17T04:52:09.165+0000] {dag.py:3096} INFO - Sync 1 DAGs
[2026-05-17T04:52:09.205+0000] {logging_mixin.py:188} INFO - [2026-05-17T04:52:09.205+0000] {dag.py:3954} INFO - Setting next_dagrun for example_branch_operator to 2026-05-16 00:00:00+00:00, run_after=2026-05-17 00:00:00+00:00
[2026-05-17T04:52:09.232+0000] {processor.py:183} INFO - Processing /home/airflow/.local/lib/python3.12/site-packages/airflow/example_dags/example_branch_operator.py took 0.127 seconds
[2026-05-17T04:52:39.865+0000] {processor.py:161} INFO - Started process (PID=117) to work on /home/airflow/.local/lib/python3.12/site-packages/airflow/example_dags/example_branch_operator.py
[2026-05-17T04:52:39.866+0000] {processor.py:830} INFO - Processing file /home/airflow/.local/lib/python3.12/site-packages/airflow/example_dags/example_branch_operator.py for tasks to queue
[2026-05-17T04:52:39.868+0000] {logging_mixin.py:188} INFO - [2026-05-17T04:52:39.868+0000] {dagbag.py:545} INFO - Filling up the DagBag from /home/airflow/.local/lib/python3.12/site-packages/airflow/example_dags/example_branch_operator.py
[2026-05-17T04:52:39.883+0000] {processor.py:840} INFO - DAG(s) 'example_branch_operator' retrieved from /home/airflow/.local/lib/python3.12/site-packages/airflow/example_dags/example_branch_operator.py
[2026-05-17T04:52:39.965+0000] {logging_mixin.py:188} INFO - [2026-05-17T04:52:39.965+0000] {dag.py:3096} INFO - Sync 1 DAGs
[2026-05-17T04:52:39.984+0000] {logging_mixin.py:188} INFO - [2026-05-17T04:52:39.984+0000] {dag.py:3954} INFO - Setting next_dagrun for example_branch_operator to 2026-05-16 00:00:00+00:00, run_after=2026-05-17 00:00:00+00:00
[2026-05-17T04:52:40.007+0000] {processor.py:183} INFO - Processing /home/airflow/.local/lib/python3.12/site-packages/airflow/example_dags/example_branch_operator.py took 0.146 seconds
[2026-05-17T04:53:10.258+0000] {processor.py:161} INFO - Started process (PID=176) to work on /home/airflow/.local/lib/python3.12/site-packages/airflow/example_dags/example_branch_operator.py
[2026-05-17T04:53:10.259+0000] {processor.py:830} INFO - Processing file /home/airflow/.local/lib/python3.12/site-packages/airflow/example_dags/example_branch_operator.py for tasks to queue
[2026-05-17T04:53:10.261+0000] {logging_mixin.py:188} INFO - [2026-05-17T04:53:10.261+0000] {dagbag.py:545} INFO - Filling up the DagBag from /home/airflow/.local/lib/python3.12/site-packages/airflow/example_dags/example_branch_operator.py
[2026-05-17T04:53:10.273+0000] {processor.py:840} INFO - DAG(s) 'example_branch_operator' retrieved from /home/airflow/.local/lib/python3.12/site-packages/airflow/example_dags/example_branch_operator.py
[2026-05-17T04:53:10.294+0000] {logging_mixin.py:188} INFO - [2026-05-17T04:53:10.294+0000] {dag.py:3096} INFO - Sync 1 DAGs
[2026-05-17T04:53:10.310+0000] {logging_mixin.py:188} INFO - [2026-05-17T04:53:10.309+0000] {dag.py:3954} INFO - Setting next_dagrun for example_branch_operator to 2026-05-16 00:00:00+00:00, run_after=2026-05-17 00:00:00+00:00
[2026-05-17T04:53:10.345+0000] {processor.py:183} INFO - Processing /home/airflow/.local/lib/python3.12/site-packages/airflow/example_dags/example_branch_operator.py took 0.092 seconds
[2026-05-17T04:53:40.488+0000] {processor.py:161} INFO - Started process (PID=235) to work on /home/airflow/.local/lib/python3.12/site-packages/airflow/example_dags/example_branch_operator.py
[2026-05-17T04:53:40.489+0000] {processor.py:830} INFO - Processing file /home/airflow/.local/lib/python3.12/site-packages/airflow/example_dags/example_branch_operator.py for tasks to queue
[2026-05-17T04:53:40.490+0000] {logging_mixin.py:188} INFO - [2026-05-17T04:53:40.490+0000] {dagbag.py:545} INFO - Filling up the DagBag from /home/airflow/.local/lib/python3.12/site-packages/airflow/example_dags/example_branch_operator.py
[2026-05-17T04:53:40.500+0000] {processor.py:840} INFO - DAG(s) 'example_branch_operator' retrieved from /home/airflow/.local/lib/python3.12/site-packages/airflow/example_dags/example_branch_operator.py
[2026-05-17T04:53:40.517+0000] {logging_mixin.py:188} INFO - [2026-05-17T04:53:40.517+0000] {dag.py:3096} INFO - Sync 1 DAGs
[2026-05-17T04:53:40.531+0000] {logging_mixin.py:188} INFO - [2026-05-17T04:53:40.530+0000] {dag.py:3954} INFO - Setting next_dagrun for example_branch_operator to 2026-05-16 00:00:00+00:00, run_after=2026-05-17 00:00:00+00:00
[2026-05-17T04:53:40.543+0000] {processor.py:183} INFO - Processing /home/airflow/.local/lib/python3.12/site-packages/airflow/example_dags/example_branch_operator.py took 0.058 seconds
[2026-05-17T04:54:10.685+0000] {processor.py:161} INFO - Started process (PID=294) to work on /home/airflow/.local/lib/python3.12/site-packages/airflow/example_dags/example_branch_operator.py
[2026-05-17T04:54:10.686+0000] {processor.py:830} INFO - Processing file /home/airflow/.local/lib/python3.12/site-packages/airflow/example_dags/example_branch_operator.py for tasks to queue
[2026-05-17T04:54:10.689+0000] {logging_mixin.py:188} INFO - [2026-05-17T04:54:10.688+0000] {dagbag.py:545} INFO - Filling up the DagBag from /home/airflow/.local/lib/python3.12/site-packages/airflow/example_dags/example_branch_operator.py
[2026-05-17T04:54:10.703+0000] {processor.py:840} INFO - DAG(s) 'example_branch_operator' retrieved from /home/airflow/.local/lib/python3.12/site-packages/airflow/example_dags/example_branch_operator.py
[2026-05-17T04:54:10.735+0000] {logging_mixin.py:188} INFO - [2026-05-17T04:54:10.734+0000] {dag.py:3096} INFO - Sync 1 DAGs
[2026-05-17T04:54:10.758+0000] {logging_mixin.py:188} INFO - [2026-05-17T04:54:10.757+0000] {dag.py:3954} INFO - Setting next_dagrun for example_branch_operator to 2026-05-16 00:00:00+00:00, run_after=2026-05-17 00:00:00+00:00
[2026-05-17T04:54:10.783+0000] {processor.py:183} INFO - Processing /home/airflow/.local/lib/python3.12/site-packages/airflow/example_dags/example_branch_operator.py took 0.103 seconds
[2026-05-17T04:54:40.829+0000] {processor.py:161} INFO - Started process (PID=352) to work on /home/airflow/.local/lib/python3.12/site-packages/airflow/example_dags/example_branch_operator.py
[2026-05-17T04:54:40.831+0000] {processor.py:830} INFO - Processing file /home/airflow/.local/lib/python3.12/site-packages/airflow/example_dags/example_branch_operator.py for tasks to queue
[2026-05-17T04:54:40.834+0000] {logging_mixin.py:188} INFO - [2026-05-17T04:54:40.833+0000] {dagbag.py:545} INFO - Filling up the DagBag from /home/airflow/.local/lib/python3.12/site-packages/airflow/example_dags/example_branch_operator.py
[2026-05-17T04:54:40.855+0000] {processor.py:840} INFO - DAG(s) 'example_branch_operator' retrieved from /home/airflow/.local/lib/python3.12/site-packages/airflow/example_dags/example_branch_operator.py
[2026-05-17T04:54:40.888+0000] {logging_mixin.py:188} INFO - [2026-05-17T04:54:40.887+0000] {dag.py:3096} INFO - Sync 1 DAGs
[2026-05-17T04:54:40.913+0000] {logging_mixin.py:188} INFO - [2026-05-17T04:54:40.913+0000] {dag.py:3954} INFO - Setting next_dagrun for example_branch_operator to 2026-05-16 00:00:00+00:00, run_after=2026-05-17 00:00:00+00:00
[2026-05-17T04:54:40.930+0000] {processor.py:183} INFO - Processing /home/airflow/.local/lib/python3.12/site-packages/airflow/example_dags/example_branch_operator.py took 0.112 seconds
[2026-05-17T04:55:11.083+0000] {processor.py:161} INFO - Started process (PID=411) to work on /home/airflow/.local/lib/python3.12/site-packages/airflow/example_dags/example_branch_operator.py
[2026-05-17T04:55:11.084+0000] {processor.py:830} INFO - Processing file /home/airflow/.local/lib/python3.12/site-packages/airflow/example_dags/example_branch_operator.py for tasks to queue
[2026-05-17T04:55:11.085+0000] {logging_mixin.py:188} INFO - [2026-05-17T04:55:11.085+0000] {dagbag.py:545} INFO - Filling up the DagBag from /home/airflow/.local/lib/python3.12/site-packages/airflow/example_dags/example_branch_operator.py
[2026-05-17T04:55:11.098+0000] {processor.py:840} INFO - DAG(s) 'example_branch_operator' retrieved from /home/airflow/.local/lib/python3.12/site-packages/airflow/example_dags/example_branch_operator.py
[2026-05-17T04:55:11.131+0000] {logging_mixin.py:188} INFO - [2026-05-17T04:55:11.131+0000] {dag.py:3096} INFO - Sync 1 DAGs
[2026-05-17T04:55:11.157+0000] {logging_mixin.py:188} INFO - [2026-05-17T04:55:11.157+0000] {dag.py:3954} INFO - Setting next_dagrun for example_branch_operator to 2026-05-16 00:00:00+00:00, run_after=2026-05-17 00:00:00+00:00
[2026-05-17T04:55:11.175+0000] {processor.py:183} INFO - Processing /home/airflow/.local/lib/python3.12/site-packages/airflow/example_dags/example_branch_operator.py took 0.097 seconds
[2026-05-17T04:55:41.282+0000] {processor.py:161} INFO - Started process (PID=470) to work on /home/airflow/.local/lib/python3.12/site-packages/airflow/example_dags/example_branch_operator.py
[2026-05-17T04:55:41.283+0000] {processor.py:830} INFO - Processing file /home/airflow/.local/lib/python3.12/site-packages/airflow/example_dags/example_branch_operator.py for tasks to queue
[2026-05-17T04:55:41.290+0000] {logging_mixin.py:188} INFO - [2026-05-17T04:55:41.288+0000] {dagbag.py:545} INFO - Filling up the DagBag from /home/airflow/.local/lib/python3.12/site-packages/airflow/example_dags/example_branch_operator.py
[2026-05-17T04:55:41.331+0000] {processor.py:840} INFO - DAG(s) 'example_branch_operator' retrieved from /home/airflow/.local/lib/python3.12/site-packages/airflow/example_dags/example_branch_operator.py
[2026-05-17T04:55:41.392+0000] {logging_mixin.py:188} INFO - [2026-05-17T04:55:41.392+0000] {dag.py:3096} INFO - Sync 1 DAGs
[2026-05-17T04:55:41.427+0000] {logging_mixin.py:188} INFO - [2026-05-17T04:55:41.427+0000] {dag.py:3954} INFO - Setting next_dagrun for example_branch_operator to 2026-05-16 00:00:00+00:00, run_after=2026-05-17 00:00:00+00:00
[2026-05-17T04:55:41.448+0000] {processor.py:183} INFO - Processing /home/airflow/.local/lib/python3.12/site-packages/airflow/example_dags/example_branch_operator.py took 0.186 seconds
[2026-05-17T04:56:11.595+0000] {processor.py:161} INFO - Started process (PID=529) to work on /home/airflow/.local/lib/python3.12/site-packages/airflow/example_dags/example_branch_operator.py
[2026-05-17T04:56:11.596+0000] {processor.py:830} INFO - Processing file /home/airflow/.local/lib/python3.12/site-packages/airflow/example_dags/example_branch_operator.py for tasks to queue
[2026-05-17T04:56:11.598+0000] {logging_mixin.py:188} INFO - [2026-05-17T04:56:11.598+0000] {dagbag.py:545} INFO - Filling up the DagBag from /home/airflow/.local/lib/python3.12/site-packages/airflow/example_dags/example_branch_operator.py
[2026-05-17T04:56:11.618+0000] {processor.py:840} INFO - DAG(s) 'example_branch_operator' retrieved from /home/airflow/.local/lib/python3.12/site-packages/airflow/example_dags/example_branch_operator.py
[2026-05-17T04:56:11.682+0000] {logging_mixin.py:188} INFO - [2026-05-17T04:56:11.681+0000] {dag.py:3096} INFO - Sync 1 DAGs
[2026-05-17T04:56:11.724+0000] {logging_mixin.py:188} INFO - [2026-05-17T04:56:11.723+0000] {dag.py:3954} INFO - Setting next_dagrun for example_branch_operator to 2026-05-16 00:00:00+00:00, run_after=2026-05-17 00:00:00+00:00
[2026-05-17T04:56:11.752+0000] {processor.py:183} INFO - Processing /home/airflow/.local/lib/python3.12/site-packages/airflow/example_dags/example_branch_operator.py took 0.164 seconds
[2026-05-17T04:56:42.350+0000] {processor.py:161} INFO - Started process (PID=588) to work on /home/airflow/.local/lib/python3.12/site-packages/airflow/example_dags/example_branch_operator.py
[2026-05-17T04:56:42.351+0000] {processor.py:830} INFO - Processing file /home/airflow/.local/lib/python3.12/site-packages/airflow/example_dags/example_branch_operator.py for tasks to queue
[2026-05-17T04:56:42.354+0000] {logging_mixin.py:188} INFO - [2026-05-17T04:56:42.353+0000] {dagbag.py:545} INFO - Filling up the DagBag from /home/airflow/.local/lib/python3.12/site-packages/airflow/example_dags/example_branch_operator.py
[2026-05-17T04:56:42.374+0000] {processor.py:840} INFO - DAG(s) 'example_branch_operator' retrieved from /home/airflow/.local/lib/python3.12/site-packages/airflow/example_dags/example_branch_operator.py
[2026-05-17T04:56:43.047+0000] {logging_mixin.py:188} INFO - [2026-05-17T04:56:43.046+0000] {dag.py:3096} INFO - Sync 1 DAGs
[2026-05-17T04:56:43.083+0000] {logging_mixin.py:188} INFO - [2026-05-17T04:56:43.083+0000] {dag.py:3954} INFO - Setting next_dagrun for example_branch_operator to 2026-05-16 00:00:00+00:00, run_after=2026-05-17 00:00:00+00:00
[2026-05-17T04:56:43.140+0000] {processor.py:183} INFO - Processing /home/airflow/.local/lib/python3.12/site-packages/airflow/example_dags/example_branch_operator.py took 0.805 seconds
[2026-05-17T04:57:13.349+0000] {processor.py:161} INFO - Started process (PID=653) to work on /home/airflow/.local/lib/python3.12/site-packages/airflow/example_dags/example_branch_operator.py
[2026-05-17T04:57:13.353+0000] {processor.py:830} INFO - Processing file /home/airflow/.local/lib/python3.12/site-packages/airflow/example_dags/example_branch_operator.py for tasks to queue
[2026-05-17T04:57:13.355+0000] {logging_mixin.py:188} INFO - [2026-05-17T04:57:13.355+0000] {dagbag.py:545} INFO - Filling up the DagBag from /home/airflow/.local/lib/python3.12/site-packages/airflow/example_dags/example_branch_operator.py
[2026-05-17T04:57:13.385+0000] {processor.py:840} INFO - DAG(s) 'example_branch_operator' retrieved from /home/airflow/.local/lib/python3.12/site-packages/airflow/example_dags/example_branch_operator.py
[2026-05-17T04:57:13.434+0000] {logging_mixin.py:188} INFO - [2026-05-17T04:57:13.434+0000] {dag.py:3096} INFO - Sync 1 DAGs
[2026-05-17T04:57:13.500+0000] {logging_mixin.py:188} INFO - [2026-05-17T04:57:13.500+0000] {dag.py:3954} INFO - Setting next_dagrun for example_branch_operator to 2026-05-16 00:00:00+00:00, run_after=2026-05-17 00:00:00+00:00
[2026-05-17T04:57:13.672+0000] {processor.py:183} INFO - Processing /home/airflow/.local/lib/python3.12/site-packages/airflow/example_dags/example_branch_operator.py took 0.331 seconds
[2026-05-17T04:57:44.010+0000] {processor.py:161} INFO - Started process (PID=706) to work on /home/airflow/.local/lib/python3.12/site-packages/airflow/example_dags/example_branch_operator.py
[2026-05-17T04:57:44.012+0000] {processor.py:830} INFO - Processing file /home/airflow/.local/lib/python3.12/site-packages/airflow/example_dags/example_branch_operator.py for tasks to queue
[2026-05-17T04:57:44.017+0000] {logging_mixin.py:188} INFO - [2026-05-17T04:57:44.017+0000] {dagbag.py:545} INFO - Filling up the DagBag from /home/airflow/.local/lib/python3.12/site-packages/airflow/example_dags/example_branch_operator.py
[2026-05-17T04:57:44.058+0000] {processor.py:840} INFO - DAG(s) 'example_branch_operator' retrieved from /home/airflow/.local/lib/python3.12/site-packages/airflow/example_dags/example_branch_operator.py
[2026-05-17T04:57:44.132+0000] {logging_mixin.py:188} INFO - [2026-05-17T04:57:44.131+0000] {dag.py:3096} INFO - Sync 1 DAGs
[2026-05-17T04:57:44.182+0000] {logging_mixin.py:188} INFO - [2026-05-17T04:57:44.181+0000] {dag.py:3954} INFO - Setting next_dagrun for example_branch_operator to 2026-05-16 00:00:00+00:00, run_after=2026-05-17 00:00:00+00:00
[2026-05-17T04:57:44.336+0000] {processor.py:183} INFO - Processing /home/airflow/.local/lib/python3.12/site-packages/airflow/example_dags/example_branch_operator.py took 0.351 seconds
[2026-05-17T04:58:14.743+0000] {processor.py:161} INFO - Started process (PID=771) to work on /home/airflow/.local/lib/python3.12/site-packages/airflow/example_dags/example_branch_operator.py
[2026-05-17T04:58:14.744+0000] {processor.py:830} INFO - Processing file /home/airflow/.local/lib/python3.12/site-packages/airflow/example_dags/example_branch_operator.py for tasks to queue
[2026-05-17T04:58:14.748+0000] {logging_mixin.py:188} INFO - [2026-05-17T04:58:14.747+0000] {dagbag.py:545} INFO - Filling up the DagBag from /home/airflow/.local/lib/python3.12/site-packages/airflow/example_dags/example_branch_operator.py
[2026-05-17T04:58:14.773+0000] {processor.py:840} INFO - DAG(s) 'example_branch_operator' retrieved from /home/airflow/.local/lib/python3.12/site-packages/airflow/example_dags/example_branch_operator.py
[2026-05-17T04:58:14.815+0000] {logging_mixin.py:188} INFO - [2026-05-17T04:58:14.815+0000] {dag.py:3096} INFO - Sync 1 DAGs
[2026-05-17T04:58:14.850+0000] {logging_mixin.py:188} INFO - [2026-05-17T04:58:14.850+0000] {dag.py:3954} INFO - Setting next_dagrun for example_branch_operator to 2026-05-16 00:00:00+00:00, run_after=2026-05-17 00:00:00+00:00
[2026-05-17T04:58:14.883+0000] {processor.py:183} INFO - Processing /home/airflow/.local/lib/python3.12/site-packages/airflow/example_dags/example_branch_operator.py took 0.149 seconds
[2026-05-17T05:00:21.270+0000] {processor.py:161} INFO - Started process (PID=52) to work on /home/airflow/.local/lib/python3.12/site-packages/airflow/example_dags/example_branch_operator.py
[2026-05-17T05:00:21.271+0000] {processor.py:830} INFO - Processing file /home/airflow/.local/lib/python3.12/site-packages/airflow/example_dags/example_branch_operator.py for tasks to queue
[2026-05-17T05:00:21.273+0000] {logging_mixin.py:188} INFO - [2026-05-17T05:00:21.273+0000] {dagbag.py:545} INFO - Filling up the DagBag from /home/airflow/.local/lib/python3.12/site-packages/airflow/example_dags/example_branch_operator.py
[2026-05-17T05:00:21.291+0000] {processor.py:840} INFO - DAG(s) 'example_branch_operator' retrieved from /home/airflow/.local/lib/python3.12/site-packages/airflow/example_dags/example_branch_operator.py
[2026-05-17T05:00:21.425+0000] {logging_mixin.py:188} INFO - [2026-05-17T05:00:21.425+0000] {dag.py:3096} INFO - Sync 1 DAGs
[2026-05-17T05:00:21.442+0000] {logging_mixin.py:188} INFO - [2026-05-17T05:00:21.442+0000] {dag.py:3954} INFO - Setting next_dagrun for example_branch_operator to 2026-05-16 00:00:00+00:00, run_after=2026-05-17 00:00:00+00:00
[2026-05-17T05:00:21.462+0000] {processor.py:183} INFO - Processing /home/airflow/.local/lib/python3.12/site-packages/airflow/example_dags/example_branch_operator.py took 0.197 seconds
[2026-05-17T05:01:27.665+0000] {processor.py:161} INFO - Started process (PID=52) to work on /home/airflow/.local/lib/python3.12/site-packages/airflow/example_dags/example_branch_operator.py
[2026-05-17T05:01:27.666+0000] {processor.py:830} INFO - Processing file /home/airflow/.local/lib/python3.12/site-packages/airflow/example_dags/example_branch_operator.py for tasks to queue
[2026-05-17T05:01:27.668+0000] {logging_mixin.py:188} INFO - [2026-05-17T05:01:27.667+0000] {dagbag.py:545} INFO - Filling up the DagBag from /home/airflow/.local/lib/python3.12/site-packages/airflow/example_dags/example_branch_operator.py
[2026-05-17T05:01:27.685+0000] {processor.py:840} INFO - DAG(s) 'example_branch_operator' retrieved from /home/airflow/.local/lib/python3.12/site-packages/airflow/example_dags/example_branch_operator.py
[2026-05-17T05:01:27.852+0000] {logging_mixin.py:188} INFO - [2026-05-17T05:01:27.852+0000] {dag.py:3096} INFO - Sync 1 DAGs
[2026-05-17T05:01:27.871+0000] {logging_mixin.py:188} INFO - [2026-05-17T05:01:27.871+0000] {dag.py:3954} INFO - Setting next_dagrun for example_branch_operator to 2026-05-16 00:00:00+00:00, run_after=2026-05-17 00:00:00+00:00
[2026-05-17T05:01:27.894+0000] {processor.py:183} INFO - Processing /home/airflow/.local/lib/python3.12/site-packages/airflow/example_dags/example_branch_operator.py took 0.234 seconds
