[2026-05-17T04:43:49.040+0000] {processor.py:161} INFO - Started process (PID=61) to work on /home/airflow/.local/lib/python3.12/site-packages/airflow/example_dags/example_setup_teardown.py
[2026-05-17T04:43:49.041+0000] {processor.py:830} INFO - Processing file /home/airflow/.local/lib/python3.12/site-packages/airflow/example_dags/example_setup_teardown.py for tasks to queue
[2026-05-17T04:43:49.044+0000] {logging_mixin.py:188} INFO - [2026-05-17T04:43:49.043+0000] {dagbag.py:545} INFO - Filling up the DagBag from /home/airflow/.local/lib/python3.12/site-packages/airflow/example_dags/example_setup_teardown.py
[2026-05-17T04:43:49.059+0000] {processor.py:840} INFO - DAG(s) 'example_setup_teardown' retrieved from /home/airflow/.local/lib/python3.12/site-packages/airflow/example_dags/example_setup_teardown.py
[2026-05-17T04:43:49.079+0000] {logging_mixin.py:188} INFO - [2026-05-17T04:43:49.079+0000] {dag.py:3096} INFO - Sync 1 DAGs
[2026-05-17T04:43:49.130+0000] {logging_mixin.py:188} INFO - [2026-05-17T04:43:49.130+0000] {dag.py:3954} INFO - Setting next_dagrun for example_setup_teardown to 2026-05-16 00:00:00+00:00, run_after=2026-05-17 00:00:00+00:00
[2026-05-17T04:43:49.156+0000] {processor.py:183} INFO - Processing /home/airflow/.local/lib/python3.12/site-packages/airflow/example_dags/example_setup_teardown.py took 0.123 seconds
[2026-05-17T04:44:19.811+0000] {processor.py:161} INFO - Started process (PID=120) to work on /home/airflow/.local/lib/python3.12/site-packages/airflow/example_dags/example_setup_teardown.py
[2026-05-17T04:44:19.814+0000] {processor.py:830} INFO - Processing file /home/airflow/.local/lib/python3.12/site-packages/airflow/example_dags/example_setup_teardown.py for tasks to queue
[2026-05-17T04:44:19.816+0000] {logging_mixin.py:188} INFO - [2026-05-17T04:44:19.816+0000] {dagbag.py:545} INFO - Filling up the DagBag from /home/airflow/.local/lib/python3.12/site-packages/airflow/example_dags/example_setup_teardown.py
[2026-05-17T04:44:19.822+0000] {processor.py:840} INFO - DAG(s) 'example_setup_teardown' retrieved from /home/airflow/.local/lib/python3.12/site-packages/airflow/example_dags/example_setup_teardown.py
[2026-05-17T04:44:19.906+0000] {logging_mixin.py:188} INFO - [2026-05-17T04:44:19.906+0000] {dag.py:3096} INFO - Sync 1 DAGs
[2026-05-17T04:44:19.925+0000] {logging_mixin.py:188} INFO - [2026-05-17T04:44:19.925+0000] {dag.py:3954} INFO - Setting next_dagrun for example_setup_teardown to 2026-05-16 00:00:00+00:00, run_after=2026-05-17 00:00:00+00:00
[2026-05-17T04:44:19.959+0000] {processor.py:183} INFO - Processing /home/airflow/.local/lib/python3.12/site-packages/airflow/example_dags/example_setup_teardown.py took 0.155 seconds
[2026-05-17T04:44:50.921+0000] {processor.py:161} INFO - Started process (PID=179) to work on /home/airflow/.local/lib/python3.12/site-packages/airflow/example_dags/example_setup_teardown.py
[2026-05-17T04:44:50.922+0000] {processor.py:830} INFO - Processing file /home/airflow/.local/lib/python3.12/site-packages/airflow/example_dags/example_setup_teardown.py for tasks to queue
[2026-05-17T04:44:50.924+0000] {logging_mixin.py:188} INFO - [2026-05-17T04:44:50.924+0000] {dagbag.py:545} INFO - Filling up the DagBag from /home/airflow/.local/lib/python3.12/site-packages/airflow/example_dags/example_setup_teardown.py
[2026-05-17T04:44:50.929+0000] {processor.py:840} INFO - DAG(s) 'example_setup_teardown' retrieved from /home/airflow/.local/lib/python3.12/site-packages/airflow/example_dags/example_setup_teardown.py
[2026-05-17T04:44:50.945+0000] {logging_mixin.py:188} INFO - [2026-05-17T04:44:50.945+0000] {dag.py:3096} INFO - Sync 1 DAGs
[2026-05-17T04:44:50.963+0000] {logging_mixin.py:188} INFO - [2026-05-17T04:44:50.963+0000] {dag.py:3954} INFO - Setting next_dagrun for example_setup_teardown to 2026-05-16 00:00:00+00:00, run_after=2026-05-17 00:00:00+00:00
[2026-05-17T04:44:50.979+0000] {processor.py:183} INFO - Processing /home/airflow/.local/lib/python3.12/site-packages/airflow/example_dags/example_setup_teardown.py took 0.061 seconds
[2026-05-17T04:45:21.111+0000] {processor.py:161} INFO - Started process (PID=238) to work on /home/airflow/.local/lib/python3.12/site-packages/airflow/example_dags/example_setup_teardown.py
[2026-05-17T04:45:21.112+0000] {processor.py:830} INFO - Processing file /home/airflow/.local/lib/python3.12/site-packages/airflow/example_dags/example_setup_teardown.py for tasks to queue
[2026-05-17T04:45:21.114+0000] {logging_mixin.py:188} INFO - [2026-05-17T04:45:21.114+0000] {dagbag.py:545} INFO - Filling up the DagBag from /home/airflow/.local/lib/python3.12/site-packages/airflow/example_dags/example_setup_teardown.py
[2026-05-17T04:45:21.119+0000] {processor.py:840} INFO - DAG(s) 'example_setup_teardown' retrieved from /home/airflow/.local/lib/python3.12/site-packages/airflow/example_dags/example_setup_teardown.py
[2026-05-17T04:45:21.135+0000] {logging_mixin.py:188} INFO - [2026-05-17T04:45:21.135+0000] {dag.py:3096} INFO - Sync 1 DAGs
[2026-05-17T04:45:21.151+0000] {logging_mixin.py:188} INFO - [2026-05-17T04:45:21.151+0000] {dag.py:3954} INFO - Setting next_dagrun for example_setup_teardown to 2026-05-16 00:00:00+00:00, run_after=2026-05-17 00:00:00+00:00
[2026-05-17T04:45:21.164+0000] {processor.py:183} INFO - Processing /home/airflow/.local/lib/python3.12/site-packages/airflow/example_dags/example_setup_teardown.py took 0.058 seconds
[2026-05-17T04:45:51.596+0000] {processor.py:161} INFO - Started process (PID=297) to work on /home/airflow/.local/lib/python3.12/site-packages/airflow/example_dags/example_setup_teardown.py
[2026-05-17T04:45:51.596+0000] {processor.py:830} INFO - Processing file /home/airflow/.local/lib/python3.12/site-packages/airflow/example_dags/example_setup_teardown.py for tasks to queue
[2026-05-17T04:45:51.598+0000] {logging_mixin.py:188} INFO - [2026-05-17T04:45:51.598+0000] {dagbag.py:545} INFO - Filling up the DagBag from /home/airflow/.local/lib/python3.12/site-packages/airflow/example_dags/example_setup_teardown.py
[2026-05-17T04:45:51.603+0000] {processor.py:840} INFO - DAG(s) 'example_setup_teardown' retrieved from /home/airflow/.local/lib/python3.12/site-packages/airflow/example_dags/example_setup_teardown.py
[2026-05-17T04:45:51.616+0000] {logging_mixin.py:188} INFO - [2026-05-17T04:45:51.616+0000] {dag.py:3096} INFO - Sync 1 DAGs
[2026-05-17T04:45:51.629+0000] {logging_mixin.py:188} INFO - [2026-05-17T04:45:51.629+0000] {dag.py:3954} INFO - Setting next_dagrun for example_setup_teardown to 2026-05-16 00:00:00+00:00, run_after=2026-05-17 00:00:00+00:00
[2026-05-17T04:45:51.647+0000] {processor.py:183} INFO - Processing /home/airflow/.local/lib/python3.12/site-packages/airflow/example_dags/example_setup_teardown.py took 0.056 seconds
[2026-05-17T04:46:22.293+0000] {processor.py:161} INFO - Started process (PID=362) to work on /home/airflow/.local/lib/python3.12/site-packages/airflow/example_dags/example_setup_teardown.py
[2026-05-17T04:46:22.294+0000] {processor.py:830} INFO - Processing file /home/airflow/.local/lib/python3.12/site-packages/airflow/example_dags/example_setup_teardown.py for tasks to queue
[2026-05-17T04:46:22.295+0000] {logging_mixin.py:188} INFO - [2026-05-17T04:46:22.295+0000] {dagbag.py:545} INFO - Filling up the DagBag from /home/airflow/.local/lib/python3.12/site-packages/airflow/example_dags/example_setup_teardown.py
[2026-05-17T04:46:22.300+0000] {processor.py:840} INFO - DAG(s) 'example_setup_teardown' retrieved from /home/airflow/.local/lib/python3.12/site-packages/airflow/example_dags/example_setup_teardown.py
[2026-05-17T04:46:22.314+0000] {logging_mixin.py:188} INFO - [2026-05-17T04:46:22.314+0000] {dag.py:3096} INFO - Sync 1 DAGs
[2026-05-17T04:46:22.328+0000] {logging_mixin.py:188} INFO - [2026-05-17T04:46:22.328+0000] {dag.py:3954} INFO - Setting next_dagrun for example_setup_teardown to 2026-05-16 00:00:00+00:00, run_after=2026-05-17 00:00:00+00:00
[2026-05-17T04:46:22.341+0000] {processor.py:183} INFO - Processing /home/airflow/.local/lib/python3.12/site-packages/airflow/example_dags/example_setup_teardown.py took 0.053 seconds
[2026-05-17T04:46:52.720+0000] {processor.py:161} INFO - Started process (PID=421) to work on /home/airflow/.local/lib/python3.12/site-packages/airflow/example_dags/example_setup_teardown.py
[2026-05-17T04:46:52.721+0000] {processor.py:830} INFO - Processing file /home/airflow/.local/lib/python3.12/site-packages/airflow/example_dags/example_setup_teardown.py for tasks to queue
[2026-05-17T04:46:52.723+0000] {logging_mixin.py:188} INFO - [2026-05-17T04:46:52.723+0000] {dagbag.py:545} INFO - Filling up the DagBag from /home/airflow/.local/lib/python3.12/site-packages/airflow/example_dags/example_setup_teardown.py
[2026-05-17T04:46:52.728+0000] {processor.py:840} INFO - DAG(s) 'example_setup_teardown' retrieved from /home/airflow/.local/lib/python3.12/site-packages/airflow/example_dags/example_setup_teardown.py
[2026-05-17T04:46:52.748+0000] {logging_mixin.py:188} INFO - [2026-05-17T04:46:52.748+0000] {dag.py:3096} INFO - Sync 1 DAGs
[2026-05-17T04:46:52.770+0000] {logging_mixin.py:188} INFO - [2026-05-17T04:46:52.769+0000] {dag.py:3954} INFO - Setting next_dagrun for example_setup_teardown to 2026-05-16 00:00:00+00:00, run_after=2026-05-17 00:00:00+00:00
[2026-05-17T04:46:52.792+0000] {processor.py:183} INFO - Processing /home/airflow/.local/lib/python3.12/site-packages/airflow/example_dags/example_setup_teardown.py took 0.076 seconds
[2026-05-17T04:47:23.234+0000] {processor.py:161} INFO - Started process (PID=480) to work on /home/airflow/.local/lib/python3.12/site-packages/airflow/example_dags/example_setup_teardown.py
[2026-05-17T04:47:23.235+0000] {processor.py:830} INFO - Processing file /home/airflow/.local/lib/python3.12/site-packages/airflow/example_dags/example_setup_teardown.py for tasks to queue
[2026-05-17T04:47:23.236+0000] {logging_mixin.py:188} INFO - [2026-05-17T04:47:23.236+0000] {dagbag.py:545} INFO - Filling up the DagBag from /home/airflow/.local/lib/python3.12/site-packages/airflow/example_dags/example_setup_teardown.py
[2026-05-17T04:47:23.241+0000] {processor.py:840} INFO - DAG(s) 'example_setup_teardown' retrieved from /home/airflow/.local/lib/python3.12/site-packages/airflow/example_dags/example_setup_teardown.py
[2026-05-17T04:47:23.255+0000] {logging_mixin.py:188} INFO - [2026-05-17T04:47:23.255+0000] {dag.py:3096} INFO - Sync 1 DAGs
[2026-05-17T04:47:23.268+0000] {logging_mixin.py:188} INFO - [2026-05-17T04:47:23.268+0000] {dag.py:3954} INFO - Setting next_dagrun for example_setup_teardown to 2026-05-16 00:00:00+00:00, run_after=2026-05-17 00:00:00+00:00
[2026-05-17T04:47:23.278+0000] {processor.py:183} INFO - Processing /home/airflow/.local/lib/python3.12/site-packages/airflow/example_dags/example_setup_teardown.py took 0.049 seconds
[2026-05-17T04:47:53.644+0000] {processor.py:161} INFO - Started process (PID=539) to work on /home/airflow/.local/lib/python3.12/site-packages/airflow/example_dags/example_setup_teardown.py
[2026-05-17T04:47:53.645+0000] {processor.py:830} INFO - Processing file /home/airflow/.local/lib/python3.12/site-packages/airflow/example_dags/example_setup_teardown.py for tasks to queue
[2026-05-17T04:47:53.646+0000] {logging_mixin.py:188} INFO - [2026-05-17T04:47:53.646+0000] {dagbag.py:545} INFO - Filling up the DagBag from /home/airflow/.local/lib/python3.12/site-packages/airflow/example_dags/example_setup_teardown.py
[2026-05-17T04:47:53.650+0000] {processor.py:840} INFO - DAG(s) 'example_setup_teardown' retrieved from /home/airflow/.local/lib/python3.12/site-packages/airflow/example_dags/example_setup_teardown.py
[2026-05-17T04:47:53.665+0000] {logging_mixin.py:188} INFO - [2026-05-17T04:47:53.664+0000] {dag.py:3096} INFO - Sync 1 DAGs
[2026-05-17T04:47:53.680+0000] {logging_mixin.py:188} INFO - [2026-05-17T04:47:53.680+0000] {dag.py:3954} INFO - Setting next_dagrun for example_setup_teardown to 2026-05-16 00:00:00+00:00, run_after=2026-05-17 00:00:00+00:00
[2026-05-17T04:47:53.693+0000] {processor.py:183} INFO - Processing /home/airflow/.local/lib/python3.12/site-packages/airflow/example_dags/example_setup_teardown.py took 0.053 seconds
[2026-05-17T04:48:24.291+0000] {processor.py:161} INFO - Started process (PID=598) to work on /home/airflow/.local/lib/python3.12/site-packages/airflow/example_dags/example_setup_teardown.py
[2026-05-17T04:48:24.292+0000] {processor.py:830} INFO - Processing file /home/airflow/.local/lib/python3.12/site-packages/airflow/example_dags/example_setup_teardown.py for tasks to queue
[2026-05-17T04:48:24.293+0000] {logging_mixin.py:188} INFO - [2026-05-17T04:48:24.293+0000] {dagbag.py:545} INFO - Filling up the DagBag from /home/airflow/.local/lib/python3.12/site-packages/airflow/example_dags/example_setup_teardown.py
[2026-05-17T04:48:24.298+0000] {processor.py:840} INFO - DAG(s) 'example_setup_teardown' retrieved from /home/airflow/.local/lib/python3.12/site-packages/airflow/example_dags/example_setup_teardown.py
[2026-05-17T04:48:24.312+0000] {logging_mixin.py:188} INFO - [2026-05-17T04:48:24.312+0000] {dag.py:3096} INFO - Sync 1 DAGs
[2026-05-17T04:48:24.325+0000] {logging_mixin.py:188} INFO - [2026-05-17T04:48:24.325+0000] {dag.py:3954} INFO - Setting next_dagrun for example_setup_teardown to 2026-05-16 00:00:00+00:00, run_after=2026-05-17 00:00:00+00:00
[2026-05-17T04:48:24.337+0000] {processor.py:183} INFO - Processing /home/airflow/.local/lib/python3.12/site-packages/airflow/example_dags/example_setup_teardown.py took 0.051 seconds
[2026-05-17T04:48:54.676+0000] {processor.py:161} INFO - Started process (PID=657) to work on /home/airflow/.local/lib/python3.12/site-packages/airflow/example_dags/example_setup_teardown.py
[2026-05-17T04:48:54.677+0000] {processor.py:830} INFO - Processing file /home/airflow/.local/lib/python3.12/site-packages/airflow/example_dags/example_setup_teardown.py for tasks to queue
[2026-05-17T04:48:54.678+0000] {logging_mixin.py:188} INFO - [2026-05-17T04:48:54.678+0000] {dagbag.py:545} INFO - Filling up the DagBag from /home/airflow/.local/lib/python3.12/site-packages/airflow/example_dags/example_setup_teardown.py
[2026-05-17T04:48:54.683+0000] {processor.py:840} INFO - DAG(s) 'example_setup_teardown' retrieved from /home/airflow/.local/lib/python3.12/site-packages/airflow/example_dags/example_setup_teardown.py
[2026-05-17T04:48:54.696+0000] {logging_mixin.py:188} INFO - [2026-05-17T04:48:54.696+0000] {dag.py:3096} INFO - Sync 1 DAGs
[2026-05-17T04:48:54.711+0000] {logging_mixin.py:188} INFO - [2026-05-17T04:48:54.710+0000] {dag.py:3954} INFO - Setting next_dagrun for example_setup_teardown to 2026-05-16 00:00:00+00:00, run_after=2026-05-17 00:00:00+00:00
[2026-05-17T04:48:54.724+0000] {processor.py:183} INFO - Processing /home/airflow/.local/lib/python3.12/site-packages/airflow/example_dags/example_setup_teardown.py took 0.053 seconds
[2026-05-17T04:49:25.346+0000] {processor.py:161} INFO - Started process (PID=716) to work on /home/airflow/.local/lib/python3.12/site-packages/airflow/example_dags/example_setup_teardown.py
[2026-05-17T04:49:25.347+0000] {processor.py:830} INFO - Processing file /home/airflow/.local/lib/python3.12/site-packages/airflow/example_dags/example_setup_teardown.py for tasks to queue
[2026-05-17T04:49:25.349+0000] {logging_mixin.py:188} INFO - [2026-05-17T04:49:25.348+0000] {dagbag.py:545} INFO - Filling up the DagBag from /home/airflow/.local/lib/python3.12/site-packages/airflow/example_dags/example_setup_teardown.py
[2026-05-17T04:49:25.353+0000] {processor.py:840} INFO - DAG(s) 'example_setup_teardown' retrieved from /home/airflow/.local/lib/python3.12/site-packages/airflow/example_dags/example_setup_teardown.py
[2026-05-17T04:49:25.367+0000] {logging_mixin.py:188} INFO - [2026-05-17T04:49:25.367+0000] {dag.py:3096} INFO - Sync 1 DAGs
[2026-05-17T04:49:25.382+0000] {logging_mixin.py:188} INFO - [2026-05-17T04:49:25.382+0000] {dag.py:3954} INFO - Setting next_dagrun for example_setup_teardown to 2026-05-16 00:00:00+00:00, run_after=2026-05-17 00:00:00+00:00
[2026-05-17T04:49:25.394+0000] {processor.py:183} INFO - Processing /home/airflow/.local/lib/python3.12/site-packages/airflow/example_dags/example_setup_teardown.py took 0.052 seconds
[2026-05-17T04:49:55.942+0000] {processor.py:161} INFO - Started process (PID=775) to work on /home/airflow/.local/lib/python3.12/site-packages/airflow/example_dags/example_setup_teardown.py
[2026-05-17T04:49:55.943+0000] {processor.py:830} INFO - Processing file /home/airflow/.local/lib/python3.12/site-packages/airflow/example_dags/example_setup_teardown.py for tasks to queue
[2026-05-17T04:49:55.945+0000] {logging_mixin.py:188} INFO - [2026-05-17T04:49:55.945+0000] {dagbag.py:545} INFO - Filling up the DagBag from /home/airflow/.local/lib/python3.12/site-packages/airflow/example_dags/example_setup_teardown.py
[2026-05-17T04:49:55.950+0000] {processor.py:840} INFO - DAG(s) 'example_setup_teardown' retrieved from /home/airflow/.local/lib/python3.12/site-packages/airflow/example_dags/example_setup_teardown.py
[2026-05-17T04:49:55.962+0000] {logging_mixin.py:188} INFO - [2026-05-17T04:49:55.962+0000] {dag.py:3096} INFO - Sync 1 DAGs
[2026-05-17T04:49:55.976+0000] {logging_mixin.py:188} INFO - [2026-05-17T04:49:55.976+0000] {dag.py:3954} INFO - Setting next_dagrun for example_setup_teardown to 2026-05-16 00:00:00+00:00, run_after=2026-05-17 00:00:00+00:00
[2026-05-17T04:49:55.989+0000] {processor.py:183} INFO - Processing /home/airflow/.local/lib/python3.12/site-packages/airflow/example_dags/example_setup_teardown.py took 0.050 seconds
[2026-05-17T04:50:26.497+0000] {processor.py:161} INFO - Started process (PID=834) to work on /home/airflow/.local/lib/python3.12/site-packages/airflow/example_dags/example_setup_teardown.py
[2026-05-17T04:50:26.498+0000] {processor.py:830} INFO - Processing file /home/airflow/.local/lib/python3.12/site-packages/airflow/example_dags/example_setup_teardown.py for tasks to queue
[2026-05-17T04:50:26.500+0000] {logging_mixin.py:188} INFO - [2026-05-17T04:50:26.500+0000] {dagbag.py:545} INFO - Filling up the DagBag from /home/airflow/.local/lib/python3.12/site-packages/airflow/example_dags/example_setup_teardown.py
[2026-05-17T04:50:26.506+0000] {processor.py:840} INFO - DAG(s) 'example_setup_teardown' retrieved from /home/airflow/.local/lib/python3.12/site-packages/airflow/example_dags/example_setup_teardown.py
[2026-05-17T04:50:26.522+0000] {logging_mixin.py:188} INFO - [2026-05-17T04:50:26.521+0000] {dag.py:3096} INFO - Sync 1 DAGs
[2026-05-17T04:50:26.539+0000] {logging_mixin.py:188} INFO - [2026-05-17T04:50:26.539+0000] {dag.py:3954} INFO - Setting next_dagrun for example_setup_teardown to 2026-05-16 00:00:00+00:00, run_after=2026-05-17 00:00:00+00:00
[2026-05-17T04:50:26.556+0000] {processor.py:183} INFO - Processing /home/airflow/.local/lib/python3.12/site-packages/airflow/example_dags/example_setup_teardown.py took 0.063 seconds
[2026-05-17T04:50:57.137+0000] {processor.py:161} INFO - Started process (PID=893) to work on /home/airflow/.local/lib/python3.12/site-packages/airflow/example_dags/example_setup_teardown.py
[2026-05-17T04:50:57.138+0000] {processor.py:830} INFO - Processing file /home/airflow/.local/lib/python3.12/site-packages/airflow/example_dags/example_setup_teardown.py for tasks to queue
[2026-05-17T04:50:57.139+0000] {logging_mixin.py:188} INFO - [2026-05-17T04:50:57.139+0000] {dagbag.py:545} INFO - Filling up the DagBag from /home/airflow/.local/lib/python3.12/site-packages/airflow/example_dags/example_setup_teardown.py
[2026-05-17T04:50:57.144+0000] {processor.py:840} INFO - DAG(s) 'example_setup_teardown' retrieved from /home/airflow/.local/lib/python3.12/site-packages/airflow/example_dags/example_setup_teardown.py
[2026-05-17T04:50:57.157+0000] {logging_mixin.py:188} INFO - [2026-05-17T04:50:57.157+0000] {dag.py:3096} INFO - Sync 1 DAGs
[2026-05-17T04:50:57.171+0000] {logging_mixin.py:188} INFO - [2026-05-17T04:50:57.170+0000] {dag.py:3954} INFO - Setting next_dagrun for example_setup_teardown to 2026-05-16 00:00:00+00:00, run_after=2026-05-17 00:00:00+00:00
[2026-05-17T04:50:57.182+0000] {processor.py:183} INFO - Processing /home/airflow/.local/lib/python3.12/site-packages/airflow/example_dags/example_setup_teardown.py took 0.049 seconds
[2026-05-17T04:52:09.441+0000] {processor.py:161} INFO - Started process (PID=61) to work on /home/airflow/.local/lib/python3.12/site-packages/airflow/example_dags/example_setup_teardown.py
[2026-05-17T04:52:09.442+0000] {processor.py:830} INFO - Processing file /home/airflow/.local/lib/python3.12/site-packages/airflow/example_dags/example_setup_teardown.py for tasks to queue
[2026-05-17T04:52:09.444+0000] {logging_mixin.py:188} INFO - [2026-05-17T04:52:09.444+0000] {dagbag.py:545} INFO - Filling up the DagBag from /home/airflow/.local/lib/python3.12/site-packages/airflow/example_dags/example_setup_teardown.py
[2026-05-17T04:52:09.460+0000] {processor.py:840} INFO - DAG(s) 'example_setup_teardown' retrieved from /home/airflow/.local/lib/python3.12/site-packages/airflow/example_dags/example_setup_teardown.py
[2026-05-17T04:52:09.475+0000] {logging_mixin.py:188} INFO - [2026-05-17T04:52:09.475+0000] {dag.py:3096} INFO - Sync 1 DAGs
[2026-05-17T04:52:09.503+0000] {logging_mixin.py:188} INFO - [2026-05-17T04:52:09.503+0000] {dag.py:3954} INFO - Setting next_dagrun for example_setup_teardown to 2026-05-16 00:00:00+00:00, run_after=2026-05-17 00:00:00+00:00
[2026-05-17T04:52:09.528+0000] {processor.py:183} INFO - Processing /home/airflow/.local/lib/python3.12/site-packages/airflow/example_dags/example_setup_teardown.py took 0.094 seconds
[2026-05-17T04:52:40.060+0000] {processor.py:161} INFO - Started process (PID=120) to work on /home/airflow/.local/lib/python3.12/site-packages/airflow/example_dags/example_setup_teardown.py
[2026-05-17T04:52:40.061+0000] {processor.py:830} INFO - Processing file /home/airflow/.local/lib/python3.12/site-packages/airflow/example_dags/example_setup_teardown.py for tasks to queue
[2026-05-17T04:52:40.062+0000] {logging_mixin.py:188} INFO - [2026-05-17T04:52:40.062+0000] {dagbag.py:545} INFO - Filling up the DagBag from /home/airflow/.local/lib/python3.12/site-packages/airflow/example_dags/example_setup_teardown.py
[2026-05-17T04:52:40.068+0000] {processor.py:840} INFO - DAG(s) 'example_setup_teardown' retrieved from /home/airflow/.local/lib/python3.12/site-packages/airflow/example_dags/example_setup_teardown.py
[2026-05-17T04:52:40.141+0000] {logging_mixin.py:188} INFO - [2026-05-17T04:52:40.141+0000] {dag.py:3096} INFO - Sync 1 DAGs
[2026-05-17T04:52:40.160+0000] {logging_mixin.py:188} INFO - [2026-05-17T04:52:40.160+0000] {dag.py:3954} INFO - Setting next_dagrun for example_setup_teardown to 2026-05-16 00:00:00+00:00, run_after=2026-05-17 00:00:00+00:00
[2026-05-17T04:52:40.177+0000] {processor.py:183} INFO - Processing /home/airflow/.local/lib/python3.12/site-packages/airflow/example_dags/example_setup_teardown.py took 0.122 seconds
[2026-05-17T04:53:10.455+0000] {processor.py:161} INFO - Started process (PID=179) to work on /home/airflow/.local/lib/python3.12/site-packages/airflow/example_dags/example_setup_teardown.py
[2026-05-17T04:53:10.456+0000] {processor.py:830} INFO - Processing file /home/airflow/.local/lib/python3.12/site-packages/airflow/example_dags/example_setup_teardown.py for tasks to queue
[2026-05-17T04:53:10.459+0000] {logging_mixin.py:188} INFO - [2026-05-17T04:53:10.458+0000] {dagbag.py:545} INFO - Filling up the DagBag from /home/airflow/.local/lib/python3.12/site-packages/airflow/example_dags/example_setup_teardown.py
[2026-05-17T04:53:10.465+0000] {processor.py:840} INFO - DAG(s) 'example_setup_teardown' retrieved from /home/airflow/.local/lib/python3.12/site-packages/airflow/example_dags/example_setup_teardown.py
[2026-05-17T04:53:10.483+0000] {logging_mixin.py:188} INFO - [2026-05-17T04:53:10.482+0000] {dag.py:3096} INFO - Sync 1 DAGs
[2026-05-17T04:53:10.500+0000] {logging_mixin.py:188} INFO - [2026-05-17T04:53:10.500+0000] {dag.py:3954} INFO - Setting next_dagrun for example_setup_teardown to 2026-05-16 00:00:00+00:00, run_after=2026-05-17 00:00:00+00:00
[2026-05-17T04:53:10.516+0000] {processor.py:183} INFO - Processing /home/airflow/.local/lib/python3.12/site-packages/airflow/example_dags/example_setup_teardown.py took 0.066 seconds
[2026-05-17T04:53:40.631+0000] {processor.py:161} INFO - Started process (PID=238) to work on /home/airflow/.local/lib/python3.12/site-packages/airflow/example_dags/example_setup_teardown.py
[2026-05-17T04:53:40.632+0000] {processor.py:830} INFO - Processing file /home/airflow/.local/lib/python3.12/site-packages/airflow/example_dags/example_setup_teardown.py for tasks to queue
[2026-05-17T04:53:40.634+0000] {logging_mixin.py:188} INFO - [2026-05-17T04:53:40.633+0000] {dagbag.py:545} INFO - Filling up the DagBag from /home/airflow/.local/lib/python3.12/site-packages/airflow/example_dags/example_setup_teardown.py
[2026-05-17T04:53:40.638+0000] {processor.py:840} INFO - DAG(s) 'example_setup_teardown' retrieved from /home/airflow/.local/lib/python3.12/site-packages/airflow/example_dags/example_setup_teardown.py
[2026-05-17T04:53:40.652+0000] {logging_mixin.py:188} INFO - [2026-05-17T04:53:40.652+0000] {dag.py:3096} INFO - Sync 1 DAGs
[2026-05-17T04:53:40.666+0000] {logging_mixin.py:188} INFO - [2026-05-17T04:53:40.666+0000] {dag.py:3954} INFO - Setting next_dagrun for example_setup_teardown to 2026-05-16 00:00:00+00:00, run_after=2026-05-17 00:00:00+00:00
[2026-05-17T04:53:40.678+0000] {processor.py:183} INFO - Processing /home/airflow/.local/lib/python3.12/site-packages/airflow/example_dags/example_setup_teardown.py took 0.052 seconds
[2026-05-17T04:54:10.946+0000] {processor.py:161} INFO - Started process (PID=297) to work on /home/airflow/.local/lib/python3.12/site-packages/airflow/example_dags/example_setup_teardown.py
[2026-05-17T04:54:10.947+0000] {processor.py:830} INFO - Processing file /home/airflow/.local/lib/python3.12/site-packages/airflow/example_dags/example_setup_teardown.py for tasks to queue
[2026-05-17T04:54:10.949+0000] {logging_mixin.py:188} INFO - [2026-05-17T04:54:10.949+0000] {dagbag.py:545} INFO - Filling up the DagBag from /home/airflow/.local/lib/python3.12/site-packages/airflow/example_dags/example_setup_teardown.py
[2026-05-17T04:54:10.955+0000] {processor.py:840} INFO - DAG(s) 'example_setup_teardown' retrieved from /home/airflow/.local/lib/python3.12/site-packages/airflow/example_dags/example_setup_teardown.py
[2026-05-17T04:54:10.972+0000] {logging_mixin.py:188} INFO - [2026-05-17T04:54:10.971+0000] {dag.py:3096} INFO - Sync 1 DAGs
[2026-05-17T04:54:10.989+0000] {logging_mixin.py:188} INFO - [2026-05-17T04:54:10.989+0000] {dag.py:3954} INFO - Setting next_dagrun for example_setup_teardown to 2026-05-16 00:00:00+00:00, run_after=2026-05-17 00:00:00+00:00
[2026-05-17T04:54:11.005+0000] {processor.py:183} INFO - Processing /home/airflow/.local/lib/python3.12/site-packages/airflow/example_dags/example_setup_teardown.py took 0.064 seconds
[2026-05-17T04:54:41.168+0000] {processor.py:161} INFO - Started process (PID=356) to work on /home/airflow/.local/lib/python3.12/site-packages/airflow/example_dags/example_setup_teardown.py
[2026-05-17T04:54:41.168+0000] {processor.py:830} INFO - Processing file /home/airflow/.local/lib/python3.12/site-packages/airflow/example_dags/example_setup_teardown.py for tasks to queue
[2026-05-17T04:54:41.170+0000] {logging_mixin.py:188} INFO - [2026-05-17T04:54:41.170+0000] {dagbag.py:545} INFO - Filling up the DagBag from /home/airflow/.local/lib/python3.12/site-packages/airflow/example_dags/example_setup_teardown.py
[2026-05-17T04:54:41.176+0000] {processor.py:840} INFO - DAG(s) 'example_setup_teardown' retrieved from /home/airflow/.local/lib/python3.12/site-packages/airflow/example_dags/example_setup_teardown.py
[2026-05-17T04:54:41.193+0000] {logging_mixin.py:188} INFO - [2026-05-17T04:54:41.193+0000] {dag.py:3096} INFO - Sync 1 DAGs
[2026-05-17T04:54:41.214+0000] {logging_mixin.py:188} INFO - [2026-05-17T04:54:41.214+0000] {dag.py:3954} INFO - Setting next_dagrun for example_setup_teardown to 2026-05-16 00:00:00+00:00, run_after=2026-05-17 00:00:00+00:00
[2026-05-17T04:54:41.236+0000] {processor.py:183} INFO - Processing /home/airflow/.local/lib/python3.12/site-packages/airflow/example_dags/example_setup_teardown.py took 0.073 seconds
[2026-05-17T04:55:11.435+0000] {processor.py:161} INFO - Started process (PID=415) to work on /home/airflow/.local/lib/python3.12/site-packages/airflow/example_dags/example_setup_teardown.py
[2026-05-17T04:55:11.439+0000] {processor.py:830} INFO - Processing file /home/airflow/.local/lib/python3.12/site-packages/airflow/example_dags/example_setup_teardown.py for tasks to queue
[2026-05-17T04:55:11.442+0000] {logging_mixin.py:188} INFO - [2026-05-17T04:55:11.441+0000] {dagbag.py:545} INFO - Filling up the DagBag from /home/airflow/.local/lib/python3.12/site-packages/airflow/example_dags/example_setup_teardown.py
[2026-05-17T04:55:11.448+0000] {processor.py:840} INFO - DAG(s) 'example_setup_teardown' retrieved from /home/airflow/.local/lib/python3.12/site-packages/airflow/example_dags/example_setup_teardown.py
[2026-05-17T04:55:11.471+0000] {logging_mixin.py:188} INFO - [2026-05-17T04:55:11.471+0000] {dag.py:3096} INFO - Sync 1 DAGs
[2026-05-17T04:55:11.489+0000] {logging_mixin.py:188} INFO - [2026-05-17T04:55:11.489+0000] {dag.py:3954} INFO - Setting next_dagrun for example_setup_teardown to 2026-05-16 00:00:00+00:00, run_after=2026-05-17 00:00:00+00:00
[2026-05-17T04:55:11.505+0000] {processor.py:183} INFO - Processing /home/airflow/.local/lib/python3.12/site-packages/airflow/example_dags/example_setup_teardown.py took 0.074 seconds
[2026-05-17T04:55:41.559+0000] {processor.py:161} INFO - Started process (PID=473) to work on /home/airflow/.local/lib/python3.12/site-packages/airflow/example_dags/example_setup_teardown.py
[2026-05-17T04:55:41.560+0000] {processor.py:830} INFO - Processing file /home/airflow/.local/lib/python3.12/site-packages/airflow/example_dags/example_setup_teardown.py for tasks to queue
[2026-05-17T04:55:41.562+0000] {logging_mixin.py:188} INFO - [2026-05-17T04:55:41.561+0000] {dagbag.py:545} INFO - Filling up the DagBag from /home/airflow/.local/lib/python3.12/site-packages/airflow/example_dags/example_setup_teardown.py
[2026-05-17T04:55:41.567+0000] {processor.py:840} INFO - DAG(s) 'example_setup_teardown' retrieved from /home/airflow/.local/lib/python3.12/site-packages/airflow/example_dags/example_setup_teardown.py
[2026-05-17T04:55:41.581+0000] {logging_mixin.py:188} INFO - [2026-05-17T04:55:41.581+0000] {dag.py:3096} INFO - Sync 1 DAGs
[2026-05-17T04:55:41.594+0000] {logging_mixin.py:188} INFO - [2026-05-17T04:55:41.594+0000] {dag.py:3954} INFO - Setting next_dagrun for example_setup_teardown to 2026-05-16 00:00:00+00:00, run_after=2026-05-17 00:00:00+00:00
[2026-05-17T04:55:41.606+0000] {processor.py:183} INFO - Processing /home/airflow/.local/lib/python3.12/site-packages/airflow/example_dags/example_setup_teardown.py took 0.051 seconds
[2026-05-17T04:56:11.913+0000] {processor.py:161} INFO - Started process (PID=532) to work on /home/airflow/.local/lib/python3.12/site-packages/airflow/example_dags/example_setup_teardown.py
[2026-05-17T04:56:11.914+0000] {processor.py:830} INFO - Processing file /home/airflow/.local/lib/python3.12/site-packages/airflow/example_dags/example_setup_teardown.py for tasks to queue
[2026-05-17T04:56:11.918+0000] {logging_mixin.py:188} INFO - [2026-05-17T04:56:11.917+0000] {dagbag.py:545} INFO - Filling up the DagBag from /home/airflow/.local/lib/python3.12/site-packages/airflow/example_dags/example_setup_teardown.py
[2026-05-17T04:56:11.928+0000] {processor.py:840} INFO - DAG(s) 'example_setup_teardown' retrieved from /home/airflow/.local/lib/python3.12/site-packages/airflow/example_dags/example_setup_teardown.py
[2026-05-17T04:56:11.951+0000] {logging_mixin.py:188} INFO - [2026-05-17T04:56:11.951+0000] {dag.py:3096} INFO - Sync 1 DAGs
[2026-05-17T04:56:11.981+0000] {logging_mixin.py:188} INFO - [2026-05-17T04:56:11.981+0000] {dag.py:3954} INFO - Setting next_dagrun for example_setup_teardown to 2026-05-16 00:00:00+00:00, run_after=2026-05-17 00:00:00+00:00
[2026-05-17T04:56:12.005+0000] {processor.py:183} INFO - Processing /home/airflow/.local/lib/python3.12/site-packages/airflow/example_dags/example_setup_teardown.py took 0.099 seconds
[2026-05-17T04:56:43.280+0000] {processor.py:161} INFO - Started process (PID=597) to work on /home/airflow/.local/lib/python3.12/site-packages/airflow/example_dags/example_setup_teardown.py
[2026-05-17T04:56:43.281+0000] {processor.py:830} INFO - Processing file /home/airflow/.local/lib/python3.12/site-packages/airflow/example_dags/example_setup_teardown.py for tasks to queue
[2026-05-17T04:56:43.283+0000] {logging_mixin.py:188} INFO - [2026-05-17T04:56:43.283+0000] {dagbag.py:545} INFO - Filling up the DagBag from /home/airflow/.local/lib/python3.12/site-packages/airflow/example_dags/example_setup_teardown.py
[2026-05-17T04:56:43.289+0000] {processor.py:840} INFO - DAG(s) 'example_setup_teardown' retrieved from /home/airflow/.local/lib/python3.12/site-packages/airflow/example_dags/example_setup_teardown.py
[2026-05-17T04:56:43.305+0000] {logging_mixin.py:188} INFO - [2026-05-17T04:56:43.305+0000] {dag.py:3096} INFO - Sync 1 DAGs
[2026-05-17T04:56:43.324+0000] {logging_mixin.py:188} INFO - [2026-05-17T04:56:43.323+0000] {dag.py:3954} INFO - Setting next_dagrun for example_setup_teardown to 2026-05-16 00:00:00+00:00, run_after=2026-05-17 00:00:00+00:00
[2026-05-17T04:56:43.361+0000] {processor.py:183} INFO - Processing /home/airflow/.local/lib/python3.12/site-packages/airflow/example_dags/example_setup_teardown.py took 0.087 seconds
[2026-05-17T04:57:14.182+0000] {processor.py:161} INFO - Started process (PID=657) to work on /home/airflow/.local/lib/python3.12/site-packages/airflow/example_dags/example_setup_teardown.py
[2026-05-17T04:57:14.183+0000] {processor.py:830} INFO - Processing file /home/airflow/.local/lib/python3.12/site-packages/airflow/example_dags/example_setup_teardown.py for tasks to queue
[2026-05-17T04:57:14.184+0000] {logging_mixin.py:188} INFO - [2026-05-17T04:57:14.184+0000] {dagbag.py:545} INFO - Filling up the DagBag from /home/airflow/.local/lib/python3.12/site-packages/airflow/example_dags/example_setup_teardown.py
[2026-05-17T04:57:14.191+0000] {processor.py:840} INFO - DAG(s) 'example_setup_teardown' retrieved from /home/airflow/.local/lib/python3.12/site-packages/airflow/example_dags/example_setup_teardown.py
[2026-05-17T04:57:14.225+0000] {logging_mixin.py:188} INFO - [2026-05-17T04:57:14.225+0000] {dag.py:3096} INFO - Sync 1 DAGs
[2026-05-17T04:57:14.244+0000] {logging_mixin.py:188} INFO - [2026-05-17T04:57:14.244+0000] {dag.py:3954} INFO - Setting next_dagrun for example_setup_teardown to 2026-05-16 00:00:00+00:00, run_after=2026-05-17 00:00:00+00:00
[2026-05-17T04:57:14.305+0000] {processor.py:183} INFO - Processing /home/airflow/.local/lib/python3.12/site-packages/airflow/example_dags/example_setup_teardown.py took 0.128 seconds
[2026-05-17T04:57:44.791+0000] {processor.py:161} INFO - Started process (PID=716) to work on /home/airflow/.local/lib/python3.12/site-packages/airflow/example_dags/example_setup_teardown.py
[2026-05-17T04:57:44.792+0000] {processor.py:830} INFO - Processing file /home/airflow/.local/lib/python3.12/site-packages/airflow/example_dags/example_setup_teardown.py for tasks to queue
[2026-05-17T04:57:44.793+0000] {logging_mixin.py:188} INFO - [2026-05-17T04:57:44.793+0000] {dagbag.py:545} INFO - Filling up the DagBag from /home/airflow/.local/lib/python3.12/site-packages/airflow/example_dags/example_setup_teardown.py
[2026-05-17T04:57:44.798+0000] {processor.py:840} INFO - DAG(s) 'example_setup_teardown' retrieved from /home/airflow/.local/lib/python3.12/site-packages/airflow/example_dags/example_setup_teardown.py
[2026-05-17T04:57:44.815+0000] {logging_mixin.py:188} INFO - [2026-05-17T04:57:44.815+0000] {dag.py:3096} INFO - Sync 1 DAGs
[2026-05-17T04:57:44.834+0000] {logging_mixin.py:188} INFO - [2026-05-17T04:57:44.834+0000] {dag.py:3954} INFO - Setting next_dagrun for example_setup_teardown to 2026-05-16 00:00:00+00:00, run_after=2026-05-17 00:00:00+00:00
[2026-05-17T04:57:44.848+0000] {processor.py:183} INFO - Processing /home/airflow/.local/lib/python3.12/site-packages/airflow/example_dags/example_setup_teardown.py took 0.062 seconds
[2026-05-17T04:58:15.101+0000] {processor.py:161} INFO - Started process (PID=775) to work on /home/airflow/.local/lib/python3.12/site-packages/airflow/example_dags/example_setup_teardown.py
[2026-05-17T04:58:15.102+0000] {processor.py:830} INFO - Processing file /home/airflow/.local/lib/python3.12/site-packages/airflow/example_dags/example_setup_teardown.py for tasks to queue
[2026-05-17T04:58:15.105+0000] {logging_mixin.py:188} INFO - [2026-05-17T04:58:15.104+0000] {dagbag.py:545} INFO - Filling up the DagBag from /home/airflow/.local/lib/python3.12/site-packages/airflow/example_dags/example_setup_teardown.py
[2026-05-17T04:58:15.111+0000] {processor.py:840} INFO - DAG(s) 'example_setup_teardown' retrieved from /home/airflow/.local/lib/python3.12/site-packages/airflow/example_dags/example_setup_teardown.py
[2026-05-17T04:58:15.131+0000] {logging_mixin.py:188} INFO - [2026-05-17T04:58:15.131+0000] {dag.py:3096} INFO - Sync 1 DAGs
[2026-05-17T04:58:15.152+0000] {logging_mixin.py:188} INFO - [2026-05-17T04:58:15.152+0000] {dag.py:3954} INFO - Setting next_dagrun for example_setup_teardown to 2026-05-16 00:00:00+00:00, run_after=2026-05-17 00:00:00+00:00
[2026-05-17T04:58:15.171+0000] {processor.py:183} INFO - Processing /home/airflow/.local/lib/python3.12/site-packages/airflow/example_dags/example_setup_teardown.py took 0.075 seconds
[2026-05-17T05:00:21.627+0000] {processor.py:161} INFO - Started process (PID=55) to work on /home/airflow/.local/lib/python3.12/site-packages/airflow/example_dags/example_setup_teardown.py
[2026-05-17T05:00:21.629+0000] {processor.py:830} INFO - Processing file /home/airflow/.local/lib/python3.12/site-packages/airflow/example_dags/example_setup_teardown.py for tasks to queue
[2026-05-17T05:00:21.631+0000] {logging_mixin.py:188} INFO - [2026-05-17T05:00:21.631+0000] {dagbag.py:545} INFO - Filling up the DagBag from /home/airflow/.local/lib/python3.12/site-packages/airflow/example_dags/example_setup_teardown.py
[2026-05-17T05:00:21.643+0000] {processor.py:840} INFO - DAG(s) 'example_setup_teardown' retrieved from /home/airflow/.local/lib/python3.12/site-packages/airflow/example_dags/example_setup_teardown.py
[2026-05-17T05:00:21.675+0000] {logging_mixin.py:188} INFO - [2026-05-17T05:00:21.675+0000] {dag.py:3096} INFO - Sync 1 DAGs
[2026-05-17T05:00:21.698+0000] {logging_mixin.py:188} INFO - [2026-05-17T05:00:21.698+0000] {dag.py:3954} INFO - Setting next_dagrun for example_setup_teardown to 2026-05-16 00:00:00+00:00, run_after=2026-05-17 00:00:00+00:00
[2026-05-17T05:00:21.715+0000] {processor.py:183} INFO - Processing /home/airflow/.local/lib/python3.12/site-packages/airflow/example_dags/example_setup_teardown.py took 0.094 seconds
[2026-05-17T05:01:27.935+0000] {processor.py:161} INFO - Started process (PID=55) to work on /home/airflow/.local/lib/python3.12/site-packages/airflow/example_dags/example_setup_teardown.py
[2026-05-17T05:01:27.936+0000] {processor.py:830} INFO - Processing file /home/airflow/.local/lib/python3.12/site-packages/airflow/example_dags/example_setup_teardown.py for tasks to queue
[2026-05-17T05:01:27.940+0000] {logging_mixin.py:188} INFO - [2026-05-17T05:01:27.939+0000] {dagbag.py:545} INFO - Filling up the DagBag from /home/airflow/.local/lib/python3.12/site-packages/airflow/example_dags/example_setup_teardown.py
[2026-05-17T05:01:27.952+0000] {processor.py:840} INFO - DAG(s) 'example_setup_teardown' retrieved from /home/airflow/.local/lib/python3.12/site-packages/airflow/example_dags/example_setup_teardown.py
[2026-05-17T05:01:27.994+0000] {logging_mixin.py:188} INFO - [2026-05-17T05:01:27.994+0000] {dag.py:3096} INFO - Sync 1 DAGs
[2026-05-17T05:01:28.029+0000] {logging_mixin.py:188} INFO - [2026-05-17T05:01:28.029+0000] {dag.py:3954} INFO - Setting next_dagrun for example_setup_teardown to 2026-05-16 00:00:00+00:00, run_after=2026-05-17 00:00:00+00:00
[2026-05-17T05:01:28.055+0000] {processor.py:183} INFO - Processing /home/airflow/.local/lib/python3.12/site-packages/airflow/example_dags/example_setup_teardown.py took 0.126 seconds
