[2026-05-17T04:43:53.885+0000] {processor.py:161} INFO - Started process (PID=95) to work on /home/airflow/.local/lib/python3.12/site-packages/airflow/example_dags/example_xcomargs.py
[2026-05-17T04:43:53.887+0000] {processor.py:830} INFO - Processing file /home/airflow/.local/lib/python3.12/site-packages/airflow/example_dags/example_xcomargs.py for tasks to queue
[2026-05-17T04:43:53.892+0000] {logging_mixin.py:188} INFO - [2026-05-17T04:43:53.891+0000] {dagbag.py:545} INFO - Filling up the DagBag from /home/airflow/.local/lib/python3.12/site-packages/airflow/example_dags/example_xcomargs.py
[2026-05-17T04:43:53.915+0000] {processor.py:840} INFO - DAG(s) 'example_xcom_args', 'example_xcom_args_with_operators' retrieved from /home/airflow/.local/lib/python3.12/site-packages/airflow/example_dags/example_xcomargs.py
[2026-05-17T04:43:53.944+0000] {logging_mixin.py:188} INFO - [2026-05-17T04:43:53.944+0000] {dag.py:3096} INFO - Sync 2 DAGs
[2026-05-17T04:43:53.979+0000] {logging_mixin.py:188} INFO - [2026-05-17T04:43:53.979+0000] {dag.py:3954} INFO - Setting next_dagrun for example_xcom_args to None, run_after=None
[2026-05-17T04:43:53.989+0000] {logging_mixin.py:188} INFO - [2026-05-17T04:43:53.988+0000] {dag.py:3954} INFO - Setting next_dagrun for example_xcom_args_with_operators to None, run_after=None
[2026-05-17T04:43:54.027+0000] {processor.py:183} INFO - Processing /home/airflow/.local/lib/python3.12/site-packages/airflow/example_dags/example_xcomargs.py took 0.152 seconds
[2026-05-17T04:44:24.095+0000] {processor.py:161} INFO - Started process (PID=154) to work on /home/airflow/.local/lib/python3.12/site-packages/airflow/example_dags/example_xcomargs.py
[2026-05-17T04:44:24.096+0000] {processor.py:830} INFO - Processing file /home/airflow/.local/lib/python3.12/site-packages/airflow/example_dags/example_xcomargs.py for tasks to queue
[2026-05-17T04:44:24.097+0000] {logging_mixin.py:188} INFO - [2026-05-17T04:44:24.097+0000] {dagbag.py:545} INFO - Filling up the DagBag from /home/airflow/.local/lib/python3.12/site-packages/airflow/example_dags/example_xcomargs.py
[2026-05-17T04:44:24.103+0000] {processor.py:840} INFO - DAG(s) 'example_xcom_args', 'example_xcom_args_with_operators' retrieved from /home/airflow/.local/lib/python3.12/site-packages/airflow/example_dags/example_xcomargs.py
[2026-05-17T04:44:24.172+0000] {logging_mixin.py:188} INFO - [2026-05-17T04:44:24.172+0000] {dag.py:3096} INFO - Sync 2 DAGs
[2026-05-17T04:44:24.181+0000] {logging_mixin.py:188} INFO - [2026-05-17T04:44:24.180+0000] {dag.py:3954} INFO - Setting next_dagrun for example_xcom_args to None, run_after=None
[2026-05-17T04:44:24.183+0000] {logging_mixin.py:188} INFO - [2026-05-17T04:44:24.183+0000] {dag.py:3954} INFO - Setting next_dagrun for example_xcom_args_with_operators to None, run_after=None
[2026-05-17T04:44:24.195+0000] {processor.py:183} INFO - Processing /home/airflow/.local/lib/python3.12/site-packages/airflow/example_dags/example_xcomargs.py took 0.104 seconds
[2026-05-17T04:44:54.330+0000] {processor.py:161} INFO - Started process (PID=213) to work on /home/airflow/.local/lib/python3.12/site-packages/airflow/example_dags/example_xcomargs.py
[2026-05-17T04:44:54.331+0000] {processor.py:830} INFO - Processing file /home/airflow/.local/lib/python3.12/site-packages/airflow/example_dags/example_xcomargs.py for tasks to queue
[2026-05-17T04:44:54.332+0000] {logging_mixin.py:188} INFO - [2026-05-17T04:44:54.332+0000] {dagbag.py:545} INFO - Filling up the DagBag from /home/airflow/.local/lib/python3.12/site-packages/airflow/example_dags/example_xcomargs.py
[2026-05-17T04:44:54.339+0000] {processor.py:840} INFO - DAG(s) 'example_xcom_args', 'example_xcom_args_with_operators' retrieved from /home/airflow/.local/lib/python3.12/site-packages/airflow/example_dags/example_xcomargs.py
[2026-05-17T04:44:54.358+0000] {logging_mixin.py:188} INFO - [2026-05-17T04:44:54.358+0000] {dag.py:3096} INFO - Sync 2 DAGs
[2026-05-17T04:44:54.369+0000] {logging_mixin.py:188} INFO - [2026-05-17T04:44:54.369+0000] {dag.py:3954} INFO - Setting next_dagrun for example_xcom_args to None, run_after=None
[2026-05-17T04:44:54.372+0000] {logging_mixin.py:188} INFO - [2026-05-17T04:44:54.372+0000] {dag.py:3954} INFO - Setting next_dagrun for example_xcom_args_with_operators to None, run_after=None
[2026-05-17T04:44:54.397+0000] {processor.py:183} INFO - Processing /home/airflow/.local/lib/python3.12/site-packages/airflow/example_dags/example_xcomargs.py took 0.071 seconds
[2026-05-17T04:45:24.534+0000] {processor.py:161} INFO - Started process (PID=272) to work on /home/airflow/.local/lib/python3.12/site-packages/airflow/example_dags/example_xcomargs.py
[2026-05-17T04:45:24.535+0000] {processor.py:830} INFO - Processing file /home/airflow/.local/lib/python3.12/site-packages/airflow/example_dags/example_xcomargs.py for tasks to queue
[2026-05-17T04:45:24.536+0000] {logging_mixin.py:188} INFO - [2026-05-17T04:45:24.536+0000] {dagbag.py:545} INFO - Filling up the DagBag from /home/airflow/.local/lib/python3.12/site-packages/airflow/example_dags/example_xcomargs.py
[2026-05-17T04:45:24.542+0000] {processor.py:840} INFO - DAG(s) 'example_xcom_args', 'example_xcom_args_with_operators' retrieved from /home/airflow/.local/lib/python3.12/site-packages/airflow/example_dags/example_xcomargs.py
[2026-05-17T04:45:24.560+0000] {logging_mixin.py:188} INFO - [2026-05-17T04:45:24.559+0000] {dag.py:3096} INFO - Sync 2 DAGs
[2026-05-17T04:45:24.569+0000] {logging_mixin.py:188} INFO - [2026-05-17T04:45:24.569+0000] {dag.py:3954} INFO - Setting next_dagrun for example_xcom_args to None, run_after=None
[2026-05-17T04:45:24.572+0000] {logging_mixin.py:188} INFO - [2026-05-17T04:45:24.572+0000] {dag.py:3954} INFO - Setting next_dagrun for example_xcom_args_with_operators to None, run_after=None
[2026-05-17T04:45:24.592+0000] {processor.py:183} INFO - Processing /home/airflow/.local/lib/python3.12/site-packages/airflow/example_dags/example_xcomargs.py took 0.062 seconds
[2026-05-17T04:45:55.139+0000] {processor.py:161} INFO - Started process (PID=331) to work on /home/airflow/.local/lib/python3.12/site-packages/airflow/example_dags/example_xcomargs.py
[2026-05-17T04:45:55.139+0000] {processor.py:830} INFO - Processing file /home/airflow/.local/lib/python3.12/site-packages/airflow/example_dags/example_xcomargs.py for tasks to queue
[2026-05-17T04:45:55.141+0000] {logging_mixin.py:188} INFO - [2026-05-17T04:45:55.141+0000] {dagbag.py:545} INFO - Filling up the DagBag from /home/airflow/.local/lib/python3.12/site-packages/airflow/example_dags/example_xcomargs.py
[2026-05-17T04:45:55.148+0000] {processor.py:840} INFO - DAG(s) 'example_xcom_args', 'example_xcom_args_with_operators' retrieved from /home/airflow/.local/lib/python3.12/site-packages/airflow/example_dags/example_xcomargs.py
[2026-05-17T04:45:55.168+0000] {logging_mixin.py:188} INFO - [2026-05-17T04:45:55.168+0000] {dag.py:3096} INFO - Sync 2 DAGs
[2026-05-17T04:45:55.179+0000] {logging_mixin.py:188} INFO - [2026-05-17T04:45:55.179+0000] {dag.py:3954} INFO - Setting next_dagrun for example_xcom_args to None, run_after=None
[2026-05-17T04:45:55.182+0000] {logging_mixin.py:188} INFO - [2026-05-17T04:45:55.182+0000] {dag.py:3954} INFO - Setting next_dagrun for example_xcom_args_with_operators to None, run_after=None
[2026-05-17T04:45:55.194+0000] {processor.py:183} INFO - Processing /home/airflow/.local/lib/python3.12/site-packages/airflow/example_dags/example_xcomargs.py took 0.059 seconds
[2026-05-17T04:46:25.601+0000] {processor.py:161} INFO - Started process (PID=390) to work on /home/airflow/.local/lib/python3.12/site-packages/airflow/example_dags/example_xcomargs.py
[2026-05-17T04:46:25.602+0000] {processor.py:830} INFO - Processing file /home/airflow/.local/lib/python3.12/site-packages/airflow/example_dags/example_xcomargs.py for tasks to queue
[2026-05-17T04:46:25.603+0000] {logging_mixin.py:188} INFO - [2026-05-17T04:46:25.603+0000] {dagbag.py:545} INFO - Filling up the DagBag from /home/airflow/.local/lib/python3.12/site-packages/airflow/example_dags/example_xcomargs.py
[2026-05-17T04:46:25.609+0000] {processor.py:840} INFO - DAG(s) 'example_xcom_args', 'example_xcom_args_with_operators' retrieved from /home/airflow/.local/lib/python3.12/site-packages/airflow/example_dags/example_xcomargs.py
[2026-05-17T04:46:25.624+0000] {logging_mixin.py:188} INFO - [2026-05-17T04:46:25.623+0000] {dag.py:3096} INFO - Sync 2 DAGs
[2026-05-17T04:46:25.632+0000] {logging_mixin.py:188} INFO - [2026-05-17T04:46:25.632+0000] {dag.py:3954} INFO - Setting next_dagrun for example_xcom_args to None, run_after=None
[2026-05-17T04:46:25.635+0000] {logging_mixin.py:188} INFO - [2026-05-17T04:46:25.635+0000] {dag.py:3954} INFO - Setting next_dagrun for example_xcom_args_with_operators to None, run_after=None
[2026-05-17T04:46:25.648+0000] {processor.py:183} INFO - Processing /home/airflow/.local/lib/python3.12/site-packages/airflow/example_dags/example_xcomargs.py took 0.051 seconds
[2026-05-17T04:46:56.160+0000] {processor.py:161} INFO - Started process (PID=449) to work on /home/airflow/.local/lib/python3.12/site-packages/airflow/example_dags/example_xcomargs.py
[2026-05-17T04:46:56.161+0000] {processor.py:830} INFO - Processing file /home/airflow/.local/lib/python3.12/site-packages/airflow/example_dags/example_xcomargs.py for tasks to queue
[2026-05-17T04:46:56.165+0000] {logging_mixin.py:188} INFO - [2026-05-17T04:46:56.164+0000] {dagbag.py:545} INFO - Filling up the DagBag from /home/airflow/.local/lib/python3.12/site-packages/airflow/example_dags/example_xcomargs.py
[2026-05-17T04:46:56.172+0000] {processor.py:840} INFO - DAG(s) 'example_xcom_args_with_operators', 'example_xcom_args' retrieved from /home/airflow/.local/lib/python3.12/site-packages/airflow/example_dags/example_xcomargs.py
[2026-05-17T04:46:56.194+0000] {logging_mixin.py:188} INFO - [2026-05-17T04:46:56.194+0000] {dag.py:3096} INFO - Sync 2 DAGs
[2026-05-17T04:46:56.207+0000] {logging_mixin.py:188} INFO - [2026-05-17T04:46:56.207+0000] {dag.py:3954} INFO - Setting next_dagrun for example_xcom_args to None, run_after=None
[2026-05-17T04:46:56.210+0000] {logging_mixin.py:188} INFO - [2026-05-17T04:46:56.210+0000] {dag.py:3954} INFO - Setting next_dagrun for example_xcom_args_with_operators to None, run_after=None
[2026-05-17T04:46:56.227+0000] {processor.py:183} INFO - Processing /home/airflow/.local/lib/python3.12/site-packages/airflow/example_dags/example_xcomargs.py took 0.073 seconds
[2026-05-17T04:47:26.606+0000] {processor.py:161} INFO - Started process (PID=508) to work on /home/airflow/.local/lib/python3.12/site-packages/airflow/example_dags/example_xcomargs.py
[2026-05-17T04:47:26.607+0000] {processor.py:830} INFO - Processing file /home/airflow/.local/lib/python3.12/site-packages/airflow/example_dags/example_xcomargs.py for tasks to queue
[2026-05-17T04:47:26.608+0000] {logging_mixin.py:188} INFO - [2026-05-17T04:47:26.608+0000] {dagbag.py:545} INFO - Filling up the DagBag from /home/airflow/.local/lib/python3.12/site-packages/airflow/example_dags/example_xcomargs.py
[2026-05-17T04:47:26.615+0000] {processor.py:840} INFO - DAG(s) 'example_xcom_args_with_operators', 'example_xcom_args' retrieved from /home/airflow/.local/lib/python3.12/site-packages/airflow/example_dags/example_xcomargs.py
[2026-05-17T04:47:26.633+0000] {logging_mixin.py:188} INFO - [2026-05-17T04:47:26.632+0000] {dag.py:3096} INFO - Sync 2 DAGs
[2026-05-17T04:47:26.641+0000] {logging_mixin.py:188} INFO - [2026-05-17T04:47:26.641+0000] {dag.py:3954} INFO - Setting next_dagrun for example_xcom_args to None, run_after=None
[2026-05-17T04:47:26.644+0000] {logging_mixin.py:188} INFO - [2026-05-17T04:47:26.643+0000] {dag.py:3954} INFO - Setting next_dagrun for example_xcom_args_with_operators to None, run_after=None
[2026-05-17T04:47:26.654+0000] {processor.py:183} INFO - Processing /home/airflow/.local/lib/python3.12/site-packages/airflow/example_dags/example_xcomargs.py took 0.053 seconds
[2026-05-17T04:47:57.008+0000] {processor.py:161} INFO - Started process (PID=567) to work on /home/airflow/.local/lib/python3.12/site-packages/airflow/example_dags/example_xcomargs.py
[2026-05-17T04:47:57.009+0000] {processor.py:830} INFO - Processing file /home/airflow/.local/lib/python3.12/site-packages/airflow/example_dags/example_xcomargs.py for tasks to queue
[2026-05-17T04:47:57.010+0000] {logging_mixin.py:188} INFO - [2026-05-17T04:47:57.010+0000] {dagbag.py:545} INFO - Filling up the DagBag from /home/airflow/.local/lib/python3.12/site-packages/airflow/example_dags/example_xcomargs.py
[2026-05-17T04:47:57.015+0000] {processor.py:840} INFO - DAG(s) 'example_xcom_args', 'example_xcom_args_with_operators' retrieved from /home/airflow/.local/lib/python3.12/site-packages/airflow/example_dags/example_xcomargs.py
[2026-05-17T04:47:57.031+0000] {logging_mixin.py:188} INFO - [2026-05-17T04:47:57.031+0000] {dag.py:3096} INFO - Sync 2 DAGs
[2026-05-17T04:47:57.039+0000] {logging_mixin.py:188} INFO - [2026-05-17T04:47:57.039+0000] {dag.py:3954} INFO - Setting next_dagrun for example_xcom_args to None, run_after=None
[2026-05-17T04:47:57.042+0000] {logging_mixin.py:188} INFO - [2026-05-17T04:47:57.042+0000] {dag.py:3954} INFO - Setting next_dagrun for example_xcom_args_with_operators to None, run_after=None
[2026-05-17T04:47:57.054+0000] {processor.py:183} INFO - Processing /home/airflow/.local/lib/python3.12/site-packages/airflow/example_dags/example_xcomargs.py took 0.050 seconds
[2026-05-17T04:48:27.537+0000] {processor.py:161} INFO - Started process (PID=626) to work on /home/airflow/.local/lib/python3.12/site-packages/airflow/example_dags/example_xcomargs.py
[2026-05-17T04:48:27.538+0000] {processor.py:830} INFO - Processing file /home/airflow/.local/lib/python3.12/site-packages/airflow/example_dags/example_xcomargs.py for tasks to queue
[2026-05-17T04:48:27.540+0000] {logging_mixin.py:188} INFO - [2026-05-17T04:48:27.540+0000] {dagbag.py:545} INFO - Filling up the DagBag from /home/airflow/.local/lib/python3.12/site-packages/airflow/example_dags/example_xcomargs.py
[2026-05-17T04:48:27.546+0000] {processor.py:840} INFO - DAG(s) 'example_xcom_args_with_operators', 'example_xcom_args' retrieved from /home/airflow/.local/lib/python3.12/site-packages/airflow/example_dags/example_xcomargs.py
[2026-05-17T04:48:27.564+0000] {logging_mixin.py:188} INFO - [2026-05-17T04:48:27.563+0000] {dag.py:3096} INFO - Sync 2 DAGs
[2026-05-17T04:48:27.573+0000] {logging_mixin.py:188} INFO - [2026-05-17T04:48:27.573+0000] {dag.py:3954} INFO - Setting next_dagrun for example_xcom_args to None, run_after=None
[2026-05-17T04:48:27.575+0000] {logging_mixin.py:188} INFO - [2026-05-17T04:48:27.575+0000] {dag.py:3954} INFO - Setting next_dagrun for example_xcom_args_with_operators to None, run_after=None
[2026-05-17T04:48:27.587+0000] {processor.py:183} INFO - Processing /home/airflow/.local/lib/python3.12/site-packages/airflow/example_dags/example_xcomargs.py took 0.054 seconds
[2026-05-17T04:48:58.053+0000] {processor.py:161} INFO - Started process (PID=685) to work on /home/airflow/.local/lib/python3.12/site-packages/airflow/example_dags/example_xcomargs.py
[2026-05-17T04:48:58.055+0000] {processor.py:830} INFO - Processing file /home/airflow/.local/lib/python3.12/site-packages/airflow/example_dags/example_xcomargs.py for tasks to queue
[2026-05-17T04:48:58.059+0000] {logging_mixin.py:188} INFO - [2026-05-17T04:48:58.059+0000] {dagbag.py:545} INFO - Filling up the DagBag from /home/airflow/.local/lib/python3.12/site-packages/airflow/example_dags/example_xcomargs.py
[2026-05-17T04:48:58.067+0000] {processor.py:840} INFO - DAG(s) 'example_xcom_args_with_operators', 'example_xcom_args' retrieved from /home/airflow/.local/lib/python3.12/site-packages/airflow/example_dags/example_xcomargs.py
[2026-05-17T04:48:58.089+0000] {logging_mixin.py:188} INFO - [2026-05-17T04:48:58.089+0000] {dag.py:3096} INFO - Sync 2 DAGs
[2026-05-17T04:48:58.098+0000] {logging_mixin.py:188} INFO - [2026-05-17T04:48:58.098+0000] {dag.py:3954} INFO - Setting next_dagrun for example_xcom_args to None, run_after=None
[2026-05-17T04:48:58.101+0000] {logging_mixin.py:188} INFO - [2026-05-17T04:48:58.101+0000] {dag.py:3954} INFO - Setting next_dagrun for example_xcom_args_with_operators to None, run_after=None
[2026-05-17T04:48:58.113+0000] {processor.py:183} INFO - Processing /home/airflow/.local/lib/python3.12/site-packages/airflow/example_dags/example_xcomargs.py took 0.065 seconds
[2026-05-17T04:49:28.856+0000] {processor.py:161} INFO - Started process (PID=744) to work on /home/airflow/.local/lib/python3.12/site-packages/airflow/example_dags/example_xcomargs.py
[2026-05-17T04:49:28.857+0000] {processor.py:830} INFO - Processing file /home/airflow/.local/lib/python3.12/site-packages/airflow/example_dags/example_xcomargs.py for tasks to queue
[2026-05-17T04:49:28.858+0000] {logging_mixin.py:188} INFO - [2026-05-17T04:49:28.858+0000] {dagbag.py:545} INFO - Filling up the DagBag from /home/airflow/.local/lib/python3.12/site-packages/airflow/example_dags/example_xcomargs.py
[2026-05-17T04:49:28.864+0000] {processor.py:840} INFO - DAG(s) 'example_xcom_args_with_operators', 'example_xcom_args' retrieved from /home/airflow/.local/lib/python3.12/site-packages/airflow/example_dags/example_xcomargs.py
[2026-05-17T04:49:28.880+0000] {logging_mixin.py:188} INFO - [2026-05-17T04:49:28.880+0000] {dag.py:3096} INFO - Sync 2 DAGs
[2026-05-17T04:49:28.889+0000] {logging_mixin.py:188} INFO - [2026-05-17T04:49:28.889+0000] {dag.py:3954} INFO - Setting next_dagrun for example_xcom_args to None, run_after=None
[2026-05-17T04:49:28.891+0000] {logging_mixin.py:188} INFO - [2026-05-17T04:49:28.891+0000] {dag.py:3954} INFO - Setting next_dagrun for example_xcom_args_with_operators to None, run_after=None
[2026-05-17T04:49:28.910+0000] {processor.py:183} INFO - Processing /home/airflow/.local/lib/python3.12/site-packages/airflow/example_dags/example_xcomargs.py took 0.058 seconds
[2026-05-17T04:49:59.355+0000] {processor.py:161} INFO - Started process (PID=803) to work on /home/airflow/.local/lib/python3.12/site-packages/airflow/example_dags/example_xcomargs.py
[2026-05-17T04:49:59.356+0000] {processor.py:830} INFO - Processing file /home/airflow/.local/lib/python3.12/site-packages/airflow/example_dags/example_xcomargs.py for tasks to queue
[2026-05-17T04:49:59.357+0000] {logging_mixin.py:188} INFO - [2026-05-17T04:49:59.357+0000] {dagbag.py:545} INFO - Filling up the DagBag from /home/airflow/.local/lib/python3.12/site-packages/airflow/example_dags/example_xcomargs.py
[2026-05-17T04:49:59.363+0000] {processor.py:840} INFO - DAG(s) 'example_xcom_args', 'example_xcom_args_with_operators' retrieved from /home/airflow/.local/lib/python3.12/site-packages/airflow/example_dags/example_xcomargs.py
[2026-05-17T04:49:59.379+0000] {logging_mixin.py:188} INFO - [2026-05-17T04:49:59.379+0000] {dag.py:3096} INFO - Sync 2 DAGs
[2026-05-17T04:49:59.387+0000] {logging_mixin.py:188} INFO - [2026-05-17T04:49:59.387+0000] {dag.py:3954} INFO - Setting next_dagrun for example_xcom_args to None, run_after=None
[2026-05-17T04:49:59.390+0000] {logging_mixin.py:188} INFO - [2026-05-17T04:49:59.390+0000] {dag.py:3954} INFO - Setting next_dagrun for example_xcom_args_with_operators to None, run_after=None
[2026-05-17T04:49:59.401+0000] {processor.py:183} INFO - Processing /home/airflow/.local/lib/python3.12/site-packages/airflow/example_dags/example_xcomargs.py took 0.051 seconds
[2026-05-17T04:50:29.979+0000] {processor.py:161} INFO - Started process (PID=862) to work on /home/airflow/.local/lib/python3.12/site-packages/airflow/example_dags/example_xcomargs.py
[2026-05-17T04:50:29.980+0000] {processor.py:830} INFO - Processing file /home/airflow/.local/lib/python3.12/site-packages/airflow/example_dags/example_xcomargs.py for tasks to queue
[2026-05-17T04:50:29.982+0000] {logging_mixin.py:188} INFO - [2026-05-17T04:50:29.981+0000] {dagbag.py:545} INFO - Filling up the DagBag from /home/airflow/.local/lib/python3.12/site-packages/airflow/example_dags/example_xcomargs.py
[2026-05-17T04:50:29.990+0000] {processor.py:840} INFO - DAG(s) 'example_xcom_args', 'example_xcom_args_with_operators' retrieved from /home/airflow/.local/lib/python3.12/site-packages/airflow/example_dags/example_xcomargs.py
[2026-05-17T04:50:30.012+0000] {logging_mixin.py:188} INFO - [2026-05-17T04:50:30.011+0000] {dag.py:3096} INFO - Sync 2 DAGs
[2026-05-17T04:50:30.023+0000] {logging_mixin.py:188} INFO - [2026-05-17T04:50:30.023+0000] {dag.py:3954} INFO - Setting next_dagrun for example_xcom_args to None, run_after=None
[2026-05-17T04:50:30.027+0000] {logging_mixin.py:188} INFO - [2026-05-17T04:50:30.027+0000] {dag.py:3954} INFO - Setting next_dagrun for example_xcom_args_with_operators to None, run_after=None
[2026-05-17T04:50:30.039+0000] {processor.py:183} INFO - Processing /home/airflow/.local/lib/python3.12/site-packages/airflow/example_dags/example_xcomargs.py took 0.066 seconds
[2026-05-17T04:51:00.652+0000] {processor.py:161} INFO - Started process (PID=921) to work on /home/airflow/.local/lib/python3.12/site-packages/airflow/example_dags/example_xcomargs.py
[2026-05-17T04:51:00.653+0000] {processor.py:830} INFO - Processing file /home/airflow/.local/lib/python3.12/site-packages/airflow/example_dags/example_xcomargs.py for tasks to queue
[2026-05-17T04:51:00.655+0000] {logging_mixin.py:188} INFO - [2026-05-17T04:51:00.654+0000] {dagbag.py:545} INFO - Filling up the DagBag from /home/airflow/.local/lib/python3.12/site-packages/airflow/example_dags/example_xcomargs.py
[2026-05-17T04:51:00.660+0000] {processor.py:840} INFO - DAG(s) 'example_xcom_args_with_operators', 'example_xcom_args' retrieved from /home/airflow/.local/lib/python3.12/site-packages/airflow/example_dags/example_xcomargs.py
[2026-05-17T04:51:00.675+0000] {logging_mixin.py:188} INFO - [2026-05-17T04:51:00.675+0000] {dag.py:3096} INFO - Sync 2 DAGs
[2026-05-17T04:51:00.683+0000] {logging_mixin.py:188} INFO - [2026-05-17T04:51:00.683+0000] {dag.py:3954} INFO - Setting next_dagrun for example_xcom_args to None, run_after=None
[2026-05-17T04:51:00.686+0000] {logging_mixin.py:188} INFO - [2026-05-17T04:51:00.686+0000] {dag.py:3954} INFO - Setting next_dagrun for example_xcom_args_with_operators to None, run_after=None
[2026-05-17T04:51:00.697+0000] {processor.py:183} INFO - Processing /home/airflow/.local/lib/python3.12/site-packages/airflow/example_dags/example_xcomargs.py took 0.050 seconds
[2026-05-17T04:52:12.032+0000] {processor.py:161} INFO - Started process (PID=89) to work on /home/airflow/.local/lib/python3.12/site-packages/airflow/example_dags/example_xcomargs.py
[2026-05-17T04:52:12.033+0000] {processor.py:830} INFO - Processing file /home/airflow/.local/lib/python3.12/site-packages/airflow/example_dags/example_xcomargs.py for tasks to queue
[2026-05-17T04:52:12.035+0000] {logging_mixin.py:188} INFO - [2026-05-17T04:52:12.034+0000] {dagbag.py:545} INFO - Filling up the DagBag from /home/airflow/.local/lib/python3.12/site-packages/airflow/example_dags/example_xcomargs.py
[2026-05-17T04:52:12.054+0000] {processor.py:840} INFO - DAG(s) 'example_xcom_args_with_operators', 'example_xcom_args' retrieved from /home/airflow/.local/lib/python3.12/site-packages/airflow/example_dags/example_xcomargs.py
[2026-05-17T04:52:12.082+0000] {logging_mixin.py:188} INFO - [2026-05-17T04:52:12.081+0000] {dag.py:3096} INFO - Sync 2 DAGs
[2026-05-17T04:52:12.108+0000] {logging_mixin.py:188} INFO - [2026-05-17T04:52:12.107+0000] {dag.py:3954} INFO - Setting next_dagrun for example_xcom_args to None, run_after=None
[2026-05-17T04:52:12.114+0000] {logging_mixin.py:188} INFO - [2026-05-17T04:52:12.113+0000] {dag.py:3954} INFO - Setting next_dagrun for example_xcom_args_with_operators to None, run_after=None
[2026-05-17T04:52:12.144+0000] {processor.py:183} INFO - Processing /home/airflow/.local/lib/python3.12/site-packages/airflow/example_dags/example_xcomargs.py took 0.118 seconds
[2026-05-17T04:52:42.551+0000] {processor.py:161} INFO - Started process (PID=148) to work on /home/airflow/.local/lib/python3.12/site-packages/airflow/example_dags/example_xcomargs.py
[2026-05-17T04:52:42.552+0000] {processor.py:830} INFO - Processing file /home/airflow/.local/lib/python3.12/site-packages/airflow/example_dags/example_xcomargs.py for tasks to queue
[2026-05-17T04:52:42.554+0000] {logging_mixin.py:188} INFO - [2026-05-17T04:52:42.554+0000] {dagbag.py:545} INFO - Filling up the DagBag from /home/airflow/.local/lib/python3.12/site-packages/airflow/example_dags/example_xcomargs.py
[2026-05-17T04:52:42.564+0000] {processor.py:840} INFO - DAG(s) 'example_xcom_args_with_operators', 'example_xcom_args' retrieved from /home/airflow/.local/lib/python3.12/site-packages/airflow/example_dags/example_xcomargs.py
[2026-05-17T04:52:42.661+0000] {logging_mixin.py:188} INFO - [2026-05-17T04:52:42.661+0000] {dag.py:3096} INFO - Sync 2 DAGs
[2026-05-17T04:52:42.668+0000] {logging_mixin.py:188} INFO - [2026-05-17T04:52:42.668+0000] {dag.py:3954} INFO - Setting next_dagrun for example_xcom_args to None, run_after=None
[2026-05-17T04:52:42.671+0000] {logging_mixin.py:188} INFO - [2026-05-17T04:52:42.670+0000] {dag.py:3954} INFO - Setting next_dagrun for example_xcom_args_with_operators to None, run_after=None
[2026-05-17T04:52:42.694+0000] {processor.py:183} INFO - Processing /home/airflow/.local/lib/python3.12/site-packages/airflow/example_dags/example_xcomargs.py took 0.150 seconds
[2026-05-17T04:53:13.232+0000] {processor.py:161} INFO - Started process (PID=213) to work on /home/airflow/.local/lib/python3.12/site-packages/airflow/example_dags/example_xcomargs.py
[2026-05-17T04:53:13.233+0000] {processor.py:830} INFO - Processing file /home/airflow/.local/lib/python3.12/site-packages/airflow/example_dags/example_xcomargs.py for tasks to queue
[2026-05-17T04:53:13.235+0000] {logging_mixin.py:188} INFO - [2026-05-17T04:53:13.234+0000] {dagbag.py:545} INFO - Filling up the DagBag from /home/airflow/.local/lib/python3.12/site-packages/airflow/example_dags/example_xcomargs.py
[2026-05-17T04:53:13.242+0000] {processor.py:840} INFO - DAG(s) 'example_xcom_args_with_operators', 'example_xcom_args' retrieved from /home/airflow/.local/lib/python3.12/site-packages/airflow/example_dags/example_xcomargs.py
[2026-05-17T04:53:13.263+0000] {logging_mixin.py:188} INFO - [2026-05-17T04:53:13.263+0000] {dag.py:3096} INFO - Sync 2 DAGs
[2026-05-17T04:53:13.274+0000] {logging_mixin.py:188} INFO - [2026-05-17T04:53:13.274+0000] {dag.py:3954} INFO - Setting next_dagrun for example_xcom_args to None, run_after=None
[2026-05-17T04:53:13.278+0000] {logging_mixin.py:188} INFO - [2026-05-17T04:53:13.278+0000] {dag.py:3954} INFO - Setting next_dagrun for example_xcom_args_with_operators to None, run_after=None
[2026-05-17T04:53:13.314+0000] {processor.py:183} INFO - Processing /home/airflow/.local/lib/python3.12/site-packages/airflow/example_dags/example_xcomargs.py took 0.087 seconds
[2026-05-17T04:53:43.432+0000] {processor.py:161} INFO - Started process (PID=272) to work on /home/airflow/.local/lib/python3.12/site-packages/airflow/example_dags/example_xcomargs.py
[2026-05-17T04:53:43.433+0000] {processor.py:830} INFO - Processing file /home/airflow/.local/lib/python3.12/site-packages/airflow/example_dags/example_xcomargs.py for tasks to queue
[2026-05-17T04:53:43.434+0000] {logging_mixin.py:188} INFO - [2026-05-17T04:53:43.434+0000] {dagbag.py:545} INFO - Filling up the DagBag from /home/airflow/.local/lib/python3.12/site-packages/airflow/example_dags/example_xcomargs.py
[2026-05-17T04:53:43.441+0000] {processor.py:840} INFO - DAG(s) 'example_xcom_args', 'example_xcom_args_with_operators' retrieved from /home/airflow/.local/lib/python3.12/site-packages/airflow/example_dags/example_xcomargs.py
[2026-05-17T04:53:43.459+0000] {logging_mixin.py:188} INFO - [2026-05-17T04:53:43.459+0000] {dag.py:3096} INFO - Sync 2 DAGs
[2026-05-17T04:53:43.469+0000] {logging_mixin.py:188} INFO - [2026-05-17T04:53:43.469+0000] {dag.py:3954} INFO - Setting next_dagrun for example_xcom_args to None, run_after=None
[2026-05-17T04:53:43.472+0000] {logging_mixin.py:188} INFO - [2026-05-17T04:53:43.472+0000] {dag.py:3954} INFO - Setting next_dagrun for example_xcom_args_with_operators to None, run_after=None
[2026-05-17T04:53:43.492+0000] {processor.py:183} INFO - Processing /home/airflow/.local/lib/python3.12/site-packages/airflow/example_dags/example_xcomargs.py took 0.065 seconds
[2026-05-17T04:54:13.756+0000] {processor.py:161} INFO - Started process (PID=331) to work on /home/airflow/.local/lib/python3.12/site-packages/airflow/example_dags/example_xcomargs.py
[2026-05-17T04:54:13.757+0000] {processor.py:830} INFO - Processing file /home/airflow/.local/lib/python3.12/site-packages/airflow/example_dags/example_xcomargs.py for tasks to queue
[2026-05-17T04:54:13.758+0000] {logging_mixin.py:188} INFO - [2026-05-17T04:54:13.758+0000] {dagbag.py:545} INFO - Filling up the DagBag from /home/airflow/.local/lib/python3.12/site-packages/airflow/example_dags/example_xcomargs.py
[2026-05-17T04:54:13.765+0000] {processor.py:840} INFO - DAG(s) 'example_xcom_args_with_operators', 'example_xcom_args' retrieved from /home/airflow/.local/lib/python3.12/site-packages/airflow/example_dags/example_xcomargs.py
[2026-05-17T04:54:13.784+0000] {logging_mixin.py:188} INFO - [2026-05-17T04:54:13.783+0000] {dag.py:3096} INFO - Sync 2 DAGs
[2026-05-17T04:54:13.793+0000] {logging_mixin.py:188} INFO - [2026-05-17T04:54:13.793+0000] {dag.py:3954} INFO - Setting next_dagrun for example_xcom_args to None, run_after=None
[2026-05-17T04:54:13.795+0000] {logging_mixin.py:188} INFO - [2026-05-17T04:54:13.795+0000] {dag.py:3954} INFO - Setting next_dagrun for example_xcom_args_with_operators to None, run_after=None
[2026-05-17T04:54:13.807+0000] {processor.py:183} INFO - Processing /home/airflow/.local/lib/python3.12/site-packages/airflow/example_dags/example_xcomargs.py took 0.057 seconds
[2026-05-17T04:54:44.036+0000] {processor.py:161} INFO - Started process (PID=390) to work on /home/airflow/.local/lib/python3.12/site-packages/airflow/example_dags/example_xcomargs.py
[2026-05-17T04:54:44.036+0000] {processor.py:830} INFO - Processing file /home/airflow/.local/lib/python3.12/site-packages/airflow/example_dags/example_xcomargs.py for tasks to queue
[2026-05-17T04:54:44.038+0000] {logging_mixin.py:188} INFO - [2026-05-17T04:54:44.038+0000] {dagbag.py:545} INFO - Filling up the DagBag from /home/airflow/.local/lib/python3.12/site-packages/airflow/example_dags/example_xcomargs.py
[2026-05-17T04:54:44.044+0000] {processor.py:840} INFO - DAG(s) 'example_xcom_args_with_operators', 'example_xcom_args' retrieved from /home/airflow/.local/lib/python3.12/site-packages/airflow/example_dags/example_xcomargs.py
[2026-05-17T04:54:44.066+0000] {logging_mixin.py:188} INFO - [2026-05-17T04:54:44.065+0000] {dag.py:3096} INFO - Sync 2 DAGs
[2026-05-17T04:54:44.078+0000] {logging_mixin.py:188} INFO - [2026-05-17T04:54:44.077+0000] {dag.py:3954} INFO - Setting next_dagrun for example_xcom_args to None, run_after=None
[2026-05-17T04:54:44.081+0000] {logging_mixin.py:188} INFO - [2026-05-17T04:54:44.081+0000] {dag.py:3954} INFO - Setting next_dagrun for example_xcom_args_with_operators to None, run_after=None
[2026-05-17T04:54:44.093+0000] {processor.py:183} INFO - Processing /home/airflow/.local/lib/python3.12/site-packages/airflow/example_dags/example_xcomargs.py took 0.061 seconds
[2026-05-17T04:55:14.166+0000] {processor.py:161} INFO - Started process (PID=449) to work on /home/airflow/.local/lib/python3.12/site-packages/airflow/example_dags/example_xcomargs.py
[2026-05-17T04:55:14.167+0000] {processor.py:830} INFO - Processing file /home/airflow/.local/lib/python3.12/site-packages/airflow/example_dags/example_xcomargs.py for tasks to queue
[2026-05-17T04:55:14.169+0000] {logging_mixin.py:188} INFO - [2026-05-17T04:55:14.169+0000] {dagbag.py:545} INFO - Filling up the DagBag from /home/airflow/.local/lib/python3.12/site-packages/airflow/example_dags/example_xcomargs.py
[2026-05-17T04:55:14.177+0000] {processor.py:840} INFO - DAG(s) 'example_xcom_args', 'example_xcom_args_with_operators' retrieved from /home/airflow/.local/lib/python3.12/site-packages/airflow/example_dags/example_xcomargs.py
[2026-05-17T04:55:14.211+0000] {logging_mixin.py:188} INFO - [2026-05-17T04:55:14.211+0000] {dag.py:3096} INFO - Sync 2 DAGs
[2026-05-17T04:55:14.225+0000] {logging_mixin.py:188} INFO - [2026-05-17T04:55:14.225+0000] {dag.py:3954} INFO - Setting next_dagrun for example_xcom_args to None, run_after=None
[2026-05-17T04:55:14.230+0000] {logging_mixin.py:188} INFO - [2026-05-17T04:55:14.229+0000] {dag.py:3954} INFO - Setting next_dagrun for example_xcom_args_with_operators to None, run_after=None
[2026-05-17T04:55:14.253+0000] {processor.py:183} INFO - Processing /home/airflow/.local/lib/python3.12/site-packages/airflow/example_dags/example_xcomargs.py took 0.092 seconds
[2026-05-17T04:55:44.766+0000] {processor.py:161} INFO - Started process (PID=508) to work on /home/airflow/.local/lib/python3.12/site-packages/airflow/example_dags/example_xcomargs.py
[2026-05-17T04:55:44.766+0000] {processor.py:830} INFO - Processing file /home/airflow/.local/lib/python3.12/site-packages/airflow/example_dags/example_xcomargs.py for tasks to queue
[2026-05-17T04:55:44.768+0000] {logging_mixin.py:188} INFO - [2026-05-17T04:55:44.768+0000] {dagbag.py:545} INFO - Filling up the DagBag from /home/airflow/.local/lib/python3.12/site-packages/airflow/example_dags/example_xcomargs.py
[2026-05-17T04:55:44.775+0000] {processor.py:840} INFO - DAG(s) 'example_xcom_args_with_operators', 'example_xcom_args' retrieved from /home/airflow/.local/lib/python3.12/site-packages/airflow/example_dags/example_xcomargs.py
[2026-05-17T04:55:44.792+0000] {logging_mixin.py:188} INFO - [2026-05-17T04:55:44.792+0000] {dag.py:3096} INFO - Sync 2 DAGs
[2026-05-17T04:55:44.808+0000] {logging_mixin.py:188} INFO - [2026-05-17T04:55:44.808+0000] {dag.py:3954} INFO - Setting next_dagrun for example_xcom_args to None, run_after=None
[2026-05-17T04:55:44.812+0000] {logging_mixin.py:188} INFO - [2026-05-17T04:55:44.812+0000] {dag.py:3954} INFO - Setting next_dagrun for example_xcom_args_with_operators to None, run_after=None
[2026-05-17T04:55:44.828+0000] {processor.py:183} INFO - Processing /home/airflow/.local/lib/python3.12/site-packages/airflow/example_dags/example_xcomargs.py took 0.069 seconds
[2026-05-17T04:56:16.197+0000] {processor.py:161} INFO - Started process (PID=567) to work on /home/airflow/.local/lib/python3.12/site-packages/airflow/example_dags/example_xcomargs.py
[2026-05-17T04:56:16.199+0000] {processor.py:830} INFO - Processing file /home/airflow/.local/lib/python3.12/site-packages/airflow/example_dags/example_xcomargs.py for tasks to queue
[2026-05-17T04:56:16.203+0000] {logging_mixin.py:188} INFO - [2026-05-17T04:56:16.202+0000] {dagbag.py:545} INFO - Filling up the DagBag from /home/airflow/.local/lib/python3.12/site-packages/airflow/example_dags/example_xcomargs.py
[2026-05-17T04:56:16.222+0000] {processor.py:840} INFO - DAG(s) 'example_xcom_args', 'example_xcom_args_with_operators' retrieved from /home/airflow/.local/lib/python3.12/site-packages/airflow/example_dags/example_xcomargs.py
[2026-05-17T04:56:16.297+0000] {logging_mixin.py:188} INFO - [2026-05-17T04:56:16.296+0000] {dag.py:3096} INFO - Sync 2 DAGs
[2026-05-17T04:56:16.321+0000] {logging_mixin.py:188} INFO - [2026-05-17T04:56:16.321+0000] {dag.py:3954} INFO - Setting next_dagrun for example_xcom_args to None, run_after=None
[2026-05-17T04:56:16.325+0000] {logging_mixin.py:188} INFO - [2026-05-17T04:56:16.325+0000] {dag.py:3954} INFO - Setting next_dagrun for example_xcom_args_with_operators to None, run_after=None
[2026-05-17T04:56:16.399+0000] {processor.py:183} INFO - Processing /home/airflow/.local/lib/python3.12/site-packages/airflow/example_dags/example_xcomargs.py took 0.213 seconds
[2026-05-17T04:56:46.701+0000] {processor.py:161} INFO - Started process (PID=626) to work on /home/airflow/.local/lib/python3.12/site-packages/airflow/example_dags/example_xcomargs.py
[2026-05-17T04:56:46.702+0000] {processor.py:830} INFO - Processing file /home/airflow/.local/lib/python3.12/site-packages/airflow/example_dags/example_xcomargs.py for tasks to queue
[2026-05-17T04:56:46.704+0000] {logging_mixin.py:188} INFO - [2026-05-17T04:56:46.704+0000] {dagbag.py:545} INFO - Filling up the DagBag from /home/airflow/.local/lib/python3.12/site-packages/airflow/example_dags/example_xcomargs.py
[2026-05-17T04:56:46.712+0000] {processor.py:840} INFO - DAG(s) 'example_xcom_args', 'example_xcom_args_with_operators' retrieved from /home/airflow/.local/lib/python3.12/site-packages/airflow/example_dags/example_xcomargs.py
[2026-05-17T04:56:46.733+0000] {logging_mixin.py:188} INFO - [2026-05-17T04:56:46.733+0000] {dag.py:3096} INFO - Sync 2 DAGs
[2026-05-17T04:56:46.743+0000] {logging_mixin.py:188} INFO - [2026-05-17T04:56:46.743+0000] {dag.py:3954} INFO - Setting next_dagrun for example_xcom_args to None, run_after=None
[2026-05-17T04:56:46.746+0000] {logging_mixin.py:188} INFO - [2026-05-17T04:56:46.746+0000] {dag.py:3954} INFO - Setting next_dagrun for example_xcom_args_with_operators to None, run_after=None
[2026-05-17T04:56:46.766+0000] {processor.py:183} INFO - Processing /home/airflow/.local/lib/python3.12/site-packages/airflow/example_dags/example_xcomargs.py took 0.070 seconds
[2026-05-17T04:57:18.174+0000] {processor.py:161} INFO - Started process (PID=685) to work on /home/airflow/.local/lib/python3.12/site-packages/airflow/example_dags/example_xcomargs.py
[2026-05-17T04:57:18.176+0000] {processor.py:830} INFO - Processing file /home/airflow/.local/lib/python3.12/site-packages/airflow/example_dags/example_xcomargs.py for tasks to queue
[2026-05-17T04:57:18.178+0000] {logging_mixin.py:188} INFO - [2026-05-17T04:57:18.178+0000] {dagbag.py:545} INFO - Filling up the DagBag from /home/airflow/.local/lib/python3.12/site-packages/airflow/example_dags/example_xcomargs.py
[2026-05-17T04:57:18.203+0000] {processor.py:840} INFO - DAG(s) 'example_xcom_args_with_operators', 'example_xcom_args' retrieved from /home/airflow/.local/lib/python3.12/site-packages/airflow/example_dags/example_xcomargs.py
[2026-05-17T04:57:18.255+0000] {logging_mixin.py:188} INFO - [2026-05-17T04:57:18.255+0000] {dag.py:3096} INFO - Sync 2 DAGs
[2026-05-17T04:57:18.285+0000] {logging_mixin.py:188} INFO - [2026-05-17T04:57:18.285+0000] {dag.py:3954} INFO - Setting next_dagrun for example_xcom_args to None, run_after=None
[2026-05-17T04:57:18.289+0000] {logging_mixin.py:188} INFO - [2026-05-17T04:57:18.289+0000] {dag.py:3954} INFO - Setting next_dagrun for example_xcom_args_with_operators to None, run_after=None
[2026-05-17T04:57:18.351+0000] {processor.py:183} INFO - Processing /home/airflow/.local/lib/python3.12/site-packages/airflow/example_dags/example_xcomargs.py took 0.189 seconds
[2026-05-17T04:57:48.684+0000] {processor.py:161} INFO - Started process (PID=744) to work on /home/airflow/.local/lib/python3.12/site-packages/airflow/example_dags/example_xcomargs.py
[2026-05-17T04:57:48.685+0000] {processor.py:830} INFO - Processing file /home/airflow/.local/lib/python3.12/site-packages/airflow/example_dags/example_xcomargs.py for tasks to queue
[2026-05-17T04:57:48.687+0000] {logging_mixin.py:188} INFO - [2026-05-17T04:57:48.687+0000] {dagbag.py:545} INFO - Filling up the DagBag from /home/airflow/.local/lib/python3.12/site-packages/airflow/example_dags/example_xcomargs.py
[2026-05-17T04:57:48.694+0000] {processor.py:840} INFO - DAG(s) 'example_xcom_args_with_operators', 'example_xcom_args' retrieved from /home/airflow/.local/lib/python3.12/site-packages/airflow/example_dags/example_xcomargs.py
[2026-05-17T04:57:48.718+0000] {logging_mixin.py:188} INFO - [2026-05-17T04:57:48.717+0000] {dag.py:3096} INFO - Sync 2 DAGs
[2026-05-17T04:57:48.729+0000] {logging_mixin.py:188} INFO - [2026-05-17T04:57:48.729+0000] {dag.py:3954} INFO - Setting next_dagrun for example_xcom_args to None, run_after=None
[2026-05-17T04:57:48.732+0000] {logging_mixin.py:188} INFO - [2026-05-17T04:57:48.732+0000] {dag.py:3954} INFO - Setting next_dagrun for example_xcom_args_with_operators to None, run_after=None
[2026-05-17T04:57:48.745+0000] {processor.py:183} INFO - Processing /home/airflow/.local/lib/python3.12/site-packages/airflow/example_dags/example_xcomargs.py took 0.066 seconds
[2026-05-17T04:58:19.830+0000] {processor.py:161} INFO - Started process (PID=803) to work on /home/airflow/.local/lib/python3.12/site-packages/airflow/example_dags/example_xcomargs.py
[2026-05-17T04:58:19.831+0000] {processor.py:830} INFO - Processing file /home/airflow/.local/lib/python3.12/site-packages/airflow/example_dags/example_xcomargs.py for tasks to queue
[2026-05-17T04:58:19.832+0000] {logging_mixin.py:188} INFO - [2026-05-17T04:58:19.832+0000] {dagbag.py:545} INFO - Filling up the DagBag from /home/airflow/.local/lib/python3.12/site-packages/airflow/example_dags/example_xcomargs.py
[2026-05-17T04:58:19.839+0000] {processor.py:840} INFO - DAG(s) 'example_xcom_args', 'example_xcom_args_with_operators' retrieved from /home/airflow/.local/lib/python3.12/site-packages/airflow/example_dags/example_xcomargs.py
[2026-05-17T04:58:19.866+0000] {logging_mixin.py:188} INFO - [2026-05-17T04:58:19.866+0000] {dag.py:3096} INFO - Sync 2 DAGs
[2026-05-17T04:58:19.875+0000] {logging_mixin.py:188} INFO - [2026-05-17T04:58:19.875+0000] {dag.py:3954} INFO - Setting next_dagrun for example_xcom_args to None, run_after=None
[2026-05-17T04:58:19.878+0000] {logging_mixin.py:188} INFO - [2026-05-17T04:58:19.878+0000] {dag.py:3954} INFO - Setting next_dagrun for example_xcom_args_with_operators to None, run_after=None
[2026-05-17T04:58:20.034+0000] {processor.py:183} INFO - Processing /home/airflow/.local/lib/python3.12/site-packages/airflow/example_dags/example_xcomargs.py took 0.209 seconds
[2026-05-17T05:00:23.617+0000] {processor.py:161} INFO - Started process (PID=83) to work on /home/airflow/.local/lib/python3.12/site-packages/airflow/example_dags/example_xcomargs.py
[2026-05-17T05:00:23.619+0000] {processor.py:830} INFO - Processing file /home/airflow/.local/lib/python3.12/site-packages/airflow/example_dags/example_xcomargs.py for tasks to queue
[2026-05-17T05:00:23.622+0000] {logging_mixin.py:188} INFO - [2026-05-17T05:00:23.621+0000] {dagbag.py:545} INFO - Filling up the DagBag from /home/airflow/.local/lib/python3.12/site-packages/airflow/example_dags/example_xcomargs.py
[2026-05-17T05:00:23.630+0000] {processor.py:840} INFO - DAG(s) 'example_xcom_args_with_operators', 'example_xcom_args' retrieved from /home/airflow/.local/lib/python3.12/site-packages/airflow/example_dags/example_xcomargs.py
[2026-05-17T05:00:23.649+0000] {logging_mixin.py:188} INFO - [2026-05-17T05:00:23.649+0000] {dag.py:3096} INFO - Sync 2 DAGs
[2026-05-17T05:00:23.665+0000] {logging_mixin.py:188} INFO - [2026-05-17T05:00:23.665+0000] {dag.py:3954} INFO - Setting next_dagrun for example_xcom_args to None, run_after=None
[2026-05-17T05:00:23.669+0000] {logging_mixin.py:188} INFO - [2026-05-17T05:00:23.669+0000] {dag.py:3954} INFO - Setting next_dagrun for example_xcom_args_with_operators to None, run_after=None
[2026-05-17T05:00:23.683+0000] {processor.py:183} INFO - Processing /home/airflow/.local/lib/python3.12/site-packages/airflow/example_dags/example_xcomargs.py took 0.071 seconds
