[2026-05-17T04:43:50.258+0000] {processor.py:161} INFO - Started process (PID=72) to work on /home/airflow/.local/lib/python3.12/site-packages/airflow/example_dags/example_short_circuit_operator.py
[2026-05-17T04:43:50.260+0000] {processor.py:830} INFO - Processing file /home/airflow/.local/lib/python3.12/site-packages/airflow/example_dags/example_short_circuit_operator.py for tasks to queue
[2026-05-17T04:43:50.263+0000] {logging_mixin.py:188} INFO - [2026-05-17T04:43:50.262+0000] {dagbag.py:545} INFO - Filling up the DagBag from /home/airflow/.local/lib/python3.12/site-packages/airflow/example_dags/example_short_circuit_operator.py
[2026-05-17T04:43:50.288+0000] {processor.py:840} INFO - DAG(s) 'example_short_circuit_operator' retrieved from /home/airflow/.local/lib/python3.12/site-packages/airflow/example_dags/example_short_circuit_operator.py
[2026-05-17T04:43:50.322+0000] {logging_mixin.py:188} INFO - [2026-05-17T04:43:50.321+0000] {dag.py:3096} INFO - Sync 1 DAGs
[2026-05-17T04:43:50.369+0000] {logging_mixin.py:188} INFO - [2026-05-17T04:43:50.368+0000] {dag.py:3954} INFO - Setting next_dagrun for example_short_circuit_operator to 2026-05-16 00:00:00+00:00, run_after=2026-05-17 00:00:00+00:00
[2026-05-17T04:43:50.417+0000] {processor.py:183} INFO - Processing /home/airflow/.local/lib/python3.12/site-packages/airflow/example_dags/example_short_circuit_operator.py took 0.179 seconds
[2026-05-17T04:44:20.830+0000] {processor.py:161} INFO - Started process (PID=131) to work on /home/airflow/.local/lib/python3.12/site-packages/airflow/example_dags/example_short_circuit_operator.py
[2026-05-17T04:44:20.833+0000] {processor.py:830} INFO - Processing file /home/airflow/.local/lib/python3.12/site-packages/airflow/example_dags/example_short_circuit_operator.py for tasks to queue
[2026-05-17T04:44:20.835+0000] {logging_mixin.py:188} INFO - [2026-05-17T04:44:20.835+0000] {dagbag.py:545} INFO - Filling up the DagBag from /home/airflow/.local/lib/python3.12/site-packages/airflow/example_dags/example_short_circuit_operator.py
[2026-05-17T04:44:20.841+0000] {processor.py:840} INFO - DAG(s) 'example_short_circuit_operator' retrieved from /home/airflow/.local/lib/python3.12/site-packages/airflow/example_dags/example_short_circuit_operator.py
[2026-05-17T04:44:20.921+0000] {logging_mixin.py:188} INFO - [2026-05-17T04:44:20.921+0000] {dag.py:3096} INFO - Sync 1 DAGs
[2026-05-17T04:44:20.938+0000] {logging_mixin.py:188} INFO - [2026-05-17T04:44:20.937+0000] {dag.py:3954} INFO - Setting next_dagrun for example_short_circuit_operator to 2026-05-16 00:00:00+00:00, run_after=2026-05-17 00:00:00+00:00
[2026-05-17T04:44:20.953+0000] {processor.py:183} INFO - Processing /home/airflow/.local/lib/python3.12/site-packages/airflow/example_dags/example_short_circuit_operator.py took 0.128 seconds
[2026-05-17T04:44:51.605+0000] {processor.py:161} INFO - Started process (PID=190) to work on /home/airflow/.local/lib/python3.12/site-packages/airflow/example_dags/example_short_circuit_operator.py
[2026-05-17T04:44:51.606+0000] {processor.py:830} INFO - Processing file /home/airflow/.local/lib/python3.12/site-packages/airflow/example_dags/example_short_circuit_operator.py for tasks to queue
[2026-05-17T04:44:51.607+0000] {logging_mixin.py:188} INFO - [2026-05-17T04:44:51.607+0000] {dagbag.py:545} INFO - Filling up the DagBag from /home/airflow/.local/lib/python3.12/site-packages/airflow/example_dags/example_short_circuit_operator.py
[2026-05-17T04:44:51.613+0000] {processor.py:840} INFO - DAG(s) 'example_short_circuit_operator' retrieved from /home/airflow/.local/lib/python3.12/site-packages/airflow/example_dags/example_short_circuit_operator.py
[2026-05-17T04:44:51.632+0000] {logging_mixin.py:188} INFO - [2026-05-17T04:44:51.631+0000] {dag.py:3096} INFO - Sync 1 DAGs
[2026-05-17T04:44:51.648+0000] {logging_mixin.py:188} INFO - [2026-05-17T04:44:51.647+0000] {dag.py:3954} INFO - Setting next_dagrun for example_short_circuit_operator to 2026-05-16 00:00:00+00:00, run_after=2026-05-17 00:00:00+00:00
[2026-05-17T04:44:51.662+0000] {processor.py:183} INFO - Processing /home/airflow/.local/lib/python3.12/site-packages/airflow/example_dags/example_short_circuit_operator.py took 0.062 seconds
[2026-05-17T04:45:21.690+0000] {processor.py:161} INFO - Started process (PID=249) to work on /home/airflow/.local/lib/python3.12/site-packages/airflow/example_dags/example_short_circuit_operator.py
[2026-05-17T04:45:21.691+0000] {processor.py:830} INFO - Processing file /home/airflow/.local/lib/python3.12/site-packages/airflow/example_dags/example_short_circuit_operator.py for tasks to queue
[2026-05-17T04:45:21.692+0000] {logging_mixin.py:188} INFO - [2026-05-17T04:45:21.692+0000] {dagbag.py:545} INFO - Filling up the DagBag from /home/airflow/.local/lib/python3.12/site-packages/airflow/example_dags/example_short_circuit_operator.py
[2026-05-17T04:45:21.697+0000] {processor.py:840} INFO - DAG(s) 'example_short_circuit_operator' retrieved from /home/airflow/.local/lib/python3.12/site-packages/airflow/example_dags/example_short_circuit_operator.py
[2026-05-17T04:45:21.714+0000] {logging_mixin.py:188} INFO - [2026-05-17T04:45:21.714+0000] {dag.py:3096} INFO - Sync 1 DAGs
[2026-05-17T04:45:21.728+0000] {logging_mixin.py:188} INFO - [2026-05-17T04:45:21.727+0000] {dag.py:3954} INFO - Setting next_dagrun for example_short_circuit_operator to 2026-05-16 00:00:00+00:00, run_after=2026-05-17 00:00:00+00:00
[2026-05-17T04:45:21.738+0000] {processor.py:183} INFO - Processing /home/airflow/.local/lib/python3.12/site-packages/airflow/example_dags/example_short_circuit_operator.py took 0.053 seconds
[2026-05-17T04:45:52.359+0000] {processor.py:161} INFO - Started process (PID=314) to work on /home/airflow/.local/lib/python3.12/site-packages/airflow/example_dags/example_short_circuit_operator.py
[2026-05-17T04:45:52.360+0000] {processor.py:830} INFO - Processing file /home/airflow/.local/lib/python3.12/site-packages/airflow/example_dags/example_short_circuit_operator.py for tasks to queue
[2026-05-17T04:45:52.362+0000] {logging_mixin.py:188} INFO - [2026-05-17T04:45:52.361+0000] {dagbag.py:545} INFO - Filling up the DagBag from /home/airflow/.local/lib/python3.12/site-packages/airflow/example_dags/example_short_circuit_operator.py
[2026-05-17T04:45:52.366+0000] {processor.py:840} INFO - DAG(s) 'example_short_circuit_operator' retrieved from /home/airflow/.local/lib/python3.12/site-packages/airflow/example_dags/example_short_circuit_operator.py
[2026-05-17T04:45:52.381+0000] {logging_mixin.py:188} INFO - [2026-05-17T04:45:52.381+0000] {dag.py:3096} INFO - Sync 1 DAGs
[2026-05-17T04:45:52.395+0000] {logging_mixin.py:188} INFO - [2026-05-17T04:45:52.395+0000] {dag.py:3954} INFO - Setting next_dagrun for example_short_circuit_operator to 2026-05-16 00:00:00+00:00, run_after=2026-05-17 00:00:00+00:00
[2026-05-17T04:45:52.406+0000] {processor.py:183} INFO - Processing /home/airflow/.local/lib/python3.12/site-packages/airflow/example_dags/example_short_circuit_operator.py took 0.051 seconds
[2026-05-17T04:46:22.945+0000] {processor.py:161} INFO - Started process (PID=373) to work on /home/airflow/.local/lib/python3.12/site-packages/airflow/example_dags/example_short_circuit_operator.py
[2026-05-17T04:46:22.946+0000] {processor.py:830} INFO - Processing file /home/airflow/.local/lib/python3.12/site-packages/airflow/example_dags/example_short_circuit_operator.py for tasks to queue
[2026-05-17T04:46:22.947+0000] {logging_mixin.py:188} INFO - [2026-05-17T04:46:22.947+0000] {dagbag.py:545} INFO - Filling up the DagBag from /home/airflow/.local/lib/python3.12/site-packages/airflow/example_dags/example_short_circuit_operator.py
[2026-05-17T04:46:22.953+0000] {processor.py:840} INFO - DAG(s) 'example_short_circuit_operator' retrieved from /home/airflow/.local/lib/python3.12/site-packages/airflow/example_dags/example_short_circuit_operator.py
[2026-05-17T04:46:22.968+0000] {logging_mixin.py:188} INFO - [2026-05-17T04:46:22.968+0000] {dag.py:3096} INFO - Sync 1 DAGs
[2026-05-17T04:46:22.982+0000] {logging_mixin.py:188} INFO - [2026-05-17T04:46:22.981+0000] {dag.py:3954} INFO - Setting next_dagrun for example_short_circuit_operator to 2026-05-16 00:00:00+00:00, run_after=2026-05-17 00:00:00+00:00
[2026-05-17T04:46:22.993+0000] {processor.py:183} INFO - Processing /home/airflow/.local/lib/python3.12/site-packages/airflow/example_dags/example_short_circuit_operator.py took 0.052 seconds
[2026-05-17T04:46:53.324+0000] {processor.py:161} INFO - Started process (PID=432) to work on /home/airflow/.local/lib/python3.12/site-packages/airflow/example_dags/example_short_circuit_operator.py
[2026-05-17T04:46:53.324+0000] {processor.py:830} INFO - Processing file /home/airflow/.local/lib/python3.12/site-packages/airflow/example_dags/example_short_circuit_operator.py for tasks to queue
[2026-05-17T04:46:53.326+0000] {logging_mixin.py:188} INFO - [2026-05-17T04:46:53.326+0000] {dagbag.py:545} INFO - Filling up the DagBag from /home/airflow/.local/lib/python3.12/site-packages/airflow/example_dags/example_short_circuit_operator.py
[2026-05-17T04:46:53.331+0000] {processor.py:840} INFO - DAG(s) 'example_short_circuit_operator' retrieved from /home/airflow/.local/lib/python3.12/site-packages/airflow/example_dags/example_short_circuit_operator.py
[2026-05-17T04:46:53.346+0000] {logging_mixin.py:188} INFO - [2026-05-17T04:46:53.346+0000] {dag.py:3096} INFO - Sync 1 DAGs
[2026-05-17T04:46:53.360+0000] {logging_mixin.py:188} INFO - [2026-05-17T04:46:53.360+0000] {dag.py:3954} INFO - Setting next_dagrun for example_short_circuit_operator to 2026-05-16 00:00:00+00:00, run_after=2026-05-17 00:00:00+00:00
[2026-05-17T04:46:53.371+0000] {processor.py:183} INFO - Processing /home/airflow/.local/lib/python3.12/site-packages/airflow/example_dags/example_short_circuit_operator.py took 0.052 seconds
[2026-05-17T04:47:23.867+0000] {processor.py:161} INFO - Started process (PID=491) to work on /home/airflow/.local/lib/python3.12/site-packages/airflow/example_dags/example_short_circuit_operator.py
[2026-05-17T04:47:23.868+0000] {processor.py:830} INFO - Processing file /home/airflow/.local/lib/python3.12/site-packages/airflow/example_dags/example_short_circuit_operator.py for tasks to queue
[2026-05-17T04:47:23.870+0000] {logging_mixin.py:188} INFO - [2026-05-17T04:47:23.869+0000] {dagbag.py:545} INFO - Filling up the DagBag from /home/airflow/.local/lib/python3.12/site-packages/airflow/example_dags/example_short_circuit_operator.py
[2026-05-17T04:47:23.876+0000] {processor.py:840} INFO - DAG(s) 'example_short_circuit_operator' retrieved from /home/airflow/.local/lib/python3.12/site-packages/airflow/example_dags/example_short_circuit_operator.py
[2026-05-17T04:47:23.894+0000] {logging_mixin.py:188} INFO - [2026-05-17T04:47:23.894+0000] {dag.py:3096} INFO - Sync 1 DAGs
[2026-05-17T04:47:23.909+0000] {logging_mixin.py:188} INFO - [2026-05-17T04:47:23.909+0000] {dag.py:3954} INFO - Setting next_dagrun for example_short_circuit_operator to 2026-05-16 00:00:00+00:00, run_after=2026-05-17 00:00:00+00:00
[2026-05-17T04:47:23.924+0000] {processor.py:183} INFO - Processing /home/airflow/.local/lib/python3.12/site-packages/airflow/example_dags/example_short_circuit_operator.py took 0.061 seconds
[2026-05-17T04:47:54.248+0000] {processor.py:161} INFO - Started process (PID=550) to work on /home/airflow/.local/lib/python3.12/site-packages/airflow/example_dags/example_short_circuit_operator.py
[2026-05-17T04:47:54.249+0000] {processor.py:830} INFO - Processing file /home/airflow/.local/lib/python3.12/site-packages/airflow/example_dags/example_short_circuit_operator.py for tasks to queue
[2026-05-17T04:47:54.251+0000] {logging_mixin.py:188} INFO - [2026-05-17T04:47:54.251+0000] {dagbag.py:545} INFO - Filling up the DagBag from /home/airflow/.local/lib/python3.12/site-packages/airflow/example_dags/example_short_circuit_operator.py
[2026-05-17T04:47:54.256+0000] {processor.py:840} INFO - DAG(s) 'example_short_circuit_operator' retrieved from /home/airflow/.local/lib/python3.12/site-packages/airflow/example_dags/example_short_circuit_operator.py
[2026-05-17T04:47:54.273+0000] {logging_mixin.py:188} INFO - [2026-05-17T04:47:54.273+0000] {dag.py:3096} INFO - Sync 1 DAGs
[2026-05-17T04:47:54.287+0000] {logging_mixin.py:188} INFO - [2026-05-17T04:47:54.287+0000] {dag.py:3954} INFO - Setting next_dagrun for example_short_circuit_operator to 2026-05-16 00:00:00+00:00, run_after=2026-05-17 00:00:00+00:00
[2026-05-17T04:47:54.299+0000] {processor.py:183} INFO - Processing /home/airflow/.local/lib/python3.12/site-packages/airflow/example_dags/example_short_circuit_operator.py took 0.055 seconds
[2026-05-17T04:48:24.896+0000] {processor.py:161} INFO - Started process (PID=609) to work on /home/airflow/.local/lib/python3.12/site-packages/airflow/example_dags/example_short_circuit_operator.py
[2026-05-17T04:48:24.897+0000] {processor.py:830} INFO - Processing file /home/airflow/.local/lib/python3.12/site-packages/airflow/example_dags/example_short_circuit_operator.py for tasks to queue
[2026-05-17T04:48:24.898+0000] {logging_mixin.py:188} INFO - [2026-05-17T04:48:24.898+0000] {dagbag.py:545} INFO - Filling up the DagBag from /home/airflow/.local/lib/python3.12/site-packages/airflow/example_dags/example_short_circuit_operator.py
[2026-05-17T04:48:24.903+0000] {processor.py:840} INFO - DAG(s) 'example_short_circuit_operator' retrieved from /home/airflow/.local/lib/python3.12/site-packages/airflow/example_dags/example_short_circuit_operator.py
[2026-05-17T04:48:24.918+0000] {logging_mixin.py:188} INFO - [2026-05-17T04:48:24.918+0000] {dag.py:3096} INFO - Sync 1 DAGs
[2026-05-17T04:48:24.933+0000] {logging_mixin.py:188} INFO - [2026-05-17T04:48:24.933+0000] {dag.py:3954} INFO - Setting next_dagrun for example_short_circuit_operator to 2026-05-16 00:00:00+00:00, run_after=2026-05-17 00:00:00+00:00
[2026-05-17T04:48:24.947+0000] {processor.py:183} INFO - Processing /home/airflow/.local/lib/python3.12/site-packages/airflow/example_dags/example_short_circuit_operator.py took 0.056 seconds
[2026-05-17T04:48:55.314+0000] {processor.py:161} INFO - Started process (PID=668) to work on /home/airflow/.local/lib/python3.12/site-packages/airflow/example_dags/example_short_circuit_operator.py
[2026-05-17T04:48:55.315+0000] {processor.py:830} INFO - Processing file /home/airflow/.local/lib/python3.12/site-packages/airflow/example_dags/example_short_circuit_operator.py for tasks to queue
[2026-05-17T04:48:55.316+0000] {logging_mixin.py:188} INFO - [2026-05-17T04:48:55.316+0000] {dagbag.py:545} INFO - Filling up the DagBag from /home/airflow/.local/lib/python3.12/site-packages/airflow/example_dags/example_short_circuit_operator.py
[2026-05-17T04:48:55.321+0000] {processor.py:840} INFO - DAG(s) 'example_short_circuit_operator' retrieved from /home/airflow/.local/lib/python3.12/site-packages/airflow/example_dags/example_short_circuit_operator.py
[2026-05-17T04:48:55.336+0000] {logging_mixin.py:188} INFO - [2026-05-17T04:48:55.336+0000] {dag.py:3096} INFO - Sync 1 DAGs
[2026-05-17T04:48:55.352+0000] {logging_mixin.py:188} INFO - [2026-05-17T04:48:55.352+0000] {dag.py:3954} INFO - Setting next_dagrun for example_short_circuit_operator to 2026-05-16 00:00:00+00:00, run_after=2026-05-17 00:00:00+00:00
[2026-05-17T04:48:55.365+0000] {processor.py:183} INFO - Processing /home/airflow/.local/lib/python3.12/site-packages/airflow/example_dags/example_short_circuit_operator.py took 0.055 seconds
[2026-05-17T04:49:26.068+0000] {processor.py:161} INFO - Started process (PID=727) to work on /home/airflow/.local/lib/python3.12/site-packages/airflow/example_dags/example_short_circuit_operator.py
[2026-05-17T04:49:26.069+0000] {processor.py:830} INFO - Processing file /home/airflow/.local/lib/python3.12/site-packages/airflow/example_dags/example_short_circuit_operator.py for tasks to queue
[2026-05-17T04:49:26.071+0000] {logging_mixin.py:188} INFO - [2026-05-17T04:49:26.070+0000] {dagbag.py:545} INFO - Filling up the DagBag from /home/airflow/.local/lib/python3.12/site-packages/airflow/example_dags/example_short_circuit_operator.py
[2026-05-17T04:49:26.077+0000] {processor.py:840} INFO - DAG(s) 'example_short_circuit_operator' retrieved from /home/airflow/.local/lib/python3.12/site-packages/airflow/example_dags/example_short_circuit_operator.py
[2026-05-17T04:49:26.096+0000] {logging_mixin.py:188} INFO - [2026-05-17T04:49:26.096+0000] {dag.py:3096} INFO - Sync 1 DAGs
[2026-05-17T04:49:26.112+0000] {logging_mixin.py:188} INFO - [2026-05-17T04:49:26.112+0000] {dag.py:3954} INFO - Setting next_dagrun for example_short_circuit_operator to 2026-05-16 00:00:00+00:00, run_after=2026-05-17 00:00:00+00:00
[2026-05-17T04:49:26.127+0000] {processor.py:183} INFO - Processing /home/airflow/.local/lib/python3.12/site-packages/airflow/example_dags/example_short_circuit_operator.py took 0.063 seconds
[2026-05-17T04:49:56.567+0000] {processor.py:161} INFO - Started process (PID=786) to work on /home/airflow/.local/lib/python3.12/site-packages/airflow/example_dags/example_short_circuit_operator.py
[2026-05-17T04:49:56.568+0000] {processor.py:830} INFO - Processing file /home/airflow/.local/lib/python3.12/site-packages/airflow/example_dags/example_short_circuit_operator.py for tasks to queue
[2026-05-17T04:49:56.569+0000] {logging_mixin.py:188} INFO - [2026-05-17T04:49:56.569+0000] {dagbag.py:545} INFO - Filling up the DagBag from /home/airflow/.local/lib/python3.12/site-packages/airflow/example_dags/example_short_circuit_operator.py
[2026-05-17T04:49:56.574+0000] {processor.py:840} INFO - DAG(s) 'example_short_circuit_operator' retrieved from /home/airflow/.local/lib/python3.12/site-packages/airflow/example_dags/example_short_circuit_operator.py
[2026-05-17T04:49:56.588+0000] {logging_mixin.py:188} INFO - [2026-05-17T04:49:56.588+0000] {dag.py:3096} INFO - Sync 1 DAGs
[2026-05-17T04:49:56.601+0000] {logging_mixin.py:188} INFO - [2026-05-17T04:49:56.601+0000] {dag.py:3954} INFO - Setting next_dagrun for example_short_circuit_operator to 2026-05-16 00:00:00+00:00, run_after=2026-05-17 00:00:00+00:00
[2026-05-17T04:49:56.619+0000] {processor.py:183} INFO - Processing /home/airflow/.local/lib/python3.12/site-packages/airflow/example_dags/example_short_circuit_operator.py took 0.056 seconds
[2026-05-17T04:50:27.232+0000] {processor.py:161} INFO - Started process (PID=845) to work on /home/airflow/.local/lib/python3.12/site-packages/airflow/example_dags/example_short_circuit_operator.py
[2026-05-17T04:50:27.233+0000] {processor.py:830} INFO - Processing file /home/airflow/.local/lib/python3.12/site-packages/airflow/example_dags/example_short_circuit_operator.py for tasks to queue
[2026-05-17T04:50:27.235+0000] {logging_mixin.py:188} INFO - [2026-05-17T04:50:27.234+0000] {dagbag.py:545} INFO - Filling up the DagBag from /home/airflow/.local/lib/python3.12/site-packages/airflow/example_dags/example_short_circuit_operator.py
[2026-05-17T04:50:27.241+0000] {processor.py:840} INFO - DAG(s) 'example_short_circuit_operator' retrieved from /home/airflow/.local/lib/python3.12/site-packages/airflow/example_dags/example_short_circuit_operator.py
[2026-05-17T04:50:27.260+0000] {logging_mixin.py:188} INFO - [2026-05-17T04:50:27.260+0000] {dag.py:3096} INFO - Sync 1 DAGs
[2026-05-17T04:50:27.278+0000] {logging_mixin.py:188} INFO - [2026-05-17T04:50:27.278+0000] {dag.py:3954} INFO - Setting next_dagrun for example_short_circuit_operator to 2026-05-16 00:00:00+00:00, run_after=2026-05-17 00:00:00+00:00
[2026-05-17T04:50:27.293+0000] {processor.py:183} INFO - Processing /home/airflow/.local/lib/python3.12/site-packages/airflow/example_dags/example_short_circuit_operator.py took 0.067 seconds
[2026-05-17T04:50:57.868+0000] {processor.py:161} INFO - Started process (PID=904) to work on /home/airflow/.local/lib/python3.12/site-packages/airflow/example_dags/example_short_circuit_operator.py
[2026-05-17T04:50:57.869+0000] {processor.py:830} INFO - Processing file /home/airflow/.local/lib/python3.12/site-packages/airflow/example_dags/example_short_circuit_operator.py for tasks to queue
[2026-05-17T04:50:57.870+0000] {logging_mixin.py:188} INFO - [2026-05-17T04:50:57.870+0000] {dagbag.py:545} INFO - Filling up the DagBag from /home/airflow/.local/lib/python3.12/site-packages/airflow/example_dags/example_short_circuit_operator.py
[2026-05-17T04:50:57.875+0000] {processor.py:840} INFO - DAG(s) 'example_short_circuit_operator' retrieved from /home/airflow/.local/lib/python3.12/site-packages/airflow/example_dags/example_short_circuit_operator.py
[2026-05-17T04:50:57.890+0000] {logging_mixin.py:188} INFO - [2026-05-17T04:50:57.890+0000] {dag.py:3096} INFO - Sync 1 DAGs
[2026-05-17T04:50:57.904+0000] {logging_mixin.py:188} INFO - [2026-05-17T04:50:57.904+0000] {dag.py:3954} INFO - Setting next_dagrun for example_short_circuit_operator to 2026-05-16 00:00:00+00:00, run_after=2026-05-17 00:00:00+00:00
[2026-05-17T04:50:57.916+0000] {processor.py:183} INFO - Processing /home/airflow/.local/lib/python3.12/site-packages/airflow/example_dags/example_short_circuit_operator.py took 0.051 seconds
[2026-05-17T04:52:10.387+0000] {processor.py:161} INFO - Started process (PID=72) to work on /home/airflow/.local/lib/python3.12/site-packages/airflow/example_dags/example_short_circuit_operator.py
[2026-05-17T04:52:10.389+0000] {processor.py:830} INFO - Processing file /home/airflow/.local/lib/python3.12/site-packages/airflow/example_dags/example_short_circuit_operator.py for tasks to queue
[2026-05-17T04:52:10.391+0000] {logging_mixin.py:188} INFO - [2026-05-17T04:52:10.390+0000] {dagbag.py:545} INFO - Filling up the DagBag from /home/airflow/.local/lib/python3.12/site-packages/airflow/example_dags/example_short_circuit_operator.py
[2026-05-17T04:52:10.403+0000] {processor.py:840} INFO - DAG(s) 'example_short_circuit_operator' retrieved from /home/airflow/.local/lib/python3.12/site-packages/airflow/example_dags/example_short_circuit_operator.py
[2026-05-17T04:52:10.418+0000] {logging_mixin.py:188} INFO - [2026-05-17T04:52:10.418+0000] {dag.py:3096} INFO - Sync 1 DAGs
[2026-05-17T04:52:10.443+0000] {logging_mixin.py:188} INFO - [2026-05-17T04:52:10.443+0000] {dag.py:3954} INFO - Setting next_dagrun for example_short_circuit_operator to 2026-05-16 00:00:00+00:00, run_after=2026-05-17 00:00:00+00:00
[2026-05-17T04:52:10.467+0000] {processor.py:183} INFO - Processing /home/airflow/.local/lib/python3.12/site-packages/airflow/example_dags/example_short_circuit_operator.py took 0.088 seconds
[2026-05-17T04:52:41.098+0000] {processor.py:161} INFO - Started process (PID=131) to work on /home/airflow/.local/lib/python3.12/site-packages/airflow/example_dags/example_short_circuit_operator.py
[2026-05-17T04:52:41.099+0000] {processor.py:830} INFO - Processing file /home/airflow/.local/lib/python3.12/site-packages/airflow/example_dags/example_short_circuit_operator.py for tasks to queue
[2026-05-17T04:52:41.100+0000] {logging_mixin.py:188} INFO - [2026-05-17T04:52:41.100+0000] {dagbag.py:545} INFO - Filling up the DagBag from /home/airflow/.local/lib/python3.12/site-packages/airflow/example_dags/example_short_circuit_operator.py
[2026-05-17T04:52:41.106+0000] {processor.py:840} INFO - DAG(s) 'example_short_circuit_operator' retrieved from /home/airflow/.local/lib/python3.12/site-packages/airflow/example_dags/example_short_circuit_operator.py
[2026-05-17T04:52:41.173+0000] {logging_mixin.py:188} INFO - [2026-05-17T04:52:41.173+0000] {dag.py:3096} INFO - Sync 1 DAGs
[2026-05-17T04:52:41.186+0000] {logging_mixin.py:188} INFO - [2026-05-17T04:52:41.186+0000] {dag.py:3954} INFO - Setting next_dagrun for example_short_circuit_operator to 2026-05-16 00:00:00+00:00, run_after=2026-05-17 00:00:00+00:00
[2026-05-17T04:52:41.204+0000] {processor.py:183} INFO - Processing /home/airflow/.local/lib/python3.12/site-packages/airflow/example_dags/example_short_circuit_operator.py took 0.110 seconds
[2026-05-17T04:53:11.251+0000] {processor.py:161} INFO - Started process (PID=190) to work on /home/airflow/.local/lib/python3.12/site-packages/airflow/example_dags/example_short_circuit_operator.py
[2026-05-17T04:53:11.253+0000] {processor.py:830} INFO - Processing file /home/airflow/.local/lib/python3.12/site-packages/airflow/example_dags/example_short_circuit_operator.py for tasks to queue
[2026-05-17T04:53:11.255+0000] {logging_mixin.py:188} INFO - [2026-05-17T04:53:11.254+0000] {dagbag.py:545} INFO - Filling up the DagBag from /home/airflow/.local/lib/python3.12/site-packages/airflow/example_dags/example_short_circuit_operator.py
[2026-05-17T04:53:11.261+0000] {processor.py:840} INFO - DAG(s) 'example_short_circuit_operator' retrieved from /home/airflow/.local/lib/python3.12/site-packages/airflow/example_dags/example_short_circuit_operator.py
[2026-05-17T04:53:11.282+0000] {logging_mixin.py:188} INFO - [2026-05-17T04:53:11.282+0000] {dag.py:3096} INFO - Sync 1 DAGs
[2026-05-17T04:53:11.301+0000] {logging_mixin.py:188} INFO - [2026-05-17T04:53:11.301+0000] {dag.py:3954} INFO - Setting next_dagrun for example_short_circuit_operator to 2026-05-16 00:00:00+00:00, run_after=2026-05-17 00:00:00+00:00
[2026-05-17T04:53:11.319+0000] {processor.py:183} INFO - Processing /home/airflow/.local/lib/python3.12/site-packages/airflow/example_dags/example_short_circuit_operator.py took 0.073 seconds
[2026-05-17T04:53:41.470+0000] {processor.py:161} INFO - Started process (PID=249) to work on /home/airflow/.local/lib/python3.12/site-packages/airflow/example_dags/example_short_circuit_operator.py
[2026-05-17T04:53:41.471+0000] {processor.py:830} INFO - Processing file /home/airflow/.local/lib/python3.12/site-packages/airflow/example_dags/example_short_circuit_operator.py for tasks to queue
[2026-05-17T04:53:41.473+0000] {logging_mixin.py:188} INFO - [2026-05-17T04:53:41.473+0000] {dagbag.py:545} INFO - Filling up the DagBag from /home/airflow/.local/lib/python3.12/site-packages/airflow/example_dags/example_short_circuit_operator.py
[2026-05-17T04:53:41.478+0000] {processor.py:840} INFO - DAG(s) 'example_short_circuit_operator' retrieved from /home/airflow/.local/lib/python3.12/site-packages/airflow/example_dags/example_short_circuit_operator.py
[2026-05-17T04:53:41.496+0000] {logging_mixin.py:188} INFO - [2026-05-17T04:53:41.496+0000] {dag.py:3096} INFO - Sync 1 DAGs
[2026-05-17T04:53:41.511+0000] {logging_mixin.py:188} INFO - [2026-05-17T04:53:41.510+0000] {dag.py:3954} INFO - Setting next_dagrun for example_short_circuit_operator to 2026-05-16 00:00:00+00:00, run_after=2026-05-17 00:00:00+00:00
[2026-05-17T04:53:41.524+0000] {processor.py:183} INFO - Processing /home/airflow/.local/lib/python3.12/site-packages/airflow/example_dags/example_short_circuit_operator.py took 0.059 seconds
[2026-05-17T04:54:11.775+0000] {processor.py:161} INFO - Started process (PID=308) to work on /home/airflow/.local/lib/python3.12/site-packages/airflow/example_dags/example_short_circuit_operator.py
[2026-05-17T04:54:11.778+0000] {processor.py:830} INFO - Processing file /home/airflow/.local/lib/python3.12/site-packages/airflow/example_dags/example_short_circuit_operator.py for tasks to queue
[2026-05-17T04:54:11.781+0000] {logging_mixin.py:188} INFO - [2026-05-17T04:54:11.780+0000] {dagbag.py:545} INFO - Filling up the DagBag from /home/airflow/.local/lib/python3.12/site-packages/airflow/example_dags/example_short_circuit_operator.py
[2026-05-17T04:54:11.788+0000] {processor.py:840} INFO - DAG(s) 'example_short_circuit_operator' retrieved from /home/airflow/.local/lib/python3.12/site-packages/airflow/example_dags/example_short_circuit_operator.py
[2026-05-17T04:54:11.810+0000] {logging_mixin.py:188} INFO - [2026-05-17T04:54:11.809+0000] {dag.py:3096} INFO - Sync 1 DAGs
[2026-05-17T04:54:11.830+0000] {logging_mixin.py:188} INFO - [2026-05-17T04:54:11.830+0000] {dag.py:3954} INFO - Setting next_dagrun for example_short_circuit_operator to 2026-05-16 00:00:00+00:00, run_after=2026-05-17 00:00:00+00:00
[2026-05-17T04:54:11.849+0000] {processor.py:183} INFO - Processing /home/airflow/.local/lib/python3.12/site-packages/airflow/example_dags/example_short_circuit_operator.py took 0.081 seconds
[2026-05-17T04:54:42.028+0000] {processor.py:161} INFO - Started process (PID=367) to work on /home/airflow/.local/lib/python3.12/site-packages/airflow/example_dags/example_short_circuit_operator.py
[2026-05-17T04:54:42.030+0000] {processor.py:830} INFO - Processing file /home/airflow/.local/lib/python3.12/site-packages/airflow/example_dags/example_short_circuit_operator.py for tasks to queue
[2026-05-17T04:54:42.031+0000] {logging_mixin.py:188} INFO - [2026-05-17T04:54:42.031+0000] {dagbag.py:545} INFO - Filling up the DagBag from /home/airflow/.local/lib/python3.12/site-packages/airflow/example_dags/example_short_circuit_operator.py
[2026-05-17T04:54:42.041+0000] {processor.py:840} INFO - DAG(s) 'example_short_circuit_operator' retrieved from /home/airflow/.local/lib/python3.12/site-packages/airflow/example_dags/example_short_circuit_operator.py
[2026-05-17T04:54:42.060+0000] {logging_mixin.py:188} INFO - [2026-05-17T04:54:42.060+0000] {dag.py:3096} INFO - Sync 1 DAGs
[2026-05-17T04:54:42.094+0000] {logging_mixin.py:188} INFO - [2026-05-17T04:54:42.094+0000] {dag.py:3954} INFO - Setting next_dagrun for example_short_circuit_operator to 2026-05-16 00:00:00+00:00, run_after=2026-05-17 00:00:00+00:00
[2026-05-17T04:54:42.124+0000] {processor.py:183} INFO - Processing /home/airflow/.local/lib/python3.12/site-packages/airflow/example_dags/example_short_circuit_operator.py took 0.102 seconds
[2026-05-17T04:55:12.267+0000] {processor.py:161} INFO - Started process (PID=426) to work on /home/airflow/.local/lib/python3.12/site-packages/airflow/example_dags/example_short_circuit_operator.py
[2026-05-17T04:55:12.268+0000] {processor.py:830} INFO - Processing file /home/airflow/.local/lib/python3.12/site-packages/airflow/example_dags/example_short_circuit_operator.py for tasks to queue
[2026-05-17T04:55:12.270+0000] {logging_mixin.py:188} INFO - [2026-05-17T04:55:12.270+0000] {dagbag.py:545} INFO - Filling up the DagBag from /home/airflow/.local/lib/python3.12/site-packages/airflow/example_dags/example_short_circuit_operator.py
[2026-05-17T04:55:12.277+0000] {processor.py:840} INFO - DAG(s) 'example_short_circuit_operator' retrieved from /home/airflow/.local/lib/python3.12/site-packages/airflow/example_dags/example_short_circuit_operator.py
[2026-05-17T04:55:12.306+0000] {logging_mixin.py:188} INFO - [2026-05-17T04:55:12.305+0000] {dag.py:3096} INFO - Sync 1 DAGs
[2026-05-17T04:55:12.341+0000] {logging_mixin.py:188} INFO - [2026-05-17T04:55:12.341+0000] {dag.py:3954} INFO - Setting next_dagrun for example_short_circuit_operator to 2026-05-16 00:00:00+00:00, run_after=2026-05-17 00:00:00+00:00
[2026-05-17T04:55:12.364+0000] {processor.py:183} INFO - Processing /home/airflow/.local/lib/python3.12/site-packages/airflow/example_dags/example_short_circuit_operator.py took 0.104 seconds
[2026-05-17T04:55:42.581+0000] {processor.py:161} INFO - Started process (PID=485) to work on /home/airflow/.local/lib/python3.12/site-packages/airflow/example_dags/example_short_circuit_operator.py
[2026-05-17T04:55:42.582+0000] {processor.py:830} INFO - Processing file /home/airflow/.local/lib/python3.12/site-packages/airflow/example_dags/example_short_circuit_operator.py for tasks to queue
[2026-05-17T04:55:42.585+0000] {logging_mixin.py:188} INFO - [2026-05-17T04:55:42.584+0000] {dagbag.py:545} INFO - Filling up the DagBag from /home/airflow/.local/lib/python3.12/site-packages/airflow/example_dags/example_short_circuit_operator.py
[2026-05-17T04:55:42.592+0000] {processor.py:840} INFO - DAG(s) 'example_short_circuit_operator' retrieved from /home/airflow/.local/lib/python3.12/site-packages/airflow/example_dags/example_short_circuit_operator.py
[2026-05-17T04:55:42.630+0000] {logging_mixin.py:188} INFO - [2026-05-17T04:55:42.630+0000] {dag.py:3096} INFO - Sync 1 DAGs
[2026-05-17T04:55:42.671+0000] {logging_mixin.py:188} INFO - [2026-05-17T04:55:42.671+0000] {dag.py:3954} INFO - Setting next_dagrun for example_short_circuit_operator to 2026-05-16 00:00:00+00:00, run_after=2026-05-17 00:00:00+00:00
[2026-05-17T04:55:42.704+0000] {processor.py:183} INFO - Processing /home/airflow/.local/lib/python3.12/site-packages/airflow/example_dags/example_short_circuit_operator.py took 0.128 seconds
[2026-05-17T04:56:13.005+0000] {processor.py:161} INFO - Started process (PID=544) to work on /home/airflow/.local/lib/python3.12/site-packages/airflow/example_dags/example_short_circuit_operator.py
[2026-05-17T04:56:13.006+0000] {processor.py:830} INFO - Processing file /home/airflow/.local/lib/python3.12/site-packages/airflow/example_dags/example_short_circuit_operator.py for tasks to queue
[2026-05-17T04:56:13.008+0000] {logging_mixin.py:188} INFO - [2026-05-17T04:56:13.008+0000] {dagbag.py:545} INFO - Filling up the DagBag from /home/airflow/.local/lib/python3.12/site-packages/airflow/example_dags/example_short_circuit_operator.py
[2026-05-17T04:56:13.017+0000] {processor.py:840} INFO - DAG(s) 'example_short_circuit_operator' retrieved from /home/airflow/.local/lib/python3.12/site-packages/airflow/example_dags/example_short_circuit_operator.py
[2026-05-17T04:56:13.041+0000] {logging_mixin.py:188} INFO - [2026-05-17T04:56:13.041+0000] {dag.py:3096} INFO - Sync 1 DAGs
[2026-05-17T04:56:13.069+0000] {logging_mixin.py:188} INFO - [2026-05-17T04:56:13.069+0000] {dag.py:3954} INFO - Setting next_dagrun for example_short_circuit_operator to 2026-05-16 00:00:00+00:00, run_after=2026-05-17 00:00:00+00:00
[2026-05-17T04:56:13.090+0000] {processor.py:183} INFO - Processing /home/airflow/.local/lib/python3.12/site-packages/airflow/example_dags/example_short_circuit_operator.py took 0.091 seconds
[2026-05-17T04:56:44.378+0000] {processor.py:161} INFO - Started process (PID=609) to work on /home/airflow/.local/lib/python3.12/site-packages/airflow/example_dags/example_short_circuit_operator.py
[2026-05-17T04:56:44.379+0000] {processor.py:830} INFO - Processing file /home/airflow/.local/lib/python3.12/site-packages/airflow/example_dags/example_short_circuit_operator.py for tasks to queue
[2026-05-17T04:56:44.381+0000] {logging_mixin.py:188} INFO - [2026-05-17T04:56:44.381+0000] {dagbag.py:545} INFO - Filling up the DagBag from /home/airflow/.local/lib/python3.12/site-packages/airflow/example_dags/example_short_circuit_operator.py
[2026-05-17T04:56:44.389+0000] {processor.py:840} INFO - DAG(s) 'example_short_circuit_operator' retrieved from /home/airflow/.local/lib/python3.12/site-packages/airflow/example_dags/example_short_circuit_operator.py
[2026-05-17T04:56:44.411+0000] {logging_mixin.py:188} INFO - [2026-05-17T04:56:44.411+0000] {dag.py:3096} INFO - Sync 1 DAGs
[2026-05-17T04:56:44.433+0000] {logging_mixin.py:188} INFO - [2026-05-17T04:56:44.433+0000] {dag.py:3954} INFO - Setting next_dagrun for example_short_circuit_operator to 2026-05-16 00:00:00+00:00, run_after=2026-05-17 00:00:00+00:00
[2026-05-17T04:56:44.474+0000] {processor.py:183} INFO - Processing /home/airflow/.local/lib/python3.12/site-packages/airflow/example_dags/example_short_circuit_operator.py took 0.101 seconds
[2026-05-17T04:57:15.264+0000] {processor.py:161} INFO - Started process (PID=668) to work on /home/airflow/.local/lib/python3.12/site-packages/airflow/example_dags/example_short_circuit_operator.py
[2026-05-17T04:57:15.265+0000] {processor.py:830} INFO - Processing file /home/airflow/.local/lib/python3.12/site-packages/airflow/example_dags/example_short_circuit_operator.py for tasks to queue
[2026-05-17T04:57:15.267+0000] {logging_mixin.py:188} INFO - [2026-05-17T04:57:15.267+0000] {dagbag.py:545} INFO - Filling up the DagBag from /home/airflow/.local/lib/python3.12/site-packages/airflow/example_dags/example_short_circuit_operator.py
[2026-05-17T04:57:15.273+0000] {processor.py:840} INFO - DAG(s) 'example_short_circuit_operator' retrieved from /home/airflow/.local/lib/python3.12/site-packages/airflow/example_dags/example_short_circuit_operator.py
[2026-05-17T04:57:15.290+0000] {logging_mixin.py:188} INFO - [2026-05-17T04:57:15.290+0000] {dag.py:3096} INFO - Sync 1 DAGs
[2026-05-17T04:57:15.309+0000] {logging_mixin.py:188} INFO - [2026-05-17T04:57:15.309+0000] {dag.py:3954} INFO - Setting next_dagrun for example_short_circuit_operator to 2026-05-16 00:00:00+00:00, run_after=2026-05-17 00:00:00+00:00
[2026-05-17T04:57:15.323+0000] {processor.py:183} INFO - Processing /home/airflow/.local/lib/python3.12/site-packages/airflow/example_dags/example_short_circuit_operator.py took 0.063 seconds
[2026-05-17T04:57:45.773+0000] {processor.py:161} INFO - Started process (PID=727) to work on /home/airflow/.local/lib/python3.12/site-packages/airflow/example_dags/example_short_circuit_operator.py
[2026-05-17T04:57:45.774+0000] {processor.py:830} INFO - Processing file /home/airflow/.local/lib/python3.12/site-packages/airflow/example_dags/example_short_circuit_operator.py for tasks to queue
[2026-05-17T04:57:45.775+0000] {logging_mixin.py:188} INFO - [2026-05-17T04:57:45.775+0000] {dagbag.py:545} INFO - Filling up the DagBag from /home/airflow/.local/lib/python3.12/site-packages/airflow/example_dags/example_short_circuit_operator.py
[2026-05-17T04:57:45.782+0000] {processor.py:840} INFO - DAG(s) 'example_short_circuit_operator' retrieved from /home/airflow/.local/lib/python3.12/site-packages/airflow/example_dags/example_short_circuit_operator.py
[2026-05-17T04:57:45.798+0000] {logging_mixin.py:188} INFO - [2026-05-17T04:57:45.798+0000] {dag.py:3096} INFO - Sync 1 DAGs
[2026-05-17T04:57:45.813+0000] {logging_mixin.py:188} INFO - [2026-05-17T04:57:45.813+0000] {dag.py:3954} INFO - Setting next_dagrun for example_short_circuit_operator to 2026-05-16 00:00:00+00:00, run_after=2026-05-17 00:00:00+00:00
[2026-05-17T04:57:45.825+0000] {processor.py:183} INFO - Processing /home/airflow/.local/lib/python3.12/site-packages/airflow/example_dags/example_short_circuit_operator.py took 0.057 seconds
[2026-05-17T04:58:16.317+0000] {processor.py:161} INFO - Started process (PID=786) to work on /home/airflow/.local/lib/python3.12/site-packages/airflow/example_dags/example_short_circuit_operator.py
[2026-05-17T04:58:16.319+0000] {processor.py:830} INFO - Processing file /home/airflow/.local/lib/python3.12/site-packages/airflow/example_dags/example_short_circuit_operator.py for tasks to queue
[2026-05-17T04:58:16.320+0000] {logging_mixin.py:188} INFO - [2026-05-17T04:58:16.320+0000] {dagbag.py:545} INFO - Filling up the DagBag from /home/airflow/.local/lib/python3.12/site-packages/airflow/example_dags/example_short_circuit_operator.py
[2026-05-17T04:58:16.326+0000] {processor.py:840} INFO - DAG(s) 'example_short_circuit_operator' retrieved from /home/airflow/.local/lib/python3.12/site-packages/airflow/example_dags/example_short_circuit_operator.py
[2026-05-17T04:58:16.348+0000] {logging_mixin.py:188} INFO - [2026-05-17T04:58:16.347+0000] {dag.py:3096} INFO - Sync 1 DAGs
[2026-05-17T04:58:16.385+0000] {logging_mixin.py:188} INFO - [2026-05-17T04:58:16.384+0000] {dag.py:3954} INFO - Setting next_dagrun for example_short_circuit_operator to 2026-05-16 00:00:00+00:00, run_after=2026-05-17 00:00:00+00:00
[2026-05-17T04:58:16.410+0000] {processor.py:183} INFO - Processing /home/airflow/.local/lib/python3.12/site-packages/airflow/example_dags/example_short_circuit_operator.py took 0.098 seconds
[2026-05-17T05:00:22.538+0000] {processor.py:161} INFO - Started process (PID=66) to work on /home/airflow/.local/lib/python3.12/site-packages/airflow/example_dags/example_short_circuit_operator.py
[2026-05-17T05:00:22.539+0000] {processor.py:830} INFO - Processing file /home/airflow/.local/lib/python3.12/site-packages/airflow/example_dags/example_short_circuit_operator.py for tasks to queue
[2026-05-17T05:00:22.541+0000] {logging_mixin.py:188} INFO - [2026-05-17T05:00:22.541+0000] {dagbag.py:545} INFO - Filling up the DagBag from /home/airflow/.local/lib/python3.12/site-packages/airflow/example_dags/example_short_circuit_operator.py
[2026-05-17T05:00:22.549+0000] {processor.py:840} INFO - DAG(s) 'example_short_circuit_operator' retrieved from /home/airflow/.local/lib/python3.12/site-packages/airflow/example_dags/example_short_circuit_operator.py
[2026-05-17T05:00:22.576+0000] {logging_mixin.py:188} INFO - [2026-05-17T05:00:22.576+0000] {dag.py:3096} INFO - Sync 1 DAGs
[2026-05-17T05:00:22.601+0000] {logging_mixin.py:188} INFO - [2026-05-17T05:00:22.600+0000] {dag.py:3954} INFO - Setting next_dagrun for example_short_circuit_operator to 2026-05-16 00:00:00+00:00, run_after=2026-05-17 00:00:00+00:00
[2026-05-17T05:00:22.621+0000] {processor.py:183} INFO - Processing /home/airflow/.local/lib/python3.12/site-packages/airflow/example_dags/example_short_circuit_operator.py took 0.088 seconds
[2026-05-17T05:01:28.994+0000] {processor.py:161} INFO - Started process (PID=66) to work on /home/airflow/.local/lib/python3.12/site-packages/airflow/example_dags/example_short_circuit_operator.py
[2026-05-17T05:01:28.996+0000] {processor.py:830} INFO - Processing file /home/airflow/.local/lib/python3.12/site-packages/airflow/example_dags/example_short_circuit_operator.py for tasks to queue
[2026-05-17T05:01:28.999+0000] {logging_mixin.py:188} INFO - [2026-05-17T05:01:28.998+0000] {dagbag.py:545} INFO - Filling up the DagBag from /home/airflow/.local/lib/python3.12/site-packages/airflow/example_dags/example_short_circuit_operator.py
[2026-05-17T05:01:29.011+0000] {processor.py:840} INFO - DAG(s) 'example_short_circuit_operator' retrieved from /home/airflow/.local/lib/python3.12/site-packages/airflow/example_dags/example_short_circuit_operator.py
[2026-05-17T05:01:29.043+0000] {logging_mixin.py:188} INFO - [2026-05-17T05:01:29.043+0000] {dag.py:3096} INFO - Sync 1 DAGs
[2026-05-17T05:01:29.062+0000] {logging_mixin.py:188} INFO - [2026-05-17T05:01:29.062+0000] {dag.py:3954} INFO - Setting next_dagrun for example_short_circuit_operator to 2026-05-16 00:00:00+00:00, run_after=2026-05-17 00:00:00+00:00
[2026-05-17T05:01:29.079+0000] {processor.py:183} INFO - Processing /home/airflow/.local/lib/python3.12/site-packages/airflow/example_dags/example_short_circuit_operator.py took 0.090 seconds
