[2026-05-17T04:43:54.484+0000] {processor.py:161} INFO - Started process (PID=101) to work on /home/airflow/.local/lib/python3.12/site-packages/airflow/example_dags/example_latest_only_with_trigger.py
[2026-05-17T04:43:54.488+0000] {processor.py:830} INFO - Processing file /home/airflow/.local/lib/python3.12/site-packages/airflow/example_dags/example_latest_only_with_trigger.py for tasks to queue
[2026-05-17T04:43:54.494+0000] {logging_mixin.py:188} INFO - [2026-05-17T04:43:54.493+0000] {dagbag.py:545} INFO - Filling up the DagBag from /home/airflow/.local/lib/python3.12/site-packages/airflow/example_dags/example_latest_only_with_trigger.py
[2026-05-17T04:43:54.516+0000] {processor.py:840} INFO - DAG(s) 'latest_only_with_trigger' retrieved from /home/airflow/.local/lib/python3.12/site-packages/airflow/example_dags/example_latest_only_with_trigger.py
[2026-05-17T04:43:54.641+0000] {logging_mixin.py:188} INFO - [2026-05-17T04:43:54.640+0000] {dag.py:3096} INFO - Sync 1 DAGs
[2026-05-17T04:43:54.718+0000] {logging_mixin.py:188} INFO - [2026-05-17T04:43:54.718+0000] {dag.py:3954} INFO - Setting next_dagrun for latest_only_with_trigger to 2026-05-17 00:00:00+00:00, run_after=2026-05-17 04:00:00+00:00
[2026-05-17T04:43:54.756+0000] {processor.py:183} INFO - Processing /home/airflow/.local/lib/python3.12/site-packages/airflow/example_dags/example_latest_only_with_trigger.py took 0.286 seconds
[2026-05-17T04:44:24.811+0000] {processor.py:161} INFO - Started process (PID=160) to work on /home/airflow/.local/lib/python3.12/site-packages/airflow/example_dags/example_latest_only_with_trigger.py
[2026-05-17T04:44:24.811+0000] {processor.py:830} INFO - Processing file /home/airflow/.local/lib/python3.12/site-packages/airflow/example_dags/example_latest_only_with_trigger.py for tasks to queue
[2026-05-17T04:44:24.813+0000] {logging_mixin.py:188} INFO - [2026-05-17T04:44:24.813+0000] {dagbag.py:545} INFO - Filling up the DagBag from /home/airflow/.local/lib/python3.12/site-packages/airflow/example_dags/example_latest_only_with_trigger.py
[2026-05-17T04:44:24.817+0000] {processor.py:840} INFO - DAG(s) 'latest_only_with_trigger' retrieved from /home/airflow/.local/lib/python3.12/site-packages/airflow/example_dags/example_latest_only_with_trigger.py
[2026-05-17T04:44:24.885+0000] {logging_mixin.py:188} INFO - [2026-05-17T04:44:24.885+0000] {dag.py:3096} INFO - Sync 1 DAGs
[2026-05-17T04:44:24.899+0000] {logging_mixin.py:188} INFO - [2026-05-17T04:44:24.899+0000] {dag.py:3954} INFO - Setting next_dagrun for latest_only_with_trigger to 2026-05-17 00:00:00+00:00, run_after=2026-05-17 04:00:00+00:00
[2026-05-17T04:44:24.912+0000] {processor.py:183} INFO - Processing /home/airflow/.local/lib/python3.12/site-packages/airflow/example_dags/example_latest_only_with_trigger.py took 0.106 seconds
[2026-05-17T04:44:55.656+0000] {processor.py:161} INFO - Started process (PID=219) to work on /home/airflow/.local/lib/python3.12/site-packages/airflow/example_dags/example_latest_only_with_trigger.py
[2026-05-17T04:44:55.657+0000] {processor.py:830} INFO - Processing file /home/airflow/.local/lib/python3.12/site-packages/airflow/example_dags/example_latest_only_with_trigger.py for tasks to queue
[2026-05-17T04:44:55.659+0000] {logging_mixin.py:188} INFO - [2026-05-17T04:44:55.659+0000] {dagbag.py:545} INFO - Filling up the DagBag from /home/airflow/.local/lib/python3.12/site-packages/airflow/example_dags/example_latest_only_with_trigger.py
[2026-05-17T04:44:55.665+0000] {processor.py:840} INFO - DAG(s) 'latest_only_with_trigger' retrieved from /home/airflow/.local/lib/python3.12/site-packages/airflow/example_dags/example_latest_only_with_trigger.py
[2026-05-17T04:44:55.688+0000] {logging_mixin.py:188} INFO - [2026-05-17T04:44:55.688+0000] {dag.py:3096} INFO - Sync 1 DAGs
[2026-05-17T04:44:55.713+0000] {logging_mixin.py:188} INFO - [2026-05-17T04:44:55.712+0000] {dag.py:3954} INFO - Setting next_dagrun for latest_only_with_trigger to 2026-05-17 00:00:00+00:00, run_after=2026-05-17 04:00:00+00:00
[2026-05-17T04:44:55.731+0000] {processor.py:183} INFO - Processing /home/airflow/.local/lib/python3.12/site-packages/airflow/example_dags/example_latest_only_with_trigger.py took 0.079 seconds
[2026-05-17T04:45:25.793+0000] {processor.py:161} INFO - Started process (PID=278) to work on /home/airflow/.local/lib/python3.12/site-packages/airflow/example_dags/example_latest_only_with_trigger.py
[2026-05-17T04:45:25.794+0000] {processor.py:830} INFO - Processing file /home/airflow/.local/lib/python3.12/site-packages/airflow/example_dags/example_latest_only_with_trigger.py for tasks to queue
[2026-05-17T04:45:25.795+0000] {logging_mixin.py:188} INFO - [2026-05-17T04:45:25.795+0000] {dagbag.py:545} INFO - Filling up the DagBag from /home/airflow/.local/lib/python3.12/site-packages/airflow/example_dags/example_latest_only_with_trigger.py
[2026-05-17T04:45:25.799+0000] {processor.py:840} INFO - DAG(s) 'latest_only_with_trigger' retrieved from /home/airflow/.local/lib/python3.12/site-packages/airflow/example_dags/example_latest_only_with_trigger.py
[2026-05-17T04:45:25.815+0000] {logging_mixin.py:188} INFO - [2026-05-17T04:45:25.814+0000] {dag.py:3096} INFO - Sync 1 DAGs
[2026-05-17T04:45:25.829+0000] {logging_mixin.py:188} INFO - [2026-05-17T04:45:25.829+0000] {dag.py:3954} INFO - Setting next_dagrun for latest_only_with_trigger to 2026-05-17 00:00:00+00:00, run_after=2026-05-17 04:00:00+00:00
[2026-05-17T04:45:25.853+0000] {processor.py:183} INFO - Processing /home/airflow/.local/lib/python3.12/site-packages/airflow/example_dags/example_latest_only_with_trigger.py took 0.065 seconds
[2026-05-17T04:45:56.441+0000] {processor.py:161} INFO - Started process (PID=337) to work on /home/airflow/.local/lib/python3.12/site-packages/airflow/example_dags/example_latest_only_with_trigger.py
[2026-05-17T04:45:56.442+0000] {processor.py:830} INFO - Processing file /home/airflow/.local/lib/python3.12/site-packages/airflow/example_dags/example_latest_only_with_trigger.py for tasks to queue
[2026-05-17T04:45:56.444+0000] {logging_mixin.py:188} INFO - [2026-05-17T04:45:56.443+0000] {dagbag.py:545} INFO - Filling up the DagBag from /home/airflow/.local/lib/python3.12/site-packages/airflow/example_dags/example_latest_only_with_trigger.py
[2026-05-17T04:45:56.448+0000] {processor.py:840} INFO - DAG(s) 'latest_only_with_trigger' retrieved from /home/airflow/.local/lib/python3.12/site-packages/airflow/example_dags/example_latest_only_with_trigger.py
[2026-05-17T04:45:56.461+0000] {logging_mixin.py:188} INFO - [2026-05-17T04:45:56.461+0000] {dag.py:3096} INFO - Sync 1 DAGs
[2026-05-17T04:45:56.474+0000] {logging_mixin.py:188} INFO - [2026-05-17T04:45:56.474+0000] {dag.py:3954} INFO - Setting next_dagrun for latest_only_with_trigger to 2026-05-17 00:00:00+00:00, run_after=2026-05-17 04:00:00+00:00
[2026-05-17T04:45:56.487+0000] {processor.py:183} INFO - Processing /home/airflow/.local/lib/python3.12/site-packages/airflow/example_dags/example_latest_only_with_trigger.py took 0.049 seconds
[2026-05-17T04:46:26.847+0000] {processor.py:161} INFO - Started process (PID=396) to work on /home/airflow/.local/lib/python3.12/site-packages/airflow/example_dags/example_latest_only_with_trigger.py
[2026-05-17T04:46:26.848+0000] {processor.py:830} INFO - Processing file /home/airflow/.local/lib/python3.12/site-packages/airflow/example_dags/example_latest_only_with_trigger.py for tasks to queue
[2026-05-17T04:46:26.849+0000] {logging_mixin.py:188} INFO - [2026-05-17T04:46:26.849+0000] {dagbag.py:545} INFO - Filling up the DagBag from /home/airflow/.local/lib/python3.12/site-packages/airflow/example_dags/example_latest_only_with_trigger.py
[2026-05-17T04:46:26.852+0000] {processor.py:840} INFO - DAG(s) 'latest_only_with_trigger' retrieved from /home/airflow/.local/lib/python3.12/site-packages/airflow/example_dags/example_latest_only_with_trigger.py
[2026-05-17T04:46:26.867+0000] {logging_mixin.py:188} INFO - [2026-05-17T04:46:26.867+0000] {dag.py:3096} INFO - Sync 1 DAGs
[2026-05-17T04:46:26.883+0000] {logging_mixin.py:188} INFO - [2026-05-17T04:46:26.883+0000] {dag.py:3954} INFO - Setting next_dagrun for latest_only_with_trigger to 2026-05-17 00:00:00+00:00, run_after=2026-05-17 04:00:00+00:00
[2026-05-17T04:46:26.898+0000] {processor.py:183} INFO - Processing /home/airflow/.local/lib/python3.12/site-packages/airflow/example_dags/example_latest_only_with_trigger.py took 0.055 seconds
[2026-05-17T04:46:57.410+0000] {processor.py:161} INFO - Started process (PID=455) to work on /home/airflow/.local/lib/python3.12/site-packages/airflow/example_dags/example_latest_only_with_trigger.py
[2026-05-17T04:46:57.411+0000] {processor.py:830} INFO - Processing file /home/airflow/.local/lib/python3.12/site-packages/airflow/example_dags/example_latest_only_with_trigger.py for tasks to queue
[2026-05-17T04:46:57.413+0000] {logging_mixin.py:188} INFO - [2026-05-17T04:46:57.412+0000] {dagbag.py:545} INFO - Filling up the DagBag from /home/airflow/.local/lib/python3.12/site-packages/airflow/example_dags/example_latest_only_with_trigger.py
[2026-05-17T04:46:57.417+0000] {processor.py:840} INFO - DAG(s) 'latest_only_with_trigger' retrieved from /home/airflow/.local/lib/python3.12/site-packages/airflow/example_dags/example_latest_only_with_trigger.py
[2026-05-17T04:46:57.431+0000] {logging_mixin.py:188} INFO - [2026-05-17T04:46:57.431+0000] {dag.py:3096} INFO - Sync 1 DAGs
[2026-05-17T04:46:57.446+0000] {logging_mixin.py:188} INFO - [2026-05-17T04:46:57.446+0000] {dag.py:3954} INFO - Setting next_dagrun for latest_only_with_trigger to 2026-05-17 00:00:00+00:00, run_after=2026-05-17 04:00:00+00:00
[2026-05-17T04:46:57.460+0000] {processor.py:183} INFO - Processing /home/airflow/.local/lib/python3.12/site-packages/airflow/example_dags/example_latest_only_with_trigger.py took 0.055 seconds
[2026-05-17T04:47:27.855+0000] {processor.py:161} INFO - Started process (PID=514) to work on /home/airflow/.local/lib/python3.12/site-packages/airflow/example_dags/example_latest_only_with_trigger.py
[2026-05-17T04:47:27.856+0000] {processor.py:830} INFO - Processing file /home/airflow/.local/lib/python3.12/site-packages/airflow/example_dags/example_latest_only_with_trigger.py for tasks to queue
[2026-05-17T04:47:27.858+0000] {logging_mixin.py:188} INFO - [2026-05-17T04:47:27.857+0000] {dagbag.py:545} INFO - Filling up the DagBag from /home/airflow/.local/lib/python3.12/site-packages/airflow/example_dags/example_latest_only_with_trigger.py
[2026-05-17T04:47:27.862+0000] {processor.py:840} INFO - DAG(s) 'latest_only_with_trigger' retrieved from /home/airflow/.local/lib/python3.12/site-packages/airflow/example_dags/example_latest_only_with_trigger.py
[2026-05-17T04:47:27.877+0000] {logging_mixin.py:188} INFO - [2026-05-17T04:47:27.877+0000] {dag.py:3096} INFO - Sync 1 DAGs
[2026-05-17T04:47:27.892+0000] {logging_mixin.py:188} INFO - [2026-05-17T04:47:27.892+0000] {dag.py:3954} INFO - Setting next_dagrun for latest_only_with_trigger to 2026-05-17 00:00:00+00:00, run_after=2026-05-17 04:00:00+00:00
[2026-05-17T04:47:27.908+0000] {processor.py:183} INFO - Processing /home/airflow/.local/lib/python3.12/site-packages/airflow/example_dags/example_latest_only_with_trigger.py took 0.058 seconds
[2026-05-17T04:47:58.281+0000] {processor.py:161} INFO - Started process (PID=573) to work on /home/airflow/.local/lib/python3.12/site-packages/airflow/example_dags/example_latest_only_with_trigger.py
[2026-05-17T04:47:58.282+0000] {processor.py:830} INFO - Processing file /home/airflow/.local/lib/python3.12/site-packages/airflow/example_dags/example_latest_only_with_trigger.py for tasks to queue
[2026-05-17T04:47:58.284+0000] {logging_mixin.py:188} INFO - [2026-05-17T04:47:58.284+0000] {dagbag.py:545} INFO - Filling up the DagBag from /home/airflow/.local/lib/python3.12/site-packages/airflow/example_dags/example_latest_only_with_trigger.py
[2026-05-17T04:47:58.288+0000] {processor.py:840} INFO - DAG(s) 'latest_only_with_trigger' retrieved from /home/airflow/.local/lib/python3.12/site-packages/airflow/example_dags/example_latest_only_with_trigger.py
[2026-05-17T04:47:58.303+0000] {logging_mixin.py:188} INFO - [2026-05-17T04:47:58.303+0000] {dag.py:3096} INFO - Sync 1 DAGs
[2026-05-17T04:47:58.317+0000] {logging_mixin.py:188} INFO - [2026-05-17T04:47:58.317+0000] {dag.py:3954} INFO - Setting next_dagrun for latest_only_with_trigger to 2026-05-17 00:00:00+00:00, run_after=2026-05-17 04:00:00+00:00
[2026-05-17T04:47:58.330+0000] {processor.py:183} INFO - Processing /home/airflow/.local/lib/python3.12/site-packages/airflow/example_dags/example_latest_only_with_trigger.py took 0.054 seconds
[2026-05-17T04:48:28.790+0000] {processor.py:161} INFO - Started process (PID=632) to work on /home/airflow/.local/lib/python3.12/site-packages/airflow/example_dags/example_latest_only_with_trigger.py
[2026-05-17T04:48:28.791+0000] {processor.py:830} INFO - Processing file /home/airflow/.local/lib/python3.12/site-packages/airflow/example_dags/example_latest_only_with_trigger.py for tasks to queue
[2026-05-17T04:48:28.793+0000] {logging_mixin.py:188} INFO - [2026-05-17T04:48:28.792+0000] {dagbag.py:545} INFO - Filling up the DagBag from /home/airflow/.local/lib/python3.12/site-packages/airflow/example_dags/example_latest_only_with_trigger.py
[2026-05-17T04:48:28.796+0000] {processor.py:840} INFO - DAG(s) 'latest_only_with_trigger' retrieved from /home/airflow/.local/lib/python3.12/site-packages/airflow/example_dags/example_latest_only_with_trigger.py
[2026-05-17T04:48:28.811+0000] {logging_mixin.py:188} INFO - [2026-05-17T04:48:28.810+0000] {dag.py:3096} INFO - Sync 1 DAGs
[2026-05-17T04:48:28.825+0000] {logging_mixin.py:188} INFO - [2026-05-17T04:48:28.825+0000] {dag.py:3954} INFO - Setting next_dagrun for latest_only_with_trigger to 2026-05-17 00:00:00+00:00, run_after=2026-05-17 04:00:00+00:00
[2026-05-17T04:48:28.839+0000] {processor.py:183} INFO - Processing /home/airflow/.local/lib/python3.12/site-packages/airflow/example_dags/example_latest_only_with_trigger.py took 0.053 seconds
[2026-05-17T04:48:59.448+0000] {processor.py:161} INFO - Started process (PID=691) to work on /home/airflow/.local/lib/python3.12/site-packages/airflow/example_dags/example_latest_only_with_trigger.py
[2026-05-17T04:48:59.450+0000] {processor.py:830} INFO - Processing file /home/airflow/.local/lib/python3.12/site-packages/airflow/example_dags/example_latest_only_with_trigger.py for tasks to queue
[2026-05-17T04:48:59.452+0000] {logging_mixin.py:188} INFO - [2026-05-17T04:48:59.452+0000] {dagbag.py:545} INFO - Filling up the DagBag from /home/airflow/.local/lib/python3.12/site-packages/airflow/example_dags/example_latest_only_with_trigger.py
[2026-05-17T04:48:59.456+0000] {processor.py:840} INFO - DAG(s) 'latest_only_with_trigger' retrieved from /home/airflow/.local/lib/python3.12/site-packages/airflow/example_dags/example_latest_only_with_trigger.py
[2026-05-17T04:48:59.472+0000] {logging_mixin.py:188} INFO - [2026-05-17T04:48:59.471+0000] {dag.py:3096} INFO - Sync 1 DAGs
[2026-05-17T04:48:59.490+0000] {logging_mixin.py:188} INFO - [2026-05-17T04:48:59.490+0000] {dag.py:3954} INFO - Setting next_dagrun for latest_only_with_trigger to 2026-05-17 00:00:00+00:00, run_after=2026-05-17 04:00:00+00:00
[2026-05-17T04:48:59.512+0000] {processor.py:183} INFO - Processing /home/airflow/.local/lib/python3.12/site-packages/airflow/example_dags/example_latest_only_with_trigger.py took 0.071 seconds
[2026-05-17T04:49:30.023+0000] {processor.py:161} INFO - Started process (PID=750) to work on /home/airflow/.local/lib/python3.12/site-packages/airflow/example_dags/example_latest_only_with_trigger.py
[2026-05-17T04:49:30.024+0000] {processor.py:830} INFO - Processing file /home/airflow/.local/lib/python3.12/site-packages/airflow/example_dags/example_latest_only_with_trigger.py for tasks to queue
[2026-05-17T04:49:30.025+0000] {logging_mixin.py:188} INFO - [2026-05-17T04:49:30.025+0000] {dagbag.py:545} INFO - Filling up the DagBag from /home/airflow/.local/lib/python3.12/site-packages/airflow/example_dags/example_latest_only_with_trigger.py
[2026-05-17T04:49:30.029+0000] {processor.py:840} INFO - DAG(s) 'latest_only_with_trigger' retrieved from /home/airflow/.local/lib/python3.12/site-packages/airflow/example_dags/example_latest_only_with_trigger.py
[2026-05-17T04:49:30.042+0000] {logging_mixin.py:188} INFO - [2026-05-17T04:49:30.042+0000] {dag.py:3096} INFO - Sync 1 DAGs
[2026-05-17T04:49:30.055+0000] {logging_mixin.py:188} INFO - [2026-05-17T04:49:30.055+0000] {dag.py:3954} INFO - Setting next_dagrun for latest_only_with_trigger to 2026-05-17 00:00:00+00:00, run_after=2026-05-17 04:00:00+00:00
[2026-05-17T04:49:30.081+0000] {processor.py:183} INFO - Processing /home/airflow/.local/lib/python3.12/site-packages/airflow/example_dags/example_latest_only_with_trigger.py took 0.062 seconds
[2026-05-17T04:50:00.619+0000] {processor.py:161} INFO - Started process (PID=809) to work on /home/airflow/.local/lib/python3.12/site-packages/airflow/example_dags/example_latest_only_with_trigger.py
[2026-05-17T04:50:00.620+0000] {processor.py:830} INFO - Processing file /home/airflow/.local/lib/python3.12/site-packages/airflow/example_dags/example_latest_only_with_trigger.py for tasks to queue
[2026-05-17T04:50:00.621+0000] {logging_mixin.py:188} INFO - [2026-05-17T04:50:00.621+0000] {dagbag.py:545} INFO - Filling up the DagBag from /home/airflow/.local/lib/python3.12/site-packages/airflow/example_dags/example_latest_only_with_trigger.py
[2026-05-17T04:50:00.626+0000] {processor.py:840} INFO - DAG(s) 'latest_only_with_trigger' retrieved from /home/airflow/.local/lib/python3.12/site-packages/airflow/example_dags/example_latest_only_with_trigger.py
[2026-05-17T04:50:00.639+0000] {logging_mixin.py:188} INFO - [2026-05-17T04:50:00.639+0000] {dag.py:3096} INFO - Sync 1 DAGs
[2026-05-17T04:50:00.654+0000] {logging_mixin.py:188} INFO - [2026-05-17T04:50:00.654+0000] {dag.py:3954} INFO - Setting next_dagrun for latest_only_with_trigger to 2026-05-17 00:00:00+00:00, run_after=2026-05-17 04:00:00+00:00
[2026-05-17T04:50:00.668+0000] {processor.py:183} INFO - Processing /home/airflow/.local/lib/python3.12/site-packages/airflow/example_dags/example_latest_only_with_trigger.py took 0.053 seconds
[2026-05-17T04:50:31.252+0000] {processor.py:161} INFO - Started process (PID=868) to work on /home/airflow/.local/lib/python3.12/site-packages/airflow/example_dags/example_latest_only_with_trigger.py
[2026-05-17T04:50:31.254+0000] {processor.py:830} INFO - Processing file /home/airflow/.local/lib/python3.12/site-packages/airflow/example_dags/example_latest_only_with_trigger.py for tasks to queue
[2026-05-17T04:50:31.256+0000] {logging_mixin.py:188} INFO - [2026-05-17T04:50:31.255+0000] {dagbag.py:545} INFO - Filling up the DagBag from /home/airflow/.local/lib/python3.12/site-packages/airflow/example_dags/example_latest_only_with_trigger.py
[2026-05-17T04:50:31.259+0000] {processor.py:840} INFO - DAG(s) 'latest_only_with_trigger' retrieved from /home/airflow/.local/lib/python3.12/site-packages/airflow/example_dags/example_latest_only_with_trigger.py
[2026-05-17T04:50:31.275+0000] {logging_mixin.py:188} INFO - [2026-05-17T04:50:31.275+0000] {dag.py:3096} INFO - Sync 1 DAGs
[2026-05-17T04:50:31.292+0000] {logging_mixin.py:188} INFO - [2026-05-17T04:50:31.292+0000] {dag.py:3954} INFO - Setting next_dagrun for latest_only_with_trigger to 2026-05-17 00:00:00+00:00, run_after=2026-05-17 04:00:00+00:00
[2026-05-17T04:50:31.307+0000] {processor.py:183} INFO - Processing /home/airflow/.local/lib/python3.12/site-packages/airflow/example_dags/example_latest_only_with_trigger.py took 0.059 seconds
[2026-05-17T04:52:12.720+0000] {processor.py:161} INFO - Started process (PID=101) to work on /home/airflow/.local/lib/python3.12/site-packages/airflow/example_dags/example_latest_only_with_trigger.py
[2026-05-17T04:52:12.722+0000] {processor.py:830} INFO - Processing file /home/airflow/.local/lib/python3.12/site-packages/airflow/example_dags/example_latest_only_with_trigger.py for tasks to queue
[2026-05-17T04:52:12.728+0000] {logging_mixin.py:188} INFO - [2026-05-17T04:52:12.727+0000] {dagbag.py:545} INFO - Filling up the DagBag from /home/airflow/.local/lib/python3.12/site-packages/airflow/example_dags/example_latest_only_with_trigger.py
[2026-05-17T04:52:12.744+0000] {processor.py:840} INFO - DAG(s) 'latest_only_with_trigger' retrieved from /home/airflow/.local/lib/python3.12/site-packages/airflow/example_dags/example_latest_only_with_trigger.py
[2026-05-17T04:52:12.770+0000] {logging_mixin.py:188} INFO - [2026-05-17T04:52:12.769+0000] {dag.py:3096} INFO - Sync 1 DAGs
[2026-05-17T04:52:12.835+0000] {logging_mixin.py:188} INFO - [2026-05-17T04:52:12.834+0000] {dag.py:3954} INFO - Setting next_dagrun for latest_only_with_trigger to 2026-05-17 00:00:00+00:00, run_after=2026-05-17 04:00:00+00:00
[2026-05-17T04:52:12.869+0000] {processor.py:183} INFO - Processing /home/airflow/.local/lib/python3.12/site-packages/airflow/example_dags/example_latest_only_with_trigger.py took 0.163 seconds
[2026-05-17T04:52:43.099+0000] {processor.py:161} INFO - Started process (PID=160) to work on /home/airflow/.local/lib/python3.12/site-packages/airflow/example_dags/example_latest_only_with_trigger.py
[2026-05-17T04:52:43.100+0000] {processor.py:830} INFO - Processing file /home/airflow/.local/lib/python3.12/site-packages/airflow/example_dags/example_latest_only_with_trigger.py for tasks to queue
[2026-05-17T04:52:43.101+0000] {logging_mixin.py:188} INFO - [2026-05-17T04:52:43.101+0000] {dagbag.py:545} INFO - Filling up the DagBag from /home/airflow/.local/lib/python3.12/site-packages/airflow/example_dags/example_latest_only_with_trigger.py
[2026-05-17T04:52:43.105+0000] {processor.py:840} INFO - DAG(s) 'latest_only_with_trigger' retrieved from /home/airflow/.local/lib/python3.12/site-packages/airflow/example_dags/example_latest_only_with_trigger.py
[2026-05-17T04:52:43.169+0000] {logging_mixin.py:188} INFO - [2026-05-17T04:52:43.169+0000] {dag.py:3096} INFO - Sync 1 DAGs
[2026-05-17T04:52:43.180+0000] {logging_mixin.py:188} INFO - [2026-05-17T04:52:43.180+0000] {dag.py:3954} INFO - Setting next_dagrun for latest_only_with_trigger to 2026-05-17 00:00:00+00:00, run_after=2026-05-17 04:00:00+00:00
[2026-05-17T04:52:43.192+0000] {processor.py:183} INFO - Processing /home/airflow/.local/lib/python3.12/site-packages/airflow/example_dags/example_latest_only_with_trigger.py took 0.096 seconds
[2026-05-17T04:53:13.549+0000] {processor.py:161} INFO - Started process (PID=219) to work on /home/airflow/.local/lib/python3.12/site-packages/airflow/example_dags/example_latest_only_with_trigger.py
[2026-05-17T04:53:13.550+0000] {processor.py:830} INFO - Processing file /home/airflow/.local/lib/python3.12/site-packages/airflow/example_dags/example_latest_only_with_trigger.py for tasks to queue
[2026-05-17T04:53:13.551+0000] {logging_mixin.py:188} INFO - [2026-05-17T04:53:13.551+0000] {dagbag.py:545} INFO - Filling up the DagBag from /home/airflow/.local/lib/python3.12/site-packages/airflow/example_dags/example_latest_only_with_trigger.py
[2026-05-17T04:53:13.556+0000] {processor.py:840} INFO - DAG(s) 'latest_only_with_trigger' retrieved from /home/airflow/.local/lib/python3.12/site-packages/airflow/example_dags/example_latest_only_with_trigger.py
[2026-05-17T04:53:13.570+0000] {logging_mixin.py:188} INFO - [2026-05-17T04:53:13.570+0000] {dag.py:3096} INFO - Sync 1 DAGs
[2026-05-17T04:53:13.583+0000] {logging_mixin.py:188} INFO - [2026-05-17T04:53:13.583+0000] {dag.py:3954} INFO - Setting next_dagrun for latest_only_with_trigger to 2026-05-17 00:00:00+00:00, run_after=2026-05-17 04:00:00+00:00
[2026-05-17T04:53:13.596+0000] {processor.py:183} INFO - Processing /home/airflow/.local/lib/python3.12/site-packages/airflow/example_dags/example_latest_only_with_trigger.py took 0.051 seconds
[2026-05-17T04:53:43.791+0000] {processor.py:161} INFO - Started process (PID=278) to work on /home/airflow/.local/lib/python3.12/site-packages/airflow/example_dags/example_latest_only_with_trigger.py
[2026-05-17T04:53:43.792+0000] {processor.py:830} INFO - Processing file /home/airflow/.local/lib/python3.12/site-packages/airflow/example_dags/example_latest_only_with_trigger.py for tasks to queue
[2026-05-17T04:53:43.793+0000] {logging_mixin.py:188} INFO - [2026-05-17T04:53:43.793+0000] {dagbag.py:545} INFO - Filling up the DagBag from /home/airflow/.local/lib/python3.12/site-packages/airflow/example_dags/example_latest_only_with_trigger.py
[2026-05-17T04:53:43.797+0000] {processor.py:840} INFO - DAG(s) 'latest_only_with_trigger' retrieved from /home/airflow/.local/lib/python3.12/site-packages/airflow/example_dags/example_latest_only_with_trigger.py
[2026-05-17T04:53:43.811+0000] {logging_mixin.py:188} INFO - [2026-05-17T04:53:43.811+0000] {dag.py:3096} INFO - Sync 1 DAGs
[2026-05-17T04:53:43.830+0000] {logging_mixin.py:188} INFO - [2026-05-17T04:53:43.829+0000] {dag.py:3954} INFO - Setting next_dagrun for latest_only_with_trigger to 2026-05-17 00:00:00+00:00, run_after=2026-05-17 04:00:00+00:00
[2026-05-17T04:53:43.853+0000] {processor.py:183} INFO - Processing /home/airflow/.local/lib/python3.12/site-packages/airflow/example_dags/example_latest_only_with_trigger.py took 0.068 seconds
[2026-05-17T04:54:14.103+0000] {processor.py:161} INFO - Started process (PID=337) to work on /home/airflow/.local/lib/python3.12/site-packages/airflow/example_dags/example_latest_only_with_trigger.py
[2026-05-17T04:54:14.104+0000] {processor.py:830} INFO - Processing file /home/airflow/.local/lib/python3.12/site-packages/airflow/example_dags/example_latest_only_with_trigger.py for tasks to queue
[2026-05-17T04:54:14.105+0000] {logging_mixin.py:188} INFO - [2026-05-17T04:54:14.105+0000] {dagbag.py:545} INFO - Filling up the DagBag from /home/airflow/.local/lib/python3.12/site-packages/airflow/example_dags/example_latest_only_with_trigger.py
[2026-05-17T04:54:14.109+0000] {processor.py:840} INFO - DAG(s) 'latest_only_with_trigger' retrieved from /home/airflow/.local/lib/python3.12/site-packages/airflow/example_dags/example_latest_only_with_trigger.py
[2026-05-17T04:54:14.122+0000] {logging_mixin.py:188} INFO - [2026-05-17T04:54:14.122+0000] {dag.py:3096} INFO - Sync 1 DAGs
[2026-05-17T04:54:14.136+0000] {logging_mixin.py:188} INFO - [2026-05-17T04:54:14.136+0000] {dag.py:3954} INFO - Setting next_dagrun for latest_only_with_trigger to 2026-05-17 00:00:00+00:00, run_after=2026-05-17 04:00:00+00:00
[2026-05-17T04:54:14.153+0000] {processor.py:183} INFO - Processing /home/airflow/.local/lib/python3.12/site-packages/airflow/example_dags/example_latest_only_with_trigger.py took 0.054 seconds
[2026-05-17T04:54:44.406+0000] {processor.py:161} INFO - Started process (PID=396) to work on /home/airflow/.local/lib/python3.12/site-packages/airflow/example_dags/example_latest_only_with_trigger.py
[2026-05-17T04:54:44.407+0000] {processor.py:830} INFO - Processing file /home/airflow/.local/lib/python3.12/site-packages/airflow/example_dags/example_latest_only_with_trigger.py for tasks to queue
[2026-05-17T04:54:44.409+0000] {logging_mixin.py:188} INFO - [2026-05-17T04:54:44.408+0000] {dagbag.py:545} INFO - Filling up the DagBag from /home/airflow/.local/lib/python3.12/site-packages/airflow/example_dags/example_latest_only_with_trigger.py
[2026-05-17T04:54:44.414+0000] {processor.py:840} INFO - DAG(s) 'latest_only_with_trigger' retrieved from /home/airflow/.local/lib/python3.12/site-packages/airflow/example_dags/example_latest_only_with_trigger.py
[2026-05-17T04:54:44.433+0000] {logging_mixin.py:188} INFO - [2026-05-17T04:54:44.433+0000] {dag.py:3096} INFO - Sync 1 DAGs
[2026-05-17T04:54:44.453+0000] {logging_mixin.py:188} INFO - [2026-05-17T04:54:44.452+0000] {dag.py:3954} INFO - Setting next_dagrun for latest_only_with_trigger to 2026-05-17 00:00:00+00:00, run_after=2026-05-17 04:00:00+00:00
[2026-05-17T04:54:44.471+0000] {processor.py:183} INFO - Processing /home/airflow/.local/lib/python3.12/site-packages/airflow/example_dags/example_latest_only_with_trigger.py took 0.072 seconds
[2026-05-17T04:55:14.541+0000] {processor.py:161} INFO - Started process (PID=455) to work on /home/airflow/.local/lib/python3.12/site-packages/airflow/example_dags/example_latest_only_with_trigger.py
[2026-05-17T04:55:14.542+0000] {processor.py:830} INFO - Processing file /home/airflow/.local/lib/python3.12/site-packages/airflow/example_dags/example_latest_only_with_trigger.py for tasks to queue
[2026-05-17T04:55:14.544+0000] {logging_mixin.py:188} INFO - [2026-05-17T04:55:14.543+0000] {dagbag.py:545} INFO - Filling up the DagBag from /home/airflow/.local/lib/python3.12/site-packages/airflow/example_dags/example_latest_only_with_trigger.py
[2026-05-17T04:55:14.550+0000] {processor.py:840} INFO - DAG(s) 'latest_only_with_trigger' retrieved from /home/airflow/.local/lib/python3.12/site-packages/airflow/example_dags/example_latest_only_with_trigger.py
[2026-05-17T04:55:14.569+0000] {logging_mixin.py:188} INFO - [2026-05-17T04:55:14.569+0000] {dag.py:3096} INFO - Sync 1 DAGs
[2026-05-17T04:55:14.587+0000] {logging_mixin.py:188} INFO - [2026-05-17T04:55:14.586+0000] {dag.py:3954} INFO - Setting next_dagrun for latest_only_with_trigger to 2026-05-17 00:00:00+00:00, run_after=2026-05-17 04:00:00+00:00
[2026-05-17T04:55:14.603+0000] {processor.py:183} INFO - Processing /home/airflow/.local/lib/python3.12/site-packages/airflow/example_dags/example_latest_only_with_trigger.py took 0.066 seconds
[2026-05-17T04:55:45.113+0000] {processor.py:161} INFO - Started process (PID=514) to work on /home/airflow/.local/lib/python3.12/site-packages/airflow/example_dags/example_latest_only_with_trigger.py
[2026-05-17T04:55:45.114+0000] {processor.py:830} INFO - Processing file /home/airflow/.local/lib/python3.12/site-packages/airflow/example_dags/example_latest_only_with_trigger.py for tasks to queue
[2026-05-17T04:55:45.117+0000] {logging_mixin.py:188} INFO - [2026-05-17T04:55:45.116+0000] {dagbag.py:545} INFO - Filling up the DagBag from /home/airflow/.local/lib/python3.12/site-packages/airflow/example_dags/example_latest_only_with_trigger.py
[2026-05-17T04:55:45.126+0000] {processor.py:840} INFO - DAG(s) 'latest_only_with_trigger' retrieved from /home/airflow/.local/lib/python3.12/site-packages/airflow/example_dags/example_latest_only_with_trigger.py
[2026-05-17T04:55:45.149+0000] {logging_mixin.py:188} INFO - [2026-05-17T04:55:45.149+0000] {dag.py:3096} INFO - Sync 1 DAGs
[2026-05-17T04:55:45.187+0000] {logging_mixin.py:188} INFO - [2026-05-17T04:55:45.187+0000] {dag.py:3954} INFO - Setting next_dagrun for latest_only_with_trigger to 2026-05-17 00:00:00+00:00, run_after=2026-05-17 04:00:00+00:00
[2026-05-17T04:55:45.206+0000] {processor.py:183} INFO - Processing /home/airflow/.local/lib/python3.12/site-packages/airflow/example_dags/example_latest_only_with_trigger.py took 0.099 seconds
[2026-05-17T04:56:17.614+0000] {processor.py:161} INFO - Started process (PID=573) to work on /home/airflow/.local/lib/python3.12/site-packages/airflow/example_dags/example_latest_only_with_trigger.py
[2026-05-17T04:56:17.617+0000] {processor.py:830} INFO - Processing file /home/airflow/.local/lib/python3.12/site-packages/airflow/example_dags/example_latest_only_with_trigger.py for tasks to queue
[2026-05-17T04:56:17.619+0000] {logging_mixin.py:188} INFO - [2026-05-17T04:56:17.619+0000] {dagbag.py:545} INFO - Filling up the DagBag from /home/airflow/.local/lib/python3.12/site-packages/airflow/example_dags/example_latest_only_with_trigger.py
[2026-05-17T04:56:17.626+0000] {processor.py:840} INFO - DAG(s) 'latest_only_with_trigger' retrieved from /home/airflow/.local/lib/python3.12/site-packages/airflow/example_dags/example_latest_only_with_trigger.py
[2026-05-17T04:56:17.657+0000] {logging_mixin.py:188} INFO - [2026-05-17T04:56:17.656+0000] {dag.py:3096} INFO - Sync 1 DAGs
[2026-05-17T04:56:17.688+0000] {logging_mixin.py:188} INFO - [2026-05-17T04:56:17.687+0000] {dag.py:3954} INFO - Setting next_dagrun for latest_only_with_trigger to 2026-05-17 00:00:00+00:00, run_after=2026-05-17 04:00:00+00:00
[2026-05-17T04:56:17.712+0000] {processor.py:183} INFO - Processing /home/airflow/.local/lib/python3.12/site-packages/airflow/example_dags/example_latest_only_with_trigger.py took 0.105 seconds
[2026-05-17T04:56:48.354+0000] {processor.py:161} INFO - Started process (PID=632) to work on /home/airflow/.local/lib/python3.12/site-packages/airflow/example_dags/example_latest_only_with_trigger.py
[2026-05-17T04:56:48.355+0000] {processor.py:830} INFO - Processing file /home/airflow/.local/lib/python3.12/site-packages/airflow/example_dags/example_latest_only_with_trigger.py for tasks to queue
[2026-05-17T04:56:48.357+0000] {logging_mixin.py:188} INFO - [2026-05-17T04:56:48.357+0000] {dagbag.py:545} INFO - Filling up the DagBag from /home/airflow/.local/lib/python3.12/site-packages/airflow/example_dags/example_latest_only_with_trigger.py
[2026-05-17T04:56:48.363+0000] {processor.py:840} INFO - DAG(s) 'latest_only_with_trigger' retrieved from /home/airflow/.local/lib/python3.12/site-packages/airflow/example_dags/example_latest_only_with_trigger.py
[2026-05-17T04:56:48.381+0000] {logging_mixin.py:188} INFO - [2026-05-17T04:56:48.380+0000] {dag.py:3096} INFO - Sync 1 DAGs
[2026-05-17T04:56:48.407+0000] {logging_mixin.py:188} INFO - [2026-05-17T04:56:48.406+0000] {dag.py:3954} INFO - Setting next_dagrun for latest_only_with_trigger to 2026-05-17 00:00:00+00:00, run_after=2026-05-17 04:00:00+00:00
[2026-05-17T04:56:48.441+0000] {processor.py:183} INFO - Processing /home/airflow/.local/lib/python3.12/site-packages/airflow/example_dags/example_latest_only_with_trigger.py took 0.094 seconds
[2026-05-17T04:57:18.821+0000] {processor.py:161} INFO - Started process (PID=691) to work on /home/airflow/.local/lib/python3.12/site-packages/airflow/example_dags/example_latest_only_with_trigger.py
[2026-05-17T04:57:18.822+0000] {processor.py:830} INFO - Processing file /home/airflow/.local/lib/python3.12/site-packages/airflow/example_dags/example_latest_only_with_trigger.py for tasks to queue
[2026-05-17T04:57:18.824+0000] {logging_mixin.py:188} INFO - [2026-05-17T04:57:18.824+0000] {dagbag.py:545} INFO - Filling up the DagBag from /home/airflow/.local/lib/python3.12/site-packages/airflow/example_dags/example_latest_only_with_trigger.py
[2026-05-17T04:57:18.830+0000] {processor.py:840} INFO - DAG(s) 'latest_only_with_trigger' retrieved from /home/airflow/.local/lib/python3.12/site-packages/airflow/example_dags/example_latest_only_with_trigger.py
[2026-05-17T04:57:18.853+0000] {logging_mixin.py:188} INFO - [2026-05-17T04:57:18.853+0000] {dag.py:3096} INFO - Sync 1 DAGs
[2026-05-17T04:57:18.879+0000] {logging_mixin.py:188} INFO - [2026-05-17T04:57:18.878+0000] {dag.py:3954} INFO - Setting next_dagrun for latest_only_with_trigger to 2026-05-17 00:00:00+00:00, run_after=2026-05-17 04:00:00+00:00
[2026-05-17T04:57:18.899+0000] {processor.py:183} INFO - Processing /home/airflow/.local/lib/python3.12/site-packages/airflow/example_dags/example_latest_only_with_trigger.py took 0.084 seconds
[2026-05-17T04:57:48.975+0000] {processor.py:161} INFO - Started process (PID=750) to work on /home/airflow/.local/lib/python3.12/site-packages/airflow/example_dags/example_latest_only_with_trigger.py
[2026-05-17T04:57:48.976+0000] {processor.py:830} INFO - Processing file /home/airflow/.local/lib/python3.12/site-packages/airflow/example_dags/example_latest_only_with_trigger.py for tasks to queue
[2026-05-17T04:57:48.979+0000] {logging_mixin.py:188} INFO - [2026-05-17T04:57:48.979+0000] {dagbag.py:545} INFO - Filling up the DagBag from /home/airflow/.local/lib/python3.12/site-packages/airflow/example_dags/example_latest_only_with_trigger.py
[2026-05-17T04:57:48.991+0000] {processor.py:840} INFO - DAG(s) 'latest_only_with_trigger' retrieved from /home/airflow/.local/lib/python3.12/site-packages/airflow/example_dags/example_latest_only_with_trigger.py
[2026-05-17T04:57:49.024+0000] {logging_mixin.py:188} INFO - [2026-05-17T04:57:49.024+0000] {dag.py:3096} INFO - Sync 1 DAGs
[2026-05-17T04:57:49.048+0000] {logging_mixin.py:188} INFO - [2026-05-17T04:57:49.047+0000] {dag.py:3954} INFO - Setting next_dagrun for latest_only_with_trigger to 2026-05-17 00:00:00+00:00, run_after=2026-05-17 04:00:00+00:00
[2026-05-17T04:57:49.062+0000] {processor.py:183} INFO - Processing /home/airflow/.local/lib/python3.12/site-packages/airflow/example_dags/example_latest_only_with_trigger.py took 0.094 seconds
[2026-05-17T04:58:21.201+0000] {processor.py:161} INFO - Started process (PID=809) to work on /home/airflow/.local/lib/python3.12/site-packages/airflow/example_dags/example_latest_only_with_trigger.py
[2026-05-17T04:58:21.202+0000] {processor.py:830} INFO - Processing file /home/airflow/.local/lib/python3.12/site-packages/airflow/example_dags/example_latest_only_with_trigger.py for tasks to queue
[2026-05-17T04:58:21.204+0000] {logging_mixin.py:188} INFO - [2026-05-17T04:58:21.203+0000] {dagbag.py:545} INFO - Filling up the DagBag from /home/airflow/.local/lib/python3.12/site-packages/airflow/example_dags/example_latest_only_with_trigger.py
[2026-05-17T04:58:21.209+0000] {processor.py:840} INFO - DAG(s) 'latest_only_with_trigger' retrieved from /home/airflow/.local/lib/python3.12/site-packages/airflow/example_dags/example_latest_only_with_trigger.py
[2026-05-17T04:58:21.228+0000] {logging_mixin.py:188} INFO - [2026-05-17T04:58:21.228+0000] {dag.py:3096} INFO - Sync 1 DAGs
[2026-05-17T04:58:21.252+0000] {logging_mixin.py:188} INFO - [2026-05-17T04:58:21.251+0000] {dag.py:3954} INFO - Setting next_dagrun for latest_only_with_trigger to 2026-05-17 00:00:00+00:00, run_after=2026-05-17 04:00:00+00:00
[2026-05-17T04:58:21.291+0000] {processor.py:183} INFO - Processing /home/airflow/.local/lib/python3.12/site-packages/airflow/example_dags/example_latest_only_with_trigger.py took 0.096 seconds
[2026-05-17T05:00:23.939+0000] {processor.py:161} INFO - Started process (PID=89) to work on /home/airflow/.local/lib/python3.12/site-packages/airflow/example_dags/example_latest_only_with_trigger.py
[2026-05-17T05:00:23.940+0000] {processor.py:830} INFO - Processing file /home/airflow/.local/lib/python3.12/site-packages/airflow/example_dags/example_latest_only_with_trigger.py for tasks to queue
[2026-05-17T05:00:23.941+0000] {logging_mixin.py:188} INFO - [2026-05-17T05:00:23.941+0000] {dagbag.py:545} INFO - Filling up the DagBag from /home/airflow/.local/lib/python3.12/site-packages/airflow/example_dags/example_latest_only_with_trigger.py
[2026-05-17T05:00:23.946+0000] {processor.py:840} INFO - DAG(s) 'latest_only_with_trigger' retrieved from /home/airflow/.local/lib/python3.12/site-packages/airflow/example_dags/example_latest_only_with_trigger.py
[2026-05-17T05:00:23.960+0000] {logging_mixin.py:188} INFO - [2026-05-17T05:00:23.960+0000] {dag.py:3096} INFO - Sync 1 DAGs
[2026-05-17T05:00:23.975+0000] {logging_mixin.py:188} INFO - [2026-05-17T05:00:23.975+0000] {dag.py:3954} INFO - Setting next_dagrun for latest_only_with_trigger to 2026-05-17 00:00:00+00:00, run_after=2026-05-17 04:00:00+00:00
[2026-05-17T05:00:23.989+0000] {processor.py:183} INFO - Processing /home/airflow/.local/lib/python3.12/site-packages/airflow/example_dags/example_latest_only_with_trigger.py took 0.054 seconds
