[2026-05-17T04:43:49.285+0000] {processor.py:161} INFO - Started process (PID=64) to work on /home/airflow/.local/lib/python3.12/site-packages/airflow/example_dags/example_skip_dag.py
[2026-05-17T04:43:49.288+0000] {processor.py:830} INFO - Processing file /home/airflow/.local/lib/python3.12/site-packages/airflow/example_dags/example_skip_dag.py for tasks to queue
[2026-05-17T04:43:49.291+0000] {logging_mixin.py:188} INFO - [2026-05-17T04:43:49.290+0000] {dagbag.py:545} INFO - Filling up the DagBag from /home/airflow/.local/lib/python3.12/site-packages/airflow/example_dags/example_skip_dag.py
[2026-05-17T04:43:49.309+0000] {processor.py:840} INFO - DAG(s) 'example_skip_dag' retrieved from /home/airflow/.local/lib/python3.12/site-packages/airflow/example_dags/example_skip_dag.py
[2026-05-17T04:43:49.330+0000] {logging_mixin.py:188} INFO - [2026-05-17T04:43:49.329+0000] {dag.py:3096} INFO - Sync 1 DAGs
[2026-05-17T04:43:49.370+0000] {logging_mixin.py:188} INFO - [2026-05-17T04:43:49.370+0000] {dag.py:3954} INFO - Setting next_dagrun for example_skip_dag to 2026-05-16 00:00:00+00:00, run_after=2026-05-17 00:00:00+00:00
[2026-05-17T04:43:49.404+0000] {processor.py:183} INFO - Processing /home/airflow/.local/lib/python3.12/site-packages/airflow/example_dags/example_skip_dag.py took 0.132 seconds
[2026-05-17T04:44:19.991+0000] {processor.py:161} INFO - Started process (PID=123) to work on /home/airflow/.local/lib/python3.12/site-packages/airflow/example_dags/example_skip_dag.py
[2026-05-17T04:44:19.993+0000] {processor.py:830} INFO - Processing file /home/airflow/.local/lib/python3.12/site-packages/airflow/example_dags/example_skip_dag.py for tasks to queue
[2026-05-17T04:44:19.995+0000] {logging_mixin.py:188} INFO - [2026-05-17T04:44:19.995+0000] {dagbag.py:545} INFO - Filling up the DagBag from /home/airflow/.local/lib/python3.12/site-packages/airflow/example_dags/example_skip_dag.py
[2026-05-17T04:44:20.001+0000] {processor.py:840} INFO - DAG(s) 'example_skip_dag' retrieved from /home/airflow/.local/lib/python3.12/site-packages/airflow/example_dags/example_skip_dag.py
[2026-05-17T04:44:20.077+0000] {logging_mixin.py:188} INFO - [2026-05-17T04:44:20.077+0000] {dag.py:3096} INFO - Sync 1 DAGs
[2026-05-17T04:44:20.091+0000] {logging_mixin.py:188} INFO - [2026-05-17T04:44:20.091+0000] {dag.py:3954} INFO - Setting next_dagrun for example_skip_dag to 2026-05-16 00:00:00+00:00, run_after=2026-05-17 00:00:00+00:00
[2026-05-17T04:44:20.116+0000] {processor.py:183} INFO - Processing /home/airflow/.local/lib/python3.12/site-packages/airflow/example_dags/example_skip_dag.py took 0.130 seconds
[2026-05-17T04:44:51.004+0000] {processor.py:161} INFO - Started process (PID=182) to work on /home/airflow/.local/lib/python3.12/site-packages/airflow/example_dags/example_skip_dag.py
[2026-05-17T04:44:51.005+0000] {processor.py:830} INFO - Processing file /home/airflow/.local/lib/python3.12/site-packages/airflow/example_dags/example_skip_dag.py for tasks to queue
[2026-05-17T04:44:51.007+0000] {logging_mixin.py:188} INFO - [2026-05-17T04:44:51.006+0000] {dagbag.py:545} INFO - Filling up the DagBag from /home/airflow/.local/lib/python3.12/site-packages/airflow/example_dags/example_skip_dag.py
[2026-05-17T04:44:51.012+0000] {processor.py:840} INFO - DAG(s) 'example_skip_dag' retrieved from /home/airflow/.local/lib/python3.12/site-packages/airflow/example_dags/example_skip_dag.py
[2026-05-17T04:44:51.027+0000] {logging_mixin.py:188} INFO - [2026-05-17T04:44:51.027+0000] {dag.py:3096} INFO - Sync 1 DAGs
[2026-05-17T04:44:51.043+0000] {logging_mixin.py:188} INFO - [2026-05-17T04:44:51.043+0000] {dag.py:3954} INFO - Setting next_dagrun for example_skip_dag to 2026-05-16 00:00:00+00:00, run_after=2026-05-17 00:00:00+00:00
[2026-05-17T04:44:51.058+0000] {processor.py:183} INFO - Processing /home/airflow/.local/lib/python3.12/site-packages/airflow/example_dags/example_skip_dag.py took 0.058 seconds
[2026-05-17T04:45:21.192+0000] {processor.py:161} INFO - Started process (PID=240) to work on /home/airflow/.local/lib/python3.12/site-packages/airflow/example_dags/example_skip_dag.py
[2026-05-17T04:45:21.193+0000] {processor.py:830} INFO - Processing file /home/airflow/.local/lib/python3.12/site-packages/airflow/example_dags/example_skip_dag.py for tasks to queue
[2026-05-17T04:45:21.195+0000] {logging_mixin.py:188} INFO - [2026-05-17T04:45:21.194+0000] {dagbag.py:545} INFO - Filling up the DagBag from /home/airflow/.local/lib/python3.12/site-packages/airflow/example_dags/example_skip_dag.py
[2026-05-17T04:45:21.199+0000] {processor.py:840} INFO - DAG(s) 'example_skip_dag' retrieved from /home/airflow/.local/lib/python3.12/site-packages/airflow/example_dags/example_skip_dag.py
[2026-05-17T04:45:21.215+0000] {logging_mixin.py:188} INFO - [2026-05-17T04:45:21.215+0000] {dag.py:3096} INFO - Sync 1 DAGs
[2026-05-17T04:45:21.229+0000] {logging_mixin.py:188} INFO - [2026-05-17T04:45:21.229+0000] {dag.py:3954} INFO - Setting next_dagrun for example_skip_dag to 2026-05-16 00:00:00+00:00, run_after=2026-05-17 00:00:00+00:00
[2026-05-17T04:45:21.241+0000] {processor.py:183} INFO - Processing /home/airflow/.local/lib/python3.12/site-packages/airflow/example_dags/example_skip_dag.py took 0.053 seconds
[2026-05-17T04:45:51.678+0000] {processor.py:161} INFO - Started process (PID=300) to work on /home/airflow/.local/lib/python3.12/site-packages/airflow/example_dags/example_skip_dag.py
[2026-05-17T04:45:51.679+0000] {processor.py:830} INFO - Processing file /home/airflow/.local/lib/python3.12/site-packages/airflow/example_dags/example_skip_dag.py for tasks to queue
[2026-05-17T04:45:51.681+0000] {logging_mixin.py:188} INFO - [2026-05-17T04:45:51.681+0000] {dagbag.py:545} INFO - Filling up the DagBag from /home/airflow/.local/lib/python3.12/site-packages/airflow/example_dags/example_skip_dag.py
[2026-05-17T04:45:51.686+0000] {processor.py:840} INFO - DAG(s) 'example_skip_dag' retrieved from /home/airflow/.local/lib/python3.12/site-packages/airflow/example_dags/example_skip_dag.py
[2026-05-17T04:45:51.704+0000] {logging_mixin.py:188} INFO - [2026-05-17T04:45:51.703+0000] {dag.py:3096} INFO - Sync 1 DAGs
[2026-05-17T04:45:51.721+0000] {logging_mixin.py:188} INFO - [2026-05-17T04:45:51.721+0000] {dag.py:3954} INFO - Setting next_dagrun for example_skip_dag to 2026-05-16 00:00:00+00:00, run_after=2026-05-17 00:00:00+00:00
[2026-05-17T04:45:51.736+0000] {processor.py:183} INFO - Processing /home/airflow/.local/lib/python3.12/site-packages/airflow/example_dags/example_skip_dag.py took 0.063 seconds
[2026-05-17T04:46:22.542+0000] {processor.py:161} INFO - Started process (PID=365) to work on /home/airflow/.local/lib/python3.12/site-packages/airflow/example_dags/example_skip_dag.py
[2026-05-17T04:46:22.543+0000] {processor.py:830} INFO - Processing file /home/airflow/.local/lib/python3.12/site-packages/airflow/example_dags/example_skip_dag.py for tasks to queue
[2026-05-17T04:46:22.544+0000] {logging_mixin.py:188} INFO - [2026-05-17T04:46:22.544+0000] {dagbag.py:545} INFO - Filling up the DagBag from /home/airflow/.local/lib/python3.12/site-packages/airflow/example_dags/example_skip_dag.py
[2026-05-17T04:46:22.548+0000] {processor.py:840} INFO - DAG(s) 'example_skip_dag' retrieved from /home/airflow/.local/lib/python3.12/site-packages/airflow/example_dags/example_skip_dag.py
[2026-05-17T04:46:22.562+0000] {logging_mixin.py:188} INFO - [2026-05-17T04:46:22.562+0000] {dag.py:3096} INFO - Sync 1 DAGs
[2026-05-17T04:46:22.576+0000] {logging_mixin.py:188} INFO - [2026-05-17T04:46:22.576+0000] {dag.py:3954} INFO - Setting next_dagrun for example_skip_dag to 2026-05-16 00:00:00+00:00, run_after=2026-05-17 00:00:00+00:00
[2026-05-17T04:46:22.595+0000] {processor.py:183} INFO - Processing /home/airflow/.local/lib/python3.12/site-packages/airflow/example_dags/example_skip_dag.py took 0.057 seconds
[2026-05-17T04:46:52.815+0000] {processor.py:161} INFO - Started process (PID=424) to work on /home/airflow/.local/lib/python3.12/site-packages/airflow/example_dags/example_skip_dag.py
[2026-05-17T04:46:52.816+0000] {processor.py:830} INFO - Processing file /home/airflow/.local/lib/python3.12/site-packages/airflow/example_dags/example_skip_dag.py for tasks to queue
[2026-05-17T04:46:52.817+0000] {logging_mixin.py:188} INFO - [2026-05-17T04:46:52.817+0000] {dagbag.py:545} INFO - Filling up the DagBag from /home/airflow/.local/lib/python3.12/site-packages/airflow/example_dags/example_skip_dag.py
[2026-05-17T04:46:52.822+0000] {processor.py:840} INFO - DAG(s) 'example_skip_dag' retrieved from /home/airflow/.local/lib/python3.12/site-packages/airflow/example_dags/example_skip_dag.py
[2026-05-17T04:46:52.840+0000] {logging_mixin.py:188} INFO - [2026-05-17T04:46:52.839+0000] {dag.py:3096} INFO - Sync 1 DAGs
[2026-05-17T04:46:52.855+0000] {logging_mixin.py:188} INFO - [2026-05-17T04:46:52.855+0000] {dag.py:3954} INFO - Setting next_dagrun for example_skip_dag to 2026-05-16 00:00:00+00:00, run_after=2026-05-17 00:00:00+00:00
[2026-05-17T04:46:52.869+0000] {processor.py:183} INFO - Processing /home/airflow/.local/lib/python3.12/site-packages/airflow/example_dags/example_skip_dag.py took 0.058 seconds
[2026-05-17T04:47:23.481+0000] {processor.py:161} INFO - Started process (PID=483) to work on /home/airflow/.local/lib/python3.12/site-packages/airflow/example_dags/example_skip_dag.py
[2026-05-17T04:47:23.482+0000] {processor.py:830} INFO - Processing file /home/airflow/.local/lib/python3.12/site-packages/airflow/example_dags/example_skip_dag.py for tasks to queue
[2026-05-17T04:47:23.483+0000] {logging_mixin.py:188} INFO - [2026-05-17T04:47:23.483+0000] {dagbag.py:545} INFO - Filling up the DagBag from /home/airflow/.local/lib/python3.12/site-packages/airflow/example_dags/example_skip_dag.py
[2026-05-17T04:47:23.488+0000] {processor.py:840} INFO - DAG(s) 'example_skip_dag' retrieved from /home/airflow/.local/lib/python3.12/site-packages/airflow/example_dags/example_skip_dag.py
[2026-05-17T04:47:23.503+0000] {logging_mixin.py:188} INFO - [2026-05-17T04:47:23.502+0000] {dag.py:3096} INFO - Sync 1 DAGs
[2026-05-17T04:47:23.519+0000] {logging_mixin.py:188} INFO - [2026-05-17T04:47:23.518+0000] {dag.py:3954} INFO - Setting next_dagrun for example_skip_dag to 2026-05-16 00:00:00+00:00, run_after=2026-05-17 00:00:00+00:00
[2026-05-17T04:47:23.532+0000] {processor.py:183} INFO - Processing /home/airflow/.local/lib/python3.12/site-packages/airflow/example_dags/example_skip_dag.py took 0.055 seconds
[2026-05-17T04:47:53.891+0000] {processor.py:161} INFO - Started process (PID=542) to work on /home/airflow/.local/lib/python3.12/site-packages/airflow/example_dags/example_skip_dag.py
[2026-05-17T04:47:53.891+0000] {processor.py:830} INFO - Processing file /home/airflow/.local/lib/python3.12/site-packages/airflow/example_dags/example_skip_dag.py for tasks to queue
[2026-05-17T04:47:53.893+0000] {logging_mixin.py:188} INFO - [2026-05-17T04:47:53.893+0000] {dagbag.py:545} INFO - Filling up the DagBag from /home/airflow/.local/lib/python3.12/site-packages/airflow/example_dags/example_skip_dag.py
[2026-05-17T04:47:53.897+0000] {processor.py:840} INFO - DAG(s) 'example_skip_dag' retrieved from /home/airflow/.local/lib/python3.12/site-packages/airflow/example_dags/example_skip_dag.py
[2026-05-17T04:47:53.911+0000] {logging_mixin.py:188} INFO - [2026-05-17T04:47:53.911+0000] {dag.py:3096} INFO - Sync 1 DAGs
[2026-05-17T04:47:53.924+0000] {logging_mixin.py:188} INFO - [2026-05-17T04:47:53.923+0000] {dag.py:3954} INFO - Setting next_dagrun for example_skip_dag to 2026-05-16 00:00:00+00:00, run_after=2026-05-17 00:00:00+00:00
[2026-05-17T04:47:53.937+0000] {processor.py:183} INFO - Processing /home/airflow/.local/lib/python3.12/site-packages/airflow/example_dags/example_skip_dag.py took 0.050 seconds
[2026-05-17T04:48:24.370+0000] {processor.py:161} INFO - Started process (PID=601) to work on /home/airflow/.local/lib/python3.12/site-packages/airflow/example_dags/example_skip_dag.py
[2026-05-17T04:48:24.371+0000] {processor.py:830} INFO - Processing file /home/airflow/.local/lib/python3.12/site-packages/airflow/example_dags/example_skip_dag.py for tasks to queue
[2026-05-17T04:48:24.372+0000] {logging_mixin.py:188} INFO - [2026-05-17T04:48:24.372+0000] {dagbag.py:545} INFO - Filling up the DagBag from /home/airflow/.local/lib/python3.12/site-packages/airflow/example_dags/example_skip_dag.py
[2026-05-17T04:48:24.377+0000] {processor.py:840} INFO - DAG(s) 'example_skip_dag' retrieved from /home/airflow/.local/lib/python3.12/site-packages/airflow/example_dags/example_skip_dag.py
[2026-05-17T04:48:24.391+0000] {logging_mixin.py:188} INFO - [2026-05-17T04:48:24.391+0000] {dag.py:3096} INFO - Sync 1 DAGs
[2026-05-17T04:48:24.405+0000] {logging_mixin.py:188} INFO - [2026-05-17T04:48:24.405+0000] {dag.py:3954} INFO - Setting next_dagrun for example_skip_dag to 2026-05-16 00:00:00+00:00, run_after=2026-05-17 00:00:00+00:00
[2026-05-17T04:48:24.419+0000] {processor.py:183} INFO - Processing /home/airflow/.local/lib/python3.12/site-packages/airflow/example_dags/example_skip_dag.py took 0.054 seconds
[2026-05-17T04:48:54.930+0000] {processor.py:161} INFO - Started process (PID=660) to work on /home/airflow/.local/lib/python3.12/site-packages/airflow/example_dags/example_skip_dag.py
[2026-05-17T04:48:54.931+0000] {processor.py:830} INFO - Processing file /home/airflow/.local/lib/python3.12/site-packages/airflow/example_dags/example_skip_dag.py for tasks to queue
[2026-05-17T04:48:54.932+0000] {logging_mixin.py:188} INFO - [2026-05-17T04:48:54.932+0000] {dagbag.py:545} INFO - Filling up the DagBag from /home/airflow/.local/lib/python3.12/site-packages/airflow/example_dags/example_skip_dag.py
[2026-05-17T04:48:54.937+0000] {processor.py:840} INFO - DAG(s) 'example_skip_dag' retrieved from /home/airflow/.local/lib/python3.12/site-packages/airflow/example_dags/example_skip_dag.py
[2026-05-17T04:48:54.951+0000] {logging_mixin.py:188} INFO - [2026-05-17T04:48:54.951+0000] {dag.py:3096} INFO - Sync 1 DAGs
[2026-05-17T04:48:54.964+0000] {logging_mixin.py:188} INFO - [2026-05-17T04:48:54.964+0000] {dag.py:3954} INFO - Setting next_dagrun for example_skip_dag to 2026-05-16 00:00:00+00:00, run_after=2026-05-17 00:00:00+00:00
[2026-05-17T04:48:54.976+0000] {processor.py:183} INFO - Processing /home/airflow/.local/lib/python3.12/site-packages/airflow/example_dags/example_skip_dag.py took 0.050 seconds
[2026-05-17T04:49:25.617+0000] {processor.py:161} INFO - Started process (PID=719) to work on /home/airflow/.local/lib/python3.12/site-packages/airflow/example_dags/example_skip_dag.py
[2026-05-17T04:49:25.618+0000] {processor.py:830} INFO - Processing file /home/airflow/.local/lib/python3.12/site-packages/airflow/example_dags/example_skip_dag.py for tasks to queue
[2026-05-17T04:49:25.620+0000] {logging_mixin.py:188} INFO - [2026-05-17T04:49:25.620+0000] {dagbag.py:545} INFO - Filling up the DagBag from /home/airflow/.local/lib/python3.12/site-packages/airflow/example_dags/example_skip_dag.py
[2026-05-17T04:49:25.625+0000] {processor.py:840} INFO - DAG(s) 'example_skip_dag' retrieved from /home/airflow/.local/lib/python3.12/site-packages/airflow/example_dags/example_skip_dag.py
[2026-05-17T04:49:25.640+0000] {logging_mixin.py:188} INFO - [2026-05-17T04:49:25.640+0000] {dag.py:3096} INFO - Sync 1 DAGs
[2026-05-17T04:49:25.654+0000] {logging_mixin.py:188} INFO - [2026-05-17T04:49:25.654+0000] {dag.py:3954} INFO - Setting next_dagrun for example_skip_dag to 2026-05-16 00:00:00+00:00, run_after=2026-05-17 00:00:00+00:00
[2026-05-17T04:49:25.665+0000] {processor.py:183} INFO - Processing /home/airflow/.local/lib/python3.12/site-packages/airflow/example_dags/example_skip_dag.py took 0.055 seconds
[2026-05-17T04:49:56.194+0000] {processor.py:161} INFO - Started process (PID=778) to work on /home/airflow/.local/lib/python3.12/site-packages/airflow/example_dags/example_skip_dag.py
[2026-05-17T04:49:56.194+0000] {processor.py:830} INFO - Processing file /home/airflow/.local/lib/python3.12/site-packages/airflow/example_dags/example_skip_dag.py for tasks to queue
[2026-05-17T04:49:56.196+0000] {logging_mixin.py:188} INFO - [2026-05-17T04:49:56.196+0000] {dagbag.py:545} INFO - Filling up the DagBag from /home/airflow/.local/lib/python3.12/site-packages/airflow/example_dags/example_skip_dag.py
[2026-05-17T04:49:56.201+0000] {processor.py:840} INFO - DAG(s) 'example_skip_dag' retrieved from /home/airflow/.local/lib/python3.12/site-packages/airflow/example_dags/example_skip_dag.py
[2026-05-17T04:49:56.215+0000] {logging_mixin.py:188} INFO - [2026-05-17T04:49:56.215+0000] {dag.py:3096} INFO - Sync 1 DAGs
[2026-05-17T04:49:56.229+0000] {logging_mixin.py:188} INFO - [2026-05-17T04:49:56.229+0000] {dag.py:3954} INFO - Setting next_dagrun for example_skip_dag to 2026-05-16 00:00:00+00:00, run_after=2026-05-17 00:00:00+00:00
[2026-05-17T04:49:56.242+0000] {processor.py:183} INFO - Processing /home/airflow/.local/lib/python3.12/site-packages/airflow/example_dags/example_skip_dag.py took 0.052 seconds
[2026-05-17T04:50:26.787+0000] {processor.py:161} INFO - Started process (PID=837) to work on /home/airflow/.local/lib/python3.12/site-packages/airflow/example_dags/example_skip_dag.py
[2026-05-17T04:50:26.788+0000] {processor.py:830} INFO - Processing file /home/airflow/.local/lib/python3.12/site-packages/airflow/example_dags/example_skip_dag.py for tasks to queue
[2026-05-17T04:50:26.790+0000] {logging_mixin.py:188} INFO - [2026-05-17T04:50:26.790+0000] {dagbag.py:545} INFO - Filling up the DagBag from /home/airflow/.local/lib/python3.12/site-packages/airflow/example_dags/example_skip_dag.py
[2026-05-17T04:50:26.796+0000] {processor.py:840} INFO - DAG(s) 'example_skip_dag' retrieved from /home/airflow/.local/lib/python3.12/site-packages/airflow/example_dags/example_skip_dag.py
[2026-05-17T04:50:26.816+0000] {logging_mixin.py:188} INFO - [2026-05-17T04:50:26.816+0000] {dag.py:3096} INFO - Sync 1 DAGs
[2026-05-17T04:50:26.835+0000] {logging_mixin.py:188} INFO - [2026-05-17T04:50:26.835+0000] {dag.py:3954} INFO - Setting next_dagrun for example_skip_dag to 2026-05-16 00:00:00+00:00, run_after=2026-05-17 00:00:00+00:00
[2026-05-17T04:50:26.850+0000] {processor.py:183} INFO - Processing /home/airflow/.local/lib/python3.12/site-packages/airflow/example_dags/example_skip_dag.py took 0.068 seconds
[2026-05-17T04:50:57.483+0000] {processor.py:161} INFO - Started process (PID=896) to work on /home/airflow/.local/lib/python3.12/site-packages/airflow/example_dags/example_skip_dag.py
[2026-05-17T04:50:57.484+0000] {processor.py:830} INFO - Processing file /home/airflow/.local/lib/python3.12/site-packages/airflow/example_dags/example_skip_dag.py for tasks to queue
[2026-05-17T04:50:57.486+0000] {logging_mixin.py:188} INFO - [2026-05-17T04:50:57.485+0000] {dagbag.py:545} INFO - Filling up the DagBag from /home/airflow/.local/lib/python3.12/site-packages/airflow/example_dags/example_skip_dag.py
[2026-05-17T04:50:57.490+0000] {processor.py:840} INFO - DAG(s) 'example_skip_dag' retrieved from /home/airflow/.local/lib/python3.12/site-packages/airflow/example_dags/example_skip_dag.py
[2026-05-17T04:50:57.505+0000] {logging_mixin.py:188} INFO - [2026-05-17T04:50:57.504+0000] {dag.py:3096} INFO - Sync 1 DAGs
[2026-05-17T04:50:57.519+0000] {logging_mixin.py:188} INFO - [2026-05-17T04:50:57.519+0000] {dag.py:3954} INFO - Setting next_dagrun for example_skip_dag to 2026-05-16 00:00:00+00:00, run_after=2026-05-17 00:00:00+00:00
[2026-05-17T04:50:57.531+0000] {processor.py:183} INFO - Processing /home/airflow/.local/lib/python3.12/site-packages/airflow/example_dags/example_skip_dag.py took 0.051 seconds
[2026-05-17T04:52:09.643+0000] {processor.py:161} INFO - Started process (PID=64) to work on /home/airflow/.local/lib/python3.12/site-packages/airflow/example_dags/example_skip_dag.py
[2026-05-17T04:52:09.644+0000] {processor.py:830} INFO - Processing file /home/airflow/.local/lib/python3.12/site-packages/airflow/example_dags/example_skip_dag.py for tasks to queue
[2026-05-17T04:52:09.647+0000] {logging_mixin.py:188} INFO - [2026-05-17T04:52:09.647+0000] {dagbag.py:545} INFO - Filling up the DagBag from /home/airflow/.local/lib/python3.12/site-packages/airflow/example_dags/example_skip_dag.py
[2026-05-17T04:52:09.661+0000] {processor.py:840} INFO - DAG(s) 'example_skip_dag' retrieved from /home/airflow/.local/lib/python3.12/site-packages/airflow/example_dags/example_skip_dag.py
[2026-05-17T04:52:09.681+0000] {logging_mixin.py:188} INFO - [2026-05-17T04:52:09.681+0000] {dag.py:3096} INFO - Sync 1 DAGs
[2026-05-17T04:52:09.737+0000] {logging_mixin.py:188} INFO - [2026-05-17T04:52:09.736+0000] {dag.py:3954} INFO - Setting next_dagrun for example_skip_dag to 2026-05-16 00:00:00+00:00, run_after=2026-05-17 00:00:00+00:00
[2026-05-17T04:52:09.777+0000] {processor.py:183} INFO - Processing /home/airflow/.local/lib/python3.12/site-packages/airflow/example_dags/example_skip_dag.py took 0.143 seconds
[2026-05-17T04:52:40.368+0000] {processor.py:161} INFO - Started process (PID=123) to work on /home/airflow/.local/lib/python3.12/site-packages/airflow/example_dags/example_skip_dag.py
[2026-05-17T04:52:40.369+0000] {processor.py:830} INFO - Processing file /home/airflow/.local/lib/python3.12/site-packages/airflow/example_dags/example_skip_dag.py for tasks to queue
[2026-05-17T04:52:40.371+0000] {logging_mixin.py:188} INFO - [2026-05-17T04:52:40.371+0000] {dagbag.py:545} INFO - Filling up the DagBag from /home/airflow/.local/lib/python3.12/site-packages/airflow/example_dags/example_skip_dag.py
[2026-05-17T04:52:40.377+0000] {processor.py:840} INFO - DAG(s) 'example_skip_dag' retrieved from /home/airflow/.local/lib/python3.12/site-packages/airflow/example_dags/example_skip_dag.py
[2026-05-17T04:52:40.455+0000] {logging_mixin.py:188} INFO - [2026-05-17T04:52:40.455+0000] {dag.py:3096} INFO - Sync 1 DAGs
[2026-05-17T04:52:40.472+0000] {logging_mixin.py:188} INFO - [2026-05-17T04:52:40.472+0000] {dag.py:3954} INFO - Setting next_dagrun for example_skip_dag to 2026-05-16 00:00:00+00:00, run_after=2026-05-17 00:00:00+00:00
[2026-05-17T04:52:40.503+0000] {processor.py:183} INFO - Processing /home/airflow/.local/lib/python3.12/site-packages/airflow/example_dags/example_skip_dag.py took 0.139 seconds
[2026-05-17T04:53:10.544+0000] {processor.py:161} INFO - Started process (PID=181) to work on /home/airflow/.local/lib/python3.12/site-packages/airflow/example_dags/example_skip_dag.py
[2026-05-17T04:53:10.545+0000] {processor.py:830} INFO - Processing file /home/airflow/.local/lib/python3.12/site-packages/airflow/example_dags/example_skip_dag.py for tasks to queue
[2026-05-17T04:53:10.547+0000] {logging_mixin.py:188} INFO - [2026-05-17T04:53:10.547+0000] {dagbag.py:545} INFO - Filling up the DagBag from /home/airflow/.local/lib/python3.12/site-packages/airflow/example_dags/example_skip_dag.py
[2026-05-17T04:53:10.552+0000] {processor.py:840} INFO - DAG(s) 'example_skip_dag' retrieved from /home/airflow/.local/lib/python3.12/site-packages/airflow/example_dags/example_skip_dag.py
[2026-05-17T04:53:10.570+0000] {logging_mixin.py:188} INFO - [2026-05-17T04:53:10.570+0000] {dag.py:3096} INFO - Sync 1 DAGs
[2026-05-17T04:53:10.587+0000] {logging_mixin.py:188} INFO - [2026-05-17T04:53:10.587+0000] {dag.py:3954} INFO - Setting next_dagrun for example_skip_dag to 2026-05-16 00:00:00+00:00, run_after=2026-05-17 00:00:00+00:00
[2026-05-17T04:53:10.603+0000] {processor.py:183} INFO - Processing /home/airflow/.local/lib/python3.12/site-packages/airflow/example_dags/example_skip_dag.py took 0.064 seconds
[2026-05-17T04:53:40.776+0000] {processor.py:161} INFO - Started process (PID=240) to work on /home/airflow/.local/lib/python3.12/site-packages/airflow/example_dags/example_skip_dag.py
[2026-05-17T04:53:40.776+0000] {processor.py:830} INFO - Processing file /home/airflow/.local/lib/python3.12/site-packages/airflow/example_dags/example_skip_dag.py for tasks to queue
[2026-05-17T04:53:40.778+0000] {logging_mixin.py:188} INFO - [2026-05-17T04:53:40.778+0000] {dagbag.py:545} INFO - Filling up the DagBag from /home/airflow/.local/lib/python3.12/site-packages/airflow/example_dags/example_skip_dag.py
[2026-05-17T04:53:40.782+0000] {processor.py:840} INFO - DAG(s) 'example_skip_dag' retrieved from /home/airflow/.local/lib/python3.12/site-packages/airflow/example_dags/example_skip_dag.py
[2026-05-17T04:53:40.797+0000] {logging_mixin.py:188} INFO - [2026-05-17T04:53:40.797+0000] {dag.py:3096} INFO - Sync 1 DAGs
[2026-05-17T04:53:40.810+0000] {logging_mixin.py:188} INFO - [2026-05-17T04:53:40.810+0000] {dag.py:3954} INFO - Setting next_dagrun for example_skip_dag to 2026-05-16 00:00:00+00:00, run_after=2026-05-17 00:00:00+00:00
[2026-05-17T04:53:40.821+0000] {processor.py:183} INFO - Processing /home/airflow/.local/lib/python3.12/site-packages/airflow/example_dags/example_skip_dag.py took 0.050 seconds
[2026-05-17T04:54:11.039+0000] {processor.py:161} INFO - Started process (PID=299) to work on /home/airflow/.local/lib/python3.12/site-packages/airflow/example_dags/example_skip_dag.py
[2026-05-17T04:54:11.040+0000] {processor.py:830} INFO - Processing file /home/airflow/.local/lib/python3.12/site-packages/airflow/example_dags/example_skip_dag.py for tasks to queue
[2026-05-17T04:54:11.043+0000] {logging_mixin.py:188} INFO - [2026-05-17T04:54:11.042+0000] {dagbag.py:545} INFO - Filling up the DagBag from /home/airflow/.local/lib/python3.12/site-packages/airflow/example_dags/example_skip_dag.py
[2026-05-17T04:54:11.048+0000] {processor.py:840} INFO - DAG(s) 'example_skip_dag' retrieved from /home/airflow/.local/lib/python3.12/site-packages/airflow/example_dags/example_skip_dag.py
[2026-05-17T04:54:11.066+0000] {logging_mixin.py:188} INFO - [2026-05-17T04:54:11.065+0000] {dag.py:3096} INFO - Sync 1 DAGs
[2026-05-17T04:54:11.083+0000] {logging_mixin.py:188} INFO - [2026-05-17T04:54:11.083+0000] {dag.py:3954} INFO - Setting next_dagrun for example_skip_dag to 2026-05-16 00:00:00+00:00, run_after=2026-05-17 00:00:00+00:00
[2026-05-17T04:54:11.104+0000] {processor.py:183} INFO - Processing /home/airflow/.local/lib/python3.12/site-packages/airflow/example_dags/example_skip_dag.py took 0.069 seconds
[2026-05-17T04:54:41.268+0000] {processor.py:161} INFO - Started process (PID=358) to work on /home/airflow/.local/lib/python3.12/site-packages/airflow/example_dags/example_skip_dag.py
[2026-05-17T04:54:41.269+0000] {processor.py:830} INFO - Processing file /home/airflow/.local/lib/python3.12/site-packages/airflow/example_dags/example_skip_dag.py for tasks to queue
[2026-05-17T04:54:41.272+0000] {logging_mixin.py:188} INFO - [2026-05-17T04:54:41.271+0000] {dagbag.py:545} INFO - Filling up the DagBag from /home/airflow/.local/lib/python3.12/site-packages/airflow/example_dags/example_skip_dag.py
[2026-05-17T04:54:41.276+0000] {processor.py:840} INFO - DAG(s) 'example_skip_dag' retrieved from /home/airflow/.local/lib/python3.12/site-packages/airflow/example_dags/example_skip_dag.py
[2026-05-17T04:54:41.297+0000] {logging_mixin.py:188} INFO - [2026-05-17T04:54:41.297+0000] {dag.py:3096} INFO - Sync 1 DAGs
[2026-05-17T04:54:41.316+0000] {logging_mixin.py:188} INFO - [2026-05-17T04:54:41.316+0000] {dag.py:3954} INFO - Setting next_dagrun for example_skip_dag to 2026-05-16 00:00:00+00:00, run_after=2026-05-17 00:00:00+00:00
[2026-05-17T04:54:41.333+0000] {processor.py:183} INFO - Processing /home/airflow/.local/lib/python3.12/site-packages/airflow/example_dags/example_skip_dag.py took 0.072 seconds
[2026-05-17T04:55:11.596+0000] {processor.py:161} INFO - Started process (PID=417) to work on /home/airflow/.local/lib/python3.12/site-packages/airflow/example_dags/example_skip_dag.py
[2026-05-17T04:55:11.597+0000] {processor.py:830} INFO - Processing file /home/airflow/.local/lib/python3.12/site-packages/airflow/example_dags/example_skip_dag.py for tasks to queue
[2026-05-17T04:55:11.599+0000] {logging_mixin.py:188} INFO - [2026-05-17T04:55:11.599+0000] {dagbag.py:545} INFO - Filling up the DagBag from /home/airflow/.local/lib/python3.12/site-packages/airflow/example_dags/example_skip_dag.py
[2026-05-17T04:55:11.609+0000] {processor.py:840} INFO - DAG(s) 'example_skip_dag' retrieved from /home/airflow/.local/lib/python3.12/site-packages/airflow/example_dags/example_skip_dag.py
[2026-05-17T04:55:11.635+0000] {logging_mixin.py:188} INFO - [2026-05-17T04:55:11.634+0000] {dag.py:3096} INFO - Sync 1 DAGs
[2026-05-17T04:55:11.655+0000] {logging_mixin.py:188} INFO - [2026-05-17T04:55:11.655+0000] {dag.py:3954} INFO - Setting next_dagrun for example_skip_dag to 2026-05-16 00:00:00+00:00, run_after=2026-05-17 00:00:00+00:00
[2026-05-17T04:55:11.670+0000] {processor.py:183} INFO - Processing /home/airflow/.local/lib/python3.12/site-packages/airflow/example_dags/example_skip_dag.py took 0.082 seconds
[2026-05-17T04:55:41.764+0000] {processor.py:161} INFO - Started process (PID=476) to work on /home/airflow/.local/lib/python3.12/site-packages/airflow/example_dags/example_skip_dag.py
[2026-05-17T04:55:41.765+0000] {processor.py:830} INFO - Processing file /home/airflow/.local/lib/python3.12/site-packages/airflow/example_dags/example_skip_dag.py for tasks to queue
[2026-05-17T04:55:41.767+0000] {logging_mixin.py:188} INFO - [2026-05-17T04:55:41.767+0000] {dagbag.py:545} INFO - Filling up the DagBag from /home/airflow/.local/lib/python3.12/site-packages/airflow/example_dags/example_skip_dag.py
[2026-05-17T04:55:41.773+0000] {processor.py:840} INFO - DAG(s) 'example_skip_dag' retrieved from /home/airflow/.local/lib/python3.12/site-packages/airflow/example_dags/example_skip_dag.py
[2026-05-17T04:55:41.790+0000] {logging_mixin.py:188} INFO - [2026-05-17T04:55:41.790+0000] {dag.py:3096} INFO - Sync 1 DAGs
[2026-05-17T04:55:41.828+0000] {logging_mixin.py:188} INFO - [2026-05-17T04:55:41.827+0000] {dag.py:3954} INFO - Setting next_dagrun for example_skip_dag to 2026-05-16 00:00:00+00:00, run_after=2026-05-17 00:00:00+00:00
[2026-05-17T04:55:41.847+0000] {processor.py:183} INFO - Processing /home/airflow/.local/lib/python3.12/site-packages/airflow/example_dags/example_skip_dag.py took 0.089 seconds
[2026-05-17T04:56:12.072+0000] {processor.py:161} INFO - Started process (PID=535) to work on /home/airflow/.local/lib/python3.12/site-packages/airflow/example_dags/example_skip_dag.py
[2026-05-17T04:56:12.073+0000] {processor.py:830} INFO - Processing file /home/airflow/.local/lib/python3.12/site-packages/airflow/example_dags/example_skip_dag.py for tasks to queue
[2026-05-17T04:56:12.075+0000] {logging_mixin.py:188} INFO - [2026-05-17T04:56:12.075+0000] {dagbag.py:545} INFO - Filling up the DagBag from /home/airflow/.local/lib/python3.12/site-packages/airflow/example_dags/example_skip_dag.py
[2026-05-17T04:56:12.082+0000] {processor.py:840} INFO - DAG(s) 'example_skip_dag' retrieved from /home/airflow/.local/lib/python3.12/site-packages/airflow/example_dags/example_skip_dag.py
[2026-05-17T04:56:12.104+0000] {logging_mixin.py:188} INFO - [2026-05-17T04:56:12.103+0000] {dag.py:3096} INFO - Sync 1 DAGs
[2026-05-17T04:56:12.130+0000] {logging_mixin.py:188} INFO - [2026-05-17T04:56:12.129+0000] {dag.py:3954} INFO - Setting next_dagrun for example_skip_dag to 2026-05-16 00:00:00+00:00, run_after=2026-05-17 00:00:00+00:00
[2026-05-17T04:56:12.151+0000] {processor.py:183} INFO - Processing /home/airflow/.local/lib/python3.12/site-packages/airflow/example_dags/example_skip_dag.py took 0.087 seconds
[2026-05-17T04:56:43.391+0000] {processor.py:161} INFO - Started process (PID=599) to work on /home/airflow/.local/lib/python3.12/site-packages/airflow/example_dags/example_skip_dag.py
[2026-05-17T04:56:43.392+0000] {processor.py:830} INFO - Processing file /home/airflow/.local/lib/python3.12/site-packages/airflow/example_dags/example_skip_dag.py for tasks to queue
[2026-05-17T04:56:43.394+0000] {logging_mixin.py:188} INFO - [2026-05-17T04:56:43.393+0000] {dagbag.py:545} INFO - Filling up the DagBag from /home/airflow/.local/lib/python3.12/site-packages/airflow/example_dags/example_skip_dag.py
[2026-05-17T04:56:43.399+0000] {processor.py:840} INFO - DAG(s) 'example_skip_dag' retrieved from /home/airflow/.local/lib/python3.12/site-packages/airflow/example_dags/example_skip_dag.py
[2026-05-17T04:56:43.416+0000] {logging_mixin.py:188} INFO - [2026-05-17T04:56:43.415+0000] {dag.py:3096} INFO - Sync 1 DAGs
[2026-05-17T04:56:43.435+0000] {logging_mixin.py:188} INFO - [2026-05-17T04:56:43.434+0000] {dag.py:3954} INFO - Setting next_dagrun for example_skip_dag to 2026-05-16 00:00:00+00:00, run_after=2026-05-17 00:00:00+00:00
[2026-05-17T04:56:43.489+0000] {processor.py:183} INFO - Processing /home/airflow/.local/lib/python3.12/site-packages/airflow/example_dags/example_skip_dag.py took 0.103 seconds
[2026-05-17T04:57:14.329+0000] {processor.py:161} INFO - Started process (PID=659) to work on /home/airflow/.local/lib/python3.12/site-packages/airflow/example_dags/example_skip_dag.py
[2026-05-17T04:57:14.330+0000] {processor.py:830} INFO - Processing file /home/airflow/.local/lib/python3.12/site-packages/airflow/example_dags/example_skip_dag.py for tasks to queue
[2026-05-17T04:57:14.332+0000] {logging_mixin.py:188} INFO - [2026-05-17T04:57:14.332+0000] {dagbag.py:545} INFO - Filling up the DagBag from /home/airflow/.local/lib/python3.12/site-packages/airflow/example_dags/example_skip_dag.py
[2026-05-17T04:57:14.337+0000] {processor.py:840} INFO - DAG(s) 'example_skip_dag' retrieved from /home/airflow/.local/lib/python3.12/site-packages/airflow/example_dags/example_skip_dag.py
[2026-05-17T04:57:14.356+0000] {logging_mixin.py:188} INFO - [2026-05-17T04:57:14.356+0000] {dag.py:3096} INFO - Sync 1 DAGs
[2026-05-17T04:57:14.377+0000] {logging_mixin.py:188} INFO - [2026-05-17T04:57:14.376+0000] {dag.py:3954} INFO - Setting next_dagrun for example_skip_dag to 2026-05-16 00:00:00+00:00, run_after=2026-05-17 00:00:00+00:00
[2026-05-17T04:57:14.470+0000] {processor.py:183} INFO - Processing /home/airflow/.local/lib/python3.12/site-packages/airflow/example_dags/example_skip_dag.py took 0.146 seconds
[2026-05-17T04:57:44.964+0000] {processor.py:161} INFO - Started process (PID=718) to work on /home/airflow/.local/lib/python3.12/site-packages/airflow/example_dags/example_skip_dag.py
[2026-05-17T04:57:44.965+0000] {processor.py:830} INFO - Processing file /home/airflow/.local/lib/python3.12/site-packages/airflow/example_dags/example_skip_dag.py for tasks to queue
[2026-05-17T04:57:44.967+0000] {logging_mixin.py:188} INFO - [2026-05-17T04:57:44.967+0000] {dagbag.py:545} INFO - Filling up the DagBag from /home/airflow/.local/lib/python3.12/site-packages/airflow/example_dags/example_skip_dag.py
[2026-05-17T04:57:44.978+0000] {processor.py:840} INFO - DAG(s) 'example_skip_dag' retrieved from /home/airflow/.local/lib/python3.12/site-packages/airflow/example_dags/example_skip_dag.py
[2026-05-17T04:57:45.019+0000] {logging_mixin.py:188} INFO - [2026-05-17T04:57:45.019+0000] {dag.py:3096} INFO - Sync 1 DAGs
[2026-05-17T04:57:45.052+0000] {logging_mixin.py:188} INFO - [2026-05-17T04:57:45.051+0000] {dag.py:3954} INFO - Setting next_dagrun for example_skip_dag to 2026-05-16 00:00:00+00:00, run_after=2026-05-17 00:00:00+00:00
[2026-05-17T04:57:45.079+0000] {processor.py:183} INFO - Processing /home/airflow/.local/lib/python3.12/site-packages/airflow/example_dags/example_skip_dag.py took 0.120 seconds
[2026-05-17T04:58:15.195+0000] {processor.py:161} INFO - Started process (PID=777) to work on /home/airflow/.local/lib/python3.12/site-packages/airflow/example_dags/example_skip_dag.py
[2026-05-17T04:58:15.196+0000] {processor.py:830} INFO - Processing file /home/airflow/.local/lib/python3.12/site-packages/airflow/example_dags/example_skip_dag.py for tasks to queue
[2026-05-17T04:58:15.197+0000] {logging_mixin.py:188} INFO - [2026-05-17T04:58:15.197+0000] {dagbag.py:545} INFO - Filling up the DagBag from /home/airflow/.local/lib/python3.12/site-packages/airflow/example_dags/example_skip_dag.py
[2026-05-17T04:58:15.205+0000] {processor.py:840} INFO - DAG(s) 'example_skip_dag' retrieved from /home/airflow/.local/lib/python3.12/site-packages/airflow/example_dags/example_skip_dag.py
[2026-05-17T04:58:15.229+0000] {logging_mixin.py:188} INFO - [2026-05-17T04:58:15.229+0000] {dag.py:3096} INFO - Sync 1 DAGs
[2026-05-17T04:58:15.250+0000] {logging_mixin.py:188} INFO - [2026-05-17T04:58:15.250+0000] {dag.py:3954} INFO - Setting next_dagrun for example_skip_dag to 2026-05-16 00:00:00+00:00, run_after=2026-05-17 00:00:00+00:00
[2026-05-17T04:58:15.268+0000] {processor.py:183} INFO - Processing /home/airflow/.local/lib/python3.12/site-packages/airflow/example_dags/example_skip_dag.py took 0.078 seconds
[2026-05-17T05:00:21.988+0000] {processor.py:161} INFO - Started process (PID=58) to work on /home/airflow/.local/lib/python3.12/site-packages/airflow/example_dags/example_skip_dag.py
[2026-05-17T05:00:21.989+0000] {processor.py:830} INFO - Processing file /home/airflow/.local/lib/python3.12/site-packages/airflow/example_dags/example_skip_dag.py for tasks to queue
[2026-05-17T05:00:21.991+0000] {logging_mixin.py:188} INFO - [2026-05-17T05:00:21.991+0000] {dagbag.py:545} INFO - Filling up the DagBag from /home/airflow/.local/lib/python3.12/site-packages/airflow/example_dags/example_skip_dag.py
[2026-05-17T05:00:21.998+0000] {processor.py:840} INFO - DAG(s) 'example_skip_dag' retrieved from /home/airflow/.local/lib/python3.12/site-packages/airflow/example_dags/example_skip_dag.py
[2026-05-17T05:00:22.023+0000] {logging_mixin.py:188} INFO - [2026-05-17T05:00:22.023+0000] {dag.py:3096} INFO - Sync 1 DAGs
[2026-05-17T05:00:22.044+0000] {logging_mixin.py:188} INFO - [2026-05-17T05:00:22.043+0000] {dag.py:3954} INFO - Setting next_dagrun for example_skip_dag to 2026-05-16 00:00:00+00:00, run_after=2026-05-17 00:00:00+00:00
[2026-05-17T05:00:22.060+0000] {processor.py:183} INFO - Processing /home/airflow/.local/lib/python3.12/site-packages/airflow/example_dags/example_skip_dag.py took 0.077 seconds
[2026-05-17T05:01:28.247+0000] {processor.py:161} INFO - Started process (PID=58) to work on /home/airflow/.local/lib/python3.12/site-packages/airflow/example_dags/example_skip_dag.py
[2026-05-17T05:01:28.248+0000] {processor.py:830} INFO - Processing file /home/airflow/.local/lib/python3.12/site-packages/airflow/example_dags/example_skip_dag.py for tasks to queue
[2026-05-17T05:01:28.250+0000] {logging_mixin.py:188} INFO - [2026-05-17T05:01:28.250+0000] {dagbag.py:545} INFO - Filling up the DagBag from /home/airflow/.local/lib/python3.12/site-packages/airflow/example_dags/example_skip_dag.py
[2026-05-17T05:01:28.261+0000] {processor.py:840} INFO - DAG(s) 'example_skip_dag' retrieved from /home/airflow/.local/lib/python3.12/site-packages/airflow/example_dags/example_skip_dag.py
[2026-05-17T05:01:28.298+0000] {logging_mixin.py:188} INFO - [2026-05-17T05:01:28.297+0000] {dag.py:3096} INFO - Sync 1 DAGs
[2026-05-17T05:01:28.325+0000] {logging_mixin.py:188} INFO - [2026-05-17T05:01:28.325+0000] {dag.py:3954} INFO - Setting next_dagrun for example_skip_dag to 2026-05-16 00:00:00+00:00, run_after=2026-05-17 00:00:00+00:00
[2026-05-17T05:01:28.356+0000] {processor.py:183} INFO - Processing /home/airflow/.local/lib/python3.12/site-packages/airflow/example_dags/example_skip_dag.py took 0.119 seconds
