[2026-05-17T04:43:53.077+0000] {processor.py:161} INFO - Started process (PID=89) to work on /home/airflow/.local/lib/python3.12/site-packages/airflow/example_dags/example_external_task_marker_dag.py
[2026-05-17T04:43:53.080+0000] {processor.py:830} INFO - Processing file /home/airflow/.local/lib/python3.12/site-packages/airflow/example_dags/example_external_task_marker_dag.py for tasks to queue
[2026-05-17T04:43:53.086+0000] {logging_mixin.py:188} INFO - [2026-05-17T04:43:53.085+0000] {dagbag.py:545} INFO - Filling up the DagBag from /home/airflow/.local/lib/python3.12/site-packages/airflow/example_dags/example_external_task_marker_dag.py
[2026-05-17T04:43:53.124+0000] {processor.py:840} INFO - DAG(s) 'example_external_task_marker_child', 'example_external_task_marker_parent' retrieved from /home/airflow/.local/lib/python3.12/site-packages/airflow/example_dags/example_external_task_marker_dag.py
[2026-05-17T04:43:53.187+0000] {logging_mixin.py:188} INFO - [2026-05-17T04:43:53.187+0000] {dag.py:3096} INFO - Sync 2 DAGs
[2026-05-17T04:43:53.243+0000] {logging_mixin.py:188} INFO - [2026-05-17T04:43:53.242+0000] {dag.py:3954} INFO - Setting next_dagrun for example_external_task_marker_child to None, run_after=None
[2026-05-17T04:43:53.258+0000] {logging_mixin.py:188} INFO - [2026-05-17T04:43:53.258+0000] {dag.py:3954} INFO - Setting next_dagrun for example_external_task_marker_parent to None, run_after=None
[2026-05-17T04:43:53.301+0000] {processor.py:183} INFO - Processing /home/airflow/.local/lib/python3.12/site-packages/airflow/example_dags/example_external_task_marker_dag.py took 0.234 seconds
[2026-05-17T04:44:23.642+0000] {processor.py:161} INFO - Started process (PID=148) to work on /home/airflow/.local/lib/python3.12/site-packages/airflow/example_dags/example_external_task_marker_dag.py
[2026-05-17T04:44:23.644+0000] {processor.py:830} INFO - Processing file /home/airflow/.local/lib/python3.12/site-packages/airflow/example_dags/example_external_task_marker_dag.py for tasks to queue
[2026-05-17T04:44:23.648+0000] {logging_mixin.py:188} INFO - [2026-05-17T04:44:23.647+0000] {dagbag.py:545} INFO - Filling up the DagBag from /home/airflow/.local/lib/python3.12/site-packages/airflow/example_dags/example_external_task_marker_dag.py
[2026-05-17T04:44:23.656+0000] {processor.py:840} INFO - DAG(s) 'example_external_task_marker_parent', 'example_external_task_marker_child' retrieved from /home/airflow/.local/lib/python3.12/site-packages/airflow/example_dags/example_external_task_marker_dag.py
[2026-05-17T04:44:23.747+0000] {logging_mixin.py:188} INFO - [2026-05-17T04:44:23.746+0000] {dag.py:3096} INFO - Sync 2 DAGs
[2026-05-17T04:44:23.755+0000] {logging_mixin.py:188} INFO - [2026-05-17T04:44:23.755+0000] {dag.py:3954} INFO - Setting next_dagrun for example_external_task_marker_child to None, run_after=None
[2026-05-17T04:44:23.757+0000] {logging_mixin.py:188} INFO - [2026-05-17T04:44:23.757+0000] {dag.py:3954} INFO - Setting next_dagrun for example_external_task_marker_parent to None, run_after=None
[2026-05-17T04:44:23.770+0000] {processor.py:183} INFO - Processing /home/airflow/.local/lib/python3.12/site-packages/airflow/example_dags/example_external_task_marker_dag.py took 0.139 seconds
[2026-05-17T04:44:53.983+0000] {processor.py:161} INFO - Started process (PID=207) to work on /home/airflow/.local/lib/python3.12/site-packages/airflow/example_dags/example_external_task_marker_dag.py
[2026-05-17T04:44:53.984+0000] {processor.py:830} INFO - Processing file /home/airflow/.local/lib/python3.12/site-packages/airflow/example_dags/example_external_task_marker_dag.py for tasks to queue
[2026-05-17T04:44:53.985+0000] {logging_mixin.py:188} INFO - [2026-05-17T04:44:53.985+0000] {dagbag.py:545} INFO - Filling up the DagBag from /home/airflow/.local/lib/python3.12/site-packages/airflow/example_dags/example_external_task_marker_dag.py
[2026-05-17T04:44:53.990+0000] {processor.py:840} INFO - DAG(s) 'example_external_task_marker_parent', 'example_external_task_marker_child' retrieved from /home/airflow/.local/lib/python3.12/site-packages/airflow/example_dags/example_external_task_marker_dag.py
[2026-05-17T04:44:54.012+0000] {logging_mixin.py:188} INFO - [2026-05-17T04:44:54.012+0000] {dag.py:3096} INFO - Sync 2 DAGs
[2026-05-17T04:44:54.022+0000] {logging_mixin.py:188} INFO - [2026-05-17T04:44:54.022+0000] {dag.py:3954} INFO - Setting next_dagrun for example_external_task_marker_child to None, run_after=None
[2026-05-17T04:44:54.025+0000] {logging_mixin.py:188} INFO - [2026-05-17T04:44:54.025+0000] {dag.py:3954} INFO - Setting next_dagrun for example_external_task_marker_parent to None, run_after=None
[2026-05-17T04:44:54.038+0000] {processor.py:183} INFO - Processing /home/airflow/.local/lib/python3.12/site-packages/airflow/example_dags/example_external_task_marker_dag.py took 0.059 seconds
[2026-05-17T04:45:24.175+0000] {processor.py:161} INFO - Started process (PID=266) to work on /home/airflow/.local/lib/python3.12/site-packages/airflow/example_dags/example_external_task_marker_dag.py
[2026-05-17T04:45:24.177+0000] {processor.py:830} INFO - Processing file /home/airflow/.local/lib/python3.12/site-packages/airflow/example_dags/example_external_task_marker_dag.py for tasks to queue
[2026-05-17T04:45:24.178+0000] {logging_mixin.py:188} INFO - [2026-05-17T04:45:24.178+0000] {dagbag.py:545} INFO - Filling up the DagBag from /home/airflow/.local/lib/python3.12/site-packages/airflow/example_dags/example_external_task_marker_dag.py
[2026-05-17T04:45:24.183+0000] {processor.py:840} INFO - DAG(s) 'example_external_task_marker_parent', 'example_external_task_marker_child' retrieved from /home/airflow/.local/lib/python3.12/site-packages/airflow/example_dags/example_external_task_marker_dag.py
[2026-05-17T04:45:24.202+0000] {logging_mixin.py:188} INFO - [2026-05-17T04:45:24.202+0000] {dag.py:3096} INFO - Sync 2 DAGs
[2026-05-17T04:45:24.212+0000] {logging_mixin.py:188} INFO - [2026-05-17T04:45:24.212+0000] {dag.py:3954} INFO - Setting next_dagrun for example_external_task_marker_child to None, run_after=None
[2026-05-17T04:45:24.218+0000] {logging_mixin.py:188} INFO - [2026-05-17T04:45:24.218+0000] {dag.py:3954} INFO - Setting next_dagrun for example_external_task_marker_parent to None, run_after=None
[2026-05-17T04:45:24.250+0000] {processor.py:183} INFO - Processing /home/airflow/.local/lib/python3.12/site-packages/airflow/example_dags/example_external_task_marker_dag.py took 0.080 seconds
[2026-05-17T04:45:54.710+0000] {processor.py:161} INFO - Started process (PID=325) to work on /home/airflow/.local/lib/python3.12/site-packages/airflow/example_dags/example_external_task_marker_dag.py
[2026-05-17T04:45:54.710+0000] {processor.py:830} INFO - Processing file /home/airflow/.local/lib/python3.12/site-packages/airflow/example_dags/example_external_task_marker_dag.py for tasks to queue
[2026-05-17T04:45:54.712+0000] {logging_mixin.py:188} INFO - [2026-05-17T04:45:54.712+0000] {dagbag.py:545} INFO - Filling up the DagBag from /home/airflow/.local/lib/python3.12/site-packages/airflow/example_dags/example_external_task_marker_dag.py
[2026-05-17T04:45:54.717+0000] {processor.py:840} INFO - DAG(s) 'example_external_task_marker_parent', 'example_external_task_marker_child' retrieved from /home/airflow/.local/lib/python3.12/site-packages/airflow/example_dags/example_external_task_marker_dag.py
[2026-05-17T04:45:54.740+0000] {logging_mixin.py:188} INFO - [2026-05-17T04:45:54.740+0000] {dag.py:3096} INFO - Sync 2 DAGs
[2026-05-17T04:45:54.752+0000] {logging_mixin.py:188} INFO - [2026-05-17T04:45:54.751+0000] {dag.py:3954} INFO - Setting next_dagrun for example_external_task_marker_child to None, run_after=None
[2026-05-17T04:45:54.755+0000] {logging_mixin.py:188} INFO - [2026-05-17T04:45:54.755+0000] {dag.py:3954} INFO - Setting next_dagrun for example_external_task_marker_parent to None, run_after=None
[2026-05-17T04:45:54.768+0000] {processor.py:183} INFO - Processing /home/airflow/.local/lib/python3.12/site-packages/airflow/example_dags/example_external_task_marker_dag.py took 0.063 seconds
[2026-05-17T04:46:25.300+0000] {processor.py:161} INFO - Started process (PID=384) to work on /home/airflow/.local/lib/python3.12/site-packages/airflow/example_dags/example_external_task_marker_dag.py
[2026-05-17T04:46:25.301+0000] {processor.py:830} INFO - Processing file /home/airflow/.local/lib/python3.12/site-packages/airflow/example_dags/example_external_task_marker_dag.py for tasks to queue
[2026-05-17T04:46:25.302+0000] {logging_mixin.py:188} INFO - [2026-05-17T04:46:25.302+0000] {dagbag.py:545} INFO - Filling up the DagBag from /home/airflow/.local/lib/python3.12/site-packages/airflow/example_dags/example_external_task_marker_dag.py
[2026-05-17T04:46:25.307+0000] {processor.py:840} INFO - DAG(s) 'example_external_task_marker_child', 'example_external_task_marker_parent' retrieved from /home/airflow/.local/lib/python3.12/site-packages/airflow/example_dags/example_external_task_marker_dag.py
[2026-05-17T04:46:25.326+0000] {logging_mixin.py:188} INFO - [2026-05-17T04:46:25.326+0000] {dag.py:3096} INFO - Sync 2 DAGs
[2026-05-17T04:46:25.335+0000] {logging_mixin.py:188} INFO - [2026-05-17T04:46:25.335+0000] {dag.py:3954} INFO - Setting next_dagrun for example_external_task_marker_child to None, run_after=None
[2026-05-17T04:46:25.338+0000] {logging_mixin.py:188} INFO - [2026-05-17T04:46:25.338+0000] {dag.py:3954} INFO - Setting next_dagrun for example_external_task_marker_parent to None, run_after=None
[2026-05-17T04:46:25.349+0000] {processor.py:183} INFO - Processing /home/airflow/.local/lib/python3.12/site-packages/airflow/example_dags/example_external_task_marker_dag.py took 0.053 seconds
[2026-05-17T04:46:55.762+0000] {processor.py:161} INFO - Started process (PID=443) to work on /home/airflow/.local/lib/python3.12/site-packages/airflow/example_dags/example_external_task_marker_dag.py
[2026-05-17T04:46:55.762+0000] {processor.py:830} INFO - Processing file /home/airflow/.local/lib/python3.12/site-packages/airflow/example_dags/example_external_task_marker_dag.py for tasks to queue
[2026-05-17T04:46:55.764+0000] {logging_mixin.py:188} INFO - [2026-05-17T04:46:55.764+0000] {dagbag.py:545} INFO - Filling up the DagBag from /home/airflow/.local/lib/python3.12/site-packages/airflow/example_dags/example_external_task_marker_dag.py
[2026-05-17T04:46:55.769+0000] {processor.py:840} INFO - DAG(s) 'example_external_task_marker_parent', 'example_external_task_marker_child' retrieved from /home/airflow/.local/lib/python3.12/site-packages/airflow/example_dags/example_external_task_marker_dag.py
[2026-05-17T04:46:55.786+0000] {logging_mixin.py:188} INFO - [2026-05-17T04:46:55.786+0000] {dag.py:3096} INFO - Sync 2 DAGs
[2026-05-17T04:46:55.796+0000] {logging_mixin.py:188} INFO - [2026-05-17T04:46:55.796+0000] {dag.py:3954} INFO - Setting next_dagrun for example_external_task_marker_child to None, run_after=None
[2026-05-17T04:46:55.799+0000] {logging_mixin.py:188} INFO - [2026-05-17T04:46:55.799+0000] {dag.py:3954} INFO - Setting next_dagrun for example_external_task_marker_parent to None, run_after=None
[2026-05-17T04:46:55.819+0000] {processor.py:183} INFO - Processing /home/airflow/.local/lib/python3.12/site-packages/airflow/example_dags/example_external_task_marker_dag.py took 0.061 seconds
[2026-05-17T04:47:26.303+0000] {processor.py:161} INFO - Started process (PID=502) to work on /home/airflow/.local/lib/python3.12/site-packages/airflow/example_dags/example_external_task_marker_dag.py
[2026-05-17T04:47:26.304+0000] {processor.py:830} INFO - Processing file /home/airflow/.local/lib/python3.12/site-packages/airflow/example_dags/example_external_task_marker_dag.py for tasks to queue
[2026-05-17T04:47:26.305+0000] {logging_mixin.py:188} INFO - [2026-05-17T04:47:26.305+0000] {dagbag.py:545} INFO - Filling up the DagBag from /home/airflow/.local/lib/python3.12/site-packages/airflow/example_dags/example_external_task_marker_dag.py
[2026-05-17T04:47:26.309+0000] {processor.py:840} INFO - DAG(s) 'example_external_task_marker_parent', 'example_external_task_marker_child' retrieved from /home/airflow/.local/lib/python3.12/site-packages/airflow/example_dags/example_external_task_marker_dag.py
[2026-05-17T04:47:26.325+0000] {logging_mixin.py:188} INFO - [2026-05-17T04:47:26.325+0000] {dag.py:3096} INFO - Sync 2 DAGs
[2026-05-17T04:47:26.335+0000] {logging_mixin.py:188} INFO - [2026-05-17T04:47:26.335+0000] {dag.py:3954} INFO - Setting next_dagrun for example_external_task_marker_child to None, run_after=None
[2026-05-17T04:47:26.338+0000] {logging_mixin.py:188} INFO - [2026-05-17T04:47:26.338+0000] {dag.py:3954} INFO - Setting next_dagrun for example_external_task_marker_parent to None, run_after=None
[2026-05-17T04:47:26.352+0000] {processor.py:183} INFO - Processing /home/airflow/.local/lib/python3.12/site-packages/airflow/example_dags/example_external_task_marker_dag.py took 0.054 seconds
[2026-05-17T04:47:56.622+0000] {processor.py:161} INFO - Started process (PID=561) to work on /home/airflow/.local/lib/python3.12/site-packages/airflow/example_dags/example_external_task_marker_dag.py
[2026-05-17T04:47:56.623+0000] {processor.py:830} INFO - Processing file /home/airflow/.local/lib/python3.12/site-packages/airflow/example_dags/example_external_task_marker_dag.py for tasks to queue
[2026-05-17T04:47:56.625+0000] {logging_mixin.py:188} INFO - [2026-05-17T04:47:56.624+0000] {dagbag.py:545} INFO - Filling up the DagBag from /home/airflow/.local/lib/python3.12/site-packages/airflow/example_dags/example_external_task_marker_dag.py
[2026-05-17T04:47:56.629+0000] {processor.py:840} INFO - DAG(s) 'example_external_task_marker_parent', 'example_external_task_marker_child' retrieved from /home/airflow/.local/lib/python3.12/site-packages/airflow/example_dags/example_external_task_marker_dag.py
[2026-05-17T04:47:56.646+0000] {logging_mixin.py:188} INFO - [2026-05-17T04:47:56.645+0000] {dag.py:3096} INFO - Sync 2 DAGs
[2026-05-17T04:47:56.654+0000] {logging_mixin.py:188} INFO - [2026-05-17T04:47:56.654+0000] {dag.py:3954} INFO - Setting next_dagrun for example_external_task_marker_child to None, run_after=None
[2026-05-17T04:47:56.657+0000] {logging_mixin.py:188} INFO - [2026-05-17T04:47:56.657+0000] {dag.py:3954} INFO - Setting next_dagrun for example_external_task_marker_parent to None, run_after=None
[2026-05-17T04:47:56.669+0000] {processor.py:183} INFO - Processing /home/airflow/.local/lib/python3.12/site-packages/airflow/example_dags/example_external_task_marker_dag.py took 0.051 seconds
[2026-05-17T04:48:27.237+0000] {processor.py:161} INFO - Started process (PID=620) to work on /home/airflow/.local/lib/python3.12/site-packages/airflow/example_dags/example_external_task_marker_dag.py
[2026-05-17T04:48:27.238+0000] {processor.py:830} INFO - Processing file /home/airflow/.local/lib/python3.12/site-packages/airflow/example_dags/example_external_task_marker_dag.py for tasks to queue
[2026-05-17T04:48:27.239+0000] {logging_mixin.py:188} INFO - [2026-05-17T04:48:27.239+0000] {dagbag.py:545} INFO - Filling up the DagBag from /home/airflow/.local/lib/python3.12/site-packages/airflow/example_dags/example_external_task_marker_dag.py
[2026-05-17T04:48:27.244+0000] {processor.py:840} INFO - DAG(s) 'example_external_task_marker_child', 'example_external_task_marker_parent' retrieved from /home/airflow/.local/lib/python3.12/site-packages/airflow/example_dags/example_external_task_marker_dag.py
[2026-05-17T04:48:27.260+0000] {logging_mixin.py:188} INFO - [2026-05-17T04:48:27.259+0000] {dag.py:3096} INFO - Sync 2 DAGs
[2026-05-17T04:48:27.269+0000] {logging_mixin.py:188} INFO - [2026-05-17T04:48:27.269+0000] {dag.py:3954} INFO - Setting next_dagrun for example_external_task_marker_child to None, run_after=None
[2026-05-17T04:48:27.272+0000] {logging_mixin.py:188} INFO - [2026-05-17T04:48:27.271+0000] {dag.py:3954} INFO - Setting next_dagrun for example_external_task_marker_parent to None, run_after=None
[2026-05-17T04:48:27.283+0000] {processor.py:183} INFO - Processing /home/airflow/.local/lib/python3.12/site-packages/airflow/example_dags/example_external_task_marker_dag.py took 0.050 seconds
[2026-05-17T04:48:57.734+0000] {processor.py:161} INFO - Started process (PID=679) to work on /home/airflow/.local/lib/python3.12/site-packages/airflow/example_dags/example_external_task_marker_dag.py
[2026-05-17T04:48:57.735+0000] {processor.py:830} INFO - Processing file /home/airflow/.local/lib/python3.12/site-packages/airflow/example_dags/example_external_task_marker_dag.py for tasks to queue
[2026-05-17T04:48:57.737+0000] {logging_mixin.py:188} INFO - [2026-05-17T04:48:57.736+0000] {dagbag.py:545} INFO - Filling up the DagBag from /home/airflow/.local/lib/python3.12/site-packages/airflow/example_dags/example_external_task_marker_dag.py
[2026-05-17T04:48:57.741+0000] {processor.py:840} INFO - DAG(s) 'example_external_task_marker_child', 'example_external_task_marker_parent' retrieved from /home/airflow/.local/lib/python3.12/site-packages/airflow/example_dags/example_external_task_marker_dag.py
[2026-05-17T04:48:57.757+0000] {logging_mixin.py:188} INFO - [2026-05-17T04:48:57.756+0000] {dag.py:3096} INFO - Sync 2 DAGs
[2026-05-17T04:48:57.765+0000] {logging_mixin.py:188} INFO - [2026-05-17T04:48:57.764+0000] {dag.py:3954} INFO - Setting next_dagrun for example_external_task_marker_child to None, run_after=None
[2026-05-17T04:48:57.767+0000] {logging_mixin.py:188} INFO - [2026-05-17T04:48:57.767+0000] {dag.py:3954} INFO - Setting next_dagrun for example_external_task_marker_parent to None, run_after=None
[2026-05-17T04:48:57.779+0000] {processor.py:183} INFO - Processing /home/airflow/.local/lib/python3.12/site-packages/airflow/example_dags/example_external_task_marker_dag.py took 0.048 seconds
[2026-05-17T04:49:28.487+0000] {processor.py:161} INFO - Started process (PID=738) to work on /home/airflow/.local/lib/python3.12/site-packages/airflow/example_dags/example_external_task_marker_dag.py
[2026-05-17T04:49:28.488+0000] {processor.py:830} INFO - Processing file /home/airflow/.local/lib/python3.12/site-packages/airflow/example_dags/example_external_task_marker_dag.py for tasks to queue
[2026-05-17T04:49:28.490+0000] {logging_mixin.py:188} INFO - [2026-05-17T04:49:28.490+0000] {dagbag.py:545} INFO - Filling up the DagBag from /home/airflow/.local/lib/python3.12/site-packages/airflow/example_dags/example_external_task_marker_dag.py
[2026-05-17T04:49:28.495+0000] {processor.py:840} INFO - DAG(s) 'example_external_task_marker_parent', 'example_external_task_marker_child' retrieved from /home/airflow/.local/lib/python3.12/site-packages/airflow/example_dags/example_external_task_marker_dag.py
[2026-05-17T04:49:28.513+0000] {logging_mixin.py:188} INFO - [2026-05-17T04:49:28.513+0000] {dag.py:3096} INFO - Sync 2 DAGs
[2026-05-17T04:49:28.522+0000] {logging_mixin.py:188} INFO - [2026-05-17T04:49:28.522+0000] {dag.py:3954} INFO - Setting next_dagrun for example_external_task_marker_child to None, run_after=None
[2026-05-17T04:49:28.526+0000] {logging_mixin.py:188} INFO - [2026-05-17T04:49:28.525+0000] {dag.py:3954} INFO - Setting next_dagrun for example_external_task_marker_parent to None, run_after=None
[2026-05-17T04:49:28.544+0000] {processor.py:183} INFO - Processing /home/airflow/.local/lib/python3.12/site-packages/airflow/example_dags/example_external_task_marker_dag.py took 0.062 seconds
[2026-05-17T04:49:58.906+0000] {processor.py:161} INFO - Started process (PID=797) to work on /home/airflow/.local/lib/python3.12/site-packages/airflow/example_dags/example_external_task_marker_dag.py
[2026-05-17T04:49:58.907+0000] {processor.py:830} INFO - Processing file /home/airflow/.local/lib/python3.12/site-packages/airflow/example_dags/example_external_task_marker_dag.py for tasks to queue
[2026-05-17T04:49:58.909+0000] {logging_mixin.py:188} INFO - [2026-05-17T04:49:58.909+0000] {dagbag.py:545} INFO - Filling up the DagBag from /home/airflow/.local/lib/python3.12/site-packages/airflow/example_dags/example_external_task_marker_dag.py
[2026-05-17T04:49:58.913+0000] {processor.py:840} INFO - DAG(s) 'example_external_task_marker_child', 'example_external_task_marker_parent' retrieved from /home/airflow/.local/lib/python3.12/site-packages/airflow/example_dags/example_external_task_marker_dag.py
[2026-05-17T04:49:58.930+0000] {logging_mixin.py:188} INFO - [2026-05-17T04:49:58.930+0000] {dag.py:3096} INFO - Sync 2 DAGs
[2026-05-17T04:49:58.938+0000] {logging_mixin.py:188} INFO - [2026-05-17T04:49:58.938+0000] {dag.py:3954} INFO - Setting next_dagrun for example_external_task_marker_child to None, run_after=None
[2026-05-17T04:49:58.941+0000] {logging_mixin.py:188} INFO - [2026-05-17T04:49:58.941+0000] {dag.py:3954} INFO - Setting next_dagrun for example_external_task_marker_parent to None, run_after=None
[2026-05-17T04:49:58.952+0000] {processor.py:183} INFO - Processing /home/airflow/.local/lib/python3.12/site-packages/airflow/example_dags/example_external_task_marker_dag.py took 0.050 seconds
[2026-05-17T04:50:29.627+0000] {processor.py:161} INFO - Started process (PID=856) to work on /home/airflow/.local/lib/python3.12/site-packages/airflow/example_dags/example_external_task_marker_dag.py
[2026-05-17T04:50:29.628+0000] {processor.py:830} INFO - Processing file /home/airflow/.local/lib/python3.12/site-packages/airflow/example_dags/example_external_task_marker_dag.py for tasks to queue
[2026-05-17T04:50:29.629+0000] {logging_mixin.py:188} INFO - [2026-05-17T04:50:29.629+0000] {dagbag.py:545} INFO - Filling up the DagBag from /home/airflow/.local/lib/python3.12/site-packages/airflow/example_dags/example_external_task_marker_dag.py
[2026-05-17T04:50:29.634+0000] {processor.py:840} INFO - DAG(s) 'example_external_task_marker_parent', 'example_external_task_marker_child' retrieved from /home/airflow/.local/lib/python3.12/site-packages/airflow/example_dags/example_external_task_marker_dag.py
[2026-05-17T04:50:29.653+0000] {logging_mixin.py:188} INFO - [2026-05-17T04:50:29.653+0000] {dag.py:3096} INFO - Sync 2 DAGs
[2026-05-17T04:50:29.663+0000] {logging_mixin.py:188} INFO - [2026-05-17T04:50:29.663+0000] {dag.py:3954} INFO - Setting next_dagrun for example_external_task_marker_child to None, run_after=None
[2026-05-17T04:50:29.666+0000] {logging_mixin.py:188} INFO - [2026-05-17T04:50:29.666+0000] {dag.py:3954} INFO - Setting next_dagrun for example_external_task_marker_parent to None, run_after=None
[2026-05-17T04:50:29.680+0000] {processor.py:183} INFO - Processing /home/airflow/.local/lib/python3.12/site-packages/airflow/example_dags/example_external_task_marker_dag.py took 0.058 seconds
[2026-05-17T04:51:00.366+0000] {processor.py:161} INFO - Started process (PID=915) to work on /home/airflow/.local/lib/python3.12/site-packages/airflow/example_dags/example_external_task_marker_dag.py
[2026-05-17T04:51:00.367+0000] {processor.py:830} INFO - Processing file /home/airflow/.local/lib/python3.12/site-packages/airflow/example_dags/example_external_task_marker_dag.py for tasks to queue
[2026-05-17T04:51:00.369+0000] {logging_mixin.py:188} INFO - [2026-05-17T04:51:00.368+0000] {dagbag.py:545} INFO - Filling up the DagBag from /home/airflow/.local/lib/python3.12/site-packages/airflow/example_dags/example_external_task_marker_dag.py
[2026-05-17T04:51:00.373+0000] {processor.py:840} INFO - DAG(s) 'example_external_task_marker_child', 'example_external_task_marker_parent' retrieved from /home/airflow/.local/lib/python3.12/site-packages/airflow/example_dags/example_external_task_marker_dag.py
[2026-05-17T04:51:00.389+0000] {logging_mixin.py:188} INFO - [2026-05-17T04:51:00.389+0000] {dag.py:3096} INFO - Sync 2 DAGs
[2026-05-17T04:51:00.397+0000] {logging_mixin.py:188} INFO - [2026-05-17T04:51:00.397+0000] {dag.py:3954} INFO - Setting next_dagrun for example_external_task_marker_child to None, run_after=None
[2026-05-17T04:51:00.399+0000] {logging_mixin.py:188} INFO - [2026-05-17T04:51:00.399+0000] {dag.py:3954} INFO - Setting next_dagrun for example_external_task_marker_parent to None, run_after=None
[2026-05-17T04:51:00.410+0000] {processor.py:183} INFO - Processing /home/airflow/.local/lib/python3.12/site-packages/airflow/example_dags/example_external_task_marker_dag.py took 0.048 seconds
[2026-05-17T04:52:11.473+0000] {processor.py:161} INFO - Started process (PID=83) to work on /home/airflow/.local/lib/python3.12/site-packages/airflow/example_dags/example_external_task_marker_dag.py
[2026-05-17T04:52:11.474+0000] {processor.py:830} INFO - Processing file /home/airflow/.local/lib/python3.12/site-packages/airflow/example_dags/example_external_task_marker_dag.py for tasks to queue
[2026-05-17T04:52:11.477+0000] {logging_mixin.py:188} INFO - [2026-05-17T04:52:11.476+0000] {dagbag.py:545} INFO - Filling up the DagBag from /home/airflow/.local/lib/python3.12/site-packages/airflow/example_dags/example_external_task_marker_dag.py
[2026-05-17T04:52:11.491+0000] {processor.py:840} INFO - DAG(s) 'example_external_task_marker_parent', 'example_external_task_marker_child' retrieved from /home/airflow/.local/lib/python3.12/site-packages/airflow/example_dags/example_external_task_marker_dag.py
[2026-05-17T04:52:11.512+0000] {logging_mixin.py:188} INFO - [2026-05-17T04:52:11.512+0000] {dag.py:3096} INFO - Sync 2 DAGs
[2026-05-17T04:52:11.537+0000] {logging_mixin.py:188} INFO - [2026-05-17T04:52:11.536+0000] {dag.py:3954} INFO - Setting next_dagrun for example_external_task_marker_child to None, run_after=None
[2026-05-17T04:52:11.542+0000] {logging_mixin.py:188} INFO - [2026-05-17T04:52:11.541+0000] {dag.py:3954} INFO - Setting next_dagrun for example_external_task_marker_parent to None, run_after=None
[2026-05-17T04:52:11.564+0000] {processor.py:183} INFO - Processing /home/airflow/.local/lib/python3.12/site-packages/airflow/example_dags/example_external_task_marker_dag.py took 0.097 seconds
[2026-05-17T04:52:42.019+0000] {processor.py:161} INFO - Started process (PID=142) to work on /home/airflow/.local/lib/python3.12/site-packages/airflow/example_dags/example_external_task_marker_dag.py
[2026-05-17T04:52:42.019+0000] {processor.py:830} INFO - Processing file /home/airflow/.local/lib/python3.12/site-packages/airflow/example_dags/example_external_task_marker_dag.py for tasks to queue
[2026-05-17T04:52:42.021+0000] {logging_mixin.py:188} INFO - [2026-05-17T04:52:42.021+0000] {dagbag.py:545} INFO - Filling up the DagBag from /home/airflow/.local/lib/python3.12/site-packages/airflow/example_dags/example_external_task_marker_dag.py
[2026-05-17T04:52:42.025+0000] {processor.py:840} INFO - DAG(s) 'example_external_task_marker_parent', 'example_external_task_marker_child' retrieved from /home/airflow/.local/lib/python3.12/site-packages/airflow/example_dags/example_external_task_marker_dag.py
[2026-05-17T04:52:42.098+0000] {logging_mixin.py:188} INFO - [2026-05-17T04:52:42.098+0000] {dag.py:3096} INFO - Sync 2 DAGs
[2026-05-17T04:52:42.105+0000] {logging_mixin.py:188} INFO - [2026-05-17T04:52:42.105+0000] {dag.py:3954} INFO - Setting next_dagrun for example_external_task_marker_child to None, run_after=None
[2026-05-17T04:52:42.107+0000] {logging_mixin.py:188} INFO - [2026-05-17T04:52:42.107+0000] {dag.py:3954} INFO - Setting next_dagrun for example_external_task_marker_parent to None, run_after=None
[2026-05-17T04:52:42.118+0000] {processor.py:183} INFO - Processing /home/airflow/.local/lib/python3.12/site-packages/airflow/example_dags/example_external_task_marker_dag.py took 0.103 seconds
[2026-05-17T04:53:12.921+0000] {processor.py:161} INFO - Started process (PID=207) to work on /home/airflow/.local/lib/python3.12/site-packages/airflow/example_dags/example_external_task_marker_dag.py
[2026-05-17T04:53:12.922+0000] {processor.py:830} INFO - Processing file /home/airflow/.local/lib/python3.12/site-packages/airflow/example_dags/example_external_task_marker_dag.py for tasks to queue
[2026-05-17T04:53:12.923+0000] {logging_mixin.py:188} INFO - [2026-05-17T04:53:12.923+0000] {dagbag.py:545} INFO - Filling up the DagBag from /home/airflow/.local/lib/python3.12/site-packages/airflow/example_dags/example_external_task_marker_dag.py
[2026-05-17T04:53:12.930+0000] {processor.py:840} INFO - DAG(s) 'example_external_task_marker_parent', 'example_external_task_marker_child' retrieved from /home/airflow/.local/lib/python3.12/site-packages/airflow/example_dags/example_external_task_marker_dag.py
[2026-05-17T04:53:12.948+0000] {logging_mixin.py:188} INFO - [2026-05-17T04:53:12.948+0000] {dag.py:3096} INFO - Sync 2 DAGs
[2026-05-17T04:53:12.960+0000] {logging_mixin.py:188} INFO - [2026-05-17T04:53:12.960+0000] {dag.py:3954} INFO - Setting next_dagrun for example_external_task_marker_child to None, run_after=None
[2026-05-17T04:53:12.963+0000] {logging_mixin.py:188} INFO - [2026-05-17T04:53:12.963+0000] {dag.py:3954} INFO - Setting next_dagrun for example_external_task_marker_parent to None, run_after=None
[2026-05-17T04:53:12.982+0000] {processor.py:183} INFO - Processing /home/airflow/.local/lib/python3.12/site-packages/airflow/example_dags/example_external_task_marker_dag.py took 0.066 seconds
[2026-05-17T04:53:43.061+0000] {processor.py:161} INFO - Started process (PID=266) to work on /home/airflow/.local/lib/python3.12/site-packages/airflow/example_dags/example_external_task_marker_dag.py
[2026-05-17T04:53:43.062+0000] {processor.py:830} INFO - Processing file /home/airflow/.local/lib/python3.12/site-packages/airflow/example_dags/example_external_task_marker_dag.py for tasks to queue
[2026-05-17T04:53:43.064+0000] {logging_mixin.py:188} INFO - [2026-05-17T04:53:43.063+0000] {dagbag.py:545} INFO - Filling up the DagBag from /home/airflow/.local/lib/python3.12/site-packages/airflow/example_dags/example_external_task_marker_dag.py
[2026-05-17T04:53:43.069+0000] {processor.py:840} INFO - DAG(s) 'example_external_task_marker_parent', 'example_external_task_marker_child' retrieved from /home/airflow/.local/lib/python3.12/site-packages/airflow/example_dags/example_external_task_marker_dag.py
[2026-05-17T04:53:43.092+0000] {logging_mixin.py:188} INFO - [2026-05-17T04:53:43.092+0000] {dag.py:3096} INFO - Sync 2 DAGs
[2026-05-17T04:53:43.103+0000] {logging_mixin.py:188} INFO - [2026-05-17T04:53:43.103+0000] {dag.py:3954} INFO - Setting next_dagrun for example_external_task_marker_child to None, run_after=None
[2026-05-17T04:53:43.107+0000] {logging_mixin.py:188} INFO - [2026-05-17T04:53:43.106+0000] {dag.py:3954} INFO - Setting next_dagrun for example_external_task_marker_parent to None, run_after=None
[2026-05-17T04:53:43.121+0000] {processor.py:183} INFO - Processing /home/airflow/.local/lib/python3.12/site-packages/airflow/example_dags/example_external_task_marker_dag.py took 0.066 seconds
[2026-05-17T04:54:13.356+0000] {processor.py:161} INFO - Started process (PID=325) to work on /home/airflow/.local/lib/python3.12/site-packages/airflow/example_dags/example_external_task_marker_dag.py
[2026-05-17T04:54:13.357+0000] {processor.py:830} INFO - Processing file /home/airflow/.local/lib/python3.12/site-packages/airflow/example_dags/example_external_task_marker_dag.py for tasks to queue
[2026-05-17T04:54:13.359+0000] {logging_mixin.py:188} INFO - [2026-05-17T04:54:13.358+0000] {dagbag.py:545} INFO - Filling up the DagBag from /home/airflow/.local/lib/python3.12/site-packages/airflow/example_dags/example_external_task_marker_dag.py
[2026-05-17T04:54:13.365+0000] {processor.py:840} INFO - DAG(s) 'example_external_task_marker_child', 'example_external_task_marker_parent' retrieved from /home/airflow/.local/lib/python3.12/site-packages/airflow/example_dags/example_external_task_marker_dag.py
[2026-05-17T04:54:13.385+0000] {logging_mixin.py:188} INFO - [2026-05-17T04:54:13.385+0000] {dag.py:3096} INFO - Sync 2 DAGs
[2026-05-17T04:54:13.395+0000] {logging_mixin.py:188} INFO - [2026-05-17T04:54:13.395+0000] {dag.py:3954} INFO - Setting next_dagrun for example_external_task_marker_child to None, run_after=None
[2026-05-17T04:54:13.399+0000] {logging_mixin.py:188} INFO - [2026-05-17T04:54:13.399+0000] {dag.py:3954} INFO - Setting next_dagrun for example_external_task_marker_parent to None, run_after=None
[2026-05-17T04:54:13.412+0000] {processor.py:183} INFO - Processing /home/airflow/.local/lib/python3.12/site-packages/airflow/example_dags/example_external_task_marker_dag.py took 0.061 seconds
[2026-05-17T04:54:43.608+0000] {processor.py:161} INFO - Started process (PID=384) to work on /home/airflow/.local/lib/python3.12/site-packages/airflow/example_dags/example_external_task_marker_dag.py
[2026-05-17T04:54:43.609+0000] {processor.py:830} INFO - Processing file /home/airflow/.local/lib/python3.12/site-packages/airflow/example_dags/example_external_task_marker_dag.py for tasks to queue
[2026-05-17T04:54:43.611+0000] {logging_mixin.py:188} INFO - [2026-05-17T04:54:43.611+0000] {dagbag.py:545} INFO - Filling up the DagBag from /home/airflow/.local/lib/python3.12/site-packages/airflow/example_dags/example_external_task_marker_dag.py
[2026-05-17T04:54:43.616+0000] {processor.py:840} INFO - DAG(s) 'example_external_task_marker_parent', 'example_external_task_marker_child' retrieved from /home/airflow/.local/lib/python3.12/site-packages/airflow/example_dags/example_external_task_marker_dag.py
[2026-05-17T04:54:43.648+0000] {logging_mixin.py:188} INFO - [2026-05-17T04:54:43.647+0000] {dag.py:3096} INFO - Sync 2 DAGs
[2026-05-17T04:54:43.660+0000] {logging_mixin.py:188} INFO - [2026-05-17T04:54:43.660+0000] {dag.py:3954} INFO - Setting next_dagrun for example_external_task_marker_child to None, run_after=None
[2026-05-17T04:54:43.664+0000] {logging_mixin.py:188} INFO - [2026-05-17T04:54:43.663+0000] {dag.py:3954} INFO - Setting next_dagrun for example_external_task_marker_parent to None, run_after=None
[2026-05-17T04:54:43.683+0000] {processor.py:183} INFO - Processing /home/airflow/.local/lib/python3.12/site-packages/airflow/example_dags/example_external_task_marker_dag.py took 0.080 seconds
[2026-05-17T04:55:13.885+0000] {processor.py:161} INFO - Started process (PID=443) to work on /home/airflow/.local/lib/python3.12/site-packages/airflow/example_dags/example_external_task_marker_dag.py
[2026-05-17T04:55:13.886+0000] {processor.py:830} INFO - Processing file /home/airflow/.local/lib/python3.12/site-packages/airflow/example_dags/example_external_task_marker_dag.py for tasks to queue
[2026-05-17T04:55:13.887+0000] {logging_mixin.py:188} INFO - [2026-05-17T04:55:13.887+0000] {dagbag.py:545} INFO - Filling up the DagBag from /home/airflow/.local/lib/python3.12/site-packages/airflow/example_dags/example_external_task_marker_dag.py
[2026-05-17T04:55:13.892+0000] {processor.py:840} INFO - DAG(s) 'example_external_task_marker_parent', 'example_external_task_marker_child' retrieved from /home/airflow/.local/lib/python3.12/site-packages/airflow/example_dags/example_external_task_marker_dag.py
[2026-05-17T04:55:13.914+0000] {logging_mixin.py:188} INFO - [2026-05-17T04:55:13.914+0000] {dag.py:3096} INFO - Sync 2 DAGs
[2026-05-17T04:55:13.924+0000] {logging_mixin.py:188} INFO - [2026-05-17T04:55:13.924+0000] {dag.py:3954} INFO - Setting next_dagrun for example_external_task_marker_child to None, run_after=None
[2026-05-17T04:55:13.929+0000] {logging_mixin.py:188} INFO - [2026-05-17T04:55:13.929+0000] {dag.py:3954} INFO - Setting next_dagrun for example_external_task_marker_parent to None, run_after=None
[2026-05-17T04:55:13.944+0000] {processor.py:183} INFO - Processing /home/airflow/.local/lib/python3.12/site-packages/airflow/example_dags/example_external_task_marker_dag.py took 0.064 seconds
[2026-05-17T04:55:44.446+0000] {processor.py:161} INFO - Started process (PID=502) to work on /home/airflow/.local/lib/python3.12/site-packages/airflow/example_dags/example_external_task_marker_dag.py
[2026-05-17T04:55:44.447+0000] {processor.py:830} INFO - Processing file /home/airflow/.local/lib/python3.12/site-packages/airflow/example_dags/example_external_task_marker_dag.py for tasks to queue
[2026-05-17T04:55:44.449+0000] {logging_mixin.py:188} INFO - [2026-05-17T04:55:44.448+0000] {dagbag.py:545} INFO - Filling up the DagBag from /home/airflow/.local/lib/python3.12/site-packages/airflow/example_dags/example_external_task_marker_dag.py
[2026-05-17T04:55:44.459+0000] {processor.py:840} INFO - DAG(s) 'example_external_task_marker_parent', 'example_external_task_marker_child' retrieved from /home/airflow/.local/lib/python3.12/site-packages/airflow/example_dags/example_external_task_marker_dag.py
[2026-05-17T04:55:44.487+0000] {logging_mixin.py:188} INFO - [2026-05-17T04:55:44.487+0000] {dag.py:3096} INFO - Sync 2 DAGs
[2026-05-17T04:55:44.513+0000] {logging_mixin.py:188} INFO - [2026-05-17T04:55:44.512+0000] {dag.py:3954} INFO - Setting next_dagrun for example_external_task_marker_child to None, run_after=None
[2026-05-17T04:55:44.518+0000] {logging_mixin.py:188} INFO - [2026-05-17T04:55:44.518+0000] {dag.py:3954} INFO - Setting next_dagrun for example_external_task_marker_parent to None, run_after=None
[2026-05-17T04:55:44.534+0000] {processor.py:183} INFO - Processing /home/airflow/.local/lib/python3.12/site-packages/airflow/example_dags/example_external_task_marker_dag.py took 0.095 seconds
[2026-05-17T04:56:15.463+0000] {processor.py:161} INFO - Started process (PID=561) to work on /home/airflow/.local/lib/python3.12/site-packages/airflow/example_dags/example_external_task_marker_dag.py
[2026-05-17T04:56:15.464+0000] {processor.py:830} INFO - Processing file /home/airflow/.local/lib/python3.12/site-packages/airflow/example_dags/example_external_task_marker_dag.py for tasks to queue
[2026-05-17T04:56:15.467+0000] {logging_mixin.py:188} INFO - [2026-05-17T04:56:15.467+0000] {dagbag.py:545} INFO - Filling up the DagBag from /home/airflow/.local/lib/python3.12/site-packages/airflow/example_dags/example_external_task_marker_dag.py
[2026-05-17T04:56:15.476+0000] {processor.py:840} INFO - DAG(s) 'example_external_task_marker_parent', 'example_external_task_marker_child' retrieved from /home/airflow/.local/lib/python3.12/site-packages/airflow/example_dags/example_external_task_marker_dag.py
[2026-05-17T04:56:15.516+0000] {logging_mixin.py:188} INFO - [2026-05-17T04:56:15.515+0000] {dag.py:3096} INFO - Sync 2 DAGs
[2026-05-17T04:56:15.556+0000] {logging_mixin.py:188} INFO - [2026-05-17T04:56:15.556+0000] {dag.py:3954} INFO - Setting next_dagrun for example_external_task_marker_child to None, run_after=None
[2026-05-17T04:56:15.563+0000] {logging_mixin.py:188} INFO - [2026-05-17T04:56:15.563+0000] {dag.py:3954} INFO - Setting next_dagrun for example_external_task_marker_parent to None, run_after=None
[2026-05-17T04:56:15.643+0000] {processor.py:183} INFO - Processing /home/airflow/.local/lib/python3.12/site-packages/airflow/example_dags/example_external_task_marker_dag.py took 0.187 seconds
[2026-05-17T04:56:46.095+0000] {processor.py:161} INFO - Started process (PID=620) to work on /home/airflow/.local/lib/python3.12/site-packages/airflow/example_dags/example_external_task_marker_dag.py
[2026-05-17T04:56:46.096+0000] {processor.py:830} INFO - Processing file /home/airflow/.local/lib/python3.12/site-packages/airflow/example_dags/example_external_task_marker_dag.py for tasks to queue
[2026-05-17T04:56:46.098+0000] {logging_mixin.py:188} INFO - [2026-05-17T04:56:46.098+0000] {dagbag.py:545} INFO - Filling up the DagBag from /home/airflow/.local/lib/python3.12/site-packages/airflow/example_dags/example_external_task_marker_dag.py
[2026-05-17T04:56:46.105+0000] {processor.py:840} INFO - DAG(s) 'example_external_task_marker_child', 'example_external_task_marker_parent' retrieved from /home/airflow/.local/lib/python3.12/site-packages/airflow/example_dags/example_external_task_marker_dag.py
[2026-05-17T04:56:46.134+0000] {logging_mixin.py:188} INFO - [2026-05-17T04:56:46.134+0000] {dag.py:3096} INFO - Sync 2 DAGs
[2026-05-17T04:56:46.147+0000] {logging_mixin.py:188} INFO - [2026-05-17T04:56:46.147+0000] {dag.py:3954} INFO - Setting next_dagrun for example_external_task_marker_child to None, run_after=None
[2026-05-17T04:56:46.151+0000] {logging_mixin.py:188} INFO - [2026-05-17T04:56:46.151+0000] {dag.py:3954} INFO - Setting next_dagrun for example_external_task_marker_parent to None, run_after=None
[2026-05-17T04:56:46.170+0000] {processor.py:183} INFO - Processing /home/airflow/.local/lib/python3.12/site-packages/airflow/example_dags/example_external_task_marker_dag.py took 0.083 seconds
[2026-05-17T04:57:17.057+0000] {processor.py:161} INFO - Started process (PID=679) to work on /home/airflow/.local/lib/python3.12/site-packages/airflow/example_dags/example_external_task_marker_dag.py
[2026-05-17T04:57:17.059+0000] {processor.py:830} INFO - Processing file /home/airflow/.local/lib/python3.12/site-packages/airflow/example_dags/example_external_task_marker_dag.py for tasks to queue
[2026-05-17T04:57:17.066+0000] {logging_mixin.py:188} INFO - [2026-05-17T04:57:17.065+0000] {dagbag.py:545} INFO - Filling up the DagBag from /home/airflow/.local/lib/python3.12/site-packages/airflow/example_dags/example_external_task_marker_dag.py
[2026-05-17T04:57:17.081+0000] {processor.py:840} INFO - DAG(s) 'example_external_task_marker_child', 'example_external_task_marker_parent' retrieved from /home/airflow/.local/lib/python3.12/site-packages/airflow/example_dags/example_external_task_marker_dag.py
[2026-05-17T04:57:17.140+0000] {logging_mixin.py:188} INFO - [2026-05-17T04:57:17.140+0000] {dag.py:3096} INFO - Sync 2 DAGs
[2026-05-17T04:57:17.165+0000] {logging_mixin.py:188} INFO - [2026-05-17T04:57:17.165+0000] {dag.py:3954} INFO - Setting next_dagrun for example_external_task_marker_child to None, run_after=None
[2026-05-17T04:57:17.169+0000] {logging_mixin.py:188} INFO - [2026-05-17T04:57:17.168+0000] {dag.py:3954} INFO - Setting next_dagrun for example_external_task_marker_parent to None, run_after=None
[2026-05-17T04:57:17.183+0000] {processor.py:183} INFO - Processing /home/airflow/.local/lib/python3.12/site-packages/airflow/example_dags/example_external_task_marker_dag.py took 0.136 seconds
[2026-05-17T04:57:47.367+0000] {processor.py:161} INFO - Started process (PID=738) to work on /home/airflow/.local/lib/python3.12/site-packages/airflow/example_dags/example_external_task_marker_dag.py
[2026-05-17T04:57:47.368+0000] {processor.py:830} INFO - Processing file /home/airflow/.local/lib/python3.12/site-packages/airflow/example_dags/example_external_task_marker_dag.py for tasks to queue
[2026-05-17T04:57:47.370+0000] {logging_mixin.py:188} INFO - [2026-05-17T04:57:47.370+0000] {dagbag.py:545} INFO - Filling up the DagBag from /home/airflow/.local/lib/python3.12/site-packages/airflow/example_dags/example_external_task_marker_dag.py
[2026-05-17T04:57:47.375+0000] {processor.py:840} INFO - DAG(s) 'example_external_task_marker_parent', 'example_external_task_marker_child' retrieved from /home/airflow/.local/lib/python3.12/site-packages/airflow/example_dags/example_external_task_marker_dag.py
[2026-05-17T04:57:47.394+0000] {logging_mixin.py:188} INFO - [2026-05-17T04:57:47.394+0000] {dag.py:3096} INFO - Sync 2 DAGs
[2026-05-17T04:57:47.417+0000] {logging_mixin.py:188} INFO - [2026-05-17T04:57:47.417+0000] {dag.py:3954} INFO - Setting next_dagrun for example_external_task_marker_child to None, run_after=None
[2026-05-17T04:57:47.420+0000] {logging_mixin.py:188} INFO - [2026-05-17T04:57:47.420+0000] {dag.py:3954} INFO - Setting next_dagrun for example_external_task_marker_parent to None, run_after=None
[2026-05-17T04:57:47.468+0000] {processor.py:183} INFO - Processing /home/airflow/.local/lib/python3.12/site-packages/airflow/example_dags/example_external_task_marker_dag.py took 0.106 seconds
[2026-05-17T04:58:18.048+0000] {processor.py:161} INFO - Started process (PID=797) to work on /home/airflow/.local/lib/python3.12/site-packages/airflow/example_dags/example_external_task_marker_dag.py
[2026-05-17T04:58:18.048+0000] {processor.py:830} INFO - Processing file /home/airflow/.local/lib/python3.12/site-packages/airflow/example_dags/example_external_task_marker_dag.py for tasks to queue
[2026-05-17T04:58:18.050+0000] {logging_mixin.py:188} INFO - [2026-05-17T04:58:18.050+0000] {dagbag.py:545} INFO - Filling up the DagBag from /home/airflow/.local/lib/python3.12/site-packages/airflow/example_dags/example_external_task_marker_dag.py
[2026-05-17T04:58:18.055+0000] {processor.py:840} INFO - DAG(s) 'example_external_task_marker_child', 'example_external_task_marker_parent' retrieved from /home/airflow/.local/lib/python3.12/site-packages/airflow/example_dags/example_external_task_marker_dag.py
[2026-05-17T04:58:18.076+0000] {logging_mixin.py:188} INFO - [2026-05-17T04:58:18.075+0000] {dag.py:3096} INFO - Sync 2 DAGs
[2026-05-17T04:58:18.087+0000] {logging_mixin.py:188} INFO - [2026-05-17T04:58:18.087+0000] {dag.py:3954} INFO - Setting next_dagrun for example_external_task_marker_child to None, run_after=None
[2026-05-17T04:58:18.091+0000] {logging_mixin.py:188} INFO - [2026-05-17T04:58:18.090+0000] {dag.py:3954} INFO - Setting next_dagrun for example_external_task_marker_parent to None, run_after=None
[2026-05-17T04:58:18.105+0000] {processor.py:183} INFO - Processing /home/airflow/.local/lib/python3.12/site-packages/airflow/example_dags/example_external_task_marker_dag.py took 0.062 seconds
[2026-05-17T05:00:23.270+0000] {processor.py:161} INFO - Started process (PID=77) to work on /home/airflow/.local/lib/python3.12/site-packages/airflow/example_dags/example_external_task_marker_dag.py
[2026-05-17T05:00:23.272+0000] {processor.py:830} INFO - Processing file /home/airflow/.local/lib/python3.12/site-packages/airflow/example_dags/example_external_task_marker_dag.py for tasks to queue
[2026-05-17T05:00:23.274+0000] {logging_mixin.py:188} INFO - [2026-05-17T05:00:23.274+0000] {dagbag.py:545} INFO - Filling up the DagBag from /home/airflow/.local/lib/python3.12/site-packages/airflow/example_dags/example_external_task_marker_dag.py
[2026-05-17T05:00:23.283+0000] {processor.py:840} INFO - DAG(s) 'example_external_task_marker_parent', 'example_external_task_marker_child' retrieved from /home/airflow/.local/lib/python3.12/site-packages/airflow/example_dags/example_external_task_marker_dag.py
[2026-05-17T05:00:23.310+0000] {logging_mixin.py:188} INFO - [2026-05-17T05:00:23.310+0000] {dag.py:3096} INFO - Sync 2 DAGs
[2026-05-17T05:00:23.322+0000] {logging_mixin.py:188} INFO - [2026-05-17T05:00:23.321+0000] {dag.py:3954} INFO - Setting next_dagrun for example_external_task_marker_child to None, run_after=None
[2026-05-17T05:00:23.325+0000] {logging_mixin.py:188} INFO - [2026-05-17T05:00:23.325+0000] {dag.py:3954} INFO - Setting next_dagrun for example_external_task_marker_parent to None, run_after=None
[2026-05-17T05:00:23.338+0000] {processor.py:183} INFO - Processing /home/airflow/.local/lib/python3.12/site-packages/airflow/example_dags/example_external_task_marker_dag.py took 0.074 seconds
