[2026-05-17T04:43:53.609+0000] {processor.py:161} INFO - Started process (PID=93) to work on /home/airflow/.local/lib/python3.12/site-packages/airflow/example_dags/example_branch_day_of_week_operator.py
[2026-05-17T04:43:53.611+0000] {processor.py:830} INFO - Processing file /home/airflow/.local/lib/python3.12/site-packages/airflow/example_dags/example_branch_day_of_week_operator.py for tasks to queue
[2026-05-17T04:43:53.618+0000] {logging_mixin.py:188} INFO - [2026-05-17T04:43:53.617+0000] {dagbag.py:545} INFO - Filling up the DagBag from /home/airflow/.local/lib/python3.12/site-packages/airflow/example_dags/example_branch_day_of_week_operator.py
[2026-05-17T04:43:53.653+0000] {processor.py:840} INFO - DAG(s) 'example_weekday_branch_operator' retrieved from /home/airflow/.local/lib/python3.12/site-packages/airflow/example_dags/example_branch_day_of_week_operator.py
[2026-05-17T04:43:53.680+0000] {logging_mixin.py:188} INFO - [2026-05-17T04:43:53.679+0000] {dag.py:3096} INFO - Sync 1 DAGs
[2026-05-17T04:43:53.761+0000] {logging_mixin.py:188} INFO - [2026-05-17T04:43:53.760+0000] {dag.py:3954} INFO - Setting next_dagrun for example_weekday_branch_operator to 2026-05-16 00:00:00+00:00, run_after=2026-05-17 00:00:00+00:00
[2026-05-17T04:43:53.809+0000] {processor.py:183} INFO - Processing /home/airflow/.local/lib/python3.12/site-packages/airflow/example_dags/example_branch_day_of_week_operator.py took 0.211 seconds
[2026-05-17T04:44:23.957+0000] {processor.py:161} INFO - Started process (PID=152) to work on /home/airflow/.local/lib/python3.12/site-packages/airflow/example_dags/example_branch_day_of_week_operator.py
[2026-05-17T04:44:23.958+0000] {processor.py:830} INFO - Processing file /home/airflow/.local/lib/python3.12/site-packages/airflow/example_dags/example_branch_day_of_week_operator.py for tasks to queue
[2026-05-17T04:44:23.960+0000] {logging_mixin.py:188} INFO - [2026-05-17T04:44:23.960+0000] {dagbag.py:545} INFO - Filling up the DagBag from /home/airflow/.local/lib/python3.12/site-packages/airflow/example_dags/example_branch_day_of_week_operator.py
[2026-05-17T04:44:23.966+0000] {processor.py:840} INFO - DAG(s) 'example_weekday_branch_operator' retrieved from /home/airflow/.local/lib/python3.12/site-packages/airflow/example_dags/example_branch_day_of_week_operator.py
[2026-05-17T04:44:24.041+0000] {logging_mixin.py:188} INFO - [2026-05-17T04:44:24.040+0000] {dag.py:3096} INFO - Sync 1 DAGs
[2026-05-17T04:44:24.057+0000] {logging_mixin.py:188} INFO - [2026-05-17T04:44:24.057+0000] {dag.py:3954} INFO - Setting next_dagrun for example_weekday_branch_operator to 2026-05-16 00:00:00+00:00, run_after=2026-05-17 00:00:00+00:00
[2026-05-17T04:44:24.071+0000] {processor.py:183} INFO - Processing /home/airflow/.local/lib/python3.12/site-packages/airflow/example_dags/example_branch_day_of_week_operator.py took 0.118 seconds
[2026-05-17T04:44:54.236+0000] {processor.py:161} INFO - Started process (PID=211) to work on /home/airflow/.local/lib/python3.12/site-packages/airflow/example_dags/example_branch_day_of_week_operator.py
[2026-05-17T04:44:54.237+0000] {processor.py:830} INFO - Processing file /home/airflow/.local/lib/python3.12/site-packages/airflow/example_dags/example_branch_day_of_week_operator.py for tasks to queue
[2026-05-17T04:44:54.238+0000] {logging_mixin.py:188} INFO - [2026-05-17T04:44:54.238+0000] {dagbag.py:545} INFO - Filling up the DagBag from /home/airflow/.local/lib/python3.12/site-packages/airflow/example_dags/example_branch_day_of_week_operator.py
[2026-05-17T04:44:54.244+0000] {processor.py:840} INFO - DAG(s) 'example_weekday_branch_operator' retrieved from /home/airflow/.local/lib/python3.12/site-packages/airflow/example_dags/example_branch_day_of_week_operator.py
[2026-05-17T04:44:54.262+0000] {logging_mixin.py:188} INFO - [2026-05-17T04:44:54.262+0000] {dag.py:3096} INFO - Sync 1 DAGs
[2026-05-17T04:44:54.283+0000] {logging_mixin.py:188} INFO - [2026-05-17T04:44:54.283+0000] {dag.py:3954} INFO - Setting next_dagrun for example_weekday_branch_operator to 2026-05-16 00:00:00+00:00, run_after=2026-05-17 00:00:00+00:00
[2026-05-17T04:44:54.302+0000] {processor.py:183} INFO - Processing /home/airflow/.local/lib/python3.12/site-packages/airflow/example_dags/example_branch_day_of_week_operator.py took 0.070 seconds
[2026-05-17T04:45:24.450+0000] {processor.py:161} INFO - Started process (PID=270) to work on /home/airflow/.local/lib/python3.12/site-packages/airflow/example_dags/example_branch_day_of_week_operator.py
[2026-05-17T04:45:24.451+0000] {processor.py:830} INFO - Processing file /home/airflow/.local/lib/python3.12/site-packages/airflow/example_dags/example_branch_day_of_week_operator.py for tasks to queue
[2026-05-17T04:45:24.453+0000] {logging_mixin.py:188} INFO - [2026-05-17T04:45:24.452+0000] {dagbag.py:545} INFO - Filling up the DagBag from /home/airflow/.local/lib/python3.12/site-packages/airflow/example_dags/example_branch_day_of_week_operator.py
[2026-05-17T04:45:24.458+0000] {processor.py:840} INFO - DAG(s) 'example_weekday_branch_operator' retrieved from /home/airflow/.local/lib/python3.12/site-packages/airflow/example_dags/example_branch_day_of_week_operator.py
[2026-05-17T04:45:24.473+0000] {logging_mixin.py:188} INFO - [2026-05-17T04:45:24.473+0000] {dag.py:3096} INFO - Sync 1 DAGs
[2026-05-17T04:45:24.491+0000] {logging_mixin.py:188} INFO - [2026-05-17T04:45:24.490+0000] {dag.py:3954} INFO - Setting next_dagrun for example_weekday_branch_operator to 2026-05-16 00:00:00+00:00, run_after=2026-05-17 00:00:00+00:00
[2026-05-17T04:45:24.507+0000] {processor.py:183} INFO - Processing /home/airflow/.local/lib/python3.12/site-packages/airflow/example_dags/example_branch_day_of_week_operator.py took 0.061 seconds
[2026-05-17T04:45:55.007+0000] {processor.py:161} INFO - Started process (PID=329) to work on /home/airflow/.local/lib/python3.12/site-packages/airflow/example_dags/example_branch_day_of_week_operator.py
[2026-05-17T04:45:55.008+0000] {processor.py:830} INFO - Processing file /home/airflow/.local/lib/python3.12/site-packages/airflow/example_dags/example_branch_day_of_week_operator.py for tasks to queue
[2026-05-17T04:45:55.009+0000] {logging_mixin.py:188} INFO - [2026-05-17T04:45:55.009+0000] {dagbag.py:545} INFO - Filling up the DagBag from /home/airflow/.local/lib/python3.12/site-packages/airflow/example_dags/example_branch_day_of_week_operator.py
[2026-05-17T04:45:55.014+0000] {processor.py:840} INFO - DAG(s) 'example_weekday_branch_operator' retrieved from /home/airflow/.local/lib/python3.12/site-packages/airflow/example_dags/example_branch_day_of_week_operator.py
[2026-05-17T04:45:55.028+0000] {logging_mixin.py:188} INFO - [2026-05-17T04:45:55.028+0000] {dag.py:3096} INFO - Sync 1 DAGs
[2026-05-17T04:45:55.042+0000] {logging_mixin.py:188} INFO - [2026-05-17T04:45:55.042+0000] {dag.py:3954} INFO - Setting next_dagrun for example_weekday_branch_operator to 2026-05-16 00:00:00+00:00, run_after=2026-05-17 00:00:00+00:00
[2026-05-17T04:45:55.115+0000] {processor.py:183} INFO - Processing /home/airflow/.local/lib/python3.12/site-packages/airflow/example_dags/example_branch_day_of_week_operator.py took 0.112 seconds
[2026-05-17T04:46:25.521+0000] {processor.py:161} INFO - Started process (PID=388) to work on /home/airflow/.local/lib/python3.12/site-packages/airflow/example_dags/example_branch_day_of_week_operator.py
[2026-05-17T04:46:25.522+0000] {processor.py:830} INFO - Processing file /home/airflow/.local/lib/python3.12/site-packages/airflow/example_dags/example_branch_day_of_week_operator.py for tasks to queue
[2026-05-17T04:46:25.523+0000] {logging_mixin.py:188} INFO - [2026-05-17T04:46:25.523+0000] {dagbag.py:545} INFO - Filling up the DagBag from /home/airflow/.local/lib/python3.12/site-packages/airflow/example_dags/example_branch_day_of_week_operator.py
[2026-05-17T04:46:25.529+0000] {processor.py:840} INFO - DAG(s) 'example_weekday_branch_operator' retrieved from /home/airflow/.local/lib/python3.12/site-packages/airflow/example_dags/example_branch_day_of_week_operator.py
[2026-05-17T04:46:25.544+0000] {logging_mixin.py:188} INFO - [2026-05-17T04:46:25.544+0000] {dag.py:3096} INFO - Sync 1 DAGs
[2026-05-17T04:46:25.558+0000] {logging_mixin.py:188} INFO - [2026-05-17T04:46:25.558+0000] {dag.py:3954} INFO - Setting next_dagrun for example_weekday_branch_operator to 2026-05-16 00:00:00+00:00, run_after=2026-05-17 00:00:00+00:00
[2026-05-17T04:46:25.569+0000] {processor.py:183} INFO - Processing /home/airflow/.local/lib/python3.12/site-packages/airflow/example_dags/example_branch_day_of_week_operator.py took 0.053 seconds
[2026-05-17T04:46:56.041+0000] {processor.py:161} INFO - Started process (PID=447) to work on /home/airflow/.local/lib/python3.12/site-packages/airflow/example_dags/example_branch_day_of_week_operator.py
[2026-05-17T04:46:56.042+0000] {processor.py:830} INFO - Processing file /home/airflow/.local/lib/python3.12/site-packages/airflow/example_dags/example_branch_day_of_week_operator.py for tasks to queue
[2026-05-17T04:46:56.043+0000] {logging_mixin.py:188} INFO - [2026-05-17T04:46:56.043+0000] {dagbag.py:545} INFO - Filling up the DagBag from /home/airflow/.local/lib/python3.12/site-packages/airflow/example_dags/example_branch_day_of_week_operator.py
[2026-05-17T04:46:56.051+0000] {processor.py:840} INFO - DAG(s) 'example_weekday_branch_operator' retrieved from /home/airflow/.local/lib/python3.12/site-packages/airflow/example_dags/example_branch_day_of_week_operator.py
[2026-05-17T04:46:56.075+0000] {logging_mixin.py:188} INFO - [2026-05-17T04:46:56.074+0000] {dag.py:3096} INFO - Sync 1 DAGs
[2026-05-17T04:46:56.099+0000] {logging_mixin.py:188} INFO - [2026-05-17T04:46:56.098+0000] {dag.py:3954} INFO - Setting next_dagrun for example_weekday_branch_operator to 2026-05-16 00:00:00+00:00, run_after=2026-05-17 00:00:00+00:00
[2026-05-17T04:46:56.122+0000] {processor.py:183} INFO - Processing /home/airflow/.local/lib/python3.12/site-packages/airflow/example_dags/example_branch_day_of_week_operator.py took 0.086 seconds
[2026-05-17T04:47:26.454+0000] {processor.py:161} INFO - Started process (PID=506) to work on /home/airflow/.local/lib/python3.12/site-packages/airflow/example_dags/example_branch_day_of_week_operator.py
[2026-05-17T04:47:26.455+0000] {processor.py:830} INFO - Processing file /home/airflow/.local/lib/python3.12/site-packages/airflow/example_dags/example_branch_day_of_week_operator.py for tasks to queue
[2026-05-17T04:47:26.456+0000] {logging_mixin.py:188} INFO - [2026-05-17T04:47:26.456+0000] {dagbag.py:545} INFO - Filling up the DagBag from /home/airflow/.local/lib/python3.12/site-packages/airflow/example_dags/example_branch_day_of_week_operator.py
[2026-05-17T04:47:26.461+0000] {processor.py:840} INFO - DAG(s) 'example_weekday_branch_operator' retrieved from /home/airflow/.local/lib/python3.12/site-packages/airflow/example_dags/example_branch_day_of_week_operator.py
[2026-05-17T04:47:26.475+0000] {logging_mixin.py:188} INFO - [2026-05-17T04:47:26.475+0000] {dag.py:3096} INFO - Sync 1 DAGs
[2026-05-17T04:47:26.489+0000] {logging_mixin.py:188} INFO - [2026-05-17T04:47:26.489+0000] {dag.py:3954} INFO - Setting next_dagrun for example_weekday_branch_operator to 2026-05-16 00:00:00+00:00, run_after=2026-05-17 00:00:00+00:00
[2026-05-17T04:47:26.499+0000] {processor.py:183} INFO - Processing /home/airflow/.local/lib/python3.12/site-packages/airflow/example_dags/example_branch_day_of_week_operator.py took 0.050 seconds
[2026-05-17T04:47:56.849+0000] {processor.py:161} INFO - Started process (PID=565) to work on /home/airflow/.local/lib/python3.12/site-packages/airflow/example_dags/example_branch_day_of_week_operator.py
[2026-05-17T04:47:56.850+0000] {processor.py:830} INFO - Processing file /home/airflow/.local/lib/python3.12/site-packages/airflow/example_dags/example_branch_day_of_week_operator.py for tasks to queue
[2026-05-17T04:47:56.852+0000] {logging_mixin.py:188} INFO - [2026-05-17T04:47:56.852+0000] {dagbag.py:545} INFO - Filling up the DagBag from /home/airflow/.local/lib/python3.12/site-packages/airflow/example_dags/example_branch_day_of_week_operator.py
[2026-05-17T04:47:56.858+0000] {processor.py:840} INFO - DAG(s) 'example_weekday_branch_operator' retrieved from /home/airflow/.local/lib/python3.12/site-packages/airflow/example_dags/example_branch_day_of_week_operator.py
[2026-05-17T04:47:56.873+0000] {logging_mixin.py:188} INFO - [2026-05-17T04:47:56.873+0000] {dag.py:3096} INFO - Sync 1 DAGs
[2026-05-17T04:47:56.888+0000] {logging_mixin.py:188} INFO - [2026-05-17T04:47:56.888+0000] {dag.py:3954} INFO - Setting next_dagrun for example_weekday_branch_operator to 2026-05-16 00:00:00+00:00, run_after=2026-05-17 00:00:00+00:00
[2026-05-17T04:47:56.901+0000] {processor.py:183} INFO - Processing /home/airflow/.local/lib/python3.12/site-packages/airflow/example_dags/example_branch_day_of_week_operator.py took 0.056 seconds
[2026-05-17T04:48:27.466+0000] {processor.py:161} INFO - Started process (PID=624) to work on /home/airflow/.local/lib/python3.12/site-packages/airflow/example_dags/example_branch_day_of_week_operator.py
[2026-05-17T04:48:27.467+0000] {processor.py:830} INFO - Processing file /home/airflow/.local/lib/python3.12/site-packages/airflow/example_dags/example_branch_day_of_week_operator.py for tasks to queue
[2026-05-17T04:48:27.469+0000] {logging_mixin.py:188} INFO - [2026-05-17T04:48:27.469+0000] {dagbag.py:545} INFO - Filling up the DagBag from /home/airflow/.local/lib/python3.12/site-packages/airflow/example_dags/example_branch_day_of_week_operator.py
[2026-05-17T04:48:27.474+0000] {processor.py:840} INFO - DAG(s) 'example_weekday_branch_operator' retrieved from /home/airflow/.local/lib/python3.12/site-packages/airflow/example_dags/example_branch_day_of_week_operator.py
[2026-05-17T04:48:27.489+0000] {logging_mixin.py:188} INFO - [2026-05-17T04:48:27.489+0000] {dag.py:3096} INFO - Sync 1 DAGs
[2026-05-17T04:48:27.503+0000] {logging_mixin.py:188} INFO - [2026-05-17T04:48:27.503+0000] {dag.py:3954} INFO - Setting next_dagrun for example_weekday_branch_operator to 2026-05-16 00:00:00+00:00, run_after=2026-05-17 00:00:00+00:00
[2026-05-17T04:48:27.515+0000] {processor.py:183} INFO - Processing /home/airflow/.local/lib/python3.12/site-packages/airflow/example_dags/example_branch_day_of_week_operator.py took 0.053 seconds
[2026-05-17T04:48:57.972+0000] {processor.py:161} INFO - Started process (PID=683) to work on /home/airflow/.local/lib/python3.12/site-packages/airflow/example_dags/example_branch_day_of_week_operator.py
[2026-05-17T04:48:57.973+0000] {processor.py:830} INFO - Processing file /home/airflow/.local/lib/python3.12/site-packages/airflow/example_dags/example_branch_day_of_week_operator.py for tasks to queue
[2026-05-17T04:48:57.975+0000] {logging_mixin.py:188} INFO - [2026-05-17T04:48:57.975+0000] {dagbag.py:545} INFO - Filling up the DagBag from /home/airflow/.local/lib/python3.12/site-packages/airflow/example_dags/example_branch_day_of_week_operator.py
[2026-05-17T04:48:57.981+0000] {processor.py:840} INFO - DAG(s) 'example_weekday_branch_operator' retrieved from /home/airflow/.local/lib/python3.12/site-packages/airflow/example_dags/example_branch_day_of_week_operator.py
[2026-05-17T04:48:57.998+0000] {logging_mixin.py:188} INFO - [2026-05-17T04:48:57.998+0000] {dag.py:3096} INFO - Sync 1 DAGs
[2026-05-17T04:48:58.016+0000] {logging_mixin.py:188} INFO - [2026-05-17T04:48:58.015+0000] {dag.py:3954} INFO - Setting next_dagrun for example_weekday_branch_operator to 2026-05-16 00:00:00+00:00, run_after=2026-05-17 00:00:00+00:00
[2026-05-17T04:48:58.031+0000] {processor.py:183} INFO - Processing /home/airflow/.local/lib/python3.12/site-packages/airflow/example_dags/example_branch_day_of_week_operator.py took 0.063 seconds
[2026-05-17T04:49:28.775+0000] {processor.py:161} INFO - Started process (PID=742) to work on /home/airflow/.local/lib/python3.12/site-packages/airflow/example_dags/example_branch_day_of_week_operator.py
[2026-05-17T04:49:28.776+0000] {processor.py:830} INFO - Processing file /home/airflow/.local/lib/python3.12/site-packages/airflow/example_dags/example_branch_day_of_week_operator.py for tasks to queue
[2026-05-17T04:49:28.777+0000] {logging_mixin.py:188} INFO - [2026-05-17T04:49:28.777+0000] {dagbag.py:545} INFO - Filling up the DagBag from /home/airflow/.local/lib/python3.12/site-packages/airflow/example_dags/example_branch_day_of_week_operator.py
[2026-05-17T04:49:28.783+0000] {processor.py:840} INFO - DAG(s) 'example_weekday_branch_operator' retrieved from /home/airflow/.local/lib/python3.12/site-packages/airflow/example_dags/example_branch_day_of_week_operator.py
[2026-05-17T04:49:28.797+0000] {logging_mixin.py:188} INFO - [2026-05-17T04:49:28.797+0000] {dag.py:3096} INFO - Sync 1 DAGs
[2026-05-17T04:49:28.812+0000] {logging_mixin.py:188} INFO - [2026-05-17T04:49:28.812+0000] {dag.py:3954} INFO - Setting next_dagrun for example_weekday_branch_operator to 2026-05-16 00:00:00+00:00, run_after=2026-05-17 00:00:00+00:00
[2026-05-17T04:49:28.824+0000] {processor.py:183} INFO - Processing /home/airflow/.local/lib/python3.12/site-packages/airflow/example_dags/example_branch_day_of_week_operator.py took 0.053 seconds
[2026-05-17T04:49:59.259+0000] {processor.py:161} INFO - Started process (PID=801) to work on /home/airflow/.local/lib/python3.12/site-packages/airflow/example_dags/example_branch_day_of_week_operator.py
[2026-05-17T04:49:59.261+0000] {processor.py:830} INFO - Processing file /home/airflow/.local/lib/python3.12/site-packages/airflow/example_dags/example_branch_day_of_week_operator.py for tasks to queue
[2026-05-17T04:49:59.263+0000] {logging_mixin.py:188} INFO - [2026-05-17T04:49:59.263+0000] {dagbag.py:545} INFO - Filling up the DagBag from /home/airflow/.local/lib/python3.12/site-packages/airflow/example_dags/example_branch_day_of_week_operator.py
[2026-05-17T04:49:59.274+0000] {processor.py:840} INFO - DAG(s) 'example_weekday_branch_operator' retrieved from /home/airflow/.local/lib/python3.12/site-packages/airflow/example_dags/example_branch_day_of_week_operator.py
[2026-05-17T04:49:59.299+0000] {logging_mixin.py:188} INFO - [2026-05-17T04:49:59.299+0000] {dag.py:3096} INFO - Sync 1 DAGs
[2026-05-17T04:49:59.316+0000] {logging_mixin.py:188} INFO - [2026-05-17T04:49:59.316+0000] {dag.py:3954} INFO - Setting next_dagrun for example_weekday_branch_operator to 2026-05-16 00:00:00+00:00, run_after=2026-05-17 00:00:00+00:00
[2026-05-17T04:49:59.333+0000] {processor.py:183} INFO - Processing /home/airflow/.local/lib/python3.12/site-packages/airflow/example_dags/example_branch_day_of_week_operator.py took 0.080 seconds
[2026-05-17T04:50:29.886+0000] {processor.py:161} INFO - Started process (PID=860) to work on /home/airflow/.local/lib/python3.12/site-packages/airflow/example_dags/example_branch_day_of_week_operator.py
[2026-05-17T04:50:29.887+0000] {processor.py:830} INFO - Processing file /home/airflow/.local/lib/python3.12/site-packages/airflow/example_dags/example_branch_day_of_week_operator.py for tasks to queue
[2026-05-17T04:50:29.888+0000] {logging_mixin.py:188} INFO - [2026-05-17T04:50:29.888+0000] {dagbag.py:545} INFO - Filling up the DagBag from /home/airflow/.local/lib/python3.12/site-packages/airflow/example_dags/example_branch_day_of_week_operator.py
[2026-05-17T04:50:29.894+0000] {processor.py:840} INFO - DAG(s) 'example_weekday_branch_operator' retrieved from /home/airflow/.local/lib/python3.12/site-packages/airflow/example_dags/example_branch_day_of_week_operator.py
[2026-05-17T04:50:29.912+0000] {logging_mixin.py:188} INFO - [2026-05-17T04:50:29.912+0000] {dag.py:3096} INFO - Sync 1 DAGs
[2026-05-17T04:50:29.929+0000] {logging_mixin.py:188} INFO - [2026-05-17T04:50:29.929+0000] {dag.py:3954} INFO - Setting next_dagrun for example_weekday_branch_operator to 2026-05-16 00:00:00+00:00, run_after=2026-05-17 00:00:00+00:00
[2026-05-17T04:50:29.946+0000] {processor.py:183} INFO - Processing /home/airflow/.local/lib/python3.12/site-packages/airflow/example_dags/example_branch_day_of_week_operator.py took 0.066 seconds
[2026-05-17T04:51:00.573+0000] {processor.py:161} INFO - Started process (PID=919) to work on /home/airflow/.local/lib/python3.12/site-packages/airflow/example_dags/example_branch_day_of_week_operator.py
[2026-05-17T04:51:00.574+0000] {processor.py:830} INFO - Processing file /home/airflow/.local/lib/python3.12/site-packages/airflow/example_dags/example_branch_day_of_week_operator.py for tasks to queue
[2026-05-17T04:51:00.576+0000] {logging_mixin.py:188} INFO - [2026-05-17T04:51:00.575+0000] {dagbag.py:545} INFO - Filling up the DagBag from /home/airflow/.local/lib/python3.12/site-packages/airflow/example_dags/example_branch_day_of_week_operator.py
[2026-05-17T04:51:00.581+0000] {processor.py:840} INFO - DAG(s) 'example_weekday_branch_operator' retrieved from /home/airflow/.local/lib/python3.12/site-packages/airflow/example_dags/example_branch_day_of_week_operator.py
[2026-05-17T04:51:00.595+0000] {logging_mixin.py:188} INFO - [2026-05-17T04:51:00.594+0000] {dag.py:3096} INFO - Sync 1 DAGs
[2026-05-17T04:51:00.613+0000] {logging_mixin.py:188} INFO - [2026-05-17T04:51:00.612+0000] {dag.py:3954} INFO - Setting next_dagrun for example_weekday_branch_operator to 2026-05-16 00:00:00+00:00, run_after=2026-05-17 00:00:00+00:00
[2026-05-17T04:51:00.626+0000] {processor.py:183} INFO - Processing /home/airflow/.local/lib/python3.12/site-packages/airflow/example_dags/example_branch_day_of_week_operator.py took 0.057 seconds
[2026-05-17T04:52:11.774+0000] {processor.py:161} INFO - Started process (PID=87) to work on /home/airflow/.local/lib/python3.12/site-packages/airflow/example_dags/example_branch_day_of_week_operator.py
[2026-05-17T04:52:11.776+0000] {processor.py:830} INFO - Processing file /home/airflow/.local/lib/python3.12/site-packages/airflow/example_dags/example_branch_day_of_week_operator.py for tasks to queue
[2026-05-17T04:52:11.780+0000] {logging_mixin.py:188} INFO - [2026-05-17T04:52:11.779+0000] {dagbag.py:545} INFO - Filling up the DagBag from /home/airflow/.local/lib/python3.12/site-packages/airflow/example_dags/example_branch_day_of_week_operator.py
[2026-05-17T04:52:11.798+0000] {processor.py:840} INFO - DAG(s) 'example_weekday_branch_operator' retrieved from /home/airflow/.local/lib/python3.12/site-packages/airflow/example_dags/example_branch_day_of_week_operator.py
[2026-05-17T04:52:11.818+0000] {logging_mixin.py:188} INFO - [2026-05-17T04:52:11.818+0000] {dag.py:3096} INFO - Sync 1 DAGs
[2026-05-17T04:52:11.847+0000] {logging_mixin.py:188} INFO - [2026-05-17T04:52:11.846+0000] {dag.py:3954} INFO - Setting next_dagrun for example_weekday_branch_operator to 2026-05-16 00:00:00+00:00, run_after=2026-05-17 00:00:00+00:00
[2026-05-17T04:52:11.870+0000] {processor.py:183} INFO - Processing /home/airflow/.local/lib/python3.12/site-packages/airflow/example_dags/example_branch_day_of_week_operator.py took 0.105 seconds
[2026-05-17T04:52:42.399+0000] {processor.py:161} INFO - Started process (PID=146) to work on /home/airflow/.local/lib/python3.12/site-packages/airflow/example_dags/example_branch_day_of_week_operator.py
[2026-05-17T04:52:42.401+0000] {processor.py:830} INFO - Processing file /home/airflow/.local/lib/python3.12/site-packages/airflow/example_dags/example_branch_day_of_week_operator.py for tasks to queue
[2026-05-17T04:52:42.403+0000] {logging_mixin.py:188} INFO - [2026-05-17T04:52:42.402+0000] {dagbag.py:545} INFO - Filling up the DagBag from /home/airflow/.local/lib/python3.12/site-packages/airflow/example_dags/example_branch_day_of_week_operator.py
[2026-05-17T04:52:42.409+0000] {processor.py:840} INFO - DAG(s) 'example_weekday_branch_operator' retrieved from /home/airflow/.local/lib/python3.12/site-packages/airflow/example_dags/example_branch_day_of_week_operator.py
[2026-05-17T04:52:42.478+0000] {logging_mixin.py:188} INFO - [2026-05-17T04:52:42.478+0000] {dag.py:3096} INFO - Sync 1 DAGs
[2026-05-17T04:52:42.492+0000] {logging_mixin.py:188} INFO - [2026-05-17T04:52:42.492+0000] {dag.py:3954} INFO - Setting next_dagrun for example_weekday_branch_operator to 2026-05-16 00:00:00+00:00, run_after=2026-05-17 00:00:00+00:00
[2026-05-17T04:52:42.507+0000] {processor.py:183} INFO - Processing /home/airflow/.local/lib/python3.12/site-packages/airflow/example_dags/example_branch_day_of_week_operator.py took 0.112 seconds
[2026-05-17T04:53:13.128+0000] {processor.py:161} INFO - Started process (PID=211) to work on /home/airflow/.local/lib/python3.12/site-packages/airflow/example_dags/example_branch_day_of_week_operator.py
[2026-05-17T04:53:13.130+0000] {processor.py:830} INFO - Processing file /home/airflow/.local/lib/python3.12/site-packages/airflow/example_dags/example_branch_day_of_week_operator.py for tasks to queue
[2026-05-17T04:53:13.132+0000] {logging_mixin.py:188} INFO - [2026-05-17T04:53:13.132+0000] {dagbag.py:545} INFO - Filling up the DagBag from /home/airflow/.local/lib/python3.12/site-packages/airflow/example_dags/example_branch_day_of_week_operator.py
[2026-05-17T04:53:13.141+0000] {processor.py:840} INFO - DAG(s) 'example_weekday_branch_operator' retrieved from /home/airflow/.local/lib/python3.12/site-packages/airflow/example_dags/example_branch_day_of_week_operator.py
[2026-05-17T04:53:13.160+0000] {logging_mixin.py:188} INFO - [2026-05-17T04:53:13.160+0000] {dag.py:3096} INFO - Sync 1 DAGs
[2026-05-17T04:53:13.178+0000] {logging_mixin.py:188} INFO - [2026-05-17T04:53:13.178+0000] {dag.py:3954} INFO - Setting next_dagrun for example_weekday_branch_operator to 2026-05-16 00:00:00+00:00, run_after=2026-05-17 00:00:00+00:00
[2026-05-17T04:53:13.196+0000] {processor.py:183} INFO - Processing /home/airflow/.local/lib/python3.12/site-packages/airflow/example_dags/example_branch_day_of_week_operator.py took 0.073 seconds
[2026-05-17T04:53:43.356+0000] {processor.py:161} INFO - Started process (PID=270) to work on /home/airflow/.local/lib/python3.12/site-packages/airflow/example_dags/example_branch_day_of_week_operator.py
[2026-05-17T04:53:43.356+0000] {processor.py:830} INFO - Processing file /home/airflow/.local/lib/python3.12/site-packages/airflow/example_dags/example_branch_day_of_week_operator.py for tasks to queue
[2026-05-17T04:53:43.358+0000] {logging_mixin.py:188} INFO - [2026-05-17T04:53:43.358+0000] {dagbag.py:545} INFO - Filling up the DagBag from /home/airflow/.local/lib/python3.12/site-packages/airflow/example_dags/example_branch_day_of_week_operator.py
[2026-05-17T04:53:43.363+0000] {processor.py:840} INFO - DAG(s) 'example_weekday_branch_operator' retrieved from /home/airflow/.local/lib/python3.12/site-packages/airflow/example_dags/example_branch_day_of_week_operator.py
[2026-05-17T04:53:43.376+0000] {logging_mixin.py:188} INFO - [2026-05-17T04:53:43.376+0000] {dag.py:3096} INFO - Sync 1 DAGs
[2026-05-17T04:53:43.390+0000] {logging_mixin.py:188} INFO - [2026-05-17T04:53:43.390+0000] {dag.py:3954} INFO - Setting next_dagrun for example_weekday_branch_operator to 2026-05-16 00:00:00+00:00, run_after=2026-05-17 00:00:00+00:00
[2026-05-17T04:53:43.403+0000] {processor.py:183} INFO - Processing /home/airflow/.local/lib/python3.12/site-packages/airflow/example_dags/example_branch_day_of_week_operator.py took 0.052 seconds
[2026-05-17T04:54:13.628+0000] {processor.py:161} INFO - Started process (PID=329) to work on /home/airflow/.local/lib/python3.12/site-packages/airflow/example_dags/example_branch_day_of_week_operator.py
[2026-05-17T04:54:13.633+0000] {processor.py:830} INFO - Processing file /home/airflow/.local/lib/python3.12/site-packages/airflow/example_dags/example_branch_day_of_week_operator.py for tasks to queue
[2026-05-17T04:54:13.641+0000] {logging_mixin.py:188} INFO - [2026-05-17T04:54:13.640+0000] {dagbag.py:545} INFO - Filling up the DagBag from /home/airflow/.local/lib/python3.12/site-packages/airflow/example_dags/example_branch_day_of_week_operator.py
[2026-05-17T04:54:13.652+0000] {processor.py:840} INFO - DAG(s) 'example_weekday_branch_operator' retrieved from /home/airflow/.local/lib/python3.12/site-packages/airflow/example_dags/example_branch_day_of_week_operator.py
[2026-05-17T04:54:13.676+0000] {logging_mixin.py:188} INFO - [2026-05-17T04:54:13.675+0000] {dag.py:3096} INFO - Sync 1 DAGs
[2026-05-17T04:54:13.700+0000] {logging_mixin.py:188} INFO - [2026-05-17T04:54:13.700+0000] {dag.py:3954} INFO - Setting next_dagrun for example_weekday_branch_operator to 2026-05-16 00:00:00+00:00, run_after=2026-05-17 00:00:00+00:00
[2026-05-17T04:54:13.726+0000] {processor.py:183} INFO - Processing /home/airflow/.local/lib/python3.12/site-packages/airflow/example_dags/example_branch_day_of_week_operator.py took 0.104 seconds
[2026-05-17T04:54:43.936+0000] {processor.py:161} INFO - Started process (PID=388) to work on /home/airflow/.local/lib/python3.12/site-packages/airflow/example_dags/example_branch_day_of_week_operator.py
[2026-05-17T04:54:43.937+0000] {processor.py:830} INFO - Processing file /home/airflow/.local/lib/python3.12/site-packages/airflow/example_dags/example_branch_day_of_week_operator.py for tasks to queue
[2026-05-17T04:54:43.940+0000] {logging_mixin.py:188} INFO - [2026-05-17T04:54:43.939+0000] {dagbag.py:545} INFO - Filling up the DagBag from /home/airflow/.local/lib/python3.12/site-packages/airflow/example_dags/example_branch_day_of_week_operator.py
[2026-05-17T04:54:43.946+0000] {processor.py:840} INFO - DAG(s) 'example_weekday_branch_operator' retrieved from /home/airflow/.local/lib/python3.12/site-packages/airflow/example_dags/example_branch_day_of_week_operator.py
[2026-05-17T04:54:43.965+0000] {logging_mixin.py:188} INFO - [2026-05-17T04:54:43.964+0000] {dag.py:3096} INFO - Sync 1 DAGs
[2026-05-17T04:54:43.989+0000] {logging_mixin.py:188} INFO - [2026-05-17T04:54:43.989+0000] {dag.py:3954} INFO - Setting next_dagrun for example_weekday_branch_operator to 2026-05-16 00:00:00+00:00, run_after=2026-05-17 00:00:00+00:00
[2026-05-17T04:54:44.004+0000] {processor.py:183} INFO - Processing /home/airflow/.local/lib/python3.12/site-packages/airflow/example_dags/example_branch_day_of_week_operator.py took 0.074 seconds
[2026-05-17T04:55:14.066+0000] {processor.py:161} INFO - Started process (PID=447) to work on /home/airflow/.local/lib/python3.12/site-packages/airflow/example_dags/example_branch_day_of_week_operator.py
[2026-05-17T04:55:14.068+0000] {processor.py:830} INFO - Processing file /home/airflow/.local/lib/python3.12/site-packages/airflow/example_dags/example_branch_day_of_week_operator.py for tasks to queue
[2026-05-17T04:55:14.070+0000] {logging_mixin.py:188} INFO - [2026-05-17T04:55:14.070+0000] {dagbag.py:545} INFO - Filling up the DagBag from /home/airflow/.local/lib/python3.12/site-packages/airflow/example_dags/example_branch_day_of_week_operator.py
[2026-05-17T04:55:14.077+0000] {processor.py:840} INFO - DAG(s) 'example_weekday_branch_operator' retrieved from /home/airflow/.local/lib/python3.12/site-packages/airflow/example_dags/example_branch_day_of_week_operator.py
[2026-05-17T04:55:14.097+0000] {logging_mixin.py:188} INFO - [2026-05-17T04:55:14.097+0000] {dag.py:3096} INFO - Sync 1 DAGs
[2026-05-17T04:55:14.115+0000] {logging_mixin.py:188} INFO - [2026-05-17T04:55:14.114+0000] {dag.py:3954} INFO - Setting next_dagrun for example_weekday_branch_operator to 2026-05-16 00:00:00+00:00, run_after=2026-05-17 00:00:00+00:00
[2026-05-17T04:55:14.134+0000] {processor.py:183} INFO - Processing /home/airflow/.local/lib/python3.12/site-packages/airflow/example_dags/example_branch_day_of_week_operator.py took 0.072 seconds
[2026-05-17T04:55:44.665+0000] {processor.py:161} INFO - Started process (PID=506) to work on /home/airflow/.local/lib/python3.12/site-packages/airflow/example_dags/example_branch_day_of_week_operator.py
[2026-05-17T04:55:44.666+0000] {processor.py:830} INFO - Processing file /home/airflow/.local/lib/python3.12/site-packages/airflow/example_dags/example_branch_day_of_week_operator.py for tasks to queue
[2026-05-17T04:55:44.668+0000] {logging_mixin.py:188} INFO - [2026-05-17T04:55:44.668+0000] {dagbag.py:545} INFO - Filling up the DagBag from /home/airflow/.local/lib/python3.12/site-packages/airflow/example_dags/example_branch_day_of_week_operator.py
[2026-05-17T04:55:44.675+0000] {processor.py:840} INFO - DAG(s) 'example_weekday_branch_operator' retrieved from /home/airflow/.local/lib/python3.12/site-packages/airflow/example_dags/example_branch_day_of_week_operator.py
[2026-05-17T04:55:44.697+0000] {logging_mixin.py:188} INFO - [2026-05-17T04:55:44.697+0000] {dag.py:3096} INFO - Sync 1 DAGs
[2026-05-17T04:55:44.718+0000] {logging_mixin.py:188} INFO - [2026-05-17T04:55:44.718+0000] {dag.py:3954} INFO - Setting next_dagrun for example_weekday_branch_operator to 2026-05-16 00:00:00+00:00, run_after=2026-05-17 00:00:00+00:00
[2026-05-17T04:55:44.734+0000] {processor.py:183} INFO - Processing /home/airflow/.local/lib/python3.12/site-packages/airflow/example_dags/example_branch_day_of_week_operator.py took 0.075 seconds
[2026-05-17T04:56:15.996+0000] {processor.py:161} INFO - Started process (PID=565) to work on /home/airflow/.local/lib/python3.12/site-packages/airflow/example_dags/example_branch_day_of_week_operator.py
[2026-05-17T04:56:15.997+0000] {processor.py:830} INFO - Processing file /home/airflow/.local/lib/python3.12/site-packages/airflow/example_dags/example_branch_day_of_week_operator.py for tasks to queue
[2026-05-17T04:56:15.999+0000] {logging_mixin.py:188} INFO - [2026-05-17T04:56:15.999+0000] {dagbag.py:545} INFO - Filling up the DagBag from /home/airflow/.local/lib/python3.12/site-packages/airflow/example_dags/example_branch_day_of_week_operator.py
[2026-05-17T04:56:16.009+0000] {processor.py:840} INFO - DAG(s) 'example_weekday_branch_operator' retrieved from /home/airflow/.local/lib/python3.12/site-packages/airflow/example_dags/example_branch_day_of_week_operator.py
[2026-05-17T04:56:16.042+0000] {logging_mixin.py:188} INFO - [2026-05-17T04:56:16.042+0000] {dag.py:3096} INFO - Sync 1 DAGs
[2026-05-17T04:56:16.071+0000] {logging_mixin.py:188} INFO - [2026-05-17T04:56:16.070+0000] {dag.py:3954} INFO - Setting next_dagrun for example_weekday_branch_operator to 2026-05-16 00:00:00+00:00, run_after=2026-05-17 00:00:00+00:00
[2026-05-17T04:56:16.150+0000] {processor.py:183} INFO - Processing /home/airflow/.local/lib/python3.12/site-packages/airflow/example_dags/example_branch_day_of_week_operator.py took 0.160 seconds
[2026-05-17T04:56:46.509+0000] {processor.py:161} INFO - Started process (PID=624) to work on /home/airflow/.local/lib/python3.12/site-packages/airflow/example_dags/example_branch_day_of_week_operator.py
[2026-05-17T04:56:46.510+0000] {processor.py:830} INFO - Processing file /home/airflow/.local/lib/python3.12/site-packages/airflow/example_dags/example_branch_day_of_week_operator.py for tasks to queue
[2026-05-17T04:56:46.512+0000] {logging_mixin.py:188} INFO - [2026-05-17T04:56:46.512+0000] {dagbag.py:545} INFO - Filling up the DagBag from /home/airflow/.local/lib/python3.12/site-packages/airflow/example_dags/example_branch_day_of_week_operator.py
[2026-05-17T04:56:46.518+0000] {processor.py:840} INFO - DAG(s) 'example_weekday_branch_operator' retrieved from /home/airflow/.local/lib/python3.12/site-packages/airflow/example_dags/example_branch_day_of_week_operator.py
[2026-05-17T04:56:46.533+0000] {logging_mixin.py:188} INFO - [2026-05-17T04:56:46.533+0000] {dag.py:3096} INFO - Sync 1 DAGs
[2026-05-17T04:56:46.549+0000] {logging_mixin.py:188} INFO - [2026-05-17T04:56:46.548+0000] {dag.py:3954} INFO - Setting next_dagrun for example_weekday_branch_operator to 2026-05-16 00:00:00+00:00, run_after=2026-05-17 00:00:00+00:00
[2026-05-17T04:56:46.563+0000] {processor.py:183} INFO - Processing /home/airflow/.local/lib/python3.12/site-packages/airflow/example_dags/example_branch_day_of_week_operator.py took 0.059 seconds
[2026-05-17T04:57:17.425+0000] {processor.py:161} INFO - Started process (PID=683) to work on /home/airflow/.local/lib/python3.12/site-packages/airflow/example_dags/example_branch_day_of_week_operator.py
[2026-05-17T04:57:17.429+0000] {processor.py:830} INFO - Processing file /home/airflow/.local/lib/python3.12/site-packages/airflow/example_dags/example_branch_day_of_week_operator.py for tasks to queue
[2026-05-17T04:57:17.438+0000] {logging_mixin.py:188} INFO - [2026-05-17T04:57:17.437+0000] {dagbag.py:545} INFO - Filling up the DagBag from /home/airflow/.local/lib/python3.12/site-packages/airflow/example_dags/example_branch_day_of_week_operator.py
[2026-05-17T04:57:17.486+0000] {processor.py:840} INFO - DAG(s) 'example_weekday_branch_operator' retrieved from /home/airflow/.local/lib/python3.12/site-packages/airflow/example_dags/example_branch_day_of_week_operator.py
[2026-05-17T04:57:17.555+0000] {logging_mixin.py:188} INFO - [2026-05-17T04:57:17.554+0000] {dag.py:3096} INFO - Sync 1 DAGs
[2026-05-17T04:57:17.612+0000] {logging_mixin.py:188} INFO - [2026-05-17T04:57:17.611+0000] {dag.py:3954} INFO - Setting next_dagrun for example_weekday_branch_operator to 2026-05-16 00:00:00+00:00, run_after=2026-05-17 00:00:00+00:00
[2026-05-17T04:57:17.905+0000] {processor.py:183} INFO - Processing /home/airflow/.local/lib/python3.12/site-packages/airflow/example_dags/example_branch_day_of_week_operator.py took 0.524 seconds
[2026-05-17T04:57:48.562+0000] {processor.py:161} INFO - Started process (PID=742) to work on /home/airflow/.local/lib/python3.12/site-packages/airflow/example_dags/example_branch_day_of_week_operator.py
[2026-05-17T04:57:48.564+0000] {processor.py:830} INFO - Processing file /home/airflow/.local/lib/python3.12/site-packages/airflow/example_dags/example_branch_day_of_week_operator.py for tasks to queue
[2026-05-17T04:57:48.566+0000] {logging_mixin.py:188} INFO - [2026-05-17T04:57:48.566+0000] {dagbag.py:545} INFO - Filling up the DagBag from /home/airflow/.local/lib/python3.12/site-packages/airflow/example_dags/example_branch_day_of_week_operator.py
[2026-05-17T04:57:48.576+0000] {processor.py:840} INFO - DAG(s) 'example_weekday_branch_operator' retrieved from /home/airflow/.local/lib/python3.12/site-packages/airflow/example_dags/example_branch_day_of_week_operator.py
[2026-05-17T04:57:48.597+0000] {logging_mixin.py:188} INFO - [2026-05-17T04:57:48.597+0000] {dag.py:3096} INFO - Sync 1 DAGs
[2026-05-17T04:57:48.621+0000] {logging_mixin.py:188} INFO - [2026-05-17T04:57:48.621+0000] {dag.py:3954} INFO - Setting next_dagrun for example_weekday_branch_operator to 2026-05-16 00:00:00+00:00, run_after=2026-05-17 00:00:00+00:00
[2026-05-17T04:57:48.654+0000] {processor.py:183} INFO - Processing /home/airflow/.local/lib/python3.12/site-packages/airflow/example_dags/example_branch_day_of_week_operator.py took 0.098 seconds
[2026-05-17T04:58:19.200+0000] {processor.py:161} INFO - Started process (PID=801) to work on /home/airflow/.local/lib/python3.12/site-packages/airflow/example_dags/example_branch_day_of_week_operator.py
[2026-05-17T04:58:19.200+0000] {processor.py:830} INFO - Processing file /home/airflow/.local/lib/python3.12/site-packages/airflow/example_dags/example_branch_day_of_week_operator.py for tasks to queue
[2026-05-17T04:58:19.202+0000] {logging_mixin.py:188} INFO - [2026-05-17T04:58:19.202+0000] {dagbag.py:545} INFO - Filling up the DagBag from /home/airflow/.local/lib/python3.12/site-packages/airflow/example_dags/example_branch_day_of_week_operator.py
[2026-05-17T04:58:19.225+0000] {processor.py:840} INFO - DAG(s) 'example_weekday_branch_operator' retrieved from /home/airflow/.local/lib/python3.12/site-packages/airflow/example_dags/example_branch_day_of_week_operator.py
[2026-05-17T04:58:19.272+0000] {logging_mixin.py:188} INFO - [2026-05-17T04:58:19.271+0000] {dag.py:3096} INFO - Sync 1 DAGs
[2026-05-17T04:58:19.308+0000] {logging_mixin.py:188} INFO - [2026-05-17T04:58:19.307+0000] {dag.py:3954} INFO - Setting next_dagrun for example_weekday_branch_operator to 2026-05-16 00:00:00+00:00, run_after=2026-05-17 00:00:00+00:00
[2026-05-17T04:58:19.621+0000] {processor.py:183} INFO - Processing /home/airflow/.local/lib/python3.12/site-packages/airflow/example_dags/example_branch_day_of_week_operator.py took 0.428 seconds
[2026-05-17T05:00:23.534+0000] {processor.py:161} INFO - Started process (PID=81) to work on /home/airflow/.local/lib/python3.12/site-packages/airflow/example_dags/example_branch_day_of_week_operator.py
[2026-05-17T05:00:23.535+0000] {processor.py:830} INFO - Processing file /home/airflow/.local/lib/python3.12/site-packages/airflow/example_dags/example_branch_day_of_week_operator.py for tasks to queue
[2026-05-17T05:00:23.536+0000] {logging_mixin.py:188} INFO - [2026-05-17T05:00:23.536+0000] {dagbag.py:545} INFO - Filling up the DagBag from /home/airflow/.local/lib/python3.12/site-packages/airflow/example_dags/example_branch_day_of_week_operator.py
[2026-05-17T05:00:23.543+0000] {processor.py:840} INFO - DAG(s) 'example_weekday_branch_operator' retrieved from /home/airflow/.local/lib/python3.12/site-packages/airflow/example_dags/example_branch_day_of_week_operator.py
[2026-05-17T05:00:23.560+0000] {logging_mixin.py:188} INFO - [2026-05-17T05:00:23.560+0000] {dag.py:3096} INFO - Sync 1 DAGs
[2026-05-17T05:00:23.577+0000] {logging_mixin.py:188} INFO - [2026-05-17T05:00:23.577+0000] {dag.py:3954} INFO - Setting next_dagrun for example_weekday_branch_operator to 2026-05-16 00:00:00+00:00, run_after=2026-05-17 00:00:00+00:00
[2026-05-17T05:00:23.594+0000] {processor.py:183} INFO - Processing /home/airflow/.local/lib/python3.12/site-packages/airflow/example_dags/example_branch_day_of_week_operator.py took 0.064 seconds
