[2026-05-17T04:43:54.889+0000] {processor.py:161} INFO - Started process (PID=104) to work on /home/airflow/.local/lib/python3.12/site-packages/airflow/example_dags/example_display_name.py
[2026-05-17T04:43:54.891+0000] {processor.py:830} INFO - Processing file /home/airflow/.local/lib/python3.12/site-packages/airflow/example_dags/example_display_name.py for tasks to queue
[2026-05-17T04:43:54.893+0000] {logging_mixin.py:188} INFO - [2026-05-17T04:43:54.892+0000] {dagbag.py:545} INFO - Filling up the DagBag from /home/airflow/.local/lib/python3.12/site-packages/airflow/example_dags/example_display_name.py
[2026-05-17T04:43:54.906+0000] {processor.py:840} INFO - DAG(s) 'example_display_name' retrieved from /home/airflow/.local/lib/python3.12/site-packages/airflow/example_dags/example_display_name.py
[2026-05-17T04:43:54.926+0000] {logging_mixin.py:188} INFO - [2026-05-17T04:43:54.925+0000] {dag.py:3096} INFO - Sync 1 DAGs
[2026-05-17T04:43:54.943+0000] {logging_mixin.py:188} INFO - [2026-05-17T04:43:54.943+0000] {dag.py:3954} INFO - Setting next_dagrun for example_display_name to None, run_after=None
[2026-05-17T04:43:54.975+0000] {processor.py:183} INFO - Processing /home/airflow/.local/lib/python3.12/site-packages/airflow/example_dags/example_display_name.py took 0.092 seconds
[2026-05-17T04:44:25.121+0000] {processor.py:161} INFO - Started process (PID=163) to work on /home/airflow/.local/lib/python3.12/site-packages/airflow/example_dags/example_display_name.py
[2026-05-17T04:44:25.124+0000] {processor.py:830} INFO - Processing file /home/airflow/.local/lib/python3.12/site-packages/airflow/example_dags/example_display_name.py for tasks to queue
[2026-05-17T04:44:25.128+0000] {logging_mixin.py:188} INFO - [2026-05-17T04:44:25.127+0000] {dagbag.py:545} INFO - Filling up the DagBag from /home/airflow/.local/lib/python3.12/site-packages/airflow/example_dags/example_display_name.py
[2026-05-17T04:44:25.135+0000] {processor.py:840} INFO - DAG(s) 'example_display_name' retrieved from /home/airflow/.local/lib/python3.12/site-packages/airflow/example_dags/example_display_name.py
[2026-05-17T04:44:25.251+0000] {logging_mixin.py:188} INFO - [2026-05-17T04:44:25.251+0000] {dag.py:3096} INFO - Sync 1 DAGs
[2026-05-17T04:44:25.264+0000] {logging_mixin.py:188} INFO - [2026-05-17T04:44:25.264+0000] {dag.py:3954} INFO - Setting next_dagrun for example_display_name to None, run_after=None
[2026-05-17T04:44:25.286+0000] {processor.py:183} INFO - Processing /home/airflow/.local/lib/python3.12/site-packages/airflow/example_dags/example_display_name.py took 0.176 seconds
[2026-05-17T04:44:55.776+0000] {processor.py:161} INFO - Started process (PID=222) to work on /home/airflow/.local/lib/python3.12/site-packages/airflow/example_dags/example_display_name.py
[2026-05-17T04:44:55.777+0000] {processor.py:830} INFO - Processing file /home/airflow/.local/lib/python3.12/site-packages/airflow/example_dags/example_display_name.py for tasks to queue
[2026-05-17T04:44:55.779+0000] {logging_mixin.py:188} INFO - [2026-05-17T04:44:55.778+0000] {dagbag.py:545} INFO - Filling up the DagBag from /home/airflow/.local/lib/python3.12/site-packages/airflow/example_dags/example_display_name.py
[2026-05-17T04:44:55.785+0000] {processor.py:840} INFO - DAG(s) 'example_display_name' retrieved from /home/airflow/.local/lib/python3.12/site-packages/airflow/example_dags/example_display_name.py
[2026-05-17T04:44:55.802+0000] {logging_mixin.py:188} INFO - [2026-05-17T04:44:55.802+0000] {dag.py:3096} INFO - Sync 1 DAGs
[2026-05-17T04:44:55.812+0000] {logging_mixin.py:188} INFO - [2026-05-17T04:44:55.811+0000] {dag.py:3954} INFO - Setting next_dagrun for example_display_name to None, run_after=None
[2026-05-17T04:44:55.825+0000] {processor.py:183} INFO - Processing /home/airflow/.local/lib/python3.12/site-packages/airflow/example_dags/example_display_name.py took 0.054 seconds
[2026-05-17T04:45:25.887+0000] {processor.py:161} INFO - Started process (PID=281) to work on /home/airflow/.local/lib/python3.12/site-packages/airflow/example_dags/example_display_name.py
[2026-05-17T04:45:25.888+0000] {processor.py:830} INFO - Processing file /home/airflow/.local/lib/python3.12/site-packages/airflow/example_dags/example_display_name.py for tasks to queue
[2026-05-17T04:45:25.889+0000] {logging_mixin.py:188} INFO - [2026-05-17T04:45:25.889+0000] {dagbag.py:545} INFO - Filling up the DagBag from /home/airflow/.local/lib/python3.12/site-packages/airflow/example_dags/example_display_name.py
[2026-05-17T04:45:25.894+0000] {processor.py:840} INFO - DAG(s) 'example_display_name' retrieved from /home/airflow/.local/lib/python3.12/site-packages/airflow/example_dags/example_display_name.py
[2026-05-17T04:45:25.909+0000] {logging_mixin.py:188} INFO - [2026-05-17T04:45:25.909+0000] {dag.py:3096} INFO - Sync 1 DAGs
[2026-05-17T04:45:25.918+0000] {logging_mixin.py:188} INFO - [2026-05-17T04:45:25.917+0000] {dag.py:3954} INFO - Setting next_dagrun for example_display_name to None, run_after=None
[2026-05-17T04:45:25.930+0000] {processor.py:183} INFO - Processing /home/airflow/.local/lib/python3.12/site-packages/airflow/example_dags/example_display_name.py took 0.047 seconds
[2026-05-17T04:45:56.525+0000] {processor.py:161} INFO - Started process (PID=340) to work on /home/airflow/.local/lib/python3.12/site-packages/airflow/example_dags/example_display_name.py
[2026-05-17T04:45:56.526+0000] {processor.py:830} INFO - Processing file /home/airflow/.local/lib/python3.12/site-packages/airflow/example_dags/example_display_name.py for tasks to queue
[2026-05-17T04:45:56.527+0000] {logging_mixin.py:188} INFO - [2026-05-17T04:45:56.527+0000] {dagbag.py:545} INFO - Filling up the DagBag from /home/airflow/.local/lib/python3.12/site-packages/airflow/example_dags/example_display_name.py
[2026-05-17T04:45:56.532+0000] {processor.py:840} INFO - DAG(s) 'example_display_name' retrieved from /home/airflow/.local/lib/python3.12/site-packages/airflow/example_dags/example_display_name.py
[2026-05-17T04:45:56.544+0000] {logging_mixin.py:188} INFO - [2026-05-17T04:45:56.543+0000] {dag.py:3096} INFO - Sync 1 DAGs
[2026-05-17T04:45:56.552+0000] {logging_mixin.py:188} INFO - [2026-05-17T04:45:56.552+0000] {dag.py:3954} INFO - Setting next_dagrun for example_display_name to None, run_after=None
[2026-05-17T04:45:56.563+0000] {processor.py:183} INFO - Processing /home/airflow/.local/lib/python3.12/site-packages/airflow/example_dags/example_display_name.py took 0.042 seconds
[2026-05-17T04:46:27.009+0000] {processor.py:161} INFO - Started process (PID=399) to work on /home/airflow/.local/lib/python3.12/site-packages/airflow/example_dags/example_display_name.py
[2026-05-17T04:46:27.010+0000] {processor.py:830} INFO - Processing file /home/airflow/.local/lib/python3.12/site-packages/airflow/example_dags/example_display_name.py for tasks to queue
[2026-05-17T04:46:27.011+0000] {logging_mixin.py:188} INFO - [2026-05-17T04:46:27.011+0000] {dagbag.py:545} INFO - Filling up the DagBag from /home/airflow/.local/lib/python3.12/site-packages/airflow/example_dags/example_display_name.py
[2026-05-17T04:46:27.016+0000] {processor.py:840} INFO - DAG(s) 'example_display_name' retrieved from /home/airflow/.local/lib/python3.12/site-packages/airflow/example_dags/example_display_name.py
[2026-05-17T04:46:27.029+0000] {logging_mixin.py:188} INFO - [2026-05-17T04:46:27.029+0000] {dag.py:3096} INFO - Sync 1 DAGs
[2026-05-17T04:46:27.038+0000] {logging_mixin.py:188} INFO - [2026-05-17T04:46:27.038+0000] {dag.py:3954} INFO - Setting next_dagrun for example_display_name to None, run_after=None
[2026-05-17T04:46:27.051+0000] {processor.py:183} INFO - Processing /home/airflow/.local/lib/python3.12/site-packages/airflow/example_dags/example_display_name.py took 0.047 seconds
[2026-05-17T04:46:57.564+0000] {processor.py:161} INFO - Started process (PID=458) to work on /home/airflow/.local/lib/python3.12/site-packages/airflow/example_dags/example_display_name.py
[2026-05-17T04:46:57.564+0000] {processor.py:830} INFO - Processing file /home/airflow/.local/lib/python3.12/site-packages/airflow/example_dags/example_display_name.py for tasks to queue
[2026-05-17T04:46:57.566+0000] {logging_mixin.py:188} INFO - [2026-05-17T04:46:57.566+0000] {dagbag.py:545} INFO - Filling up the DagBag from /home/airflow/.local/lib/python3.12/site-packages/airflow/example_dags/example_display_name.py
[2026-05-17T04:46:57.570+0000] {processor.py:840} INFO - DAG(s) 'example_display_name' retrieved from /home/airflow/.local/lib/python3.12/site-packages/airflow/example_dags/example_display_name.py
[2026-05-17T04:46:57.583+0000] {logging_mixin.py:188} INFO - [2026-05-17T04:46:57.582+0000] {dag.py:3096} INFO - Sync 1 DAGs
[2026-05-17T04:46:57.597+0000] {logging_mixin.py:188} INFO - [2026-05-17T04:46:57.597+0000] {dag.py:3954} INFO - Setting next_dagrun for example_display_name to None, run_after=None
[2026-05-17T04:46:57.610+0000] {processor.py:183} INFO - Processing /home/airflow/.local/lib/python3.12/site-packages/airflow/example_dags/example_display_name.py took 0.050 seconds
[2026-05-17T04:47:27.956+0000] {processor.py:161} INFO - Started process (PID=517) to work on /home/airflow/.local/lib/python3.12/site-packages/airflow/example_dags/example_display_name.py
[2026-05-17T04:47:27.957+0000] {processor.py:830} INFO - Processing file /home/airflow/.local/lib/python3.12/site-packages/airflow/example_dags/example_display_name.py for tasks to queue
[2026-05-17T04:47:27.959+0000] {logging_mixin.py:188} INFO - [2026-05-17T04:47:27.958+0000] {dagbag.py:545} INFO - Filling up the DagBag from /home/airflow/.local/lib/python3.12/site-packages/airflow/example_dags/example_display_name.py
[2026-05-17T04:47:27.963+0000] {processor.py:840} INFO - DAG(s) 'example_display_name' retrieved from /home/airflow/.local/lib/python3.12/site-packages/airflow/example_dags/example_display_name.py
[2026-05-17T04:47:27.978+0000] {logging_mixin.py:188} INFO - [2026-05-17T04:47:27.978+0000] {dag.py:3096} INFO - Sync 1 DAGs
[2026-05-17T04:47:27.987+0000] {logging_mixin.py:188} INFO - [2026-05-17T04:47:27.987+0000] {dag.py:3954} INFO - Setting next_dagrun for example_display_name to None, run_after=None
[2026-05-17T04:47:27.998+0000] {processor.py:183} INFO - Processing /home/airflow/.local/lib/python3.12/site-packages/airflow/example_dags/example_display_name.py took 0.047 seconds
[2026-05-17T04:47:58.382+0000] {processor.py:161} INFO - Started process (PID=576) to work on /home/airflow/.local/lib/python3.12/site-packages/airflow/example_dags/example_display_name.py
[2026-05-17T04:47:58.383+0000] {processor.py:830} INFO - Processing file /home/airflow/.local/lib/python3.12/site-packages/airflow/example_dags/example_display_name.py for tasks to queue
[2026-05-17T04:47:58.384+0000] {logging_mixin.py:188} INFO - [2026-05-17T04:47:58.384+0000] {dagbag.py:545} INFO - Filling up the DagBag from /home/airflow/.local/lib/python3.12/site-packages/airflow/example_dags/example_display_name.py
[2026-05-17T04:47:58.389+0000] {processor.py:840} INFO - DAG(s) 'example_display_name' retrieved from /home/airflow/.local/lib/python3.12/site-packages/airflow/example_dags/example_display_name.py
[2026-05-17T04:47:58.404+0000] {logging_mixin.py:188} INFO - [2026-05-17T04:47:58.404+0000] {dag.py:3096} INFO - Sync 1 DAGs
[2026-05-17T04:47:58.413+0000] {logging_mixin.py:188} INFO - [2026-05-17T04:47:58.413+0000] {dag.py:3954} INFO - Setting next_dagrun for example_display_name to None, run_after=None
[2026-05-17T04:47:58.430+0000] {processor.py:183} INFO - Processing /home/airflow/.local/lib/python3.12/site-packages/airflow/example_dags/example_display_name.py took 0.053 seconds
[2026-05-17T04:48:28.957+0000] {processor.py:161} INFO - Started process (PID=635) to work on /home/airflow/.local/lib/python3.12/site-packages/airflow/example_dags/example_display_name.py
[2026-05-17T04:48:28.958+0000] {processor.py:830} INFO - Processing file /home/airflow/.local/lib/python3.12/site-packages/airflow/example_dags/example_display_name.py for tasks to queue
[2026-05-17T04:48:28.959+0000] {logging_mixin.py:188} INFO - [2026-05-17T04:48:28.959+0000] {dagbag.py:545} INFO - Filling up the DagBag from /home/airflow/.local/lib/python3.12/site-packages/airflow/example_dags/example_display_name.py
[2026-05-17T04:48:28.966+0000] {processor.py:840} INFO - DAG(s) 'example_display_name' retrieved from /home/airflow/.local/lib/python3.12/site-packages/airflow/example_dags/example_display_name.py
[2026-05-17T04:48:28.981+0000] {logging_mixin.py:188} INFO - [2026-05-17T04:48:28.981+0000] {dag.py:3096} INFO - Sync 1 DAGs
[2026-05-17T04:48:28.990+0000] {logging_mixin.py:188} INFO - [2026-05-17T04:48:28.990+0000] {dag.py:3954} INFO - Setting next_dagrun for example_display_name to None, run_after=None
[2026-05-17T04:48:29.003+0000] {processor.py:183} INFO - Processing /home/airflow/.local/lib/python3.12/site-packages/airflow/example_dags/example_display_name.py took 0.050 seconds
[2026-05-17T04:48:59.638+0000] {processor.py:161} INFO - Started process (PID=694) to work on /home/airflow/.local/lib/python3.12/site-packages/airflow/example_dags/example_display_name.py
[2026-05-17T04:48:59.639+0000] {processor.py:830} INFO - Processing file /home/airflow/.local/lib/python3.12/site-packages/airflow/example_dags/example_display_name.py for tasks to queue
[2026-05-17T04:48:59.640+0000] {logging_mixin.py:188} INFO - [2026-05-17T04:48:59.640+0000] {dagbag.py:545} INFO - Filling up the DagBag from /home/airflow/.local/lib/python3.12/site-packages/airflow/example_dags/example_display_name.py
[2026-05-17T04:48:59.645+0000] {processor.py:840} INFO - DAG(s) 'example_display_name' retrieved from /home/airflow/.local/lib/python3.12/site-packages/airflow/example_dags/example_display_name.py
[2026-05-17T04:48:59.678+0000] {logging_mixin.py:188} INFO - [2026-05-17T04:48:59.678+0000] {dag.py:3096} INFO - Sync 1 DAGs
[2026-05-17T04:48:59.689+0000] {logging_mixin.py:188} INFO - [2026-05-17T04:48:59.689+0000] {dag.py:3954} INFO - Setting next_dagrun for example_display_name to None, run_after=None
[2026-05-17T04:48:59.704+0000] {processor.py:183} INFO - Processing /home/airflow/.local/lib/python3.12/site-packages/airflow/example_dags/example_display_name.py took 0.073 seconds
[2026-05-17T04:49:30.210+0000] {processor.py:161} INFO - Started process (PID=753) to work on /home/airflow/.local/lib/python3.12/site-packages/airflow/example_dags/example_display_name.py
[2026-05-17T04:49:30.211+0000] {processor.py:830} INFO - Processing file /home/airflow/.local/lib/python3.12/site-packages/airflow/example_dags/example_display_name.py for tasks to queue
[2026-05-17T04:49:30.212+0000] {logging_mixin.py:188} INFO - [2026-05-17T04:49:30.212+0000] {dagbag.py:545} INFO - Filling up the DagBag from /home/airflow/.local/lib/python3.12/site-packages/airflow/example_dags/example_display_name.py
[2026-05-17T04:49:30.216+0000] {processor.py:840} INFO - DAG(s) 'example_display_name' retrieved from /home/airflow/.local/lib/python3.12/site-packages/airflow/example_dags/example_display_name.py
[2026-05-17T04:49:30.229+0000] {logging_mixin.py:188} INFO - [2026-05-17T04:49:30.229+0000] {dag.py:3096} INFO - Sync 1 DAGs
[2026-05-17T04:49:30.238+0000] {logging_mixin.py:188} INFO - [2026-05-17T04:49:30.238+0000] {dag.py:3954} INFO - Setting next_dagrun for example_display_name to None, run_after=None
[2026-05-17T04:49:30.252+0000] {processor.py:183} INFO - Processing /home/airflow/.local/lib/python3.12/site-packages/airflow/example_dags/example_display_name.py took 0.046 seconds
[2026-05-17T04:50:00.777+0000] {processor.py:161} INFO - Started process (PID=812) to work on /home/airflow/.local/lib/python3.12/site-packages/airflow/example_dags/example_display_name.py
[2026-05-17T04:50:00.778+0000] {processor.py:830} INFO - Processing file /home/airflow/.local/lib/python3.12/site-packages/airflow/example_dags/example_display_name.py for tasks to queue
[2026-05-17T04:50:00.779+0000] {logging_mixin.py:188} INFO - [2026-05-17T04:50:00.779+0000] {dagbag.py:545} INFO - Filling up the DagBag from /home/airflow/.local/lib/python3.12/site-packages/airflow/example_dags/example_display_name.py
[2026-05-17T04:50:00.783+0000] {processor.py:840} INFO - DAG(s) 'example_display_name' retrieved from /home/airflow/.local/lib/python3.12/site-packages/airflow/example_dags/example_display_name.py
[2026-05-17T04:50:00.797+0000] {logging_mixin.py:188} INFO - [2026-05-17T04:50:00.797+0000] {dag.py:3096} INFO - Sync 1 DAGs
[2026-05-17T04:50:00.805+0000] {logging_mixin.py:188} INFO - [2026-05-17T04:50:00.805+0000] {dag.py:3954} INFO - Setting next_dagrun for example_display_name to None, run_after=None
[2026-05-17T04:50:00.818+0000] {processor.py:183} INFO - Processing /home/airflow/.local/lib/python3.12/site-packages/airflow/example_dags/example_display_name.py took 0.044 seconds
[2026-05-17T04:50:31.415+0000] {processor.py:161} INFO - Started process (PID=871) to work on /home/airflow/.local/lib/python3.12/site-packages/airflow/example_dags/example_display_name.py
[2026-05-17T04:50:31.416+0000] {processor.py:830} INFO - Processing file /home/airflow/.local/lib/python3.12/site-packages/airflow/example_dags/example_display_name.py for tasks to queue
[2026-05-17T04:50:31.418+0000] {logging_mixin.py:188} INFO - [2026-05-17T04:50:31.418+0000] {dagbag.py:545} INFO - Filling up the DagBag from /home/airflow/.local/lib/python3.12/site-packages/airflow/example_dags/example_display_name.py
[2026-05-17T04:50:31.423+0000] {processor.py:840} INFO - DAG(s) 'example_display_name' retrieved from /home/airflow/.local/lib/python3.12/site-packages/airflow/example_dags/example_display_name.py
[2026-05-17T04:50:31.441+0000] {logging_mixin.py:188} INFO - [2026-05-17T04:50:31.441+0000] {dag.py:3096} INFO - Sync 1 DAGs
[2026-05-17T04:50:31.452+0000] {logging_mixin.py:188} INFO - [2026-05-17T04:50:31.452+0000] {dag.py:3954} INFO - Setting next_dagrun for example_display_name to None, run_after=None
[2026-05-17T04:50:31.469+0000] {processor.py:183} INFO - Processing /home/airflow/.local/lib/python3.12/site-packages/airflow/example_dags/example_display_name.py took 0.060 seconds
[2026-05-17T04:52:12.924+0000] {processor.py:161} INFO - Started process (PID=104) to work on /home/airflow/.local/lib/python3.12/site-packages/airflow/example_dags/example_display_name.py
[2026-05-17T04:52:12.926+0000] {processor.py:830} INFO - Processing file /home/airflow/.local/lib/python3.12/site-packages/airflow/example_dags/example_display_name.py for tasks to queue
[2026-05-17T04:52:12.928+0000] {logging_mixin.py:188} INFO - [2026-05-17T04:52:12.928+0000] {dagbag.py:545} INFO - Filling up the DagBag from /home/airflow/.local/lib/python3.12/site-packages/airflow/example_dags/example_display_name.py
[2026-05-17T04:52:12.935+0000] {processor.py:840} INFO - DAG(s) 'example_display_name' retrieved from /home/airflow/.local/lib/python3.12/site-packages/airflow/example_dags/example_display_name.py
[2026-05-17T04:52:12.951+0000] {logging_mixin.py:188} INFO - [2026-05-17T04:52:12.950+0000] {dag.py:3096} INFO - Sync 1 DAGs
[2026-05-17T04:52:12.971+0000] {logging_mixin.py:188} INFO - [2026-05-17T04:52:12.971+0000] {dag.py:3954} INFO - Setting next_dagrun for example_display_name to None, run_after=None
[2026-05-17T04:52:12.999+0000] {processor.py:183} INFO - Processing /home/airflow/.local/lib/python3.12/site-packages/airflow/example_dags/example_display_name.py took 0.080 seconds
[2026-05-17T04:52:43.353+0000] {processor.py:161} INFO - Started process (PID=163) to work on /home/airflow/.local/lib/python3.12/site-packages/airflow/example_dags/example_display_name.py
[2026-05-17T04:52:43.354+0000] {processor.py:830} INFO - Processing file /home/airflow/.local/lib/python3.12/site-packages/airflow/example_dags/example_display_name.py for tasks to queue
[2026-05-17T04:52:43.355+0000] {logging_mixin.py:188} INFO - [2026-05-17T04:52:43.355+0000] {dagbag.py:545} INFO - Filling up the DagBag from /home/airflow/.local/lib/python3.12/site-packages/airflow/example_dags/example_display_name.py
[2026-05-17T04:52:43.359+0000] {processor.py:840} INFO - DAG(s) 'example_display_name' retrieved from /home/airflow/.local/lib/python3.12/site-packages/airflow/example_dags/example_display_name.py
[2026-05-17T04:52:43.421+0000] {logging_mixin.py:188} INFO - [2026-05-17T04:52:43.421+0000] {dag.py:3096} INFO - Sync 1 DAGs
[2026-05-17T04:52:43.427+0000] {logging_mixin.py:188} INFO - [2026-05-17T04:52:43.427+0000] {dag.py:3954} INFO - Setting next_dagrun for example_display_name to None, run_after=None
[2026-05-17T04:52:43.446+0000] {processor.py:183} INFO - Processing /home/airflow/.local/lib/python3.12/site-packages/airflow/example_dags/example_display_name.py took 0.097 seconds
[2026-05-17T04:53:13.725+0000] {processor.py:161} INFO - Started process (PID=222) to work on /home/airflow/.local/lib/python3.12/site-packages/airflow/example_dags/example_display_name.py
[2026-05-17T04:53:13.725+0000] {processor.py:830} INFO - Processing file /home/airflow/.local/lib/python3.12/site-packages/airflow/example_dags/example_display_name.py for tasks to queue
[2026-05-17T04:53:13.727+0000] {logging_mixin.py:188} INFO - [2026-05-17T04:53:13.727+0000] {dagbag.py:545} INFO - Filling up the DagBag from /home/airflow/.local/lib/python3.12/site-packages/airflow/example_dags/example_display_name.py
[2026-05-17T04:53:13.731+0000] {processor.py:840} INFO - DAG(s) 'example_display_name' retrieved from /home/airflow/.local/lib/python3.12/site-packages/airflow/example_dags/example_display_name.py
[2026-05-17T04:53:13.745+0000] {logging_mixin.py:188} INFO - [2026-05-17T04:53:13.745+0000] {dag.py:3096} INFO - Sync 1 DAGs
[2026-05-17T04:53:13.754+0000] {logging_mixin.py:188} INFO - [2026-05-17T04:53:13.753+0000] {dag.py:3954} INFO - Setting next_dagrun for example_display_name to None, run_after=None
[2026-05-17T04:53:13.790+0000] {processor.py:183} INFO - Processing /home/airflow/.local/lib/python3.12/site-packages/airflow/example_dags/example_display_name.py took 0.070 seconds
[2026-05-17T04:53:43.968+0000] {processor.py:161} INFO - Started process (PID=281) to work on /home/airflow/.local/lib/python3.12/site-packages/airflow/example_dags/example_display_name.py
[2026-05-17T04:53:43.969+0000] {processor.py:830} INFO - Processing file /home/airflow/.local/lib/python3.12/site-packages/airflow/example_dags/example_display_name.py for tasks to queue
[2026-05-17T04:53:43.970+0000] {logging_mixin.py:188} INFO - [2026-05-17T04:53:43.970+0000] {dagbag.py:545} INFO - Filling up the DagBag from /home/airflow/.local/lib/python3.12/site-packages/airflow/example_dags/example_display_name.py
[2026-05-17T04:53:43.974+0000] {processor.py:840} INFO - DAG(s) 'example_display_name' retrieved from /home/airflow/.local/lib/python3.12/site-packages/airflow/example_dags/example_display_name.py
[2026-05-17T04:53:43.987+0000] {logging_mixin.py:188} INFO - [2026-05-17T04:53:43.987+0000] {dag.py:3096} INFO - Sync 1 DAGs
[2026-05-17T04:53:43.996+0000] {logging_mixin.py:188} INFO - [2026-05-17T04:53:43.995+0000] {dag.py:3954} INFO - Setting next_dagrun for example_display_name to None, run_after=None
[2026-05-17T04:53:44.009+0000] {processor.py:183} INFO - Processing /home/airflow/.local/lib/python3.12/site-packages/airflow/example_dags/example_display_name.py took 0.045 seconds
[2026-05-17T04:54:14.286+0000] {processor.py:161} INFO - Started process (PID=340) to work on /home/airflow/.local/lib/python3.12/site-packages/airflow/example_dags/example_display_name.py
[2026-05-17T04:54:14.286+0000] {processor.py:830} INFO - Processing file /home/airflow/.local/lib/python3.12/site-packages/airflow/example_dags/example_display_name.py for tasks to queue
[2026-05-17T04:54:14.288+0000] {logging_mixin.py:188} INFO - [2026-05-17T04:54:14.288+0000] {dagbag.py:545} INFO - Filling up the DagBag from /home/airflow/.local/lib/python3.12/site-packages/airflow/example_dags/example_display_name.py
[2026-05-17T04:54:14.293+0000] {processor.py:840} INFO - DAG(s) 'example_display_name' retrieved from /home/airflow/.local/lib/python3.12/site-packages/airflow/example_dags/example_display_name.py
[2026-05-17T04:54:14.311+0000] {logging_mixin.py:188} INFO - [2026-05-17T04:54:14.310+0000] {dag.py:3096} INFO - Sync 1 DAGs
[2026-05-17T04:54:14.322+0000] {logging_mixin.py:188} INFO - [2026-05-17T04:54:14.322+0000] {dag.py:3954} INFO - Setting next_dagrun for example_display_name to None, run_after=None
[2026-05-17T04:54:14.342+0000] {processor.py:183} INFO - Processing /home/airflow/.local/lib/python3.12/site-packages/airflow/example_dags/example_display_name.py took 0.061 seconds
[2026-05-17T04:54:44.517+0000] {processor.py:161} INFO - Started process (PID=399) to work on /home/airflow/.local/lib/python3.12/site-packages/airflow/example_dags/example_display_name.py
[2026-05-17T04:54:44.518+0000] {processor.py:830} INFO - Processing file /home/airflow/.local/lib/python3.12/site-packages/airflow/example_dags/example_display_name.py for tasks to queue
[2026-05-17T04:54:44.520+0000] {logging_mixin.py:188} INFO - [2026-05-17T04:54:44.520+0000] {dagbag.py:545} INFO - Filling up the DagBag from /home/airflow/.local/lib/python3.12/site-packages/airflow/example_dags/example_display_name.py
[2026-05-17T04:54:44.526+0000] {processor.py:840} INFO - DAG(s) 'example_display_name' retrieved from /home/airflow/.local/lib/python3.12/site-packages/airflow/example_dags/example_display_name.py
[2026-05-17T04:54:44.543+0000] {logging_mixin.py:188} INFO - [2026-05-17T04:54:44.543+0000] {dag.py:3096} INFO - Sync 1 DAGs
[2026-05-17T04:54:44.553+0000] {logging_mixin.py:188} INFO - [2026-05-17T04:54:44.553+0000] {dag.py:3954} INFO - Setting next_dagrun for example_display_name to None, run_after=None
[2026-05-17T04:54:44.567+0000] {processor.py:183} INFO - Processing /home/airflow/.local/lib/python3.12/site-packages/airflow/example_dags/example_display_name.py took 0.056 seconds
[2026-05-17T04:55:14.754+0000] {processor.py:161} INFO - Started process (PID=458) to work on /home/airflow/.local/lib/python3.12/site-packages/airflow/example_dags/example_display_name.py
[2026-05-17T04:55:14.755+0000] {processor.py:830} INFO - Processing file /home/airflow/.local/lib/python3.12/site-packages/airflow/example_dags/example_display_name.py for tasks to queue
[2026-05-17T04:55:14.757+0000] {logging_mixin.py:188} INFO - [2026-05-17T04:55:14.756+0000] {dagbag.py:545} INFO - Filling up the DagBag from /home/airflow/.local/lib/python3.12/site-packages/airflow/example_dags/example_display_name.py
[2026-05-17T04:55:14.761+0000] {processor.py:840} INFO - DAG(s) 'example_display_name' retrieved from /home/airflow/.local/lib/python3.12/site-packages/airflow/example_dags/example_display_name.py
[2026-05-17T04:55:14.777+0000] {logging_mixin.py:188} INFO - [2026-05-17T04:55:14.777+0000] {dag.py:3096} INFO - Sync 1 DAGs
[2026-05-17T04:55:14.788+0000] {logging_mixin.py:188} INFO - [2026-05-17T04:55:14.787+0000] {dag.py:3954} INFO - Setting next_dagrun for example_display_name to None, run_after=None
[2026-05-17T04:55:14.801+0000] {processor.py:183} INFO - Processing /home/airflow/.local/lib/python3.12/site-packages/airflow/example_dags/example_display_name.py took 0.051 seconds
[2026-05-17T04:55:45.321+0000] {processor.py:161} INFO - Started process (PID=517) to work on /home/airflow/.local/lib/python3.12/site-packages/airflow/example_dags/example_display_name.py
[2026-05-17T04:55:45.322+0000] {processor.py:830} INFO - Processing file /home/airflow/.local/lib/python3.12/site-packages/airflow/example_dags/example_display_name.py for tasks to queue
[2026-05-17T04:55:45.324+0000] {logging_mixin.py:188} INFO - [2026-05-17T04:55:45.324+0000] {dagbag.py:545} INFO - Filling up the DagBag from /home/airflow/.local/lib/python3.12/site-packages/airflow/example_dags/example_display_name.py
[2026-05-17T04:55:45.329+0000] {processor.py:840} INFO - DAG(s) 'example_display_name' retrieved from /home/airflow/.local/lib/python3.12/site-packages/airflow/example_dags/example_display_name.py
[2026-05-17T04:55:45.348+0000] {logging_mixin.py:188} INFO - [2026-05-17T04:55:45.347+0000] {dag.py:3096} INFO - Sync 1 DAGs
[2026-05-17T04:55:45.358+0000] {logging_mixin.py:188} INFO - [2026-05-17T04:55:45.358+0000] {dag.py:3954} INFO - Setting next_dagrun for example_display_name to None, run_after=None
[2026-05-17T04:55:45.371+0000] {processor.py:183} INFO - Processing /home/airflow/.local/lib/python3.12/site-packages/airflow/example_dags/example_display_name.py took 0.055 seconds
[2026-05-17T04:56:17.983+0000] {processor.py:161} INFO - Started process (PID=576) to work on /home/airflow/.local/lib/python3.12/site-packages/airflow/example_dags/example_display_name.py
[2026-05-17T04:56:17.984+0000] {processor.py:830} INFO - Processing file /home/airflow/.local/lib/python3.12/site-packages/airflow/example_dags/example_display_name.py for tasks to queue
[2026-05-17T04:56:17.987+0000] {logging_mixin.py:188} INFO - [2026-05-17T04:56:17.987+0000] {dagbag.py:545} INFO - Filling up the DagBag from /home/airflow/.local/lib/python3.12/site-packages/airflow/example_dags/example_display_name.py
[2026-05-17T04:56:17.992+0000] {processor.py:840} INFO - DAG(s) 'example_display_name' retrieved from /home/airflow/.local/lib/python3.12/site-packages/airflow/example_dags/example_display_name.py
[2026-05-17T04:56:18.013+0000] {logging_mixin.py:188} INFO - [2026-05-17T04:56:18.013+0000] {dag.py:3096} INFO - Sync 1 DAGs
[2026-05-17T04:56:18.029+0000] {logging_mixin.py:188} INFO - [2026-05-17T04:56:18.029+0000] {dag.py:3954} INFO - Setting next_dagrun for example_display_name to None, run_after=None
[2026-05-17T04:56:18.088+0000] {processor.py:183} INFO - Processing /home/airflow/.local/lib/python3.12/site-packages/airflow/example_dags/example_display_name.py took 0.112 seconds
[2026-05-17T04:56:48.614+0000] {processor.py:161} INFO - Started process (PID=635) to work on /home/airflow/.local/lib/python3.12/site-packages/airflow/example_dags/example_display_name.py
[2026-05-17T04:56:48.615+0000] {processor.py:830} INFO - Processing file /home/airflow/.local/lib/python3.12/site-packages/airflow/example_dags/example_display_name.py for tasks to queue
[2026-05-17T04:56:48.617+0000] {logging_mixin.py:188} INFO - [2026-05-17T04:56:48.616+0000] {dagbag.py:545} INFO - Filling up the DagBag from /home/airflow/.local/lib/python3.12/site-packages/airflow/example_dags/example_display_name.py
[2026-05-17T04:56:48.622+0000] {processor.py:840} INFO - DAG(s) 'example_display_name' retrieved from /home/airflow/.local/lib/python3.12/site-packages/airflow/example_dags/example_display_name.py
[2026-05-17T04:56:48.641+0000] {logging_mixin.py:188} INFO - [2026-05-17T04:56:48.641+0000] {dag.py:3096} INFO - Sync 1 DAGs
[2026-05-17T04:56:48.662+0000] {logging_mixin.py:188} INFO - [2026-05-17T04:56:48.662+0000] {dag.py:3954} INFO - Setting next_dagrun for example_display_name to None, run_after=None
[2026-05-17T04:56:48.697+0000] {processor.py:183} INFO - Processing /home/airflow/.local/lib/python3.12/site-packages/airflow/example_dags/example_display_name.py took 0.090 seconds
[2026-05-17T04:57:19.054+0000] {processor.py:161} INFO - Started process (PID=694) to work on /home/airflow/.local/lib/python3.12/site-packages/airflow/example_dags/example_display_name.py
[2026-05-17T04:57:19.055+0000] {processor.py:830} INFO - Processing file /home/airflow/.local/lib/python3.12/site-packages/airflow/example_dags/example_display_name.py for tasks to queue
[2026-05-17T04:57:19.058+0000] {logging_mixin.py:188} INFO - [2026-05-17T04:57:19.058+0000] {dagbag.py:545} INFO - Filling up the DagBag from /home/airflow/.local/lib/python3.12/site-packages/airflow/example_dags/example_display_name.py
[2026-05-17T04:57:19.065+0000] {processor.py:840} INFO - DAG(s) 'example_display_name' retrieved from /home/airflow/.local/lib/python3.12/site-packages/airflow/example_dags/example_display_name.py
[2026-05-17T04:57:19.092+0000] {logging_mixin.py:188} INFO - [2026-05-17T04:57:19.092+0000] {dag.py:3096} INFO - Sync 1 DAGs
[2026-05-17T04:57:19.105+0000] {logging_mixin.py:188} INFO - [2026-05-17T04:57:19.105+0000] {dag.py:3954} INFO - Setting next_dagrun for example_display_name to None, run_after=None
[2026-05-17T04:57:19.125+0000] {processor.py:183} INFO - Processing /home/airflow/.local/lib/python3.12/site-packages/airflow/example_dags/example_display_name.py took 0.075 seconds
[2026-05-17T04:57:49.172+0000] {processor.py:161} INFO - Started process (PID=753) to work on /home/airflow/.local/lib/python3.12/site-packages/airflow/example_dags/example_display_name.py
[2026-05-17T04:57:49.173+0000] {processor.py:830} INFO - Processing file /home/airflow/.local/lib/python3.12/site-packages/airflow/example_dags/example_display_name.py for tasks to queue
[2026-05-17T04:57:49.175+0000] {logging_mixin.py:188} INFO - [2026-05-17T04:57:49.174+0000] {dagbag.py:545} INFO - Filling up the DagBag from /home/airflow/.local/lib/python3.12/site-packages/airflow/example_dags/example_display_name.py
[2026-05-17T04:57:49.183+0000] {processor.py:840} INFO - DAG(s) 'example_display_name' retrieved from /home/airflow/.local/lib/python3.12/site-packages/airflow/example_dags/example_display_name.py
[2026-05-17T04:57:49.206+0000] {logging_mixin.py:188} INFO - [2026-05-17T04:57:49.205+0000] {dag.py:3096} INFO - Sync 1 DAGs
[2026-05-17T04:57:49.224+0000] {logging_mixin.py:188} INFO - [2026-05-17T04:57:49.224+0000] {dag.py:3954} INFO - Setting next_dagrun for example_display_name to None, run_after=None
[2026-05-17T04:57:49.244+0000] {processor.py:183} INFO - Processing /home/airflow/.local/lib/python3.12/site-packages/airflow/example_dags/example_display_name.py took 0.077 seconds
[2026-05-17T04:58:21.350+0000] {processor.py:161} INFO - Started process (PID=812) to work on /home/airflow/.local/lib/python3.12/site-packages/airflow/example_dags/example_display_name.py
[2026-05-17T04:58:21.351+0000] {processor.py:830} INFO - Processing file /home/airflow/.local/lib/python3.12/site-packages/airflow/example_dags/example_display_name.py for tasks to queue
[2026-05-17T04:58:21.353+0000] {logging_mixin.py:188} INFO - [2026-05-17T04:58:21.353+0000] {dagbag.py:545} INFO - Filling up the DagBag from /home/airflow/.local/lib/python3.12/site-packages/airflow/example_dags/example_display_name.py
[2026-05-17T04:58:21.361+0000] {processor.py:840} INFO - DAG(s) 'example_display_name' retrieved from /home/airflow/.local/lib/python3.12/site-packages/airflow/example_dags/example_display_name.py
[2026-05-17T04:58:21.390+0000] {logging_mixin.py:188} INFO - [2026-05-17T04:58:21.389+0000] {dag.py:3096} INFO - Sync 1 DAGs
[2026-05-17T04:58:21.410+0000] {logging_mixin.py:188} INFO - [2026-05-17T04:58:21.409+0000] {dag.py:3954} INFO - Setting next_dagrun for example_display_name to None, run_after=None
[2026-05-17T04:58:21.437+0000] {processor.py:183} INFO - Processing /home/airflow/.local/lib/python3.12/site-packages/airflow/example_dags/example_display_name.py took 0.093 seconds
[2026-05-17T05:00:24.080+0000] {processor.py:161} INFO - Started process (PID=92) to work on /home/airflow/.local/lib/python3.12/site-packages/airflow/example_dags/example_display_name.py
[2026-05-17T05:00:24.081+0000] {processor.py:830} INFO - Processing file /home/airflow/.local/lib/python3.12/site-packages/airflow/example_dags/example_display_name.py for tasks to queue
[2026-05-17T05:00:24.083+0000] {logging_mixin.py:188} INFO - [2026-05-17T05:00:24.083+0000] {dagbag.py:545} INFO - Filling up the DagBag from /home/airflow/.local/lib/python3.12/site-packages/airflow/example_dags/example_display_name.py
[2026-05-17T05:00:24.089+0000] {processor.py:840} INFO - DAG(s) 'example_display_name' retrieved from /home/airflow/.local/lib/python3.12/site-packages/airflow/example_dags/example_display_name.py
[2026-05-17T05:00:24.101+0000] {logging_mixin.py:188} INFO - [2026-05-17T05:00:24.101+0000] {dag.py:3096} INFO - Sync 1 DAGs
[2026-05-17T05:00:24.109+0000] {logging_mixin.py:188} INFO - [2026-05-17T05:00:24.109+0000] {dag.py:3954} INFO - Setting next_dagrun for example_display_name to None, run_after=None
[2026-05-17T05:00:24.122+0000] {processor.py:183} INFO - Processing /home/airflow/.local/lib/python3.12/site-packages/airflow/example_dags/example_display_name.py took 0.046 seconds
