[2026-05-17T04:43:55.034+0000] {processor.py:161} INFO - Started process (PID=106) to work on /home/airflow/.local/lib/python3.12/site-packages/airflow/example_dags/tutorial_dag.py
[2026-05-17T04:43:55.036+0000] {processor.py:830} INFO - Processing file /home/airflow/.local/lib/python3.12/site-packages/airflow/example_dags/tutorial_dag.py for tasks to queue
[2026-05-17T04:43:55.040+0000] {logging_mixin.py:188} INFO - [2026-05-17T04:43:55.039+0000] {dagbag.py:545} INFO - Filling up the DagBag from /home/airflow/.local/lib/python3.12/site-packages/airflow/example_dags/tutorial_dag.py
[2026-05-17T04:43:55.056+0000] {processor.py:840} INFO - DAG(s) 'tutorial_dag' retrieved from /home/airflow/.local/lib/python3.12/site-packages/airflow/example_dags/tutorial_dag.py
[2026-05-17T04:43:55.091+0000] {logging_mixin.py:188} INFO - [2026-05-17T04:43:55.091+0000] {dag.py:3096} INFO - Sync 1 DAGs
[2026-05-17T04:43:55.118+0000] {logging_mixin.py:188} INFO - [2026-05-17T04:43:55.117+0000] {dag.py:3954} INFO - Setting next_dagrun for tutorial_dag to None, run_after=None
[2026-05-17T04:43:55.153+0000] {processor.py:183} INFO - Processing /home/airflow/.local/lib/python3.12/site-packages/airflow/example_dags/tutorial_dag.py took 0.131 seconds
[2026-05-17T04:44:25.343+0000] {processor.py:161} INFO - Started process (PID=165) to work on /home/airflow/.local/lib/python3.12/site-packages/airflow/example_dags/tutorial_dag.py
[2026-05-17T04:44:25.344+0000] {processor.py:830} INFO - Processing file /home/airflow/.local/lib/python3.12/site-packages/airflow/example_dags/tutorial_dag.py for tasks to queue
[2026-05-17T04:44:25.347+0000] {logging_mixin.py:188} INFO - [2026-05-17T04:44:25.347+0000] {dagbag.py:545} INFO - Filling up the DagBag from /home/airflow/.local/lib/python3.12/site-packages/airflow/example_dags/tutorial_dag.py
[2026-05-17T04:44:25.353+0000] {processor.py:840} INFO - DAG(s) 'tutorial_dag' retrieved from /home/airflow/.local/lib/python3.12/site-packages/airflow/example_dags/tutorial_dag.py
[2026-05-17T04:44:25.445+0000] {logging_mixin.py:188} INFO - [2026-05-17T04:44:25.445+0000] {dag.py:3096} INFO - Sync 1 DAGs
[2026-05-17T04:44:25.454+0000] {logging_mixin.py:188} INFO - [2026-05-17T04:44:25.454+0000] {dag.py:3954} INFO - Setting next_dagrun for tutorial_dag to None, run_after=None
[2026-05-17T04:44:25.478+0000] {processor.py:183} INFO - Processing /home/airflow/.local/lib/python3.12/site-packages/airflow/example_dags/tutorial_dag.py took 0.143 seconds
[2026-05-17T04:44:55.953+0000] {processor.py:161} INFO - Started process (PID=224) to work on /home/airflow/.local/lib/python3.12/site-packages/airflow/example_dags/tutorial_dag.py
[2026-05-17T04:44:55.954+0000] {processor.py:830} INFO - Processing file /home/airflow/.local/lib/python3.12/site-packages/airflow/example_dags/tutorial_dag.py for tasks to queue
[2026-05-17T04:44:55.955+0000] {logging_mixin.py:188} INFO - [2026-05-17T04:44:55.955+0000] {dagbag.py:545} INFO - Filling up the DagBag from /home/airflow/.local/lib/python3.12/site-packages/airflow/example_dags/tutorial_dag.py
[2026-05-17T04:44:55.960+0000] {processor.py:840} INFO - DAG(s) 'tutorial_dag' retrieved from /home/airflow/.local/lib/python3.12/site-packages/airflow/example_dags/tutorial_dag.py
[2026-05-17T04:44:55.976+0000] {logging_mixin.py:188} INFO - [2026-05-17T04:44:55.975+0000] {dag.py:3096} INFO - Sync 1 DAGs
[2026-05-17T04:44:55.985+0000] {logging_mixin.py:188} INFO - [2026-05-17T04:44:55.985+0000] {dag.py:3954} INFO - Setting next_dagrun for tutorial_dag to None, run_after=None
[2026-05-17T04:44:55.999+0000] {processor.py:183} INFO - Processing /home/airflow/.local/lib/python3.12/site-packages/airflow/example_dags/tutorial_dag.py took 0.051 seconds
[2026-05-17T04:45:26.969+0000] {processor.py:161} INFO - Started process (PID=283) to work on /home/airflow/.local/lib/python3.12/site-packages/airflow/example_dags/tutorial_dag.py
[2026-05-17T04:45:26.970+0000] {processor.py:830} INFO - Processing file /home/airflow/.local/lib/python3.12/site-packages/airflow/example_dags/tutorial_dag.py for tasks to queue
[2026-05-17T04:45:26.971+0000] {logging_mixin.py:188} INFO - [2026-05-17T04:45:26.971+0000] {dagbag.py:545} INFO - Filling up the DagBag from /home/airflow/.local/lib/python3.12/site-packages/airflow/example_dags/tutorial_dag.py
[2026-05-17T04:45:26.975+0000] {processor.py:840} INFO - DAG(s) 'tutorial_dag' retrieved from /home/airflow/.local/lib/python3.12/site-packages/airflow/example_dags/tutorial_dag.py
[2026-05-17T04:45:26.988+0000] {logging_mixin.py:188} INFO - [2026-05-17T04:45:26.988+0000] {dag.py:3096} INFO - Sync 1 DAGs
[2026-05-17T04:45:26.997+0000] {logging_mixin.py:188} INFO - [2026-05-17T04:45:26.997+0000] {dag.py:3954} INFO - Setting next_dagrun for tutorial_dag to None, run_after=None
[2026-05-17T04:45:27.018+0000] {processor.py:183} INFO - Processing /home/airflow/.local/lib/python3.12/site-packages/airflow/example_dags/tutorial_dag.py took 0.053 seconds
[2026-05-17T04:45:57.606+0000] {processor.py:161} INFO - Started process (PID=342) to work on /home/airflow/.local/lib/python3.12/site-packages/airflow/example_dags/tutorial_dag.py
[2026-05-17T04:45:57.607+0000] {processor.py:830} INFO - Processing file /home/airflow/.local/lib/python3.12/site-packages/airflow/example_dags/tutorial_dag.py for tasks to queue
[2026-05-17T04:45:57.608+0000] {logging_mixin.py:188} INFO - [2026-05-17T04:45:57.608+0000] {dagbag.py:545} INFO - Filling up the DagBag from /home/airflow/.local/lib/python3.12/site-packages/airflow/example_dags/tutorial_dag.py
[2026-05-17T04:45:57.612+0000] {processor.py:840} INFO - DAG(s) 'tutorial_dag' retrieved from /home/airflow/.local/lib/python3.12/site-packages/airflow/example_dags/tutorial_dag.py
[2026-05-17T04:45:57.626+0000] {logging_mixin.py:188} INFO - [2026-05-17T04:45:57.626+0000] {dag.py:3096} INFO - Sync 1 DAGs
[2026-05-17T04:45:57.633+0000] {logging_mixin.py:188} INFO - [2026-05-17T04:45:57.633+0000] {dag.py:3954} INFO - Setting next_dagrun for tutorial_dag to None, run_after=None
[2026-05-17T04:45:57.661+0000] {processor.py:183} INFO - Processing /home/airflow/.local/lib/python3.12/site-packages/airflow/example_dags/tutorial_dag.py took 0.060 seconds
[2026-05-17T04:46:28.081+0000] {processor.py:161} INFO - Started process (PID=401) to work on /home/airflow/.local/lib/python3.12/site-packages/airflow/example_dags/tutorial_dag.py
[2026-05-17T04:46:28.082+0000] {processor.py:830} INFO - Processing file /home/airflow/.local/lib/python3.12/site-packages/airflow/example_dags/tutorial_dag.py for tasks to queue
[2026-05-17T04:46:28.083+0000] {logging_mixin.py:188} INFO - [2026-05-17T04:46:28.083+0000] {dagbag.py:545} INFO - Filling up the DagBag from /home/airflow/.local/lib/python3.12/site-packages/airflow/example_dags/tutorial_dag.py
[2026-05-17T04:46:28.087+0000] {processor.py:840} INFO - DAG(s) 'tutorial_dag' retrieved from /home/airflow/.local/lib/python3.12/site-packages/airflow/example_dags/tutorial_dag.py
[2026-05-17T04:46:28.101+0000] {logging_mixin.py:188} INFO - [2026-05-17T04:46:28.100+0000] {dag.py:3096} INFO - Sync 1 DAGs
[2026-05-17T04:46:28.109+0000] {logging_mixin.py:188} INFO - [2026-05-17T04:46:28.109+0000] {dag.py:3954} INFO - Setting next_dagrun for tutorial_dag to None, run_after=None
[2026-05-17T04:46:28.122+0000] {processor.py:183} INFO - Processing /home/airflow/.local/lib/python3.12/site-packages/airflow/example_dags/tutorial_dag.py took 0.044 seconds
[2026-05-17T04:46:58.646+0000] {processor.py:161} INFO - Started process (PID=460) to work on /home/airflow/.local/lib/python3.12/site-packages/airflow/example_dags/tutorial_dag.py
[2026-05-17T04:46:58.647+0000] {processor.py:830} INFO - Processing file /home/airflow/.local/lib/python3.12/site-packages/airflow/example_dags/tutorial_dag.py for tasks to queue
[2026-05-17T04:46:58.649+0000] {logging_mixin.py:188} INFO - [2026-05-17T04:46:58.649+0000] {dagbag.py:545} INFO - Filling up the DagBag from /home/airflow/.local/lib/python3.12/site-packages/airflow/example_dags/tutorial_dag.py
[2026-05-17T04:46:58.656+0000] {processor.py:840} INFO - DAG(s) 'tutorial_dag' retrieved from /home/airflow/.local/lib/python3.12/site-packages/airflow/example_dags/tutorial_dag.py
[2026-05-17T04:46:58.676+0000] {logging_mixin.py:188} INFO - [2026-05-17T04:46:58.676+0000] {dag.py:3096} INFO - Sync 1 DAGs
[2026-05-17T04:46:58.686+0000] {logging_mixin.py:188} INFO - [2026-05-17T04:46:58.686+0000] {dag.py:3954} INFO - Setting next_dagrun for tutorial_dag to None, run_after=None
[2026-05-17T04:46:58.701+0000] {processor.py:183} INFO - Processing /home/airflow/.local/lib/python3.12/site-packages/airflow/example_dags/tutorial_dag.py took 0.060 seconds
[2026-05-17T04:47:29.031+0000] {processor.py:161} INFO - Started process (PID=519) to work on /home/airflow/.local/lib/python3.12/site-packages/airflow/example_dags/tutorial_dag.py
[2026-05-17T04:47:29.032+0000] {processor.py:830} INFO - Processing file /home/airflow/.local/lib/python3.12/site-packages/airflow/example_dags/tutorial_dag.py for tasks to queue
[2026-05-17T04:47:29.033+0000] {logging_mixin.py:188} INFO - [2026-05-17T04:47:29.033+0000] {dagbag.py:545} INFO - Filling up the DagBag from /home/airflow/.local/lib/python3.12/site-packages/airflow/example_dags/tutorial_dag.py
[2026-05-17T04:47:29.037+0000] {processor.py:840} INFO - DAG(s) 'tutorial_dag' retrieved from /home/airflow/.local/lib/python3.12/site-packages/airflow/example_dags/tutorial_dag.py
[2026-05-17T04:47:29.051+0000] {logging_mixin.py:188} INFO - [2026-05-17T04:47:29.051+0000] {dag.py:3096} INFO - Sync 1 DAGs
[2026-05-17T04:47:29.060+0000] {logging_mixin.py:188} INFO - [2026-05-17T04:47:29.060+0000] {dag.py:3954} INFO - Setting next_dagrun for tutorial_dag to None, run_after=None
[2026-05-17T04:47:29.073+0000] {processor.py:183} INFO - Processing /home/airflow/.local/lib/python3.12/site-packages/airflow/example_dags/tutorial_dag.py took 0.046 seconds
[2026-05-17T04:47:59.474+0000] {processor.py:161} INFO - Started process (PID=578) to work on /home/airflow/.local/lib/python3.12/site-packages/airflow/example_dags/tutorial_dag.py
[2026-05-17T04:47:59.477+0000] {processor.py:830} INFO - Processing file /home/airflow/.local/lib/python3.12/site-packages/airflow/example_dags/tutorial_dag.py for tasks to queue
[2026-05-17T04:47:59.480+0000] {logging_mixin.py:188} INFO - [2026-05-17T04:47:59.479+0000] {dagbag.py:545} INFO - Filling up the DagBag from /home/airflow/.local/lib/python3.12/site-packages/airflow/example_dags/tutorial_dag.py
[2026-05-17T04:47:59.487+0000] {processor.py:840} INFO - DAG(s) 'tutorial_dag' retrieved from /home/airflow/.local/lib/python3.12/site-packages/airflow/example_dags/tutorial_dag.py
[2026-05-17T04:47:59.509+0000] {logging_mixin.py:188} INFO - [2026-05-17T04:47:59.508+0000] {dag.py:3096} INFO - Sync 1 DAGs
[2026-05-17T04:47:59.522+0000] {logging_mixin.py:188} INFO - [2026-05-17T04:47:59.522+0000] {dag.py:3954} INFO - Setting next_dagrun for tutorial_dag to None, run_after=None
[2026-05-17T04:47:59.547+0000] {processor.py:183} INFO - Processing /home/airflow/.local/lib/python3.12/site-packages/airflow/example_dags/tutorial_dag.py took 0.082 seconds
[2026-05-17T04:48:30.044+0000] {processor.py:161} INFO - Started process (PID=637) to work on /home/airflow/.local/lib/python3.12/site-packages/airflow/example_dags/tutorial_dag.py
[2026-05-17T04:48:30.045+0000] {processor.py:830} INFO - Processing file /home/airflow/.local/lib/python3.12/site-packages/airflow/example_dags/tutorial_dag.py for tasks to queue
[2026-05-17T04:48:30.047+0000] {logging_mixin.py:188} INFO - [2026-05-17T04:48:30.047+0000] {dagbag.py:545} INFO - Filling up the DagBag from /home/airflow/.local/lib/python3.12/site-packages/airflow/example_dags/tutorial_dag.py
[2026-05-17T04:48:30.051+0000] {processor.py:840} INFO - DAG(s) 'tutorial_dag' retrieved from /home/airflow/.local/lib/python3.12/site-packages/airflow/example_dags/tutorial_dag.py
[2026-05-17T04:48:30.065+0000] {logging_mixin.py:188} INFO - [2026-05-17T04:48:30.065+0000] {dag.py:3096} INFO - Sync 1 DAGs
[2026-05-17T04:48:30.073+0000] {logging_mixin.py:188} INFO - [2026-05-17T04:48:30.073+0000] {dag.py:3954} INFO - Setting next_dagrun for tutorial_dag to None, run_after=None
[2026-05-17T04:48:30.087+0000] {processor.py:183} INFO - Processing /home/airflow/.local/lib/python3.12/site-packages/airflow/example_dags/tutorial_dag.py took 0.047 seconds
[2026-05-17T04:49:00.738+0000] {processor.py:161} INFO - Started process (PID=696) to work on /home/airflow/.local/lib/python3.12/site-packages/airflow/example_dags/tutorial_dag.py
[2026-05-17T04:49:00.739+0000] {processor.py:830} INFO - Processing file /home/airflow/.local/lib/python3.12/site-packages/airflow/example_dags/tutorial_dag.py for tasks to queue
[2026-05-17T04:49:00.740+0000] {logging_mixin.py:188} INFO - [2026-05-17T04:49:00.740+0000] {dagbag.py:545} INFO - Filling up the DagBag from /home/airflow/.local/lib/python3.12/site-packages/airflow/example_dags/tutorial_dag.py
[2026-05-17T04:49:00.744+0000] {processor.py:840} INFO - DAG(s) 'tutorial_dag' retrieved from /home/airflow/.local/lib/python3.12/site-packages/airflow/example_dags/tutorial_dag.py
[2026-05-17T04:49:00.757+0000] {logging_mixin.py:188} INFO - [2026-05-17T04:49:00.757+0000] {dag.py:3096} INFO - Sync 1 DAGs
[2026-05-17T04:49:00.766+0000] {logging_mixin.py:188} INFO - [2026-05-17T04:49:00.766+0000] {dag.py:3954} INFO - Setting next_dagrun for tutorial_dag to None, run_after=None
[2026-05-17T04:49:00.779+0000] {processor.py:183} INFO - Processing /home/airflow/.local/lib/python3.12/site-packages/airflow/example_dags/tutorial_dag.py took 0.045 seconds
[2026-05-17T04:49:31.294+0000] {processor.py:161} INFO - Started process (PID=755) to work on /home/airflow/.local/lib/python3.12/site-packages/airflow/example_dags/tutorial_dag.py
[2026-05-17T04:49:31.295+0000] {processor.py:830} INFO - Processing file /home/airflow/.local/lib/python3.12/site-packages/airflow/example_dags/tutorial_dag.py for tasks to queue
[2026-05-17T04:49:31.296+0000] {logging_mixin.py:188} INFO - [2026-05-17T04:49:31.296+0000] {dagbag.py:545} INFO - Filling up the DagBag from /home/airflow/.local/lib/python3.12/site-packages/airflow/example_dags/tutorial_dag.py
[2026-05-17T04:49:31.301+0000] {processor.py:840} INFO - DAG(s) 'tutorial_dag' retrieved from /home/airflow/.local/lib/python3.12/site-packages/airflow/example_dags/tutorial_dag.py
[2026-05-17T04:49:31.315+0000] {logging_mixin.py:188} INFO - [2026-05-17T04:49:31.315+0000] {dag.py:3096} INFO - Sync 1 DAGs
[2026-05-17T04:49:31.324+0000] {logging_mixin.py:188} INFO - [2026-05-17T04:49:31.324+0000] {dag.py:3954} INFO - Setting next_dagrun for tutorial_dag to None, run_after=None
[2026-05-17T04:49:31.341+0000] {processor.py:183} INFO - Processing /home/airflow/.local/lib/python3.12/site-packages/airflow/example_dags/tutorial_dag.py took 0.051 seconds
[2026-05-17T04:50:01.852+0000] {processor.py:161} INFO - Started process (PID=814) to work on /home/airflow/.local/lib/python3.12/site-packages/airflow/example_dags/tutorial_dag.py
[2026-05-17T04:50:01.853+0000] {processor.py:830} INFO - Processing file /home/airflow/.local/lib/python3.12/site-packages/airflow/example_dags/tutorial_dag.py for tasks to queue
[2026-05-17T04:50:01.854+0000] {logging_mixin.py:188} INFO - [2026-05-17T04:50:01.854+0000] {dagbag.py:545} INFO - Filling up the DagBag from /home/airflow/.local/lib/python3.12/site-packages/airflow/example_dags/tutorial_dag.py
[2026-05-17T04:50:01.859+0000] {processor.py:840} INFO - DAG(s) 'tutorial_dag' retrieved from /home/airflow/.local/lib/python3.12/site-packages/airflow/example_dags/tutorial_dag.py
[2026-05-17T04:50:01.874+0000] {logging_mixin.py:188} INFO - [2026-05-17T04:50:01.874+0000] {dag.py:3096} INFO - Sync 1 DAGs
[2026-05-17T04:50:01.885+0000] {logging_mixin.py:188} INFO - [2026-05-17T04:50:01.885+0000] {dag.py:3954} INFO - Setting next_dagrun for tutorial_dag to None, run_after=None
[2026-05-17T04:50:01.897+0000] {processor.py:183} INFO - Processing /home/airflow/.local/lib/python3.12/site-packages/airflow/example_dags/tutorial_dag.py took 0.050 seconds
[2026-05-17T04:50:32.504+0000] {processor.py:161} INFO - Started process (PID=873) to work on /home/airflow/.local/lib/python3.12/site-packages/airflow/example_dags/tutorial_dag.py
[2026-05-17T04:50:32.505+0000] {processor.py:830} INFO - Processing file /home/airflow/.local/lib/python3.12/site-packages/airflow/example_dags/tutorial_dag.py for tasks to queue
[2026-05-17T04:50:32.506+0000] {logging_mixin.py:188} INFO - [2026-05-17T04:50:32.506+0000] {dagbag.py:545} INFO - Filling up the DagBag from /home/airflow/.local/lib/python3.12/site-packages/airflow/example_dags/tutorial_dag.py
[2026-05-17T04:50:32.511+0000] {processor.py:840} INFO - DAG(s) 'tutorial_dag' retrieved from /home/airflow/.local/lib/python3.12/site-packages/airflow/example_dags/tutorial_dag.py
[2026-05-17T04:50:32.530+0000] {logging_mixin.py:188} INFO - [2026-05-17T04:50:32.530+0000] {dag.py:3096} INFO - Sync 1 DAGs
[2026-05-17T04:50:32.540+0000] {logging_mixin.py:188} INFO - [2026-05-17T04:50:32.540+0000] {dag.py:3954} INFO - Setting next_dagrun for tutorial_dag to None, run_after=None
[2026-05-17T04:50:32.557+0000] {processor.py:183} INFO - Processing /home/airflow/.local/lib/python3.12/site-packages/airflow/example_dags/tutorial_dag.py took 0.058 seconds
[2026-05-17T04:52:13.162+0000] {processor.py:161} INFO - Started process (PID=106) to work on /home/airflow/.local/lib/python3.12/site-packages/airflow/example_dags/tutorial_dag.py
[2026-05-17T04:52:13.163+0000] {processor.py:830} INFO - Processing file /home/airflow/.local/lib/python3.12/site-packages/airflow/example_dags/tutorial_dag.py for tasks to queue
[2026-05-17T04:52:13.166+0000] {logging_mixin.py:188} INFO - [2026-05-17T04:52:13.166+0000] {dagbag.py:545} INFO - Filling up the DagBag from /home/airflow/.local/lib/python3.12/site-packages/airflow/example_dags/tutorial_dag.py
[2026-05-17T04:52:13.173+0000] {processor.py:840} INFO - DAG(s) 'tutorial_dag' retrieved from /home/airflow/.local/lib/python3.12/site-packages/airflow/example_dags/tutorial_dag.py
[2026-05-17T04:52:13.190+0000] {logging_mixin.py:188} INFO - [2026-05-17T04:52:13.190+0000] {dag.py:3096} INFO - Sync 1 DAGs
[2026-05-17T04:52:13.204+0000] {logging_mixin.py:188} INFO - [2026-05-17T04:52:13.204+0000] {dag.py:3954} INFO - Setting next_dagrun for tutorial_dag to None, run_after=None
[2026-05-17T04:52:13.228+0000] {processor.py:183} INFO - Processing /home/airflow/.local/lib/python3.12/site-packages/airflow/example_dags/tutorial_dag.py took 0.072 seconds
[2026-05-17T04:52:43.593+0000] {processor.py:161} INFO - Started process (PID=165) to work on /home/airflow/.local/lib/python3.12/site-packages/airflow/example_dags/tutorial_dag.py
[2026-05-17T04:52:43.594+0000] {processor.py:830} INFO - Processing file /home/airflow/.local/lib/python3.12/site-packages/airflow/example_dags/tutorial_dag.py for tasks to queue
[2026-05-17T04:52:43.595+0000] {logging_mixin.py:188} INFO - [2026-05-17T04:52:43.595+0000] {dagbag.py:545} INFO - Filling up the DagBag from /home/airflow/.local/lib/python3.12/site-packages/airflow/example_dags/tutorial_dag.py
[2026-05-17T04:52:43.599+0000] {processor.py:840} INFO - DAG(s) 'tutorial_dag' retrieved from /home/airflow/.local/lib/python3.12/site-packages/airflow/example_dags/tutorial_dag.py
[2026-05-17T04:52:43.679+0000] {logging_mixin.py:188} INFO - [2026-05-17T04:52:43.678+0000] {dag.py:3096} INFO - Sync 1 DAGs
[2026-05-17T04:52:43.687+0000] {logging_mixin.py:188} INFO - [2026-05-17T04:52:43.686+0000] {dag.py:3954} INFO - Setting next_dagrun for tutorial_dag to None, run_after=None
[2026-05-17T04:52:43.711+0000] {processor.py:183} INFO - Processing /home/airflow/.local/lib/python3.12/site-packages/airflow/example_dags/tutorial_dag.py took 0.122 seconds
[2026-05-17T04:53:13.845+0000] {processor.py:161} INFO - Started process (PID=224) to work on /home/airflow/.local/lib/python3.12/site-packages/airflow/example_dags/tutorial_dag.py
[2026-05-17T04:53:13.848+0000] {processor.py:830} INFO - Processing file /home/airflow/.local/lib/python3.12/site-packages/airflow/example_dags/tutorial_dag.py for tasks to queue
[2026-05-17T04:53:13.860+0000] {logging_mixin.py:188} INFO - [2026-05-17T04:53:13.860+0000] {dagbag.py:545} INFO - Filling up the DagBag from /home/airflow/.local/lib/python3.12/site-packages/airflow/example_dags/tutorial_dag.py
[2026-05-17T04:53:13.875+0000] {processor.py:840} INFO - DAG(s) 'tutorial_dag' retrieved from /home/airflow/.local/lib/python3.12/site-packages/airflow/example_dags/tutorial_dag.py
[2026-05-17T04:53:13.903+0000] {logging_mixin.py:188} INFO - [2026-05-17T04:53:13.902+0000] {dag.py:3096} INFO - Sync 1 DAGs
[2026-05-17T04:53:13.915+0000] {logging_mixin.py:188} INFO - [2026-05-17T04:53:13.914+0000] {dag.py:3954} INFO - Setting next_dagrun for tutorial_dag to None, run_after=None
[2026-05-17T04:53:13.945+0000] {processor.py:183} INFO - Processing /home/airflow/.local/lib/python3.12/site-packages/airflow/example_dags/tutorial_dag.py took 0.123 seconds
[2026-05-17T04:53:43.978+0000] {processor.py:161} INFO - Started process (PID=282) to work on /home/airflow/.local/lib/python3.12/site-packages/airflow/example_dags/tutorial_dag.py
[2026-05-17T04:53:43.978+0000] {processor.py:830} INFO - Processing file /home/airflow/.local/lib/python3.12/site-packages/airflow/example_dags/tutorial_dag.py for tasks to queue
[2026-05-17T04:53:43.980+0000] {logging_mixin.py:188} INFO - [2026-05-17T04:53:43.980+0000] {dagbag.py:545} INFO - Filling up the DagBag from /home/airflow/.local/lib/python3.12/site-packages/airflow/example_dags/tutorial_dag.py
[2026-05-17T04:53:43.984+0000] {processor.py:840} INFO - DAG(s) 'tutorial_dag' retrieved from /home/airflow/.local/lib/python3.12/site-packages/airflow/example_dags/tutorial_dag.py
[2026-05-17T04:53:43.997+0000] {logging_mixin.py:188} INFO - [2026-05-17T04:53:43.997+0000] {dag.py:3096} INFO - Sync 1 DAGs
[2026-05-17T04:53:44.006+0000] {logging_mixin.py:188} INFO - [2026-05-17T04:53:44.006+0000] {dag.py:3954} INFO - Setting next_dagrun for tutorial_dag to None, run_after=None
[2026-05-17T04:53:44.020+0000] {processor.py:183} INFO - Processing /home/airflow/.local/lib/python3.12/site-packages/airflow/example_dags/tutorial_dag.py took 0.046 seconds
[2026-05-17T04:54:14.369+0000] {processor.py:161} INFO - Started process (PID=342) to work on /home/airflow/.local/lib/python3.12/site-packages/airflow/example_dags/tutorial_dag.py
[2026-05-17T04:54:14.370+0000] {processor.py:830} INFO - Processing file /home/airflow/.local/lib/python3.12/site-packages/airflow/example_dags/tutorial_dag.py for tasks to queue
[2026-05-17T04:54:14.372+0000] {logging_mixin.py:188} INFO - [2026-05-17T04:54:14.372+0000] {dagbag.py:545} INFO - Filling up the DagBag from /home/airflow/.local/lib/python3.12/site-packages/airflow/example_dags/tutorial_dag.py
[2026-05-17T04:54:14.378+0000] {processor.py:840} INFO - DAG(s) 'tutorial_dag' retrieved from /home/airflow/.local/lib/python3.12/site-packages/airflow/example_dags/tutorial_dag.py
[2026-05-17T04:54:14.396+0000] {logging_mixin.py:188} INFO - [2026-05-17T04:54:14.396+0000] {dag.py:3096} INFO - Sync 1 DAGs
[2026-05-17T04:54:14.408+0000] {logging_mixin.py:188} INFO - [2026-05-17T04:54:14.407+0000] {dag.py:3954} INFO - Setting next_dagrun for tutorial_dag to None, run_after=None
[2026-05-17T04:54:14.431+0000] {processor.py:183} INFO - Processing /home/airflow/.local/lib/python3.12/site-packages/airflow/example_dags/tutorial_dag.py took 0.069 seconds
[2026-05-17T04:54:44.715+0000] {processor.py:161} INFO - Started process (PID=401) to work on /home/airflow/.local/lib/python3.12/site-packages/airflow/example_dags/tutorial_dag.py
[2026-05-17T04:54:44.717+0000] {processor.py:830} INFO - Processing file /home/airflow/.local/lib/python3.12/site-packages/airflow/example_dags/tutorial_dag.py for tasks to queue
[2026-05-17T04:54:44.718+0000] {logging_mixin.py:188} INFO - [2026-05-17T04:54:44.718+0000] {dagbag.py:545} INFO - Filling up the DagBag from /home/airflow/.local/lib/python3.12/site-packages/airflow/example_dags/tutorial_dag.py
[2026-05-17T04:54:44.722+0000] {processor.py:840} INFO - DAG(s) 'tutorial_dag' retrieved from /home/airflow/.local/lib/python3.12/site-packages/airflow/example_dags/tutorial_dag.py
[2026-05-17T04:54:44.737+0000] {logging_mixin.py:188} INFO - [2026-05-17T04:54:44.737+0000] {dag.py:3096} INFO - Sync 1 DAGs
[2026-05-17T04:54:44.747+0000] {logging_mixin.py:188} INFO - [2026-05-17T04:54:44.746+0000] {dag.py:3954} INFO - Setting next_dagrun for tutorial_dag to None, run_after=None
[2026-05-17T04:54:44.764+0000] {processor.py:183} INFO - Processing /home/airflow/.local/lib/python3.12/site-packages/airflow/example_dags/tutorial_dag.py took 0.053 seconds
[2026-05-17T04:55:14.839+0000] {processor.py:161} INFO - Started process (PID=460) to work on /home/airflow/.local/lib/python3.12/site-packages/airflow/example_dags/tutorial_dag.py
[2026-05-17T04:55:14.840+0000] {processor.py:830} INFO - Processing file /home/airflow/.local/lib/python3.12/site-packages/airflow/example_dags/tutorial_dag.py for tasks to queue
[2026-05-17T04:55:14.842+0000] {logging_mixin.py:188} INFO - [2026-05-17T04:55:14.842+0000] {dagbag.py:545} INFO - Filling up the DagBag from /home/airflow/.local/lib/python3.12/site-packages/airflow/example_dags/tutorial_dag.py
[2026-05-17T04:55:14.848+0000] {processor.py:840} INFO - DAG(s) 'tutorial_dag' retrieved from /home/airflow/.local/lib/python3.12/site-packages/airflow/example_dags/tutorial_dag.py
[2026-05-17T04:55:14.866+0000] {logging_mixin.py:188} INFO - [2026-05-17T04:55:14.866+0000] {dag.py:3096} INFO - Sync 1 DAGs
[2026-05-17T04:55:14.877+0000] {logging_mixin.py:188} INFO - [2026-05-17T04:55:14.876+0000] {dag.py:3954} INFO - Setting next_dagrun for tutorial_dag to None, run_after=None
[2026-05-17T04:55:14.892+0000] {processor.py:183} INFO - Processing /home/airflow/.local/lib/python3.12/site-packages/airflow/example_dags/tutorial_dag.py took 0.059 seconds
[2026-05-17T04:55:45.394+0000] {processor.py:161} INFO - Started process (PID=519) to work on /home/airflow/.local/lib/python3.12/site-packages/airflow/example_dags/tutorial_dag.py
[2026-05-17T04:55:45.395+0000] {processor.py:830} INFO - Processing file /home/airflow/.local/lib/python3.12/site-packages/airflow/example_dags/tutorial_dag.py for tasks to queue
[2026-05-17T04:55:45.397+0000] {logging_mixin.py:188} INFO - [2026-05-17T04:55:45.396+0000] {dagbag.py:545} INFO - Filling up the DagBag from /home/airflow/.local/lib/python3.12/site-packages/airflow/example_dags/tutorial_dag.py
[2026-05-17T04:55:45.401+0000] {processor.py:840} INFO - DAG(s) 'tutorial_dag' retrieved from /home/airflow/.local/lib/python3.12/site-packages/airflow/example_dags/tutorial_dag.py
[2026-05-17T04:55:45.426+0000] {logging_mixin.py:188} INFO - [2026-05-17T04:55:45.426+0000] {dag.py:3096} INFO - Sync 1 DAGs
[2026-05-17T04:55:45.436+0000] {logging_mixin.py:188} INFO - [2026-05-17T04:55:45.436+0000] {dag.py:3954} INFO - Setting next_dagrun for tutorial_dag to None, run_after=None
[2026-05-17T04:55:45.453+0000] {processor.py:183} INFO - Processing /home/airflow/.local/lib/python3.12/site-packages/airflow/example_dags/tutorial_dag.py took 0.063 seconds
[2026-05-17T04:56:18.116+0000] {processor.py:161} INFO - Started process (PID=578) to work on /home/airflow/.local/lib/python3.12/site-packages/airflow/example_dags/tutorial_dag.py
[2026-05-17T04:56:18.117+0000] {processor.py:830} INFO - Processing file /home/airflow/.local/lib/python3.12/site-packages/airflow/example_dags/tutorial_dag.py for tasks to queue
[2026-05-17T04:56:18.128+0000] {logging_mixin.py:188} INFO - [2026-05-17T04:56:18.128+0000] {dagbag.py:545} INFO - Filling up the DagBag from /home/airflow/.local/lib/python3.12/site-packages/airflow/example_dags/tutorial_dag.py
[2026-05-17T04:56:18.135+0000] {processor.py:840} INFO - DAG(s) 'tutorial_dag' retrieved from /home/airflow/.local/lib/python3.12/site-packages/airflow/example_dags/tutorial_dag.py
[2026-05-17T04:56:18.157+0000] {logging_mixin.py:188} INFO - [2026-05-17T04:56:18.156+0000] {dag.py:3096} INFO - Sync 1 DAGs
[2026-05-17T04:56:18.168+0000] {logging_mixin.py:188} INFO - [2026-05-17T04:56:18.167+0000] {dag.py:3954} INFO - Setting next_dagrun for tutorial_dag to None, run_after=None
[2026-05-17T04:56:18.250+0000] {processor.py:183} INFO - Processing /home/airflow/.local/lib/python3.12/site-packages/airflow/example_dags/tutorial_dag.py took 0.139 seconds
[2026-05-17T04:56:48.866+0000] {processor.py:161} INFO - Started process (PID=637) to work on /home/airflow/.local/lib/python3.12/site-packages/airflow/example_dags/tutorial_dag.py
[2026-05-17T04:56:48.867+0000] {processor.py:830} INFO - Processing file /home/airflow/.local/lib/python3.12/site-packages/airflow/example_dags/tutorial_dag.py for tasks to queue
[2026-05-17T04:56:48.869+0000] {logging_mixin.py:188} INFO - [2026-05-17T04:56:48.869+0000] {dagbag.py:545} INFO - Filling up the DagBag from /home/airflow/.local/lib/python3.12/site-packages/airflow/example_dags/tutorial_dag.py
[2026-05-17T04:56:48.874+0000] {processor.py:840} INFO - DAG(s) 'tutorial_dag' retrieved from /home/airflow/.local/lib/python3.12/site-packages/airflow/example_dags/tutorial_dag.py
[2026-05-17T04:56:48.894+0000] {logging_mixin.py:188} INFO - [2026-05-17T04:56:48.893+0000] {dag.py:3096} INFO - Sync 1 DAGs
[2026-05-17T04:56:48.906+0000] {logging_mixin.py:188} INFO - [2026-05-17T04:56:48.906+0000] {dag.py:3954} INFO - Setting next_dagrun for tutorial_dag to None, run_after=None
[2026-05-17T04:56:48.937+0000] {processor.py:183} INFO - Processing /home/airflow/.local/lib/python3.12/site-packages/airflow/example_dags/tutorial_dag.py took 0.076 seconds
[2026-05-17T04:57:19.249+0000] {processor.py:161} INFO - Started process (PID=696) to work on /home/airflow/.local/lib/python3.12/site-packages/airflow/example_dags/tutorial_dag.py
[2026-05-17T04:57:19.251+0000] {processor.py:830} INFO - Processing file /home/airflow/.local/lib/python3.12/site-packages/airflow/example_dags/tutorial_dag.py for tasks to queue
[2026-05-17T04:57:19.253+0000] {logging_mixin.py:188} INFO - [2026-05-17T04:57:19.252+0000] {dagbag.py:545} INFO - Filling up the DagBag from /home/airflow/.local/lib/python3.12/site-packages/airflow/example_dags/tutorial_dag.py
[2026-05-17T04:57:19.257+0000] {processor.py:840} INFO - DAG(s) 'tutorial_dag' retrieved from /home/airflow/.local/lib/python3.12/site-packages/airflow/example_dags/tutorial_dag.py
[2026-05-17T04:57:19.283+0000] {logging_mixin.py:188} INFO - [2026-05-17T04:57:19.282+0000] {dag.py:3096} INFO - Sync 1 DAGs
[2026-05-17T04:57:19.295+0000] {logging_mixin.py:188} INFO - [2026-05-17T04:57:19.295+0000] {dag.py:3954} INFO - Setting next_dagrun for tutorial_dag to None, run_after=None
[2026-05-17T04:57:19.518+0000] {processor.py:183} INFO - Processing /home/airflow/.local/lib/python3.12/site-packages/airflow/example_dags/tutorial_dag.py took 0.273 seconds
[2026-05-17T04:57:50.314+0000] {processor.py:161} INFO - Started process (PID=755) to work on /home/airflow/.local/lib/python3.12/site-packages/airflow/example_dags/tutorial_dag.py
[2026-05-17T04:57:50.315+0000] {processor.py:830} INFO - Processing file /home/airflow/.local/lib/python3.12/site-packages/airflow/example_dags/tutorial_dag.py for tasks to queue
[2026-05-17T04:57:50.317+0000] {logging_mixin.py:188} INFO - [2026-05-17T04:57:50.317+0000] {dagbag.py:545} INFO - Filling up the DagBag from /home/airflow/.local/lib/python3.12/site-packages/airflow/example_dags/tutorial_dag.py
[2026-05-17T04:57:50.323+0000] {processor.py:840} INFO - DAG(s) 'tutorial_dag' retrieved from /home/airflow/.local/lib/python3.12/site-packages/airflow/example_dags/tutorial_dag.py
[2026-05-17T04:57:50.345+0000] {logging_mixin.py:188} INFO - [2026-05-17T04:57:50.345+0000] {dag.py:3096} INFO - Sync 1 DAGs
[2026-05-17T04:57:50.361+0000] {logging_mixin.py:188} INFO - [2026-05-17T04:57:50.360+0000] {dag.py:3954} INFO - Setting next_dagrun for tutorial_dag to None, run_after=None
[2026-05-17T04:57:50.569+0000] {processor.py:183} INFO - Processing /home/airflow/.local/lib/python3.12/site-packages/airflow/example_dags/tutorial_dag.py took 0.260 seconds
[2026-05-17T04:58:21.574+0000] {processor.py:161} INFO - Started process (PID=814) to work on /home/airflow/.local/lib/python3.12/site-packages/airflow/example_dags/tutorial_dag.py
[2026-05-17T04:58:21.575+0000] {processor.py:830} INFO - Processing file /home/airflow/.local/lib/python3.12/site-packages/airflow/example_dags/tutorial_dag.py for tasks to queue
[2026-05-17T04:58:21.578+0000] {logging_mixin.py:188} INFO - [2026-05-17T04:58:21.578+0000] {dagbag.py:545} INFO - Filling up the DagBag from /home/airflow/.local/lib/python3.12/site-packages/airflow/example_dags/tutorial_dag.py
[2026-05-17T04:58:21.585+0000] {processor.py:840} INFO - DAG(s) 'tutorial_dag' retrieved from /home/airflow/.local/lib/python3.12/site-packages/airflow/example_dags/tutorial_dag.py
[2026-05-17T04:58:21.627+0000] {logging_mixin.py:188} INFO - [2026-05-17T04:58:21.627+0000] {dag.py:3096} INFO - Sync 1 DAGs
[2026-05-17T04:58:21.656+0000] {logging_mixin.py:188} INFO - [2026-05-17T04:58:21.655+0000] {dag.py:3954} INFO - Setting next_dagrun for tutorial_dag to None, run_after=None
[2026-05-17T04:58:21.713+0000] {processor.py:183} INFO - Processing /home/airflow/.local/lib/python3.12/site-packages/airflow/example_dags/tutorial_dag.py took 0.145 seconds
[2026-05-17T05:00:24.144+0000] {processor.py:161} INFO - Started process (PID=94) to work on /home/airflow/.local/lib/python3.12/site-packages/airflow/example_dags/tutorial_dag.py
[2026-05-17T05:00:24.145+0000] {processor.py:830} INFO - Processing file /home/airflow/.local/lib/python3.12/site-packages/airflow/example_dags/tutorial_dag.py for tasks to queue
[2026-05-17T05:00:24.147+0000] {logging_mixin.py:188} INFO - [2026-05-17T05:00:24.146+0000] {dagbag.py:545} INFO - Filling up the DagBag from /home/airflow/.local/lib/python3.12/site-packages/airflow/example_dags/tutorial_dag.py
[2026-05-17T05:00:24.151+0000] {processor.py:840} INFO - DAG(s) 'tutorial_dag' retrieved from /home/airflow/.local/lib/python3.12/site-packages/airflow/example_dags/tutorial_dag.py
[2026-05-17T05:00:24.164+0000] {logging_mixin.py:188} INFO - [2026-05-17T05:00:24.164+0000] {dag.py:3096} INFO - Sync 1 DAGs
[2026-05-17T05:00:24.173+0000] {logging_mixin.py:188} INFO - [2026-05-17T05:00:24.173+0000] {dag.py:3954} INFO - Setting next_dagrun for tutorial_dag to None, run_after=None
[2026-05-17T05:00:24.186+0000] {processor.py:183} INFO - Processing /home/airflow/.local/lib/python3.12/site-packages/airflow/example_dags/tutorial_dag.py took 0.046 seconds
