[2026-05-17T04:43:54.365+0000] {processor.py:161} INFO - Started process (PID=100) to work on /home/airflow/.local/lib/python3.12/site-packages/airflow/example_dags/tutorial.py
[2026-05-17T04:43:54.368+0000] {processor.py:830} INFO - Processing file /home/airflow/.local/lib/python3.12/site-packages/airflow/example_dags/tutorial.py for tasks to queue
[2026-05-17T04:43:54.375+0000] {logging_mixin.py:188} INFO - [2026-05-17T04:43:54.374+0000] {dagbag.py:545} INFO - Filling up the DagBag from /home/airflow/.local/lib/python3.12/site-packages/airflow/example_dags/tutorial.py
[2026-05-17T04:43:54.388+0000] {processor.py:840} INFO - DAG(s) 'tutorial' retrieved from /home/airflow/.local/lib/python3.12/site-packages/airflow/example_dags/tutorial.py
[2026-05-17T04:43:54.420+0000] {logging_mixin.py:188} INFO - [2026-05-17T04:43:54.419+0000] {dag.py:3096} INFO - Sync 1 DAGs
[2026-05-17T04:43:54.454+0000] {logging_mixin.py:188} INFO - [2026-05-17T04:43:54.454+0000] {dag.py:3954} INFO - Setting next_dagrun for tutorial to 2026-05-16 00:00:00+00:00, run_after=2026-05-17 00:00:00+00:00
[2026-05-17T04:43:54.493+0000] {processor.py:183} INFO - Processing /home/airflow/.local/lib/python3.12/site-packages/airflow/example_dags/tutorial.py took 0.137 seconds
[2026-05-17T04:44:24.670+0000] {processor.py:161} INFO - Started process (PID=159) to work on /home/airflow/.local/lib/python3.12/site-packages/airflow/example_dags/tutorial.py
[2026-05-17T04:44:24.671+0000] {processor.py:830} INFO - Processing file /home/airflow/.local/lib/python3.12/site-packages/airflow/example_dags/tutorial.py for tasks to queue
[2026-05-17T04:44:24.673+0000] {logging_mixin.py:188} INFO - [2026-05-17T04:44:24.672+0000] {dagbag.py:545} INFO - Filling up the DagBag from /home/airflow/.local/lib/python3.12/site-packages/airflow/example_dags/tutorial.py
[2026-05-17T04:44:24.678+0000] {processor.py:840} INFO - DAG(s) 'tutorial' retrieved from /home/airflow/.local/lib/python3.12/site-packages/airflow/example_dags/tutorial.py
[2026-05-17T04:44:24.751+0000] {logging_mixin.py:188} INFO - [2026-05-17T04:44:24.751+0000] {dag.py:3096} INFO - Sync 1 DAGs
[2026-05-17T04:44:24.765+0000] {logging_mixin.py:188} INFO - [2026-05-17T04:44:24.764+0000] {dag.py:3954} INFO - Setting next_dagrun for tutorial to 2026-05-16 00:00:00+00:00, run_after=2026-05-17 00:00:00+00:00
[2026-05-17T04:44:24.778+0000] {processor.py:183} INFO - Processing /home/airflow/.local/lib/python3.12/site-packages/airflow/example_dags/tutorial.py took 0.115 seconds
[2026-05-17T04:44:55.532+0000] {processor.py:161} INFO - Started process (PID=218) to work on /home/airflow/.local/lib/python3.12/site-packages/airflow/example_dags/tutorial.py
[2026-05-17T04:44:55.534+0000] {processor.py:830} INFO - Processing file /home/airflow/.local/lib/python3.12/site-packages/airflow/example_dags/tutorial.py for tasks to queue
[2026-05-17T04:44:55.537+0000] {logging_mixin.py:188} INFO - [2026-05-17T04:44:55.536+0000] {dagbag.py:545} INFO - Filling up the DagBag from /home/airflow/.local/lib/python3.12/site-packages/airflow/example_dags/tutorial.py
[2026-05-17T04:44:55.542+0000] {processor.py:840} INFO - DAG(s) 'tutorial' retrieved from /home/airflow/.local/lib/python3.12/site-packages/airflow/example_dags/tutorial.py
[2026-05-17T04:44:55.562+0000] {logging_mixin.py:188} INFO - [2026-05-17T04:44:55.562+0000] {dag.py:3096} INFO - Sync 1 DAGs
[2026-05-17T04:44:55.584+0000] {logging_mixin.py:188} INFO - [2026-05-17T04:44:55.583+0000] {dag.py:3954} INFO - Setting next_dagrun for tutorial to 2026-05-16 00:00:00+00:00, run_after=2026-05-17 00:00:00+00:00
[2026-05-17T04:44:55.619+0000] {processor.py:183} INFO - Processing /home/airflow/.local/lib/python3.12/site-packages/airflow/example_dags/tutorial.py took 0.095 seconds
[2026-05-17T04:45:25.720+0000] {processor.py:161} INFO - Started process (PID=277) to work on /home/airflow/.local/lib/python3.12/site-packages/airflow/example_dags/tutorial.py
[2026-05-17T04:45:25.721+0000] {processor.py:830} INFO - Processing file /home/airflow/.local/lib/python3.12/site-packages/airflow/example_dags/tutorial.py for tasks to queue
[2026-05-17T04:45:25.722+0000] {logging_mixin.py:188} INFO - [2026-05-17T04:45:25.722+0000] {dagbag.py:545} INFO - Filling up the DagBag from /home/airflow/.local/lib/python3.12/site-packages/airflow/example_dags/tutorial.py
[2026-05-17T04:45:25.727+0000] {processor.py:840} INFO - DAG(s) 'tutorial' retrieved from /home/airflow/.local/lib/python3.12/site-packages/airflow/example_dags/tutorial.py
[2026-05-17T04:45:25.741+0000] {logging_mixin.py:188} INFO - [2026-05-17T04:45:25.741+0000] {dag.py:3096} INFO - Sync 1 DAGs
[2026-05-17T04:45:25.755+0000] {logging_mixin.py:188} INFO - [2026-05-17T04:45:25.755+0000] {dag.py:3954} INFO - Setting next_dagrun for tutorial to 2026-05-16 00:00:00+00:00, run_after=2026-05-17 00:00:00+00:00
[2026-05-17T04:45:25.767+0000] {processor.py:183} INFO - Processing /home/airflow/.local/lib/python3.12/site-packages/airflow/example_dags/tutorial.py took 0.051 seconds
[2026-05-17T04:45:56.372+0000] {processor.py:161} INFO - Started process (PID=336) to work on /home/airflow/.local/lib/python3.12/site-packages/airflow/example_dags/tutorial.py
[2026-05-17T04:45:56.373+0000] {processor.py:830} INFO - Processing file /home/airflow/.local/lib/python3.12/site-packages/airflow/example_dags/tutorial.py for tasks to queue
[2026-05-17T04:45:56.374+0000] {logging_mixin.py:188} INFO - [2026-05-17T04:45:56.374+0000] {dagbag.py:545} INFO - Filling up the DagBag from /home/airflow/.local/lib/python3.12/site-packages/airflow/example_dags/tutorial.py
[2026-05-17T04:45:56.378+0000] {processor.py:840} INFO - DAG(s) 'tutorial' retrieved from /home/airflow/.local/lib/python3.12/site-packages/airflow/example_dags/tutorial.py
[2026-05-17T04:45:56.391+0000] {logging_mixin.py:188} INFO - [2026-05-17T04:45:56.391+0000] {dag.py:3096} INFO - Sync 1 DAGs
[2026-05-17T04:45:56.405+0000] {logging_mixin.py:188} INFO - [2026-05-17T04:45:56.405+0000] {dag.py:3954} INFO - Setting next_dagrun for tutorial to 2026-05-16 00:00:00+00:00, run_after=2026-05-17 00:00:00+00:00
[2026-05-17T04:45:56.417+0000] {processor.py:183} INFO - Processing /home/airflow/.local/lib/python3.12/site-packages/airflow/example_dags/tutorial.py took 0.049 seconds
[2026-05-17T04:46:26.846+0000] {processor.py:161} INFO - Started process (PID=395) to work on /home/airflow/.local/lib/python3.12/site-packages/airflow/example_dags/tutorial.py
[2026-05-17T04:46:26.847+0000] {processor.py:830} INFO - Processing file /home/airflow/.local/lib/python3.12/site-packages/airflow/example_dags/tutorial.py for tasks to queue
[2026-05-17T04:46:26.848+0000] {logging_mixin.py:188} INFO - [2026-05-17T04:46:26.848+0000] {dagbag.py:545} INFO - Filling up the DagBag from /home/airflow/.local/lib/python3.12/site-packages/airflow/example_dags/tutorial.py
[2026-05-17T04:46:26.852+0000] {processor.py:840} INFO - DAG(s) 'tutorial' retrieved from /home/airflow/.local/lib/python3.12/site-packages/airflow/example_dags/tutorial.py
[2026-05-17T04:46:26.867+0000] {logging_mixin.py:188} INFO - [2026-05-17T04:46:26.867+0000] {dag.py:3096} INFO - Sync 1 DAGs
[2026-05-17T04:46:26.883+0000] {logging_mixin.py:188} INFO - [2026-05-17T04:46:26.883+0000] {dag.py:3954} INFO - Setting next_dagrun for tutorial to 2026-05-16 00:00:00+00:00, run_after=2026-05-17 00:00:00+00:00
[2026-05-17T04:46:26.898+0000] {processor.py:183} INFO - Processing /home/airflow/.local/lib/python3.12/site-packages/airflow/example_dags/tutorial.py took 0.056 seconds
[2026-05-17T04:46:57.339+0000] {processor.py:161} INFO - Started process (PID=454) to work on /home/airflow/.local/lib/python3.12/site-packages/airflow/example_dags/tutorial.py
[2026-05-17T04:46:57.340+0000] {processor.py:830} INFO - Processing file /home/airflow/.local/lib/python3.12/site-packages/airflow/example_dags/tutorial.py for tasks to queue
[2026-05-17T04:46:57.342+0000] {logging_mixin.py:188} INFO - [2026-05-17T04:46:57.341+0000] {dagbag.py:545} INFO - Filling up the DagBag from /home/airflow/.local/lib/python3.12/site-packages/airflow/example_dags/tutorial.py
[2026-05-17T04:46:57.346+0000] {processor.py:840} INFO - DAG(s) 'tutorial' retrieved from /home/airflow/.local/lib/python3.12/site-packages/airflow/example_dags/tutorial.py
[2026-05-17T04:46:57.358+0000] {logging_mixin.py:188} INFO - [2026-05-17T04:46:57.358+0000] {dag.py:3096} INFO - Sync 1 DAGs
[2026-05-17T04:46:57.371+0000] {logging_mixin.py:188} INFO - [2026-05-17T04:46:57.371+0000] {dag.py:3954} INFO - Setting next_dagrun for tutorial to 2026-05-16 00:00:00+00:00, run_after=2026-05-17 00:00:00+00:00
[2026-05-17T04:46:57.384+0000] {processor.py:183} INFO - Processing /home/airflow/.local/lib/python3.12/site-packages/airflow/example_dags/tutorial.py took 0.049 seconds
[2026-05-17T04:47:27.776+0000] {processor.py:161} INFO - Started process (PID=513) to work on /home/airflow/.local/lib/python3.12/site-packages/airflow/example_dags/tutorial.py
[2026-05-17T04:47:27.777+0000] {processor.py:830} INFO - Processing file /home/airflow/.local/lib/python3.12/site-packages/airflow/example_dags/tutorial.py for tasks to queue
[2026-05-17T04:47:27.779+0000] {logging_mixin.py:188} INFO - [2026-05-17T04:47:27.778+0000] {dagbag.py:545} INFO - Filling up the DagBag from /home/airflow/.local/lib/python3.12/site-packages/airflow/example_dags/tutorial.py
[2026-05-17T04:47:27.783+0000] {processor.py:840} INFO - DAG(s) 'tutorial' retrieved from /home/airflow/.local/lib/python3.12/site-packages/airflow/example_dags/tutorial.py
[2026-05-17T04:47:27.799+0000] {logging_mixin.py:188} INFO - [2026-05-17T04:47:27.798+0000] {dag.py:3096} INFO - Sync 1 DAGs
[2026-05-17T04:47:27.814+0000] {logging_mixin.py:188} INFO - [2026-05-17T04:47:27.814+0000] {dag.py:3954} INFO - Setting next_dagrun for tutorial to 2026-05-16 00:00:00+00:00, run_after=2026-05-17 00:00:00+00:00
[2026-05-17T04:47:27.827+0000] {processor.py:183} INFO - Processing /home/airflow/.local/lib/python3.12/site-packages/airflow/example_dags/tutorial.py took 0.055 seconds
[2026-05-17T04:47:58.192+0000] {processor.py:161} INFO - Started process (PID=572) to work on /home/airflow/.local/lib/python3.12/site-packages/airflow/example_dags/tutorial.py
[2026-05-17T04:47:58.193+0000] {processor.py:830} INFO - Processing file /home/airflow/.local/lib/python3.12/site-packages/airflow/example_dags/tutorial.py for tasks to queue
[2026-05-17T04:47:58.195+0000] {logging_mixin.py:188} INFO - [2026-05-17T04:47:58.195+0000] {dagbag.py:545} INFO - Filling up the DagBag from /home/airflow/.local/lib/python3.12/site-packages/airflow/example_dags/tutorial.py
[2026-05-17T04:47:58.201+0000] {processor.py:840} INFO - DAG(s) 'tutorial' retrieved from /home/airflow/.local/lib/python3.12/site-packages/airflow/example_dags/tutorial.py
[2026-05-17T04:47:58.220+0000] {logging_mixin.py:188} INFO - [2026-05-17T04:47:58.220+0000] {dag.py:3096} INFO - Sync 1 DAGs
[2026-05-17T04:47:58.238+0000] {logging_mixin.py:188} INFO - [2026-05-17T04:47:58.238+0000] {dag.py:3954} INFO - Setting next_dagrun for tutorial to 2026-05-16 00:00:00+00:00, run_after=2026-05-17 00:00:00+00:00
[2026-05-17T04:47:58.260+0000] {processor.py:183} INFO - Processing /home/airflow/.local/lib/python3.12/site-packages/airflow/example_dags/tutorial.py took 0.074 seconds
[2026-05-17T04:48:28.790+0000] {processor.py:161} INFO - Started process (PID=631) to work on /home/airflow/.local/lib/python3.12/site-packages/airflow/example_dags/tutorial.py
[2026-05-17T04:48:28.791+0000] {processor.py:830} INFO - Processing file /home/airflow/.local/lib/python3.12/site-packages/airflow/example_dags/tutorial.py for tasks to queue
[2026-05-17T04:48:28.793+0000] {logging_mixin.py:188} INFO - [2026-05-17T04:48:28.792+0000] {dagbag.py:545} INFO - Filling up the DagBag from /home/airflow/.local/lib/python3.12/site-packages/airflow/example_dags/tutorial.py
[2026-05-17T04:48:28.797+0000] {processor.py:840} INFO - DAG(s) 'tutorial' retrieved from /home/airflow/.local/lib/python3.12/site-packages/airflow/example_dags/tutorial.py
[2026-05-17T04:48:28.811+0000] {logging_mixin.py:188} INFO - [2026-05-17T04:48:28.811+0000] {dag.py:3096} INFO - Sync 1 DAGs
[2026-05-17T04:48:28.826+0000] {logging_mixin.py:188} INFO - [2026-05-17T04:48:28.826+0000] {dag.py:3954} INFO - Setting next_dagrun for tutorial to 2026-05-16 00:00:00+00:00, run_after=2026-05-17 00:00:00+00:00
[2026-05-17T04:48:28.840+0000] {processor.py:183} INFO - Processing /home/airflow/.local/lib/python3.12/site-packages/airflow/example_dags/tutorial.py took 0.053 seconds
[2026-05-17T04:48:59.446+0000] {processor.py:161} INFO - Started process (PID=690) to work on /home/airflow/.local/lib/python3.12/site-packages/airflow/example_dags/tutorial.py
[2026-05-17T04:48:59.447+0000] {processor.py:830} INFO - Processing file /home/airflow/.local/lib/python3.12/site-packages/airflow/example_dags/tutorial.py for tasks to queue
[2026-05-17T04:48:59.450+0000] {logging_mixin.py:188} INFO - [2026-05-17T04:48:59.449+0000] {dagbag.py:545} INFO - Filling up the DagBag from /home/airflow/.local/lib/python3.12/site-packages/airflow/example_dags/tutorial.py
[2026-05-17T04:48:59.455+0000] {processor.py:840} INFO - DAG(s) 'tutorial' retrieved from /home/airflow/.local/lib/python3.12/site-packages/airflow/example_dags/tutorial.py
[2026-05-17T04:48:59.472+0000] {logging_mixin.py:188} INFO - [2026-05-17T04:48:59.471+0000] {dag.py:3096} INFO - Sync 1 DAGs
[2026-05-17T04:48:59.493+0000] {logging_mixin.py:188} INFO - [2026-05-17T04:48:59.493+0000] {dag.py:3954} INFO - Setting next_dagrun for tutorial to 2026-05-16 00:00:00+00:00, run_after=2026-05-17 00:00:00+00:00
[2026-05-17T04:48:59.512+0000] {processor.py:183} INFO - Processing /home/airflow/.local/lib/python3.12/site-packages/airflow/example_dags/tutorial.py took 0.073 seconds
[2026-05-17T04:49:30.023+0000] {processor.py:161} INFO - Started process (PID=749) to work on /home/airflow/.local/lib/python3.12/site-packages/airflow/example_dags/tutorial.py
[2026-05-17T04:49:30.024+0000] {processor.py:830} INFO - Processing file /home/airflow/.local/lib/python3.12/site-packages/airflow/example_dags/tutorial.py for tasks to queue
[2026-05-17T04:49:30.025+0000] {logging_mixin.py:188} INFO - [2026-05-17T04:49:30.025+0000] {dagbag.py:545} INFO - Filling up the DagBag from /home/airflow/.local/lib/python3.12/site-packages/airflow/example_dags/tutorial.py
[2026-05-17T04:49:30.029+0000] {processor.py:840} INFO - DAG(s) 'tutorial' retrieved from /home/airflow/.local/lib/python3.12/site-packages/airflow/example_dags/tutorial.py
[2026-05-17T04:49:30.042+0000] {logging_mixin.py:188} INFO - [2026-05-17T04:49:30.042+0000] {dag.py:3096} INFO - Sync 1 DAGs
[2026-05-17T04:49:30.055+0000] {logging_mixin.py:188} INFO - [2026-05-17T04:49:30.055+0000] {dag.py:3954} INFO - Setting next_dagrun for tutorial to 2026-05-16 00:00:00+00:00, run_after=2026-05-17 00:00:00+00:00
[2026-05-17T04:49:30.082+0000] {processor.py:183} INFO - Processing /home/airflow/.local/lib/python3.12/site-packages/airflow/example_dags/tutorial.py took 0.063 seconds
[2026-05-17T04:50:00.618+0000] {processor.py:161} INFO - Started process (PID=808) to work on /home/airflow/.local/lib/python3.12/site-packages/airflow/example_dags/tutorial.py
[2026-05-17T04:50:00.619+0000] {processor.py:830} INFO - Processing file /home/airflow/.local/lib/python3.12/site-packages/airflow/example_dags/tutorial.py for tasks to queue
[2026-05-17T04:50:00.620+0000] {logging_mixin.py:188} INFO - [2026-05-17T04:50:00.620+0000] {dagbag.py:545} INFO - Filling up the DagBag from /home/airflow/.local/lib/python3.12/site-packages/airflow/example_dags/tutorial.py
[2026-05-17T04:50:00.625+0000] {processor.py:840} INFO - DAG(s) 'tutorial' retrieved from /home/airflow/.local/lib/python3.12/site-packages/airflow/example_dags/tutorial.py
[2026-05-17T04:50:00.639+0000] {logging_mixin.py:188} INFO - [2026-05-17T04:50:00.639+0000] {dag.py:3096} INFO - Sync 1 DAGs
[2026-05-17T04:50:00.654+0000] {logging_mixin.py:188} INFO - [2026-05-17T04:50:00.654+0000] {dag.py:3954} INFO - Setting next_dagrun for tutorial to 2026-05-16 00:00:00+00:00, run_after=2026-05-17 00:00:00+00:00
[2026-05-17T04:50:00.668+0000] {processor.py:183} INFO - Processing /home/airflow/.local/lib/python3.12/site-packages/airflow/example_dags/tutorial.py took 0.054 seconds
[2026-05-17T04:50:31.252+0000] {processor.py:161} INFO - Started process (PID=867) to work on /home/airflow/.local/lib/python3.12/site-packages/airflow/example_dags/tutorial.py
[2026-05-17T04:50:31.254+0000] {processor.py:830} INFO - Processing file /home/airflow/.local/lib/python3.12/site-packages/airflow/example_dags/tutorial.py for tasks to queue
[2026-05-17T04:50:31.256+0000] {logging_mixin.py:188} INFO - [2026-05-17T04:50:31.255+0000] {dagbag.py:545} INFO - Filling up the DagBag from /home/airflow/.local/lib/python3.12/site-packages/airflow/example_dags/tutorial.py
[2026-05-17T04:50:31.260+0000] {processor.py:840} INFO - DAG(s) 'tutorial' retrieved from /home/airflow/.local/lib/python3.12/site-packages/airflow/example_dags/tutorial.py
[2026-05-17T04:50:31.275+0000] {logging_mixin.py:188} INFO - [2026-05-17T04:50:31.275+0000] {dag.py:3096} INFO - Sync 1 DAGs
[2026-05-17T04:50:31.292+0000] {logging_mixin.py:188} INFO - [2026-05-17T04:50:31.292+0000] {dag.py:3954} INFO - Setting next_dagrun for tutorial to 2026-05-16 00:00:00+00:00, run_after=2026-05-17 00:00:00+00:00
[2026-05-17T04:50:31.307+0000] {processor.py:183} INFO - Processing /home/airflow/.local/lib/python3.12/site-packages/airflow/example_dags/tutorial.py took 0.059 seconds
[2026-05-17T04:52:12.474+0000] {processor.py:161} INFO - Started process (PID=94) to work on /home/airflow/.local/lib/python3.12/site-packages/airflow/example_dags/tutorial.py
[2026-05-17T04:52:12.476+0000] {processor.py:830} INFO - Processing file /home/airflow/.local/lib/python3.12/site-packages/airflow/example_dags/tutorial.py for tasks to queue
[2026-05-17T04:52:12.479+0000] {logging_mixin.py:188} INFO - [2026-05-17T04:52:12.478+0000] {dagbag.py:545} INFO - Filling up the DagBag from /home/airflow/.local/lib/python3.12/site-packages/airflow/example_dags/tutorial.py
[2026-05-17T04:52:12.494+0000] {processor.py:840} INFO - DAG(s) 'tutorial' retrieved from /home/airflow/.local/lib/python3.12/site-packages/airflow/example_dags/tutorial.py
[2026-05-17T04:52:12.534+0000] {logging_mixin.py:188} INFO - [2026-05-17T04:52:12.533+0000] {dag.py:3096} INFO - Sync 1 DAGs
[2026-05-17T04:52:12.573+0000] {logging_mixin.py:188} INFO - [2026-05-17T04:52:12.573+0000] {dag.py:3954} INFO - Setting next_dagrun for tutorial to 2026-05-16 00:00:00+00:00, run_after=2026-05-17 00:00:00+00:00
[2026-05-17T04:52:12.613+0000] {processor.py:183} INFO - Processing /home/airflow/.local/lib/python3.12/site-packages/airflow/example_dags/tutorial.py took 0.148 seconds
[2026-05-17T04:52:43.099+0000] {processor.py:161} INFO - Started process (PID=159) to work on /home/airflow/.local/lib/python3.12/site-packages/airflow/example_dags/tutorial.py
[2026-05-17T04:52:43.100+0000] {processor.py:830} INFO - Processing file /home/airflow/.local/lib/python3.12/site-packages/airflow/example_dags/tutorial.py for tasks to queue
[2026-05-17T04:52:43.101+0000] {logging_mixin.py:188} INFO - [2026-05-17T04:52:43.101+0000] {dagbag.py:545} INFO - Filling up the DagBag from /home/airflow/.local/lib/python3.12/site-packages/airflow/example_dags/tutorial.py
[2026-05-17T04:52:43.105+0000] {processor.py:840} INFO - DAG(s) 'tutorial' retrieved from /home/airflow/.local/lib/python3.12/site-packages/airflow/example_dags/tutorial.py
[2026-05-17T04:52:43.169+0000] {logging_mixin.py:188} INFO - [2026-05-17T04:52:43.169+0000] {dag.py:3096} INFO - Sync 1 DAGs
[2026-05-17T04:52:43.180+0000] {logging_mixin.py:188} INFO - [2026-05-17T04:52:43.180+0000] {dag.py:3954} INFO - Setting next_dagrun for tutorial to 2026-05-16 00:00:00+00:00, run_after=2026-05-17 00:00:00+00:00
[2026-05-17T04:52:43.192+0000] {processor.py:183} INFO - Processing /home/airflow/.local/lib/python3.12/site-packages/airflow/example_dags/tutorial.py took 0.096 seconds
[2026-05-17T04:53:13.549+0000] {processor.py:161} INFO - Started process (PID=218) to work on /home/airflow/.local/lib/python3.12/site-packages/airflow/example_dags/tutorial.py
[2026-05-17T04:53:13.550+0000] {processor.py:830} INFO - Processing file /home/airflow/.local/lib/python3.12/site-packages/airflow/example_dags/tutorial.py for tasks to queue
[2026-05-17T04:53:13.552+0000] {logging_mixin.py:188} INFO - [2026-05-17T04:53:13.551+0000] {dagbag.py:545} INFO - Filling up the DagBag from /home/airflow/.local/lib/python3.12/site-packages/airflow/example_dags/tutorial.py
[2026-05-17T04:53:13.557+0000] {processor.py:840} INFO - DAG(s) 'tutorial' retrieved from /home/airflow/.local/lib/python3.12/site-packages/airflow/example_dags/tutorial.py
[2026-05-17T04:53:13.570+0000] {logging_mixin.py:188} INFO - [2026-05-17T04:53:13.570+0000] {dag.py:3096} INFO - Sync 1 DAGs
[2026-05-17T04:53:13.583+0000] {logging_mixin.py:188} INFO - [2026-05-17T04:53:13.583+0000] {dag.py:3954} INFO - Setting next_dagrun for tutorial to 2026-05-16 00:00:00+00:00, run_after=2026-05-17 00:00:00+00:00
[2026-05-17T04:53:13.596+0000] {processor.py:183} INFO - Processing /home/airflow/.local/lib/python3.12/site-packages/airflow/example_dags/tutorial.py took 0.051 seconds
[2026-05-17T04:53:43.791+0000] {processor.py:161} INFO - Started process (PID=277) to work on /home/airflow/.local/lib/python3.12/site-packages/airflow/example_dags/tutorial.py
[2026-05-17T04:53:43.792+0000] {processor.py:830} INFO - Processing file /home/airflow/.local/lib/python3.12/site-packages/airflow/example_dags/tutorial.py for tasks to queue
[2026-05-17T04:53:43.793+0000] {logging_mixin.py:188} INFO - [2026-05-17T04:53:43.793+0000] {dagbag.py:545} INFO - Filling up the DagBag from /home/airflow/.local/lib/python3.12/site-packages/airflow/example_dags/tutorial.py
[2026-05-17T04:53:43.798+0000] {processor.py:840} INFO - DAG(s) 'tutorial' retrieved from /home/airflow/.local/lib/python3.12/site-packages/airflow/example_dags/tutorial.py
[2026-05-17T04:53:43.811+0000] {logging_mixin.py:188} INFO - [2026-05-17T04:53:43.811+0000] {dag.py:3096} INFO - Sync 1 DAGs
[2026-05-17T04:53:43.831+0000] {logging_mixin.py:188} INFO - [2026-05-17T04:53:43.830+0000] {dag.py:3954} INFO - Setting next_dagrun for tutorial to 2026-05-16 00:00:00+00:00, run_after=2026-05-17 00:00:00+00:00
[2026-05-17T04:53:43.852+0000] {processor.py:183} INFO - Processing /home/airflow/.local/lib/python3.12/site-packages/airflow/example_dags/tutorial.py took 0.067 seconds
[2026-05-17T04:54:14.102+0000] {processor.py:161} INFO - Started process (PID=336) to work on /home/airflow/.local/lib/python3.12/site-packages/airflow/example_dags/tutorial.py
[2026-05-17T04:54:14.103+0000] {processor.py:830} INFO - Processing file /home/airflow/.local/lib/python3.12/site-packages/airflow/example_dags/tutorial.py for tasks to queue
[2026-05-17T04:54:14.105+0000] {logging_mixin.py:188} INFO - [2026-05-17T04:54:14.104+0000] {dagbag.py:545} INFO - Filling up the DagBag from /home/airflow/.local/lib/python3.12/site-packages/airflow/example_dags/tutorial.py
[2026-05-17T04:54:14.108+0000] {processor.py:840} INFO - DAG(s) 'tutorial' retrieved from /home/airflow/.local/lib/python3.12/site-packages/airflow/example_dags/tutorial.py
[2026-05-17T04:54:14.122+0000] {logging_mixin.py:188} INFO - [2026-05-17T04:54:14.121+0000] {dag.py:3096} INFO - Sync 1 DAGs
[2026-05-17T04:54:14.135+0000] {logging_mixin.py:188} INFO - [2026-05-17T04:54:14.135+0000] {dag.py:3954} INFO - Setting next_dagrun for tutorial to 2026-05-16 00:00:00+00:00, run_after=2026-05-17 00:00:00+00:00
[2026-05-17T04:54:14.153+0000] {processor.py:183} INFO - Processing /home/airflow/.local/lib/python3.12/site-packages/airflow/example_dags/tutorial.py took 0.054 seconds
[2026-05-17T04:54:44.310+0000] {processor.py:161} INFO - Started process (PID=395) to work on /home/airflow/.local/lib/python3.12/site-packages/airflow/example_dags/tutorial.py
[2026-05-17T04:54:44.311+0000] {processor.py:830} INFO - Processing file /home/airflow/.local/lib/python3.12/site-packages/airflow/example_dags/tutorial.py for tasks to queue
[2026-05-17T04:54:44.313+0000] {logging_mixin.py:188} INFO - [2026-05-17T04:54:44.313+0000] {dagbag.py:545} INFO - Filling up the DagBag from /home/airflow/.local/lib/python3.12/site-packages/airflow/example_dags/tutorial.py
[2026-05-17T04:54:44.319+0000] {processor.py:840} INFO - DAG(s) 'tutorial' retrieved from /home/airflow/.local/lib/python3.12/site-packages/airflow/example_dags/tutorial.py
[2026-05-17T04:54:44.337+0000] {logging_mixin.py:188} INFO - [2026-05-17T04:54:44.337+0000] {dag.py:3096} INFO - Sync 1 DAGs
[2026-05-17T04:54:44.356+0000] {logging_mixin.py:188} INFO - [2026-05-17T04:54:44.356+0000] {dag.py:3954} INFO - Setting next_dagrun for tutorial to 2026-05-16 00:00:00+00:00, run_after=2026-05-17 00:00:00+00:00
[2026-05-17T04:54:44.374+0000] {processor.py:183} INFO - Processing /home/airflow/.local/lib/python3.12/site-packages/airflow/example_dags/tutorial.py took 0.069 seconds
[2026-05-17T04:55:14.447+0000] {processor.py:161} INFO - Started process (PID=454) to work on /home/airflow/.local/lib/python3.12/site-packages/airflow/example_dags/tutorial.py
[2026-05-17T04:55:14.448+0000] {processor.py:830} INFO - Processing file /home/airflow/.local/lib/python3.12/site-packages/airflow/example_dags/tutorial.py for tasks to queue
[2026-05-17T04:55:14.451+0000] {logging_mixin.py:188} INFO - [2026-05-17T04:55:14.451+0000] {dagbag.py:545} INFO - Filling up the DagBag from /home/airflow/.local/lib/python3.12/site-packages/airflow/example_dags/tutorial.py
[2026-05-17T04:55:14.456+0000] {processor.py:840} INFO - DAG(s) 'tutorial' retrieved from /home/airflow/.local/lib/python3.12/site-packages/airflow/example_dags/tutorial.py
[2026-05-17T04:55:14.476+0000] {logging_mixin.py:188} INFO - [2026-05-17T04:55:14.476+0000] {dag.py:3096} INFO - Sync 1 DAGs
[2026-05-17T04:55:14.500+0000] {logging_mixin.py:188} INFO - [2026-05-17T04:55:14.500+0000] {dag.py:3954} INFO - Setting next_dagrun for tutorial to 2026-05-16 00:00:00+00:00, run_after=2026-05-17 00:00:00+00:00
[2026-05-17T04:55:14.518+0000] {processor.py:183} INFO - Processing /home/airflow/.local/lib/python3.12/site-packages/airflow/example_dags/tutorial.py took 0.076 seconds
[2026-05-17T04:55:45.061+0000] {processor.py:161} INFO - Started process (PID=513) to work on /home/airflow/.local/lib/python3.12/site-packages/airflow/example_dags/tutorial.py
[2026-05-17T04:55:45.062+0000] {processor.py:830} INFO - Processing file /home/airflow/.local/lib/python3.12/site-packages/airflow/example_dags/tutorial.py for tasks to queue
[2026-05-17T04:55:45.064+0000] {logging_mixin.py:188} INFO - [2026-05-17T04:55:45.064+0000] {dagbag.py:545} INFO - Filling up the DagBag from /home/airflow/.local/lib/python3.12/site-packages/airflow/example_dags/tutorial.py
[2026-05-17T04:55:45.072+0000] {processor.py:840} INFO - DAG(s) 'tutorial' retrieved from /home/airflow/.local/lib/python3.12/site-packages/airflow/example_dags/tutorial.py
[2026-05-17T04:55:45.107+0000] {logging_mixin.py:188} INFO - [2026-05-17T04:55:45.106+0000] {dag.py:3096} INFO - Sync 1 DAGs
[2026-05-17T04:55:45.139+0000] {logging_mixin.py:188} INFO - [2026-05-17T04:55:45.138+0000] {dag.py:3954} INFO - Setting next_dagrun for tutorial to 2026-05-16 00:00:00+00:00, run_after=2026-05-17 00:00:00+00:00
[2026-05-17T04:55:45.166+0000] {processor.py:183} INFO - Processing /home/airflow/.local/lib/python3.12/site-packages/airflow/example_dags/tutorial.py took 0.111 seconds
[2026-05-17T04:56:17.608+0000] {processor.py:161} INFO - Started process (PID=572) to work on /home/airflow/.local/lib/python3.12/site-packages/airflow/example_dags/tutorial.py
[2026-05-17T04:56:17.609+0000] {processor.py:830} INFO - Processing file /home/airflow/.local/lib/python3.12/site-packages/airflow/example_dags/tutorial.py for tasks to queue
[2026-05-17T04:56:17.618+0000] {logging_mixin.py:188} INFO - [2026-05-17T04:56:17.617+0000] {dagbag.py:545} INFO - Filling up the DagBag from /home/airflow/.local/lib/python3.12/site-packages/airflow/example_dags/tutorial.py
[2026-05-17T04:56:17.625+0000] {processor.py:840} INFO - DAG(s) 'tutorial' retrieved from /home/airflow/.local/lib/python3.12/site-packages/airflow/example_dags/tutorial.py
[2026-05-17T04:56:17.657+0000] {logging_mixin.py:188} INFO - [2026-05-17T04:56:17.656+0000] {dag.py:3096} INFO - Sync 1 DAGs
[2026-05-17T04:56:17.686+0000] {logging_mixin.py:188} INFO - [2026-05-17T04:56:17.685+0000] {dag.py:3954} INFO - Setting next_dagrun for tutorial to 2026-05-16 00:00:00+00:00, run_after=2026-05-17 00:00:00+00:00
[2026-05-17T04:56:17.712+0000] {processor.py:183} INFO - Processing /home/airflow/.local/lib/python3.12/site-packages/airflow/example_dags/tutorial.py took 0.111 seconds
[2026-05-17T04:56:48.353+0000] {processor.py:161} INFO - Started process (PID=631) to work on /home/airflow/.local/lib/python3.12/site-packages/airflow/example_dags/tutorial.py
[2026-05-17T04:56:48.354+0000] {processor.py:830} INFO - Processing file /home/airflow/.local/lib/python3.12/site-packages/airflow/example_dags/tutorial.py for tasks to queue
[2026-05-17T04:56:48.357+0000] {logging_mixin.py:188} INFO - [2026-05-17T04:56:48.356+0000] {dagbag.py:545} INFO - Filling up the DagBag from /home/airflow/.local/lib/python3.12/site-packages/airflow/example_dags/tutorial.py
[2026-05-17T04:56:48.362+0000] {processor.py:840} INFO - DAG(s) 'tutorial' retrieved from /home/airflow/.local/lib/python3.12/site-packages/airflow/example_dags/tutorial.py
[2026-05-17T04:56:48.382+0000] {logging_mixin.py:188} INFO - [2026-05-17T04:56:48.381+0000] {dag.py:3096} INFO - Sync 1 DAGs
[2026-05-17T04:56:48.407+0000] {logging_mixin.py:188} INFO - [2026-05-17T04:56:48.407+0000] {dag.py:3954} INFO - Setting next_dagrun for tutorial to 2026-05-16 00:00:00+00:00, run_after=2026-05-17 00:00:00+00:00
[2026-05-17T04:56:48.444+0000] {processor.py:183} INFO - Processing /home/airflow/.local/lib/python3.12/site-packages/airflow/example_dags/tutorial.py took 0.098 seconds
[2026-05-17T04:57:18.819+0000] {processor.py:161} INFO - Started process (PID=690) to work on /home/airflow/.local/lib/python3.12/site-packages/airflow/example_dags/tutorial.py
[2026-05-17T04:57:18.820+0000] {processor.py:830} INFO - Processing file /home/airflow/.local/lib/python3.12/site-packages/airflow/example_dags/tutorial.py for tasks to queue
[2026-05-17T04:57:18.823+0000] {logging_mixin.py:188} INFO - [2026-05-17T04:57:18.822+0000] {dagbag.py:545} INFO - Filling up the DagBag from /home/airflow/.local/lib/python3.12/site-packages/airflow/example_dags/tutorial.py
[2026-05-17T04:57:18.829+0000] {processor.py:840} INFO - DAG(s) 'tutorial' retrieved from /home/airflow/.local/lib/python3.12/site-packages/airflow/example_dags/tutorial.py
[2026-05-17T04:57:18.853+0000] {logging_mixin.py:188} INFO - [2026-05-17T04:57:18.853+0000] {dag.py:3096} INFO - Sync 1 DAGs
[2026-05-17T04:57:18.879+0000] {logging_mixin.py:188} INFO - [2026-05-17T04:57:18.878+0000] {dag.py:3954} INFO - Setting next_dagrun for tutorial to 2026-05-16 00:00:00+00:00, run_after=2026-05-17 00:00:00+00:00
[2026-05-17T04:57:18.900+0000] {processor.py:183} INFO - Processing /home/airflow/.local/lib/python3.12/site-packages/airflow/example_dags/tutorial.py took 0.087 seconds
[2026-05-17T04:57:48.933+0000] {processor.py:161} INFO - Started process (PID=749) to work on /home/airflow/.local/lib/python3.12/site-packages/airflow/example_dags/tutorial.py
[2026-05-17T04:57:48.934+0000] {processor.py:830} INFO - Processing file /home/airflow/.local/lib/python3.12/site-packages/airflow/example_dags/tutorial.py for tasks to queue
[2026-05-17T04:57:48.936+0000] {logging_mixin.py:188} INFO - [2026-05-17T04:57:48.936+0000] {dagbag.py:545} INFO - Filling up the DagBag from /home/airflow/.local/lib/python3.12/site-packages/airflow/example_dags/tutorial.py
[2026-05-17T04:57:48.943+0000] {processor.py:840} INFO - DAG(s) 'tutorial' retrieved from /home/airflow/.local/lib/python3.12/site-packages/airflow/example_dags/tutorial.py
[2026-05-17T04:57:48.963+0000] {logging_mixin.py:188} INFO - [2026-05-17T04:57:48.962+0000] {dag.py:3096} INFO - Sync 1 DAGs
[2026-05-17T04:57:48.993+0000] {logging_mixin.py:188} INFO - [2026-05-17T04:57:48.993+0000] {dag.py:3954} INFO - Setting next_dagrun for tutorial to 2026-05-16 00:00:00+00:00, run_after=2026-05-17 00:00:00+00:00
[2026-05-17T04:57:49.025+0000] {processor.py:183} INFO - Processing /home/airflow/.local/lib/python3.12/site-packages/airflow/example_dags/tutorial.py took 0.097 seconds
[2026-05-17T04:58:20.774+0000] {processor.py:161} INFO - Started process (PID=808) to work on /home/airflow/.local/lib/python3.12/site-packages/airflow/example_dags/tutorial.py
[2026-05-17T04:58:20.775+0000] {processor.py:830} INFO - Processing file /home/airflow/.local/lib/python3.12/site-packages/airflow/example_dags/tutorial.py for tasks to queue
[2026-05-17T04:58:20.777+0000] {logging_mixin.py:188} INFO - [2026-05-17T04:58:20.777+0000] {dagbag.py:545} INFO - Filling up the DagBag from /home/airflow/.local/lib/python3.12/site-packages/airflow/example_dags/tutorial.py
[2026-05-17T04:58:20.784+0000] {processor.py:840} INFO - DAG(s) 'tutorial' retrieved from /home/airflow/.local/lib/python3.12/site-packages/airflow/example_dags/tutorial.py
[2026-05-17T04:58:20.809+0000] {logging_mixin.py:188} INFO - [2026-05-17T04:58:20.809+0000] {dag.py:3096} INFO - Sync 1 DAGs
[2026-05-17T04:58:20.840+0000] {logging_mixin.py:188} INFO - [2026-05-17T04:58:20.839+0000] {dag.py:3954} INFO - Setting next_dagrun for tutorial to 2026-05-16 00:00:00+00:00, run_after=2026-05-17 00:00:00+00:00
[2026-05-17T04:58:21.170+0000] {processor.py:183} INFO - Processing /home/airflow/.local/lib/python3.12/site-packages/airflow/example_dags/tutorial.py took 0.401 seconds
[2026-05-17T05:00:23.908+0000] {processor.py:161} INFO - Started process (PID=88) to work on /home/airflow/.local/lib/python3.12/site-packages/airflow/example_dags/tutorial.py
[2026-05-17T05:00:23.909+0000] {processor.py:830} INFO - Processing file /home/airflow/.local/lib/python3.12/site-packages/airflow/example_dags/tutorial.py for tasks to queue
[2026-05-17T05:00:23.911+0000] {logging_mixin.py:188} INFO - [2026-05-17T05:00:23.911+0000] {dagbag.py:545} INFO - Filling up the DagBag from /home/airflow/.local/lib/python3.12/site-packages/airflow/example_dags/tutorial.py
[2026-05-17T05:00:23.916+0000] {processor.py:840} INFO - DAG(s) 'tutorial' retrieved from /home/airflow/.local/lib/python3.12/site-packages/airflow/example_dags/tutorial.py
[2026-05-17T05:00:23.932+0000] {logging_mixin.py:188} INFO - [2026-05-17T05:00:23.932+0000] {dag.py:3096} INFO - Sync 1 DAGs
[2026-05-17T05:00:23.947+0000] {logging_mixin.py:188} INFO - [2026-05-17T05:00:23.947+0000] {dag.py:3954} INFO - Setting next_dagrun for tutorial to 2026-05-16 00:00:00+00:00, run_after=2026-05-17 00:00:00+00:00
[2026-05-17T05:00:23.959+0000] {processor.py:183} INFO - Processing /home/airflow/.local/lib/python3.12/site-packages/airflow/example_dags/tutorial.py took 0.054 seconds
