[2026-05-17T04:43:48.407+0000] {processor.py:161} INFO - Started process (PID=56) to work on /opt/airflow/dags/improved_automl_pipeline.py
[2026-05-17T04:43:48.411+0000] {processor.py:830} INFO - Processing file /opt/airflow/dags/improved_automl_pipeline.py for tasks to queue
[2026-05-17T04:43:48.414+0000] {logging_mixin.py:188} INFO - [2026-05-17T04:43:48.414+0000] {dagbag.py:545} INFO - Filling up the DagBag from /opt/airflow/dags/improved_automl_pipeline.py
[2026-05-17T04:43:48.477+0000] {processor.py:840} INFO - DAG(s) 'improved_automl_pipeline' retrieved from /opt/airflow/dags/improved_automl_pipeline.py
[2026-05-17T04:43:48.912+0000] {logging_mixin.py:188} INFO - [2026-05-17T04:43:48.911+0000] {override.py:1829} INFO - Created Permission View: can delete on DAG:improved_automl_pipeline
[2026-05-17T04:43:48.928+0000] {logging_mixin.py:188} INFO - [2026-05-17T04:43:48.928+0000] {override.py:1829} INFO - Created Permission View: can read on DAG:improved_automl_pipeline
[2026-05-17T04:43:48.935+0000] {logging_mixin.py:188} INFO - [2026-05-17T04:43:48.934+0000] {override.py:1829} INFO - Created Permission View: can edit on DAG:improved_automl_pipeline
[2026-05-17T04:43:48.936+0000] {logging_mixin.py:188} INFO - [2026-05-17T04:43:48.935+0000] {dag.py:3096} INFO - Sync 1 DAGs
[2026-05-17T04:43:48.953+0000] {logging_mixin.py:188} INFO - [2026-05-17T04:43:48.952+0000] {dag.py:3118} INFO - Creating ORM DAG for improved_automl_pipeline
[2026-05-17T04:43:48.975+0000] {logging_mixin.py:188} INFO - [2026-05-17T04:43:48.975+0000] {dag.py:3954} INFO - Setting next_dagrun for improved_automl_pipeline to 2026-05-10 00:00:00+00:00, run_after=2026-05-17 00:00:00+00:00
[2026-05-17T04:43:49.001+0000] {processor.py:183} INFO - Processing /opt/airflow/dags/improved_automl_pipeline.py took 0.602 seconds
[2026-05-17T04:44:19.287+0000] {processor.py:161} INFO - Started process (PID=117) to work on /opt/airflow/dags/improved_automl_pipeline.py
[2026-05-17T04:44:19.290+0000] {processor.py:830} INFO - Processing file /opt/airflow/dags/improved_automl_pipeline.py for tasks to queue
[2026-05-17T04:44:19.293+0000] {logging_mixin.py:188} INFO - [2026-05-17T04:44:19.293+0000] {dagbag.py:545} INFO - Filling up the DagBag from /opt/airflow/dags/improved_automl_pipeline.py
[2026-05-17T04:44:19.337+0000] {processor.py:840} INFO - DAG(s) 'improved_automl_pipeline' retrieved from /opt/airflow/dags/improved_automl_pipeline.py
[2026-05-17T04:44:19.507+0000] {logging_mixin.py:188} INFO - [2026-05-17T04:44:19.507+0000] {dag.py:3096} INFO - Sync 1 DAGs
[2026-05-17T04:44:19.534+0000] {logging_mixin.py:188} INFO - [2026-05-17T04:44:19.534+0000] {dag.py:3954} INFO - Setting next_dagrun for improved_automl_pipeline to 2026-05-10 00:00:00+00:00, run_after=2026-05-17 00:00:00+00:00
[2026-05-17T04:44:19.563+0000] {processor.py:183} INFO - Processing /opt/airflow/dags/improved_automl_pipeline.py took 0.284 seconds
[2026-05-17T04:44:49.612+0000] {processor.py:161} INFO - Started process (PID=176) to work on /opt/airflow/dags/improved_automl_pipeline.py
[2026-05-17T04:44:49.613+0000] {processor.py:830} INFO - Processing file /opt/airflow/dags/improved_automl_pipeline.py for tasks to queue
[2026-05-17T04:44:49.614+0000] {logging_mixin.py:188} INFO - [2026-05-17T04:44:49.614+0000] {dagbag.py:545} INFO - Filling up the DagBag from /opt/airflow/dags/improved_automl_pipeline.py
[2026-05-17T04:44:49.644+0000] {processor.py:840} INFO - DAG(s) 'improved_automl_pipeline' retrieved from /opt/airflow/dags/improved_automl_pipeline.py
[2026-05-17T04:44:49.785+0000] {logging_mixin.py:188} INFO - [2026-05-17T04:44:49.784+0000] {dag.py:3096} INFO - Sync 1 DAGs
[2026-05-17T04:44:49.800+0000] {logging_mixin.py:188} INFO - [2026-05-17T04:44:49.800+0000] {dag.py:3954} INFO - Setting next_dagrun for improved_automl_pipeline to 2026-05-10 00:00:00+00:00, run_after=2026-05-17 00:00:00+00:00
[2026-05-17T04:44:49.816+0000] {processor.py:183} INFO - Processing /opt/airflow/dags/improved_automl_pipeline.py took 0.209 seconds
[2026-05-17T04:45:19.887+0000] {processor.py:161} INFO - Started process (PID=235) to work on /opt/airflow/dags/improved_automl_pipeline.py
[2026-05-17T04:45:19.888+0000] {processor.py:830} INFO - Processing file /opt/airflow/dags/improved_automl_pipeline.py for tasks to queue
[2026-05-17T04:45:19.889+0000] {logging_mixin.py:188} INFO - [2026-05-17T04:45:19.889+0000] {dagbag.py:545} INFO - Filling up the DagBag from /opt/airflow/dags/improved_automl_pipeline.py
[2026-05-17T04:45:19.916+0000] {processor.py:840} INFO - DAG(s) 'improved_automl_pipeline' retrieved from /opt/airflow/dags/improved_automl_pipeline.py
[2026-05-17T04:45:20.021+0000] {logging_mixin.py:188} INFO - [2026-05-17T04:45:20.021+0000] {dag.py:3096} INFO - Sync 1 DAGs
[2026-05-17T04:45:20.034+0000] {logging_mixin.py:188} INFO - [2026-05-17T04:45:20.034+0000] {dag.py:3954} INFO - Setting next_dagrun for improved_automl_pipeline to 2026-05-10 00:00:00+00:00, run_after=2026-05-17 00:00:00+00:00
[2026-05-17T04:45:20.059+0000] {processor.py:183} INFO - Processing /opt/airflow/dags/improved_automl_pipeline.py took 0.177 seconds
[2026-05-17T04:45:50.295+0000] {processor.py:161} INFO - Started process (PID=292) to work on /opt/airflow/dags/improved_automl_pipeline.py
[2026-05-17T04:45:50.296+0000] {processor.py:830} INFO - Processing file /opt/airflow/dags/improved_automl_pipeline.py for tasks to queue
[2026-05-17T04:45:50.298+0000] {logging_mixin.py:188} INFO - [2026-05-17T04:45:50.297+0000] {dagbag.py:545} INFO - Filling up the DagBag from /opt/airflow/dags/improved_automl_pipeline.py
[2026-05-17T04:45:50.326+0000] {processor.py:840} INFO - DAG(s) 'improved_automl_pipeline' retrieved from /opt/airflow/dags/improved_automl_pipeline.py
[2026-05-17T04:45:50.445+0000] {logging_mixin.py:188} INFO - [2026-05-17T04:45:50.445+0000] {dag.py:3096} INFO - Sync 1 DAGs
[2026-05-17T04:45:50.463+0000] {logging_mixin.py:188} INFO - [2026-05-17T04:45:50.463+0000] {dag.py:3954} INFO - Setting next_dagrun for improved_automl_pipeline to 2026-05-10 00:00:00+00:00, run_after=2026-05-17 00:00:00+00:00
[2026-05-17T04:45:50.476+0000] {processor.py:183} INFO - Processing /opt/airflow/dags/improved_automl_pipeline.py took 0.186 seconds
[2026-05-17T04:46:21.032+0000] {processor.py:161} INFO - Started process (PID=351) to work on /opt/airflow/dags/improved_automl_pipeline.py
[2026-05-17T04:46:21.033+0000] {processor.py:830} INFO - Processing file /opt/airflow/dags/improved_automl_pipeline.py for tasks to queue
[2026-05-17T04:46:21.034+0000] {logging_mixin.py:188} INFO - [2026-05-17T04:46:21.034+0000] {dagbag.py:545} INFO - Filling up the DagBag from /opt/airflow/dags/improved_automl_pipeline.py
[2026-05-17T04:46:21.064+0000] {processor.py:840} INFO - DAG(s) 'improved_automl_pipeline' retrieved from /opt/airflow/dags/improved_automl_pipeline.py
[2026-05-17T04:46:21.177+0000] {logging_mixin.py:188} INFO - [2026-05-17T04:46:21.177+0000] {dag.py:3096} INFO - Sync 1 DAGs
[2026-05-17T04:46:21.191+0000] {logging_mixin.py:188} INFO - [2026-05-17T04:46:21.191+0000] {dag.py:3954} INFO - Setting next_dagrun for improved_automl_pipeline to 2026-05-10 00:00:00+00:00, run_after=2026-05-17 00:00:00+00:00
[2026-05-17T04:46:21.204+0000] {processor.py:183} INFO - Processing /opt/airflow/dags/improved_automl_pipeline.py took 0.176 seconds
[2026-05-17T04:46:51.449+0000] {processor.py:161} INFO - Started process (PID=410) to work on /opt/airflow/dags/improved_automl_pipeline.py
[2026-05-17T04:46:51.450+0000] {processor.py:830} INFO - Processing file /opt/airflow/dags/improved_automl_pipeline.py for tasks to queue
[2026-05-17T04:46:51.451+0000] {logging_mixin.py:188} INFO - [2026-05-17T04:46:51.451+0000] {dagbag.py:545} INFO - Filling up the DagBag from /opt/airflow/dags/improved_automl_pipeline.py
[2026-05-17T04:46:51.481+0000] {processor.py:840} INFO - DAG(s) 'improved_automl_pipeline' retrieved from /opt/airflow/dags/improved_automl_pipeline.py
[2026-05-17T04:46:51.609+0000] {logging_mixin.py:188} INFO - [2026-05-17T04:46:51.608+0000] {dag.py:3096} INFO - Sync 1 DAGs
[2026-05-17T04:46:51.624+0000] {logging_mixin.py:188} INFO - [2026-05-17T04:46:51.624+0000] {dag.py:3954} INFO - Setting next_dagrun for improved_automl_pipeline to 2026-05-10 00:00:00+00:00, run_after=2026-05-17 00:00:00+00:00
[2026-05-17T04:46:51.639+0000] {processor.py:183} INFO - Processing /opt/airflow/dags/improved_automl_pipeline.py took 0.194 seconds
[2026-05-17T04:47:21.980+0000] {processor.py:161} INFO - Started process (PID=475) to work on /opt/airflow/dags/improved_automl_pipeline.py
[2026-05-17T04:47:21.981+0000] {processor.py:830} INFO - Processing file /opt/airflow/dags/improved_automl_pipeline.py for tasks to queue
[2026-05-17T04:47:21.983+0000] {logging_mixin.py:188} INFO - [2026-05-17T04:47:21.983+0000] {dagbag.py:545} INFO - Filling up the DagBag from /opt/airflow/dags/improved_automl_pipeline.py
[2026-05-17T04:47:22.013+0000] {processor.py:840} INFO - DAG(s) 'improved_automl_pipeline' retrieved from /opt/airflow/dags/improved_automl_pipeline.py
[2026-05-17T04:47:22.124+0000] {logging_mixin.py:188} INFO - [2026-05-17T04:47:22.124+0000] {dag.py:3096} INFO - Sync 1 DAGs
[2026-05-17T04:47:22.138+0000] {logging_mixin.py:188} INFO - [2026-05-17T04:47:22.138+0000] {dag.py:3954} INFO - Setting next_dagrun for improved_automl_pipeline to 2026-05-10 00:00:00+00:00, run_after=2026-05-17 00:00:00+00:00
[2026-05-17T04:47:22.151+0000] {processor.py:183} INFO - Processing /opt/airflow/dags/improved_automl_pipeline.py took 0.174 seconds
[2026-05-17T04:47:52.383+0000] {processor.py:161} INFO - Started process (PID=534) to work on /opt/airflow/dags/improved_automl_pipeline.py
[2026-05-17T04:47:52.384+0000] {processor.py:830} INFO - Processing file /opt/airflow/dags/improved_automl_pipeline.py for tasks to queue
[2026-05-17T04:47:52.385+0000] {logging_mixin.py:188} INFO - [2026-05-17T04:47:52.385+0000] {dagbag.py:545} INFO - Filling up the DagBag from /opt/airflow/dags/improved_automl_pipeline.py
[2026-05-17T04:47:52.411+0000] {processor.py:840} INFO - DAG(s) 'improved_automl_pipeline' retrieved from /opt/airflow/dags/improved_automl_pipeline.py
[2026-05-17T04:47:52.523+0000] {logging_mixin.py:188} INFO - [2026-05-17T04:47:52.523+0000] {dag.py:3096} INFO - Sync 1 DAGs
[2026-05-17T04:47:52.539+0000] {logging_mixin.py:188} INFO - [2026-05-17T04:47:52.539+0000] {dag.py:3954} INFO - Setting next_dagrun for improved_automl_pipeline to 2026-05-10 00:00:00+00:00, run_after=2026-05-17 00:00:00+00:00
[2026-05-17T04:47:52.559+0000] {processor.py:183} INFO - Processing /opt/airflow/dags/improved_automl_pipeline.py took 0.179 seconds
[2026-05-17T04:48:22.997+0000] {processor.py:161} INFO - Started process (PID=593) to work on /opt/airflow/dags/improved_automl_pipeline.py
[2026-05-17T04:48:22.998+0000] {processor.py:830} INFO - Processing file /opt/airflow/dags/improved_automl_pipeline.py for tasks to queue
[2026-05-17T04:48:23.000+0000] {logging_mixin.py:188} INFO - [2026-05-17T04:48:23.000+0000] {dagbag.py:545} INFO - Filling up the DagBag from /opt/airflow/dags/improved_automl_pipeline.py
[2026-05-17T04:48:23.040+0000] {processor.py:840} INFO - DAG(s) 'improved_automl_pipeline' retrieved from /opt/airflow/dags/improved_automl_pipeline.py
[2026-05-17T04:48:23.225+0000] {logging_mixin.py:188} INFO - [2026-05-17T04:48:23.225+0000] {dag.py:3096} INFO - Sync 1 DAGs
[2026-05-17T04:48:23.242+0000] {logging_mixin.py:188} INFO - [2026-05-17T04:48:23.242+0000] {dag.py:3954} INFO - Setting next_dagrun for improved_automl_pipeline to 2026-05-10 00:00:00+00:00, run_after=2026-05-17 00:00:00+00:00
[2026-05-17T04:48:23.261+0000] {processor.py:183} INFO - Processing /opt/airflow/dags/improved_automl_pipeline.py took 0.268 seconds
[2026-05-17T04:48:53.421+0000] {processor.py:161} INFO - Started process (PID=652) to work on /opt/airflow/dags/improved_automl_pipeline.py
[2026-05-17T04:48:53.422+0000] {processor.py:830} INFO - Processing file /opt/airflow/dags/improved_automl_pipeline.py for tasks to queue
[2026-05-17T04:48:53.423+0000] {logging_mixin.py:188} INFO - [2026-05-17T04:48:53.423+0000] {dagbag.py:545} INFO - Filling up the DagBag from /opt/airflow/dags/improved_automl_pipeline.py
[2026-05-17T04:48:53.451+0000] {processor.py:840} INFO - DAG(s) 'improved_automl_pipeline' retrieved from /opt/airflow/dags/improved_automl_pipeline.py
[2026-05-17T04:48:53.583+0000] {logging_mixin.py:188} INFO - [2026-05-17T04:48:53.583+0000] {dag.py:3096} INFO - Sync 1 DAGs
[2026-05-17T04:48:53.607+0000] {logging_mixin.py:188} INFO - [2026-05-17T04:48:53.607+0000] {dag.py:3954} INFO - Setting next_dagrun for improved_automl_pipeline to 2026-05-10 00:00:00+00:00, run_after=2026-05-17 00:00:00+00:00
[2026-05-17T04:48:53.620+0000] {processor.py:183} INFO - Processing /opt/airflow/dags/improved_automl_pipeline.py took 0.203 seconds
[2026-05-17T04:49:24.088+0000] {processor.py:161} INFO - Started process (PID=711) to work on /opt/airflow/dags/improved_automl_pipeline.py
[2026-05-17T04:49:24.089+0000] {processor.py:830} INFO - Processing file /opt/airflow/dags/improved_automl_pipeline.py for tasks to queue
[2026-05-17T04:49:24.090+0000] {logging_mixin.py:188} INFO - [2026-05-17T04:49:24.090+0000] {dagbag.py:545} INFO - Filling up the DagBag from /opt/airflow/dags/improved_automl_pipeline.py
[2026-05-17T04:49:24.116+0000] {processor.py:840} INFO - DAG(s) 'improved_automl_pipeline' retrieved from /opt/airflow/dags/improved_automl_pipeline.py
[2026-05-17T04:49:24.249+0000] {logging_mixin.py:188} INFO - [2026-05-17T04:49:24.249+0000] {dag.py:3096} INFO - Sync 1 DAGs
[2026-05-17T04:49:24.264+0000] {logging_mixin.py:188} INFO - [2026-05-17T04:49:24.264+0000] {dag.py:3954} INFO - Setting next_dagrun for improved_automl_pipeline to 2026-05-10 00:00:00+00:00, run_after=2026-05-17 00:00:00+00:00
[2026-05-17T04:49:24.277+0000] {processor.py:183} INFO - Processing /opt/airflow/dags/improved_automl_pipeline.py took 0.193 seconds
[2026-05-17T04:49:54.676+0000] {processor.py:161} INFO - Started process (PID=770) to work on /opt/airflow/dags/improved_automl_pipeline.py
[2026-05-17T04:49:54.677+0000] {processor.py:830} INFO - Processing file /opt/airflow/dags/improved_automl_pipeline.py for tasks to queue
[2026-05-17T04:49:54.680+0000] {logging_mixin.py:188} INFO - [2026-05-17T04:49:54.679+0000] {dagbag.py:545} INFO - Filling up the DagBag from /opt/airflow/dags/improved_automl_pipeline.py
[2026-05-17T04:49:54.711+0000] {processor.py:840} INFO - DAG(s) 'improved_automl_pipeline' retrieved from /opt/airflow/dags/improved_automl_pipeline.py
[2026-05-17T04:49:54.848+0000] {logging_mixin.py:188} INFO - [2026-05-17T04:49:54.848+0000] {dag.py:3096} INFO - Sync 1 DAGs
[2026-05-17T04:49:54.865+0000] {logging_mixin.py:188} INFO - [2026-05-17T04:49:54.865+0000] {dag.py:3954} INFO - Setting next_dagrun for improved_automl_pipeline to 2026-05-10 00:00:00+00:00, run_after=2026-05-17 00:00:00+00:00
[2026-05-17T04:49:54.878+0000] {processor.py:183} INFO - Processing /opt/airflow/dags/improved_automl_pipeline.py took 0.208 seconds
[2026-05-17T04:50:25.204+0000] {processor.py:161} INFO - Started process (PID=829) to work on /opt/airflow/dags/improved_automl_pipeline.py
[2026-05-17T04:50:25.205+0000] {processor.py:830} INFO - Processing file /opt/airflow/dags/improved_automl_pipeline.py for tasks to queue
[2026-05-17T04:50:25.207+0000] {logging_mixin.py:188} INFO - [2026-05-17T04:50:25.207+0000] {dagbag.py:545} INFO - Filling up the DagBag from /opt/airflow/dags/improved_automl_pipeline.py
[2026-05-17T04:50:25.241+0000] {processor.py:840} INFO - DAG(s) 'improved_automl_pipeline' retrieved from /opt/airflow/dags/improved_automl_pipeline.py
[2026-05-17T04:50:25.389+0000] {logging_mixin.py:188} INFO - [2026-05-17T04:50:25.389+0000] {dag.py:3096} INFO - Sync 1 DAGs
[2026-05-17T04:50:25.408+0000] {logging_mixin.py:188} INFO - [2026-05-17T04:50:25.407+0000] {dag.py:3954} INFO - Setting next_dagrun for improved_automl_pipeline to 2026-05-10 00:00:00+00:00, run_after=2026-05-17 00:00:00+00:00
[2026-05-17T04:50:25.424+0000] {processor.py:183} INFO - Processing /opt/airflow/dags/improved_automl_pipeline.py took 0.225 seconds
[2026-05-17T04:50:55.897+0000] {processor.py:161} INFO - Started process (PID=888) to work on /opt/airflow/dags/improved_automl_pipeline.py
[2026-05-17T04:50:55.898+0000] {processor.py:830} INFO - Processing file /opt/airflow/dags/improved_automl_pipeline.py for tasks to queue
[2026-05-17T04:50:55.901+0000] {logging_mixin.py:188} INFO - [2026-05-17T04:50:55.901+0000] {dagbag.py:545} INFO - Filling up the DagBag from /opt/airflow/dags/improved_automl_pipeline.py
[2026-05-17T04:50:55.928+0000] {processor.py:840} INFO - DAG(s) 'improved_automl_pipeline' retrieved from /opt/airflow/dags/improved_automl_pipeline.py
[2026-05-17T04:50:56.064+0000] {logging_mixin.py:188} INFO - [2026-05-17T04:50:56.064+0000] {dag.py:3096} INFO - Sync 1 DAGs
[2026-05-17T04:50:56.077+0000] {logging_mixin.py:188} INFO - [2026-05-17T04:50:56.077+0000] {dag.py:3954} INFO - Setting next_dagrun for improved_automl_pipeline to 2026-05-10 00:00:00+00:00, run_after=2026-05-17 00:00:00+00:00
[2026-05-17T04:50:56.092+0000] {processor.py:183} INFO - Processing /opt/airflow/dags/improved_automl_pipeline.py took 0.199 seconds
[2026-05-17T04:52:08.858+0000] {processor.py:161} INFO - Started process (PID=56) to work on /opt/airflow/dags/improved_automl_pipeline.py
[2026-05-17T04:52:08.861+0000] {processor.py:830} INFO - Processing file /opt/airflow/dags/improved_automl_pipeline.py for tasks to queue
[2026-05-17T04:52:08.865+0000] {logging_mixin.py:188} INFO - [2026-05-17T04:52:08.864+0000] {dagbag.py:545} INFO - Filling up the DagBag from /opt/airflow/dags/improved_automl_pipeline.py
[2026-05-17T04:52:08.931+0000] {processor.py:840} INFO - DAG(s) 'improved_automl_pipeline' retrieved from /opt/airflow/dags/improved_automl_pipeline.py
[2026-05-17T04:52:09.357+0000] {logging_mixin.py:188} INFO - [2026-05-17T04:52:09.356+0000] {dag.py:3096} INFO - Sync 1 DAGs
[2026-05-17T04:52:09.380+0000] {logging_mixin.py:188} INFO - [2026-05-17T04:52:09.380+0000] {dag.py:3954} INFO - Setting next_dagrun for improved_automl_pipeline to 2026-05-10 00:00:00+00:00, run_after=2026-05-17 00:00:00+00:00
[2026-05-17T04:52:09.400+0000] {processor.py:183} INFO - Processing /opt/airflow/dags/improved_automl_pipeline.py took 0.549 seconds
[2026-05-17T04:52:39.654+0000] {processor.py:161} INFO - Started process (PID=115) to work on /opt/airflow/dags/improved_automl_pipeline.py
[2026-05-17T04:52:39.655+0000] {processor.py:830} INFO - Processing file /opt/airflow/dags/improved_automl_pipeline.py for tasks to queue
[2026-05-17T04:52:39.657+0000] {logging_mixin.py:188} INFO - [2026-05-17T04:52:39.657+0000] {dagbag.py:545} INFO - Filling up the DagBag from /opt/airflow/dags/improved_automl_pipeline.py
[2026-05-17T04:52:39.697+0000] {processor.py:840} INFO - DAG(s) 'improved_automl_pipeline' retrieved from /opt/airflow/dags/improved_automl_pipeline.py
[2026-05-17T04:52:39.853+0000] {logging_mixin.py:188} INFO - [2026-05-17T04:52:39.852+0000] {dag.py:3096} INFO - Sync 1 DAGs
[2026-05-17T04:52:39.871+0000] {logging_mixin.py:188} INFO - [2026-05-17T04:52:39.871+0000] {dag.py:3954} INFO - Setting next_dagrun for improved_automl_pipeline to 2026-05-10 00:00:00+00:00, run_after=2026-05-17 00:00:00+00:00
[2026-05-17T04:52:39.889+0000] {processor.py:183} INFO - Processing /opt/airflow/dags/improved_automl_pipeline.py took 0.242 seconds
[2026-05-17T04:53:10.156+0000] {processor.py:161} INFO - Started process (PID=174) to work on /opt/airflow/dags/improved_automl_pipeline.py
[2026-05-17T04:53:10.157+0000] {processor.py:830} INFO - Processing file /opt/airflow/dags/improved_automl_pipeline.py for tasks to queue
[2026-05-17T04:53:10.158+0000] {logging_mixin.py:188} INFO - [2026-05-17T04:53:10.158+0000] {dagbag.py:545} INFO - Filling up the DagBag from /opt/airflow/dags/improved_automl_pipeline.py
[2026-05-17T04:53:10.189+0000] {processor.py:840} INFO - DAG(s) 'improved_automl_pipeline' retrieved from /opt/airflow/dags/improved_automl_pipeline.py
[2026-05-17T04:53:10.335+0000] {logging_mixin.py:188} INFO - [2026-05-17T04:53:10.334+0000] {dag.py:3096} INFO - Sync 1 DAGs
[2026-05-17T04:53:10.354+0000] {logging_mixin.py:188} INFO - [2026-05-17T04:53:10.354+0000] {dag.py:3954} INFO - Setting next_dagrun for improved_automl_pipeline to 2026-05-10 00:00:00+00:00, run_after=2026-05-17 00:00:00+00:00
[2026-05-17T04:53:10.373+0000] {processor.py:183} INFO - Processing /opt/airflow/dags/improved_automl_pipeline.py took 0.221 seconds
[2026-05-17T04:53:40.402+0000] {processor.py:161} INFO - Started process (PID=233) to work on /opt/airflow/dags/improved_automl_pipeline.py
[2026-05-17T04:53:40.402+0000] {processor.py:830} INFO - Processing file /opt/airflow/dags/improved_automl_pipeline.py for tasks to queue
[2026-05-17T04:53:40.404+0000] {logging_mixin.py:188} INFO - [2026-05-17T04:53:40.404+0000] {dagbag.py:545} INFO - Filling up the DagBag from /opt/airflow/dags/improved_automl_pipeline.py
[2026-05-17T04:53:40.431+0000] {processor.py:840} INFO - DAG(s) 'improved_automl_pipeline' retrieved from /opt/airflow/dags/improved_automl_pipeline.py
[2026-05-17T04:53:40.559+0000] {logging_mixin.py:188} INFO - [2026-05-17T04:53:40.558+0000] {dag.py:3096} INFO - Sync 1 DAGs
[2026-05-17T04:53:40.573+0000] {logging_mixin.py:188} INFO - [2026-05-17T04:53:40.572+0000] {dag.py:3954} INFO - Setting next_dagrun for improved_automl_pipeline to 2026-05-10 00:00:00+00:00, run_after=2026-05-17 00:00:00+00:00
[2026-05-17T04:53:40.585+0000] {processor.py:183} INFO - Processing /opt/airflow/dags/improved_automl_pipeline.py took 0.188 seconds
[2026-05-17T04:54:10.678+0000] {processor.py:161} INFO - Started process (PID=293) to work on /opt/airflow/dags/improved_automl_pipeline.py
[2026-05-17T04:54:10.680+0000] {processor.py:830} INFO - Processing file /opt/airflow/dags/improved_automl_pipeline.py for tasks to queue
[2026-05-17T04:54:10.682+0000] {logging_mixin.py:188} INFO - [2026-05-17T04:54:10.681+0000] {dagbag.py:545} INFO - Filling up the DagBag from /opt/airflow/dags/improved_automl_pipeline.py
[2026-05-17T04:54:10.717+0000] {processor.py:840} INFO - DAG(s) 'improved_automl_pipeline' retrieved from /opt/airflow/dags/improved_automl_pipeline.py
[2026-05-17T04:54:10.877+0000] {logging_mixin.py:188} INFO - [2026-05-17T04:54:10.877+0000] {dag.py:3096} INFO - Sync 1 DAGs
[2026-05-17T04:54:10.896+0000] {logging_mixin.py:188} INFO - [2026-05-17T04:54:10.896+0000] {dag.py:3954} INFO - Setting next_dagrun for improved_automl_pipeline to 2026-05-10 00:00:00+00:00, run_after=2026-05-17 00:00:00+00:00
[2026-05-17T04:54:10.917+0000] {processor.py:183} INFO - Processing /opt/airflow/dags/improved_automl_pipeline.py took 0.244 seconds
[2026-05-17T04:54:40.965+0000] {processor.py:161} INFO - Started process (PID=353) to work on /opt/airflow/dags/improved_automl_pipeline.py
[2026-05-17T04:54:40.966+0000] {processor.py:830} INFO - Processing file /opt/airflow/dags/improved_automl_pipeline.py for tasks to queue
[2026-05-17T04:54:40.969+0000] {logging_mixin.py:188} INFO - [2026-05-17T04:54:40.968+0000] {dagbag.py:545} INFO - Filling up the DagBag from /opt/airflow/dags/improved_automl_pipeline.py
[2026-05-17T04:54:41.005+0000] {processor.py:840} INFO - DAG(s) 'improved_automl_pipeline' retrieved from /opt/airflow/dags/improved_automl_pipeline.py
[2026-05-17T04:54:41.148+0000] {logging_mixin.py:188} INFO - [2026-05-17T04:54:41.148+0000] {dag.py:3096} INFO - Sync 1 DAGs
[2026-05-17T04:54:41.166+0000] {logging_mixin.py:188} INFO - [2026-05-17T04:54:41.165+0000] {dag.py:3954} INFO - Setting next_dagrun for improved_automl_pipeline to 2026-05-10 00:00:00+00:00, run_after=2026-05-17 00:00:00+00:00
[2026-05-17T04:54:41.181+0000] {processor.py:183} INFO - Processing /opt/airflow/dags/improved_automl_pipeline.py took 0.222 seconds
[2026-05-17T04:55:11.309+0000] {processor.py:161} INFO - Started process (PID=413) to work on /opt/airflow/dags/improved_automl_pipeline.py
[2026-05-17T04:55:11.310+0000] {processor.py:830} INFO - Processing file /opt/airflow/dags/improved_automl_pipeline.py for tasks to queue
[2026-05-17T04:55:11.312+0000] {logging_mixin.py:188} INFO - [2026-05-17T04:55:11.311+0000] {dagbag.py:545} INFO - Filling up the DagBag from /opt/airflow/dags/improved_automl_pipeline.py
[2026-05-17T04:55:11.349+0000] {processor.py:840} INFO - DAG(s) 'improved_automl_pipeline' retrieved from /opt/airflow/dags/improved_automl_pipeline.py
[2026-05-17T04:55:11.532+0000] {logging_mixin.py:188} INFO - [2026-05-17T04:55:11.530+0000] {dag.py:3096} INFO - Sync 1 DAGs
[2026-05-17T04:55:11.551+0000] {logging_mixin.py:188} INFO - [2026-05-17T04:55:11.551+0000] {dag.py:3954} INFO - Setting next_dagrun for improved_automl_pipeline to 2026-05-10 00:00:00+00:00, run_after=2026-05-17 00:00:00+00:00
[2026-05-17T04:55:11.567+0000] {processor.py:183} INFO - Processing /opt/airflow/dags/improved_automl_pipeline.py took 0.263 seconds
[2026-05-17T04:55:41.656+0000] {processor.py:161} INFO - Started process (PID=474) to work on /opt/airflow/dags/improved_automl_pipeline.py
[2026-05-17T04:55:41.657+0000] {processor.py:830} INFO - Processing file /opt/airflow/dags/improved_automl_pipeline.py for tasks to queue
[2026-05-17T04:55:41.659+0000] {logging_mixin.py:188} INFO - [2026-05-17T04:55:41.659+0000] {dagbag.py:545} INFO - Filling up the DagBag from /opt/airflow/dags/improved_automl_pipeline.py
[2026-05-17T04:55:41.699+0000] {processor.py:840} INFO - DAG(s) 'improved_automl_pipeline' retrieved from /opt/airflow/dags/improved_automl_pipeline.py
[2026-05-17T04:55:41.881+0000] {logging_mixin.py:188} INFO - [2026-05-17T04:55:41.880+0000] {dag.py:3096} INFO - Sync 1 DAGs
[2026-05-17T04:55:41.898+0000] {logging_mixin.py:188} INFO - [2026-05-17T04:55:41.897+0000] {dag.py:3954} INFO - Setting next_dagrun for improved_automl_pipeline to 2026-05-10 00:00:00+00:00, run_after=2026-05-17 00:00:00+00:00
[2026-05-17T04:55:41.914+0000] {processor.py:183} INFO - Processing /opt/airflow/dags/improved_automl_pipeline.py took 0.264 seconds
[2026-05-17T04:56:12.049+0000] {processor.py:161} INFO - Started process (PID=534) to work on /opt/airflow/dags/improved_automl_pipeline.py
[2026-05-17T04:56:12.053+0000] {processor.py:830} INFO - Processing file /opt/airflow/dags/improved_automl_pipeline.py for tasks to queue
[2026-05-17T04:56:12.055+0000] {logging_mixin.py:188} INFO - [2026-05-17T04:56:12.055+0000] {dagbag.py:545} INFO - Filling up the DagBag from /opt/airflow/dags/improved_automl_pipeline.py
[2026-05-17T04:56:12.100+0000] {processor.py:840} INFO - DAG(s) 'improved_automl_pipeline' retrieved from /opt/airflow/dags/improved_automl_pipeline.py
[2026-05-17T04:56:12.324+0000] {logging_mixin.py:188} INFO - [2026-05-17T04:56:12.324+0000] {dag.py:3096} INFO - Sync 1 DAGs
[2026-05-17T04:56:12.348+0000] {logging_mixin.py:188} INFO - [2026-05-17T04:56:12.348+0000] {dag.py:3954} INFO - Setting next_dagrun for improved_automl_pipeline to 2026-05-10 00:00:00+00:00, run_after=2026-05-17 00:00:00+00:00
[2026-05-17T04:56:12.368+0000] {processor.py:183} INFO - Processing /opt/airflow/dags/improved_automl_pipeline.py took 0.327 seconds
[2026-05-17T04:56:43.451+0000] {processor.py:161} INFO - Started process (PID=600) to work on /opt/airflow/dags/improved_automl_pipeline.py
[2026-05-17T04:56:43.452+0000] {processor.py:830} INFO - Processing file /opt/airflow/dags/improved_automl_pipeline.py for tasks to queue
[2026-05-17T04:56:43.454+0000] {logging_mixin.py:188} INFO - [2026-05-17T04:56:43.454+0000] {dagbag.py:545} INFO - Filling up the DagBag from /opt/airflow/dags/improved_automl_pipeline.py
[2026-05-17T04:56:43.484+0000] {processor.py:840} INFO - DAG(s) 'improved_automl_pipeline' retrieved from /opt/airflow/dags/improved_automl_pipeline.py
[2026-05-17T04:56:43.638+0000] {logging_mixin.py:188} INFO - [2026-05-17T04:56:43.638+0000] {dag.py:3096} INFO - Sync 1 DAGs
[2026-05-17T04:56:43.676+0000] {logging_mixin.py:188} INFO - [2026-05-17T04:56:43.676+0000] {dag.py:3954} INFO - Setting next_dagrun for improved_automl_pipeline to 2026-05-10 00:00:00+00:00, run_after=2026-05-17 00:00:00+00:00
[2026-05-17T04:56:43.713+0000] {processor.py:183} INFO - Processing /opt/airflow/dags/improved_automl_pipeline.py took 0.266 seconds
[2026-05-17T04:57:13.953+0000] {processor.py:161} INFO - Started process (PID=655) to work on /opt/airflow/dags/improved_automl_pipeline.py
[2026-05-17T04:57:13.954+0000] {processor.py:830} INFO - Processing file /opt/airflow/dags/improved_automl_pipeline.py for tasks to queue
[2026-05-17T04:57:13.956+0000] {logging_mixin.py:188} INFO - [2026-05-17T04:57:13.956+0000] {dagbag.py:545} INFO - Filling up the DagBag from /opt/airflow/dags/improved_automl_pipeline.py
[2026-05-17T04:57:13.987+0000] {processor.py:840} INFO - DAG(s) 'improved_automl_pipeline' retrieved from /opt/airflow/dags/improved_automl_pipeline.py
[2026-05-17T04:57:14.155+0000] {logging_mixin.py:188} INFO - [2026-05-17T04:57:14.155+0000] {dag.py:3096} INFO - Sync 1 DAGs
[2026-05-17T04:57:14.173+0000] {logging_mixin.py:188} INFO - [2026-05-17T04:57:14.173+0000] {dag.py:3954} INFO - Setting next_dagrun for improved_automl_pipeline to 2026-05-10 00:00:00+00:00, run_after=2026-05-17 00:00:00+00:00
[2026-05-17T04:57:14.217+0000] {processor.py:183} INFO - Processing /opt/airflow/dags/improved_automl_pipeline.py took 0.269 seconds
[2026-05-17T04:57:44.398+0000] {processor.py:161} INFO - Started process (PID=708) to work on /opt/airflow/dags/improved_automl_pipeline.py
[2026-05-17T04:57:44.400+0000] {processor.py:830} INFO - Processing file /opt/airflow/dags/improved_automl_pipeline.py for tasks to queue
[2026-05-17T04:57:44.403+0000] {logging_mixin.py:188} INFO - [2026-05-17T04:57:44.402+0000] {dagbag.py:545} INFO - Filling up the DagBag from /opt/airflow/dags/improved_automl_pipeline.py
[2026-05-17T04:57:44.488+0000] {processor.py:840} INFO - DAG(s) 'improved_automl_pipeline' retrieved from /opt/airflow/dags/improved_automl_pipeline.py
[2026-05-17T04:57:44.698+0000] {logging_mixin.py:188} INFO - [2026-05-17T04:57:44.698+0000] {dag.py:3096} INFO - Sync 1 DAGs
[2026-05-17T04:57:44.736+0000] {logging_mixin.py:188} INFO - [2026-05-17T04:57:44.736+0000] {dag.py:3954} INFO - Setting next_dagrun for improved_automl_pipeline to 2026-05-10 00:00:00+00:00, run_after=2026-05-17 00:00:00+00:00
[2026-05-17T04:57:44.760+0000] {processor.py:183} INFO - Processing /opt/airflow/dags/improved_automl_pipeline.py took 0.367 seconds
[2026-05-17T04:58:14.926+0000] {processor.py:161} INFO - Started process (PID=773) to work on /opt/airflow/dags/improved_automl_pipeline.py
[2026-05-17T04:58:14.927+0000] {processor.py:830} INFO - Processing file /opt/airflow/dags/improved_automl_pipeline.py for tasks to queue
[2026-05-17T04:58:14.929+0000] {logging_mixin.py:188} INFO - [2026-05-17T04:58:14.928+0000] {dagbag.py:545} INFO - Filling up the DagBag from /opt/airflow/dags/improved_automl_pipeline.py
[2026-05-17T04:58:14.959+0000] {processor.py:840} INFO - DAG(s) 'improved_automl_pipeline' retrieved from /opt/airflow/dags/improved_automl_pipeline.py
[2026-05-17T04:58:15.125+0000] {logging_mixin.py:188} INFO - [2026-05-17T04:58:15.125+0000] {dag.py:3096} INFO - Sync 1 DAGs
[2026-05-17T04:58:15.144+0000] {logging_mixin.py:188} INFO - [2026-05-17T04:58:15.144+0000] {dag.py:3954} INFO - Setting next_dagrun for improved_automl_pipeline to 2026-05-10 00:00:00+00:00, run_after=2026-05-17 00:00:00+00:00
[2026-05-17T04:58:15.160+0000] {processor.py:183} INFO - Processing /opt/airflow/dags/improved_automl_pipeline.py took 0.239 seconds
[2026-05-17T05:00:21.024+0000] {processor.py:161} INFO - Started process (PID=50) to work on /opt/airflow/dags/improved_automl_pipeline.py
[2026-05-17T05:00:21.027+0000] {processor.py:830} INFO - Processing file /opt/airflow/dags/improved_automl_pipeline.py for tasks to queue
[2026-05-17T05:00:21.030+0000] {logging_mixin.py:188} INFO - [2026-05-17T05:00:21.030+0000] {dagbag.py:545} INFO - Filling up the DagBag from /opt/airflow/dags/improved_automl_pipeline.py
[2026-05-17T05:00:21.094+0000] {processor.py:840} INFO - DAG(s) 'improved_automl_pipeline' retrieved from /opt/airflow/dags/improved_automl_pipeline.py
[2026-05-17T05:00:21.321+0000] {logging_mixin.py:188} INFO - [2026-05-17T05:00:21.321+0000] {dag.py:3096} INFO - Sync 1 DAGs
[2026-05-17T05:00:21.344+0000] {logging_mixin.py:188} INFO - [2026-05-17T05:00:21.344+0000] {dag.py:3954} INFO - Setting next_dagrun for improved_automl_pipeline to 2026-05-10 00:00:00+00:00, run_after=2026-05-17 00:00:00+00:00
[2026-05-17T05:00:21.364+0000] {processor.py:183} INFO - Processing /opt/airflow/dags/improved_automl_pipeline.py took 0.347 seconds
[2026-05-17T05:01:27.459+0000] {processor.py:161} INFO - Started process (PID=50) to work on /opt/airflow/dags/improved_automl_pipeline.py
[2026-05-17T05:01:27.460+0000] {processor.py:830} INFO - Processing file /opt/airflow/dags/improved_automl_pipeline.py for tasks to queue
[2026-05-17T05:01:27.462+0000] {logging_mixin.py:188} INFO - [2026-05-17T05:01:27.462+0000] {dagbag.py:545} INFO - Filling up the DagBag from /opt/airflow/dags/improved_automl_pipeline.py
[2026-05-17T05:01:27.510+0000] {processor.py:840} INFO - DAG(s) 'improved_automl_pipeline' retrieved from /opt/airflow/dags/improved_automl_pipeline.py
[2026-05-17T05:01:27.726+0000] {logging_mixin.py:188} INFO - [2026-05-17T05:01:27.725+0000] {dag.py:3096} INFO - Sync 1 DAGs
[2026-05-17T05:01:27.756+0000] {logging_mixin.py:188} INFO - [2026-05-17T05:01:27.755+0000] {dag.py:3954} INFO - Setting next_dagrun for improved_automl_pipeline to 2026-05-10 00:00:00+00:00, run_after=2026-05-17 00:00:00+00:00
[2026-05-17T05:01:27.784+0000] {processor.py:183} INFO - Processing /opt/airflow/dags/improved_automl_pipeline.py took 0.331 seconds
